........F....F......
======================================================================
FAIL: test_exact_multiworker_ctest_budgets_match_cpu_sources (__main__.WorkflowConcurrencyTests.test_exact_multiworker_ctest_budgets_match_cpu_sources)
----------------------------------------------------------------------
Traceback (most recent call last):
  File "/home/alex/Documents/IntrinsicEngine/tests/regression/tooling/Test.WorkflowConcurrency.py", line 314, in test_exact_multiworker_ctest_budgets_match_cpu_sources
    self.assertEqual(declared, source_budgets)
AssertionError: Items in the second set but not the first:
('IntrinsicRuntimeContractTests', 'ClusteringModule.EveryPointDomainPreservesDeletedSlotsAndExactScalarUndo', 3)
('IntrinsicRuntimeContractTests', 'ClusteringModule.UnrepresentableScalarLabelRejectsAllOutputPublication', 3)

======================================================================
FAIL: test_parallelism_sensitive_engine_config_keeps_explicit_budget (__main__.WorkflowConcurrencyTests.test_parallelism_sensitive_engine_config_keeps_explicit_budget)
----------------------------------------------------------------------
Traceback (most recent call last):
  File "/home/alex/Documents/IntrinsicEngine/tests/regression/tooling/Test.WorkflowConcurrency.py", line 293, in test_parallelism_sensitive_engine_config_keeps_explicit_budget
    self.assertEqual(source.count("NullWindowHeadlessConfig(),"), 6)
AssertionError: 8 != 6

----------------------------------------------------------------------
Ran 20 tests in 0.269s

FAILED (failures=2)
