FFF........
======================================================================
FAIL: test_active_index_allows_canonical_retirement_navigation (__main__.CheckTaskStateLinksTests.test_active_index_allows_canonical_retirement_navigation)
----------------------------------------------------------------------
Traceback (most recent call last):
  File "/home/alex/Documents/IntrinsicEngine/tests/regression/tooling/Test.CheckTaskStateLinks.py", line 240, in test_active_index_allows_canonical_retirement_navigation
    self.assertEqual(result.returncode, 0, result.stdout)
AssertionError: 1 != 0 : [check_task_state_links] Root: /tmp/tmp22tet2c0
[check_task_state_links] Indexed task IDs: 0
[check_task_state_links] Mode: strict
[check_task_state_links] Findings:
  - tasks/active/README.md:3: state-only index links retired task done; move the entry to tasks/done/RETIREMENT-LOG.md or the category README
  - tasks/active/README.md:3: state-only index links retired task done; move the entry to tasks/done/RETIREMENT-LOG.md or the category README
  - tasks/active/README.md:3: state-only index links retired task archive; move the entry to tasks/done/RETIREMENT-LOG.md or the category README
  - tasks/active/README.md:3: state-only index links retired task archive; move the entry to tasks/done/RETIREMENT-LOG.md or the category README
  - tasks/active/README.md:3: state-only index links retired task README.md; move the entry to tasks/done/RETIREMENT-LOG.md or the category README
  - tasks/active/README.md:3: state-only index links retired task README.md; move the entry to tasks/done/RETIREMENT-LOG.md or the category README
  - tasks/active/README.md:3: state-only index links retired task README.md; move the entry to tasks/done/RETIREMENT-LOG.md or the category README
  - tasks/active/README.md:3: state-only index links retired task README.md; move the entry to tasks/done/RETIREMENT-LOG.md or the category README
[check_task_state_links] STRICT MODE: failing.


======================================================================
FAIL: test_backlog_index_allows_canonical_retirement_navigation (__main__.CheckTaskStateLinksTests.test_backlog_index_allows_canonical_retirement_navigation)
----------------------------------------------------------------------
Traceback (most recent call last):
  File "/home/alex/Documents/IntrinsicEngine/tests/regression/tooling/Test.CheckTaskStateLinks.py", line 225, in test_backlog_index_allows_canonical_retirement_navigation
    self.assertEqual(result.returncode, 0, result.stdout)
AssertionError: 1 != 0 : [check_task_state_links] Root: /tmp/tmpfxcy6e3a
[check_task_state_links] Indexed task IDs: 0
[check_task_state_links] Mode: strict
[check_task_state_links] Findings:
  - tasks/backlog/README.md:3: state-only index links retired task done; move the entry to tasks/done/RETIREMENT-LOG.md or the category README
  - tasks/backlog/README.md:3: state-only index links retired task done; move the entry to tasks/done/RETIREMENT-LOG.md or the category README
  - tasks/backlog/README.md:3: state-only index links retired task archive; move the entry to tasks/done/RETIREMENT-LOG.md or the category README
  - tasks/backlog/README.md:3: state-only index links retired task archive; move the entry to tasks/done/RETIREMENT-LOG.md or the category README
  - tasks/backlog/README.md:3: state-only index links retired task README.md; move the entry to tasks/done/RETIREMENT-LOG.md or the category README
  - tasks/backlog/README.md:3: state-only index links retired task README.md; move the entry to tasks/done/RETIREMENT-LOG.md or the category README
  - tasks/backlog/README.md:3: state-only index links retired task README.md; move the entry to tasks/done/RETIREMENT-LOG.md or the category README
  - tasks/backlog/README.md:3: state-only index links retired task README.md; move the entry to tasks/done/RETIREMENT-LOG.md or the category README
[check_task_state_links] STRICT MODE: failing.


======================================================================
FAIL: test_category_index_allows_canonical_retirement_navigation (__main__.CheckTaskStateLinksTests.test_category_index_allows_canonical_retirement_navigation)
----------------------------------------------------------------------
Traceback (most recent call last):
  File "/home/alex/Documents/IntrinsicEngine/tests/regression/tooling/Test.CheckTaskStateLinks.py", line 258, in test_category_index_allows_canonical_retirement_navigation
    self.assertEqual(result.returncode, 0, result.stdout)
AssertionError: 1 != 0 : [check_task_state_links] Root: /tmp/tmpf61ye0gz
[check_task_state_links] Indexed task IDs: 0
[check_task_state_links] Mode: strict
[check_task_state_links] Findings:
  - tasks/backlog/runtime/README.md:5: category index links retired task done outside a history-marked heading; move the entry under a history section (e.g. '## Retired') or cite it as plain text
  - tasks/backlog/runtime/README.md:5: category index links retired task done outside a history-marked heading; move the entry under a history section (e.g. '## Retired') or cite it as plain text
  - tasks/backlog/runtime/README.md:5: category index links retired task archive outside a history-marked heading; move the entry under a history section (e.g. '## Retired') or cite it as plain text
  - tasks/backlog/runtime/README.md:5: category index links retired task archive outside a history-marked heading; move the entry under a history section (e.g. '## Retired') or cite it as plain text
  - tasks/backlog/runtime/README.md:5: category index links retired task README.md outside a history-marked heading; move the entry under a history section (e.g. '## Retired') or cite it as plain text
  - tasks/backlog/runtime/README.md:5: category index links retired task README.md outside a history-marked heading; move the entry under a history section (e.g. '## Retired') or cite it as plain text
  - tasks/backlog/runtime/README.md:5: category index links retired task README.md outside a history-marked heading; move the entry under a history section (e.g. '## Retired') or cite it as plain text
  - tasks/backlog/runtime/README.md:5: category index links retired task README.md outside a history-marked heading; move the entry under a history section (e.g. '## Retired') or cite it as plain text
[check_task_state_links] STRICT MODE: failing.


----------------------------------------------------------------------
Ran 11 tests in 0.308s

FAILED (failures=3)
