Internal ctest changing into directory: /home/alex/Documents/IntrinsicEngine/build/ci
Test project /home/alex/Documents/IntrinsicEngine/build/ci
      Start  764: PointCloudConsolidationConfig.RoundTripsAndFallsBackPerField
 1/62 Test  #764: PointCloudConsolidationConfig.RoundTripsAndFallsBackPerField ....................................   Passed    0.01 sec
      Start  765: PointCloudConsolidationModule.AvailabilityIsTypedPropertyBasedAcrossEveryElementDomain
 2/62 Test  #765: PointCloudConsolidationModule.AvailabilityIsTypedPropertyBasedAcrossEveryElementDomain ..........   Passed    0.00 sec
      Start  766: PointCloudConsolidationModule.CommitsThroughGeometrySourcesAndOwnsUndoRedo
 3/62 Test  #766: PointCloudConsolidationModule.CommitsThroughGeometrySourcesAndOwnsUndoRedo ......................   Passed    0.04 sec
      Start  767: PointCloudConsolidationModule.ExecutesEveryElementDomainPropertyWithoutTopologyConversion
 4/62 Test  #767: PointCloudConsolidationModule.ExecutesEveryElementDomainPropertyWithoutTopologyConversion .......   Passed    0.05 sec
      Start  768: PointCloudConsolidationModule.VulkanRequestFallsBackHonestlyWhenNoOperationalGpuStateExists
 5/62 Test  #768: PointCloudConsolidationModule.VulkanRequestFallsBackHonestlyWhenNoOperationalGpuStateExists .....   Passed    0.04 sec
      Start  769: PointCloudConsolidationModule.NonConvergedFiniteIteratePublishesAsAnExplicitPreview
 6/62 Test  #769: PointCloudConsolidationModule.NonConvergedFiniteIteratePublishesAsAnExplicitPreview .............   Passed    0.04 sec
      Start  770: PointCloudConsolidationModule.WorkloadGuardCoversReferencePassesAtConfiguredBoundaries
 7/62 Test  #770: PointCloudConsolidationModule.WorkloadGuardCoversReferencePassesAtConfiguredBoundaries ..........   Passed    0.04 sec
      Start  771: PointCloudConsolidationModule.SourceMutationDropsQueuedWriteback
 8/62 Test  #771: PointCloudConsolidationModule.SourceMutationDropsQueuedWriteback ................................   Passed    0.26 sec
      Start  772: PointCloudConsolidationModule.IdenticalInputAndConfigProduceIdenticalRuntimeOutput
 9/62 Test  #772: PointCloudConsolidationModule.IdenticalInputAndConfigProduceIdenticalRuntimeOutput ..............   Passed    0.04 sec
      Start 1183: SandboxConfigSections.PointCloudConsolidationSourcesProduceIdenticalValidatedState
10/62 Test #1183: SandboxConfigSections.PointCloudConsolidationSourcesProduceIdenticalValidatedState ..............   Passed    0.10 sec
      Start 1216: SandboxPointCloudConsolidationPanel.ThreeDomainRegistrationsAreStableOpenAndShareOnePanelPath
11/62 Test #1216: SandboxPointCloudConsolidationPanel.ThreeDomainRegistrationsAreStableOpenAndShareOnePanelPath ...   Passed    0.04 sec
      Start 1217: SandboxPointCloudConsolidationPanel.StrategiesAndTypedRequestAreExactAndFailClosed
12/62 Test #1217: SandboxPointCloudConsolidationPanel.StrategiesAndTypedRequestAreExactAndFailClosed ..............   Passed    0.00 sec
      Start 1218: SandboxPointCloudConsolidationPanel.ResultSummaryProjectsIdentityConvergenceAndFailure
13/62 Test #1218: SandboxPointCloudConsolidationPanel.ResultSummaryProjectsIdentityConvergenceAndFailure ..........   Passed    0.00 sec
      Start 1219: SandboxPointCloudConsolidationPanel.MeshVertexAndFaceSlotsUseTheSameEditorPreflight
14/62 Test #1219: SandboxPointCloudConsolidationPanel.MeshVertexAndFaceSlotsUseTheSameEditorPreflight .............   Passed    0.04 sec
      Start 1220: SandboxPointCloudConsolidationPanel.GraphAndPointCloudPositionsUseTheSemanticEditorPreflight
15/62 Test #1220: SandboxPointCloudConsolidationPanel.GraphAndPointCloudPositionsUseTheSemanticEditorPreflight ....   Passed    0.04 sec
      Start 1221: SandboxPointCloudConsolidationPanel.ValidatedActionQueuesAndPublishesThroughPreparedWorkspace
16/62 Test #1221: SandboxPointCloudConsolidationPanel.ValidatedActionQueuesAndPublishesThroughPreparedWorkspace ...   Passed    0.04 sec
      Start 2235: SupportRadius.RecommendedProfileIsDeterministicAndBounded
17/62 Test #2235: SupportRadius.RecommendedProfileIsDeterministicAndBounded .......................................   Passed    0.17 sec
      Start 2236: SupportRadius.PolicySelectsRankQuantileAndMultiplier
18/62 Test #2236: SupportRadius.PolicySelectsRankQuantileAndMultiplier ............................................   Passed    0.01 sec
      Start 2237: SupportRadius.RecommendationTracksTheSelectedPropertyScale
19/62 Test #2237: SupportRadius.RecommendationTracksTheSelectedPropertyScale ......................................   Passed    0.01 sec
      Start 2238: SupportRadius.RecommendationClampsRankForSmallInputs
20/62 Test #2238: SupportRadius.RecommendationClampsRankForSmallInputs ............................................   Passed    0.00 sec
      Start 2239: SupportRadius.NonUniformAndDuplicateSamplesRemainDiagnosable
21/62 Test #2239: SupportRadius.NonUniformAndDuplicateSamplesRemainDiagnosable ....................................   Passed    0.01 sec
      Start 2240: SupportRadius.ManualRadiusIsPreservedAndStillProfilesWork
22/62 Test #2240: SupportRadius.ManualRadiusIsPreservedAndStillProfilesWork .......................................   Passed    0.00 sec
      Start 2241: SupportRadius.ExactCutoffExcludesPointsAtTheRadius
23/62 Test #2241: SupportRadius.ExactCutoffExcludesPointsAtTheRadius ..............................................   Passed    0.00 sec
      Start 2242: SupportRadius.WorkloadLimitsRetainDiagnosticsAndFailClosed
24/62 Test #2242: SupportRadius.WorkloadLimitsRetainDiagnosticsAndFailClosed ......................................   Passed    0.00 sec
      Start 2243: SupportRadius.AutomaticModeSelectsTheLargestSafeRank
25/62 Test #2243: SupportRadius.AutomaticModeSelectsTheLargestSafeRank ............................................   Passed    0.01 sec
      Start 2244: SupportRadius.AutomaticMinimumAndManualOverrideRemainFailClosed
26/62 Test #2244: SupportRadius.AutomaticMinimumAndManualOverrideRemainFailClosed .................................   Passed    0.01 sec
      Start 2245: SupportRadius.ChildObjAutoSelectsTheLargestSafeNeighborhood
27/62 Test #2245: SupportRadius.ChildObjAutoSelectsTheLargestSafeNeighborhood .....................................   Passed    0.50 sec
      Start 2246: SupportRadius.DegenerateAndInvalidInputsHaveExplicitStatuses
28/62 Test #2246: SupportRadius.DegenerateAndInvalidInputsHaveExplicitStatuses ....................................   Passed    0.00 sec
      Start 2386: PointCloudConsolidation.OptimizedCandidatesMatchReferenceAndAreDeterministic
29/62 Test #2386: PointCloudConsolidation.OptimizedCandidatesMatchReferenceAndAreDeterministic ....................   Passed    0.01 sec
      Start 2387: PointCloudConsolidation.IsolatedWlopDensityMatchesReference
30/62 Test #2387: PointCloudConsolidation.IsolatedWlopDensityMatchesReference .....................................   Passed    0.00 sec
      Start 2388: PointCloudConsolidation.WlopDenoisesPlaneAndSphere
31/62 Test #2388: PointCloudConsolidation.WlopDenoisesPlaneAndSphere ..............................................   Passed    0.01 sec
      Start 2389: PointCloudConsolidation.AnisotropicWlopPreservesDihedralContrast
32/62 Test #2389: PointCloudConsolidation.AnisotropicWlopPreservesDihedralContrast ................................   Passed    0.01 sec
      Start 2390: PointCloudConsolidation.EarUpsamplesTowardDihedralFeature
33/62 Test #2390: PointCloudConsolidation.EarUpsamplesTowardDihedralFeature .......................................   Passed    0.01 sec
      Start 2391: PointCloudConsolidation.AnisotropicNormalPolicyIsExplicitAndImmutable
34/62 Test #2391: PointCloudConsolidation.AnisotropicNormalPolicyIsExplicitAndImmutable ...........................   Passed    0.01 sec
      Start 2392: PointCloudConsolidation.EarAndAnisotropicFailuresPublishNoPayload
35/62 Test #2392: PointCloudConsolidation.EarAndAnisotropicFailuresPublishNoPayload ...............................   Passed    0.00 sec
      Start 2393: PointCloudConsolidation.LopRepulsionImprovesMinimumSpacing
36/62 Test #2393: PointCloudConsolidation.LopRepulsionImprovesMinimumSpacing ......................................   Passed    0.01 sec
      Start 2394: PointCloudConsolidation.LopOneStepMatchesPaperEquationOracle
37/62 Test #2394: PointCloudConsolidation.LopOneStepMatchesPaperEquationOracle ....................................   Passed    0.00 sec
      Start 2395: PointCloudConsolidation.WlopCorrectsNonUniformDensityMoreThanLop
38/62 Test #2395: PointCloudConsolidation.WlopCorrectsNonUniformDensityMoreThanLop ................................   Passed    0.01 sec
      Start 2396: PointCloudConsolidation.InSupportOutliersHaveBoundedInfluenceOnPlanePatch
39/62 Test #2396: PointCloudConsolidation.InSupportOutliersHaveBoundedInfluenceOnPlanePatch .......................   Passed    0.01 sec
      Start 2397: PointCloudConsolidation.ClopOneStepMatchesGaussianProductEquation
40/62 Test #2397: PointCloudConsolidation.ClopOneStepMatchesGaussianProductEquation ...............................   Passed    0.01 sec
      Start 2398: PointCloudConsolidation.ClopDenoisesPlaneAndSphere
41/62 Test #2398: PointCloudConsolidation.ClopDenoisesPlaneAndSphere ..............................................   Passed    0.02 sec
      Start 2399: PointCloudConsolidation.ClopTracksMixtureWorkAndAgreesWithWlop
42/62 Test #2399: PointCloudConsolidation.ClopTracksMixtureWorkAndAgreesWithWlop ..................................   Passed    0.02 sec
      Start 2400: PointCloudConsolidation.ClopKeepsSparseOutlierInfluenceBounded
43/62 Test #2400: PointCloudConsolidation.ClopKeepsSparseOutlierInfluenceBounded ..................................   Passed    0.01 sec
      Start 2401: PointCloudConsolidation.ClopIsDeterministicAndFailsClosed
44/62 Test #2401: PointCloudConsolidation.ClopIsDeterministicAndFailsClosed .......................................   Passed    0.01 sec
      Start 2402: PointCloudConsolidation.StrategyAndSeedAreBitwiseDeterministic
45/62 Test #2402: PointCloudConsolidation.StrategyAndSeedAreBitwiseDeterministic ..................................   Passed    0.05 sec
      Start 2403: PointCloudConsolidation.ConcurrentCallersAreBitwiseDeterministic
46/62 Test #2403: PointCloudConsolidation.ConcurrentCallersAreBitwiseDeterministic ................................   Passed    0.01 sec
      Start 2404: PointCloudConsolidation.ClopConcurrentCallersAreBitwiseDeterministic
47/62 Test #2404: PointCloudConsolidation.ClopConcurrentCallersAreBitwiseDeterministic ............................   Passed    0.01 sec
      Start 2405: PointCloudConsolidation.InvalidRequestsFailWithoutPublishingPositions
48/62 Test #2405: PointCloudConsolidation.InvalidRequestsFailWithoutPublishingPositions ...........................   Passed    0.00 sec
      Start 2406: PointCloudConsolidation.DegenerateAndNonConvergedStatesStayFinite
49/62 Test #2406: PointCloudConsolidation.DegenerateAndNonConvergedStatesStayFinite ...............................   Passed    0.01 sec
      Start 2407: PointCloudConsolidation.CloudOverloadRejectsDeletedSlots
50/62 Test #2407: PointCloudConsolidation.CloudOverloadRejectsDeletedSlots ........................................   Passed    0.01 sec
      Start 2425: PointCloudKernels.RadialWeightsMatchDocumentedClosedForms
51/62 Test #2425: PointCloudKernels.RadialWeightsMatchDocumentedClosedForms .......................................   Passed    0.01 sec
      Start 2426: PointCloudKernels.RadialWeightsFailClosed
52/62 Test #2426: PointCloudKernels.RadialWeightsFailClosed .......................................................   Passed    0.01 sec
      Start 2427: PointCloudKernels.RadialWeightsPreserveZeroDistanceAtExtremeSupportScales
53/62 Test #2427: PointCloudKernels.RadialWeightsPreserveZeroDistanceAtExtremeSupportScales .......................   Passed    0.01 sec
      Start 2428: PointCloudKernels.DirectionalWeightMatchesEdgeAwareEquation
54/62 Test #2428: PointCloudKernels.DirectionalWeightMatchesEdgeAwareEquation .....................................   Passed    0.01 sec
      Start 2429: PointCloudKernels.DirectionalWeightFailsClosed
55/62 Test #2429: PointCloudKernels.DirectionalWeightFailsClosed ..................................................   Passed    0.01 sec
      Start 2430: PointCloudKernels.LinearRepulsionHasFiniteZeroLimit
56/62 Test #2430: PointCloudKernels.LinearRepulsionHasFiniteZeroLimit .............................................   Passed    0.01 sec
      Start 2431: PointCloudKernels.DensityDistinguishesDenseClusterFromSparseTail
57/62 Test #2431: PointCloudKernels.DensityDistinguishesDenseClusterFromSparseTail ................................   Passed    0.00 sec
      Start 2432: PointCloudKernels.UniformGridInteriorHasConstantDensity
58/62 Test #2432: PointCloudKernels.UniformGridInteriorHasConstantDensity .........................................   Passed    0.00 sec
      Start 2433: PointCloudKernels.SuppliedIndexAndRepeatedRunsAreBitwiseDeterministic
59/62 Test #2433: PointCloudKernels.SuppliedIndexAndRepeatedRunsAreBitwiseDeterministic ...........................   Passed    0.01 sec
      Start 2434: PointCloudKernels.RadiusScratchPreservesDensityWeightsAcrossReuse
60/62 Test #2434: PointCloudKernels.RadiusScratchPreservesDensityWeightsAcrossReuse ...............................   Passed    0.00 sec
      Start 2435: PointCloudKernels.DensityBroadPhaseIncludesDoubleSupportBoundary
61/62 Test #2435: PointCloudKernels.DensityBroadPhaseIncludesDoubleSupportBoundary ................................   Passed    0.00 sec
      Start 2436: PointCloudKernels.DensityFailuresPublishNoWeights
62/62 Test #2436: PointCloudKernels.DensityFailuresPublishNoWeights ...............................................   Passed    0.00 sec

100% tests passed, 0 tests failed out of 62

Label Time Summary:
contract       =   0.52 sec*proc (9 tests)
geometry       =   1.05 sec*proc (46 tests)
integration    =   0.26 sec*proc (7 tests)
runtime        =   0.78 sec*proc (16 tests)
unit           =   1.05 sec*proc (46 tests)

Total Test time (real) =   1.99 sec
