[0/2] Re-checking globbed directories...
[1/807] Scanning /home/alex/Documents/IntrinsicEngine/src/core/Core.Dag.Scheduler.Hazards.cpp for CXX dependencies
[2/807] Scanning /home/alex/Documents/IntrinsicEngine/methods/geometry/progressive_poisson/src/ProgressivePoissonReference.cpp for CXX dependencies
[3/807] Generating CXX dyndep file CMakeFiles/IntrinsicProgressivePoissonReference.dir/CXX.dd
[4/807] Scanning /home/alex/Documents/IntrinsicEngine/src/core/Core.Config.EngineLoad.cpp for CXX dependencies
[5/807] Scanning /home/alex/Documents/IntrinsicEngine/build/ci-vulkan/generated/deps/tinygltf_impl.cpp for CXX dependencies
[6/807] Generating CXX dyndep file CMakeFiles/tinygltf.dir/CXX.dd
[7/807] Scanning /home/alex/Documents/IntrinsicEngine/src/core/Core.Dag.Scheduler.cpp for CXX dependencies
[8/807] Scanning /home/alex/Documents/IntrinsicEngine/src/core/Core.FrameLoop.cpp for CXX dependencies
[9/807] Scanning /home/alex/Documents/IntrinsicEngine/src/core/Core.Dag.TaskGraph.cpp for CXX dependencies
[10/807] Scanning /home/alex/Documents/IntrinsicEngine/src/core/Core.FrameGraph.cpp for CXX dependencies
[11/807] Scanning /home/alex/Documents/IntrinsicEngine/src/core/Core.Filesystem.cpp for CXX dependencies
[12/807] Scanning /home/alex/Documents/IntrinsicEngine/src/core/Core.Filesystem.PathResolver.cpp for CXX dependencies
[13/807] Scanning /home/alex/Documents/IntrinsicEngine/src/core/Core.IOBackend.cpp for CXX dependencies
[14/807] Scanning /home/alex/Documents/IntrinsicEngine/src/core/Core.Logging.cpp for CXX dependencies
[15/807] Scanning /home/alex/Documents/IntrinsicEngine/src/core/Core.Process.cpp for CXX dependencies
[16/807] Scanning /home/alex/Documents/IntrinsicEngine/src/core/Core.Telemetry.cpp for CXX dependencies
[17/807] Scanning /home/alex/Documents/IntrinsicEngine/src/core/Core.Tasks.CounterEvent.cpp for CXX dependencies
[18/807] Scanning /home/alex/Documents/IntrinsicEngine/src/core/Core.Tasks.Dispatch.cpp for CXX dependencies
[19/807] Scanning /home/alex/Documents/IntrinsicEngine/src/core/Core.Tasks.Job.cpp for CXX dependencies
[20/807] Scanning /home/alex/Documents/IntrinsicEngine/src/core/Core.Tasks.Stats.cpp for CXX dependencies
[21/807] Scanning /home/alex/Documents/IntrinsicEngine/src/core/Core.Tasks.Lifecycle.cpp for CXX dependencies
[22/807] Scanning /home/alex/Documents/IntrinsicEngine/src/core/Core.Tasks.WaitToken.cpp for CXX dependencies
[23/807] Scanning /home/alex/Documents/IntrinsicEngine/src/core/Core.BoundedHeap.cppm for CXX dependencies
[24/807] Scanning /home/alex/Documents/IntrinsicEngine/src/core/Core.IndexedHeap.cppm for CXX dependencies
[25/807] Scanning /home/alex/Documents/IntrinsicEngine/src/core/Core.Tasks.Worker.cpp for CXX dependencies
[26/807] Scanning /home/alex/Documents/IntrinsicEngine/src/core/Core.Config.Render.cppm for CXX dependencies
[27/807] Scanning /home/alex/Documents/IntrinsicEngine/src/core/Core.Config.Window.cppm for CXX dependencies
[28/807] Scanning /home/alex/Documents/IntrinsicEngine/src/core/Core.Config.Engine.cppm for CXX dependencies
[29/807] Scanning /home/alex/Documents/IntrinsicEngine/src/core/Core.Config.EngineLoad.cppm for CXX dependencies
[30/807] Scanning /home/alex/Documents/IntrinsicEngine/src/core/Core.Dag.Scheduler.Types.cppm for CXX dependencies
[31/807] Scanning /home/alex/Documents/IntrinsicEngine/src/core/Core.Dag.Scheduler.Policy.cppm for CXX dependencies
[32/807] Scanning /home/alex/Documents/IntrinsicEngine/src/core/Core.Dag.Scheduler.cppm for CXX dependencies
[33/807] Scanning /home/alex/Documents/IntrinsicEngine/src/core/Core.Dag.Scheduler.Hazards.cppm for CXX dependencies
[34/807] Scanning /home/alex/Documents/IntrinsicEngine/src/core/Core.Dag.Scheduler.Compiler.cppm for CXX dependencies
[35/807] Scanning /home/alex/Documents/IntrinsicEngine/src/core/Core.Dag.Scheduler.DomainGraph.cppm for CXX dependencies
[36/807] Scanning /home/alex/Documents/IntrinsicEngine/src/core/Core.IOBackend.cppm for CXX dependencies
[37/807] Scanning /home/alex/Documents/IntrinsicEngine/src/core/Core.FrameGraph.cppm for CXX dependencies
[38/807] Scanning /home/alex/Documents/IntrinsicEngine/src/core/Core.Dag.TaskGraph.cppm for CXX dependencies
[39/807] Scanning /home/alex/Documents/IntrinsicEngine/src/core/Core.RingBuffer.cppm for CXX dependencies
[40/807] Scanning /home/alex/Documents/IntrinsicEngine/src/core/Core.ResourcePool.cppm for CXX dependencies
[41/807] Scanning /home/alex/Documents/IntrinsicEngine/src/core/Core.Process.cppm for CXX dependencies
[42/807] Scanning /home/alex/Documents/IntrinsicEngine/src/core/Core.Telemetry.cppm for CXX dependencies
[43/807] Scanning /home/alex/Documents/IntrinsicEngine/src/core/Core.Error.cppm for CXX dependencies
[44/807] Scanning /home/alex/Documents/IntrinsicEngine/src/core/Core.CallbackRegistry.cppm for CXX dependencies
[45/807] Scanning /home/alex/Documents/IntrinsicEngine/src/core/Core.FrameLoop.cppm for CXX dependencies
[46/807] Scanning /home/alex/Documents/IntrinsicEngine/src/core/Core.Geometry2D.cppm for CXX dependencies
[47/807] Scanning /home/alex/Documents/IntrinsicEngine/src/core/Core.FrameClock.cppm for CXX dependencies
[48/807] Scanning /home/alex/Documents/IntrinsicEngine/src/core/Core.Hash.cppm for CXX dependencies
[49/807] Scanning /home/alex/Documents/IntrinsicEngine/src/core/Core.HandleLease.cppm for CXX dependencies
[50/807] Scanning /home/alex/Documents/IntrinsicEngine/src/core/Core.Filesystem.PathResolver.cppm for CXX dependencies
[51/807] Scanning /home/alex/Documents/IntrinsicEngine/src/core/Core.Filesystem.cppm for CXX dependencies
[52/807] Scanning /home/alex/Documents/IntrinsicEngine/src/core/Core.Memory.Common.cppm for CXX dependencies
[53/807] Scanning /home/alex/Documents/IntrinsicEngine/src/core/Core.LockFreeQueue.cppm for CXX dependencies
[54/807] Scanning /home/alex/Documents/IntrinsicEngine/src/core/Core.Logging.cppm for CXX dependencies
[55/807] Scanning /home/alex/Documents/IntrinsicEngine/src/core/Core.Memory.LinearArena.cppm for CXX dependencies
[56/807] Scanning /home/alex/Documents/IntrinsicEngine/src/core/Core.Memory.Polymorphic.cppm for CXX dependencies
[57/807] Scanning /home/alex/Documents/IntrinsicEngine/src/core/Core.Memory.ScopeStack.cppm for CXX dependencies
[58/807] Scanning /home/alex/Documents/IntrinsicEngine/src/core/Core.StrongHandle.cppm for CXX dependencies
[59/807] Scanning /home/alex/Documents/IntrinsicEngine/src/core/Core.Tasks.cppm for CXX dependencies
[60/807] Scanning /home/alex/Documents/IntrinsicEngine/src/core/Core.Tasks.CounterEvent.cppm for CXX dependencies
[61/807] Scanning /home/alex/Documents/IntrinsicEngine/src/core/Core.Tasks.LocalTask.cppm for CXX dependencies
[62/807] Scanning /home/alex/Documents/IntrinsicEngine/src/core/Core.Tasks.Internal.cppm for CXX dependencies
[63/807] Scanning /home/alex/Documents/IntrinsicEngine/src/core/Core.Memory.ScopeStack.cpp for CXX dependencies
[64/807] Scanning /home/alex/Documents/IntrinsicEngine/src/core/Core.Tasks.LocalTask.cpp for CXX dependencies
[65/807] Scanning /home/alex/Documents/IntrinsicEngine/src/core/Core.Memory.Polymorphic.cpp for CXX dependencies
[66/807] Scanning /home/alex/Documents/IntrinsicEngine/src/core/Core.Memory.LinearArena.cpp for CXX dependencies
[67/807] Scanning /home/alex/Documents/IntrinsicEngine/src/core/Core.Tasks.Internal.cpp for CXX dependencies
[68/807] Generating CXX dyndep file src/core/CMakeFiles/ExtrinsicCore.dir/CXX.dd
[69/807] Scanning /home/alex/Documents/IntrinsicEngine/src/geometry/Geometry.AABB.cpp for CXX dependencies
[70/807] Scanning /home/alex/Documents/IntrinsicEngine/src/geometry/Geometry.Capsule.cpp for CXX dependencies
[71/807] Scanning /home/alex/Documents/IntrinsicEngine/src/geometry/Geometry.BVH.cpp for CXX dependencies
[72/807] Scanning /home/alex/Documents/IntrinsicEngine/src/geometry/Geometry.ContactManifold.cpp for CXX dependencies
[73/807] Scanning /home/alex/Documents/IntrinsicEngine/src/geometry/Geometry.Containment.cpp for CXX dependencies
[74/807] Scanning /home/alex/Documents/IntrinsicEngine/src/geometry/Geometry.ConvexHull.cpp for CXX dependencies
[75/807] Scanning /home/alex/Documents/IntrinsicEngine/src/geometry/Geometry.ConvexHullBuilder.cpp for CXX dependencies
[76/807] Scanning /home/alex/Documents/IntrinsicEngine/src/geometry/Geometry.Curve.cpp for CXX dependencies
[77/807] Scanning /home/alex/Documents/IntrinsicEngine/src/geometry/Geometry.Cylinder.cpp for CXX dependencies
[78/807] Scanning /home/alex/Documents/IntrinsicEngine/src/geometry/Geometry.Ellipsoid.cpp for CXX dependencies
[79/807] Scanning /home/alex/Documents/IntrinsicEngine/src/geometry/Geometry.EPA.cpp for CXX dependencies
[80/807] Scanning /home/alex/Documents/IntrinsicEngine/src/geometry/Geometry.FixedPoint.Anderson.cpp for CXX dependencies
[81/807] Scanning /home/alex/Documents/IntrinsicEngine/src/geometry/Geometry.Frustum.cpp for CXX dependencies
[82/807] Scanning /home/alex/Documents/IntrinsicEngine/src/geometry/Geometry.GJK.cpp for CXX dependencies
[83/807] Scanning /home/alex/Documents/IntrinsicEngine/src/geometry/Geometry.GaussianMixture.cpp for CXX dependencies
[84/807] Scanning /home/alex/Documents/IntrinsicEngine/src/geometry/Geometry.Graph.ShortestPath.cpp for CXX dependencies
[85/807] Scanning /home/alex/Documents/IntrinsicEngine/src/geometry/Geometry.Graph.IO.cpp for CXX dependencies
[86/807] Scanning /home/alex/Documents/IntrinsicEngine/src/geometry/Geometry.Graph.Utils.cpp for CXX dependencies
[87/807] Scanning /home/alex/Documents/IntrinsicEngine/src/geometry/Geometry.Graph.Vertex.Normals.cpp for CXX dependencies
[88/807] Scanning /home/alex/Documents/IntrinsicEngine/src/geometry/Geometry.Grid.cpp for CXX dependencies
[89/807] Scanning /home/alex/Documents/IntrinsicEngine/src/geometry/Geometry.HalfedgeMesh.Analysis.cpp for CXX dependencies
[90/807] Scanning /home/alex/Documents/IntrinsicEngine/src/geometry/Geometry.HalfedgeMesh.AdaptiveRemeshing.cpp for CXX dependencies
[91/807] Scanning /home/alex/Documents/IntrinsicEngine/src/geometry/Geometry.Graph.cpp for CXX dependencies
[92/807] Scanning /home/alex/Documents/IntrinsicEngine/src/geometry/Geometry.HalfedgeMesh.Boolean.cpp for CXX dependencies
[93/807] Scanning /home/alex/Documents/IntrinsicEngine/src/geometry/Geometry.HalfedgeMesh.Boundary.cpp for CXX dependencies
[94/807] Scanning /home/alex/Documents/IntrinsicEngine/src/geometry/Geometry.HalfedgeMesh.Builder.cpp for CXX dependencies
[95/807] Scanning /home/alex/Documents/IntrinsicEngine/src/geometry/Geometry.HalfedgeMesh.CatmullClark.cpp for CXX dependencies
[96/807] Scanning /home/alex/Documents/IntrinsicEngine/src/geometry/Geometry.HalfedgeMesh.Curvature.cpp for CXX dependencies
[97/807] Scanning /home/alex/Documents/IntrinsicEngine/src/geometry/Geometry.HalfedgeMesh.DEC.cpp for CXX dependencies
[98/807] Scanning /home/alex/Documents/IntrinsicEngine/src/geometry/Geometry.HalfedgeMesh.Geodesic.cpp for CXX dependencies
[99/807] Scanning /home/alex/Documents/IntrinsicEngine/src/geometry/Geometry.HalfedgeMesh.IO.cpp for CXX dependencies
[100/807] Scanning /home/alex/Documents/IntrinsicEngine/src/geometry/Geometry.HalfedgeMesh.Parameterization.cpp for CXX dependencies
[101/807] Scanning /home/alex/Documents/IntrinsicEngine/src/geometry/Geometry.HalfedgeMesh.Quality.cpp for CXX dependencies
[102/807] Scanning /home/alex/Documents/IntrinsicEngine/src/geometry/Geometry.HalfedgeMesh.Remeshing.cpp for CXX dependencies
[103/807] Scanning /home/alex/Documents/IntrinsicEngine/src/geometry/Geometry.HalfedgeMesh.Simplification.cpp for CXX dependencies
[104/807] Scanning /home/alex/Documents/IntrinsicEngine/src/geometry/Geometry.HalfedgeMesh.Repair.cpp for CXX dependencies
[105/807] Scanning /home/alex/Documents/IntrinsicEngine/src/geometry/Geometry.HalfedgeMesh.SignedHeatMethod.cpp for CXX dependencies
[106/807] Scanning /home/alex/Documents/IntrinsicEngine/src/geometry/Geometry.HalfedgeMesh.Smoothing.cpp for CXX dependencies
[107/807] Scanning /home/alex/Documents/IntrinsicEngine/src/geometry/Geometry.HalfedgeMesh.SubdivisionSqrt3.cpp for CXX dependencies
[108/807] Scanning /home/alex/Documents/IntrinsicEngine/src/geometry/Geometry.HalfedgeMesh.Subdivision.cpp for CXX dependencies
[109/807] Scanning /home/alex/Documents/IntrinsicEngine/src/geometry/Geometry.HalfedgeMesh.Utils.cpp for CXX dependencies
[110/807] Scanning /home/alex/Documents/IntrinsicEngine/src/geometry/Geometry.HalfedgeMesh.Vertices.Normals.cpp for CXX dependencies
[111/807] Scanning /home/alex/Documents/IntrinsicEngine/src/geometry/Geometry.HalfedgeMesh.VectorHeatMethod.cpp for CXX dependencies
[112/807] Scanning /home/alex/Documents/IntrinsicEngine/src/geometry/Geometry.HalfedgeMesh.cpp for CXX dependencies
[113/807] Scanning /home/alex/Documents/IntrinsicEngine/src/geometry/Geometry.HtexPatch.cpp for CXX dependencies
[114/807] Scanning /home/alex/Documents/IntrinsicEngine/src/geometry/Geometry.ImplicitPlaneField.cpp for CXX dependencies
[115/807] Scanning /home/alex/Documents/IntrinsicEngine/src/geometry/Geometry.KDTree.cpp for CXX dependencies
[116/807] Scanning /home/alex/Documents/IntrinsicEngine/src/geometry/Geometry.KMeans.cpp for CXX dependencies
[117/807] Scanning /home/alex/Documents/IntrinsicEngine/src/geometry/Geometry.MarchingCubes.cpp for CXX dependencies
[118/807] Scanning /home/alex/Documents/IntrinsicEngine/src/geometry/Geometry.Linalg.cpp for CXX dependencies
[119/807] Scanning /home/alex/Documents/IntrinsicEngine/src/geometry/Geometry.Mesh.Conversion.cpp for CXX dependencies
[120/807] Scanning /home/alex/Documents/IntrinsicEngine/src/geometry/Geometry.MeshClosestFace.cpp for CXX dependencies
[121/807] Scanning /home/alex/Documents/IntrinsicEngine/src/geometry/Geometry.MeshSoup.cpp for CXX dependencies
[122/807] Scanning /home/alex/Documents/IntrinsicEngine/src/geometry/Geometry.OBB.cpp for CXX dependencies
[123/807] Scanning /home/alex/Documents/IntrinsicEngine/src/geometry/Geometry.Octree.cpp for CXX dependencies
[124/807] Scanning /home/alex/Documents/IntrinsicEngine/src/geometry/Geometry.Overlap.cpp for CXX dependencies
[125/807] Scanning /home/alex/Documents/IntrinsicEngine/src/geometry/Geometry.PCA.cpp for CXX dependencies
[126/807] Scanning /home/alex/Documents/IntrinsicEngine/src/geometry/Geometry.Parameterization.Diagnostics.cpp for CXX dependencies
[127/807] Scanning /home/alex/Documents/IntrinsicEngine/src/geometry/Geometry.Parameterization.Bff.cpp for CXX dependencies
[128/807] Scanning /home/alex/Documents/IntrinsicEngine/src/geometry/Geometry.Parameterization.Harmonic.cpp for CXX dependencies
[129/807] Scanning /home/alex/Documents/IntrinsicEngine/src/geometry/Geometry.Parameterization.Optimize.cpp for CXX dependencies
[130/807] Scanning /home/alex/Documents/IntrinsicEngine/src/geometry/Geometry.Plane.cpp for CXX dependencies
[131/807] Scanning /home/alex/Documents/IntrinsicEngine/src/geometry/Geometry.PointCloud.Consolidation.cpp for CXX dependencies
[132/807] Scanning /home/alex/Documents/IntrinsicEngine/src/geometry/Geometry.PointCloud.Conversion.cpp for CXX dependencies
[133/807] Scanning /home/alex/Documents/IntrinsicEngine/src/geometry/Geometry.PointCloud.IO.cpp for CXX dependencies
[134/807] Scanning /home/alex/Documents/IntrinsicEngine/src/geometry/Geometry.PointCloud.Kernels.cpp for CXX dependencies
[135/807] Scanning /home/alex/Documents/IntrinsicEngine/src/geometry/Geometry.PointCloud.Features.cpp for CXX dependencies
[136/807] Scanning /home/alex/Documents/IntrinsicEngine/src/geometry/Geometry.PointCloud.Normals.cpp for CXX dependencies
[137/807] Scanning /home/alex/Documents/IntrinsicEngine/src/geometry/Geometry.PointCloud.QualityMetrics.cpp for CXX dependencies
[138/807] Scanning /home/alex/Documents/IntrinsicEngine/src/geometry/Geometry.PointCloud.SurfaceSampling.cpp for CXX dependencies
[139/807] Scanning /home/alex/Documents/IntrinsicEngine/src/geometry/Geometry.PointCloud.Utils.cpp for CXX dependencies
[140/807] Scanning /home/alex/Documents/IntrinsicEngine/src/geometry/Geometry.PointCloud.cpp for CXX dependencies
[141/807] Scanning /home/alex/Documents/IntrinsicEngine/src/geometry/Geometry.Properties.cpp for CXX dependencies
[142/807] Scanning /home/alex/Documents/IntrinsicEngine/src/geometry/Geometry.Quadric.cpp for CXX dependencies
[143/807] Scanning /home/alex/Documents/IntrinsicEngine/src/geometry/Geometry.Queries.cpp for CXX dependencies
[144/807] Scanning /home/alex/Documents/IntrinsicEngine/src/geometry/Geometry.Raycast.cpp for CXX dependencies
[145/807] Scanning /home/alex/Documents/IntrinsicEngine/src/geometry/Geometry.Registration.cpp for CXX dependencies
[146/807] Scanning /home/alex/Documents/IntrinsicEngine/src/geometry/Geometry.Robust.cpp for CXX dependencies
[147/807] Scanning /home/alex/Documents/IntrinsicEngine/src/geometry/Geometry.RobustPredicates.cpp for CXX dependencies
[148/807] Scanning /home/alex/Documents/IntrinsicEngine/src/geometry/Geometry.Rotation.cpp for CXX dependencies
[149/807] Scanning /home/alex/Documents/IntrinsicEngine/src/geometry/Geometry.RotationAveraging.cpp for CXX dependencies
[150/807] Scanning /home/alex/Documents/IntrinsicEngine/src/geometry/Geometry.Sampling.cpp for CXX dependencies
[151/807] Scanning /home/alex/Documents/IntrinsicEngine/src/geometry/Geometry.SDF.cpp for CXX dependencies
[152/807] Scanning /home/alex/Documents/IntrinsicEngine/src/geometry/Geometry.Segment.cpp for CXX dependencies
[153/807] Scanning /home/alex/Documents/IntrinsicEngine/src/geometry/Geometry.Sphere.Sampling.cpp for CXX dependencies
[154/807] Scanning /home/alex/Documents/IntrinsicEngine/src/geometry/Geometry.Sphere.cpp for CXX dependencies
[155/807] Scanning /home/alex/Documents/IntrinsicEngine/src/geometry/Geometry.Statistics.cpp for CXX dependencies
[156/807] Scanning /home/alex/Documents/IntrinsicEngine/src/geometry/Geometry.Support.cpp for CXX dependencies
[157/807] Scanning /home/alex/Documents/IntrinsicEngine/src/geometry/Geometry.SupportRadius.cpp for CXX dependencies
[158/807] Scanning /home/alex/Documents/IntrinsicEngine/src/geometry/Geometry.SurfaceReconstruction.cpp for CXX dependencies
[159/807] Scanning /home/alex/Documents/IntrinsicEngine/src/geometry/Geometry.Sparse.cpp for CXX dependencies
[160/807] Scanning /home/alex/Documents/IntrinsicEngine/src/geometry/Geometry.Triangle.cpp for CXX dependencies
[161/807] Scanning /home/alex/Documents/IntrinsicEngine/src/geometry/Geometry.UvAtlas.cpp for CXX dependencies
[162/807] Scanning /home/alex/Documents/IntrinsicEngine/src/geometry/Geometry.Validation.cpp for CXX dependencies
[163/807] Scanning /home/alex/Documents/IntrinsicEngine/src/geometry/Geometry.BVH.cppm for CXX dependencies
[164/807] Scanning /home/alex/Documents/IntrinsicEngine/src/geometry/Geometry.AABB.cppm for CXX dependencies
[165/807] Scanning /home/alex/Documents/IntrinsicEngine/src/geometry/Geometry.Capsule.cppm for CXX dependencies
[166/807] Scanning /home/alex/Documents/IntrinsicEngine/src/geometry/Geometry.Circulators.cppm for CXX dependencies
[167/807] Scanning /home/alex/Documents/IntrinsicEngine/src/geometry/Geometry.ContactManifold.cppm for CXX dependencies
[168/807] Scanning /home/alex/Documents/IntrinsicEngine/src/geometry/Geometry.Containment.cppm for CXX dependencies
[169/807] Scanning /home/alex/Documents/IntrinsicEngine/src/geometry/Geometry.ConvexHull.cppm for CXX dependencies
[170/807] Scanning /home/alex/Documents/IntrinsicEngine/src/geometry/Geometry.ConvexHullBuilder.cppm for CXX dependencies
[171/807] Scanning /home/alex/Documents/IntrinsicEngine/src/geometry/Geometry.Curve.cppm for CXX dependencies
[172/807] Scanning /home/alex/Documents/IntrinsicEngine/src/geometry/Geometry.Cylinder.cppm for CXX dependencies
[173/807] Scanning /home/alex/Documents/IntrinsicEngine/src/geometry/Geometry.DomainViews.cppm for CXX dependencies
[174/807] Scanning /home/alex/Documents/IntrinsicEngine/src/geometry/Geometry.EPA.cppm for CXX dependencies
[175/807] Scanning /home/alex/Documents/IntrinsicEngine/src/geometry/Geometry.FixedPoint.Anderson.cppm for CXX dependencies
[176/807] Scanning /home/alex/Documents/IntrinsicEngine/src/geometry/Geometry.Ellipsoid.cppm for CXX dependencies
[177/807] Scanning /home/alex/Documents/IntrinsicEngine/src/geometry/Geometry.Frustum.cppm for CXX dependencies
[178/807] Scanning /home/alex/Documents/IntrinsicEngine/src/geometry/Geometry.GaussianMixture.cppm for CXX dependencies
[179/807] Scanning /home/alex/Documents/IntrinsicEngine/src/geometry/Geometry.Graph.IO.cppm for CXX dependencies
[180/807] Scanning /home/alex/Documents/IntrinsicEngine/src/geometry/Geometry.GJK.cppm for CXX dependencies
[181/807] Scanning /home/alex/Documents/IntrinsicEngine/src/geometry/Geometry.Graph.ShortestPath.cppm for CXX dependencies
[182/807] Scanning /home/alex/Documents/IntrinsicEngine/src/geometry/Geometry.Graph.Utils.cppm for CXX dependencies
[183/807] Scanning /home/alex/Documents/IntrinsicEngine/src/geometry/Geometry.Graph.Vertex.Normals.cppm for CXX dependencies
[184/807] Scanning /home/alex/Documents/IntrinsicEngine/src/geometry/Geometry.Grid.cppm for CXX dependencies
[185/807] Scanning /home/alex/Documents/IntrinsicEngine/src/geometry/Geometry.Graph.cppm for CXX dependencies
[186/807] Scanning /home/alex/Documents/IntrinsicEngine/src/geometry/Geometry.HalfedgeMesh.Analysis.cppm for CXX dependencies
[187/807] Scanning /home/alex/Documents/IntrinsicEngine/src/geometry/Geometry.HalfedgeMesh.AdaptiveRemeshing.cppm for CXX dependencies
[188/807] Scanning /home/alex/Documents/IntrinsicEngine/src/geometry/Geometry.HalfedgeMesh.Boolean.cppm for CXX dependencies
[189/807] Scanning /home/alex/Documents/IntrinsicEngine/src/geometry/Geometry.HalfedgeMesh.Boundary.cppm for CXX dependencies
[190/807] Scanning /home/alex/Documents/IntrinsicEngine/src/geometry/Geometry.HalfedgeMesh.Builder.cppm for CXX dependencies
[191/807] Scanning /home/alex/Documents/IntrinsicEngine/src/geometry/Geometry.HalfedgeMesh.CatmullClark.cppm for CXX dependencies
[192/807] Scanning /home/alex/Documents/IntrinsicEngine/src/geometry/Geometry.HalfedgeMesh.DEC.cppm for CXX dependencies
[193/807] Scanning /home/alex/Documents/IntrinsicEngine/src/geometry/Geometry.HalfedgeMesh.Geodesic.cppm for CXX dependencies
[194/807] Scanning /home/alex/Documents/IntrinsicEngine/src/geometry/Geometry.HalfedgeMesh.Curvature.cppm for CXX dependencies
[195/807] Scanning /home/alex/Documents/IntrinsicEngine/src/geometry/Geometry.HalfedgeMesh.IO.cppm for CXX dependencies
[196/807] Scanning /home/alex/Documents/IntrinsicEngine/src/geometry/Geometry.HalfedgeMesh.Quality.cppm for CXX dependencies
[197/807] Scanning /home/alex/Documents/IntrinsicEngine/src/geometry/Geometry.HalfedgeMesh.Remeshing.cppm for CXX dependencies
[198/807] Scanning /home/alex/Documents/IntrinsicEngine/src/geometry/Geometry.HalfedgeMesh.Parameterization.cppm for CXX dependencies
[199/807] Scanning /home/alex/Documents/IntrinsicEngine/src/geometry/Geometry.HalfedgeMesh.Repair.cppm for CXX dependencies
[200/807] Scanning /home/alex/Documents/IntrinsicEngine/src/geometry/Geometry.HalfedgeMesh.SignedHeatMethod.cppm for CXX dependencies
[201/807] Scanning /home/alex/Documents/IntrinsicEngine/src/geometry/Geometry.HalfedgeMesh.Simplification.cppm for CXX dependencies
[202/807] Scanning /home/alex/Documents/IntrinsicEngine/src/geometry/Geometry.HalfedgeMesh.SubdivisionSqrt3.cppm for CXX dependencies
[203/807] Scanning /home/alex/Documents/IntrinsicEngine/src/geometry/Geometry.HalfedgeMesh.Subdivision.cppm for CXX dependencies
[204/807] Scanning /home/alex/Documents/IntrinsicEngine/src/geometry/Geometry.HalfedgeMesh.Smoothing.cppm for CXX dependencies
[205/807] Scanning /home/alex/Documents/IntrinsicEngine/src/geometry/Geometry.HalfedgeMesh.Utils.cppm for CXX dependencies
[206/807] Scanning /home/alex/Documents/IntrinsicEngine/src/geometry/Geometry.HalfedgeMesh.Vertices.Normals.cppm for CXX dependencies
[207/807] Scanning /home/alex/Documents/IntrinsicEngine/src/geometry/Geometry.HalfedgeMesh.VectorHeatMethod.cppm for CXX dependencies
[208/807] Scanning /home/alex/Documents/IntrinsicEngine/src/geometry/Geometry.HtexPatch.cppm for CXX dependencies
[209/807] Scanning /home/alex/Documents/IntrinsicEngine/src/geometry/Geometry.IO.cppm for CXX dependencies
[210/807] Scanning /home/alex/Documents/IntrinsicEngine/src/geometry/Geometry.HalfedgeMesh.cppm for CXX dependencies
[211/807] Scanning /home/alex/Documents/IntrinsicEngine/src/geometry/Geometry.ImplicitPlaneField.cppm for CXX dependencies
[212/807] Scanning /home/alex/Documents/IntrinsicEngine/src/geometry/Geometry.IntersectionClassification.cppm for CXX dependencies
[213/807] Scanning /home/alex/Documents/IntrinsicEngine/src/geometry/Geometry.KDTree.cppm for CXX dependencies
[214/807] Scanning /home/alex/Documents/IntrinsicEngine/src/geometry/Geometry.KMeans.cppm for CXX dependencies
[215/807] Scanning /home/alex/Documents/IntrinsicEngine/src/geometry/Geometry.LinearSolver.cppm for CXX dependencies
[216/807] Scanning /home/alex/Documents/IntrinsicEngine/src/geometry/Geometry.Mesh.Conversion.cppm for CXX dependencies
[217/807] Scanning /home/alex/Documents/IntrinsicEngine/src/geometry/Geometry.MarchingCubes.cppm for CXX dependencies
[218/807] Scanning /home/alex/Documents/IntrinsicEngine/src/geometry/Geometry.MeshOperator.cppm for CXX dependencies
[219/807] Scanning /home/alex/Documents/IntrinsicEngine/src/geometry/Geometry.Linalg.cppm for CXX dependencies
[220/807] Scanning /home/alex/Documents/IntrinsicEngine/src/geometry/Geometry.MeshClosestFace.cppm for CXX dependencies
[221/807] Scanning /home/alex/Documents/IntrinsicEngine/src/geometry/Geometry.MeshSoup.cppm for CXX dependencies
[222/807] Scanning /home/alex/Documents/IntrinsicEngine/src/geometry/Geometry.OBB.cppm for CXX dependencies
[223/807] Scanning /home/alex/Documents/IntrinsicEngine/src/geometry/Geometry.Octree.cppm for CXX dependencies
[224/807] Scanning /home/alex/Documents/IntrinsicEngine/src/geometry/Geometry.Overlap.cppm for CXX dependencies
[225/807] Scanning /home/alex/Documents/IntrinsicEngine/src/geometry/Geometry.PCA.cppm for CXX dependencies
[226/807] Scanning /home/alex/Documents/IntrinsicEngine/src/geometry/Geometry.Parameterization.Diagnostics.cppm for CXX dependencies
[227/807] Scanning /home/alex/Documents/IntrinsicEngine/src/geometry/Geometry.Parameterization.Bff.cppm for CXX dependencies
[228/807] Scanning /home/alex/Documents/IntrinsicEngine/src/geometry/Geometry.Parameterization.Harmonic.cppm for CXX dependencies
[229/807] Scanning /home/alex/Documents/IntrinsicEngine/src/geometry/Geometry.Parameterization.Optimize.cppm for CXX dependencies
[230/807] Scanning /home/alex/Documents/IntrinsicEngine/src/geometry/Geometry.Plane.cppm for CXX dependencies
[231/807] Scanning /home/alex/Documents/IntrinsicEngine/src/geometry/Geometry.PointCloud.Conversion.cppm for CXX dependencies
[232/807] Scanning /home/alex/Documents/IntrinsicEngine/src/geometry/Geometry.PointCloud.Consolidation.cppm for CXX dependencies
[233/807] Scanning /home/alex/Documents/IntrinsicEngine/src/geometry/Geometry.PointCloud.IO.cppm for CXX dependencies
[234/807] Scanning /home/alex/Documents/IntrinsicEngine/src/geometry/Geometry.PointCloud.Features.cppm for CXX dependencies
[235/807] Scanning /home/alex/Documents/IntrinsicEngine/src/geometry/Geometry.PointCloud.Kernels.cppm for CXX dependencies
[236/807] Scanning /home/alex/Documents/IntrinsicEngine/src/geometry/Geometry.PointCloud.SurfaceSampling.cppm for CXX dependencies
[237/807] Scanning /home/alex/Documents/IntrinsicEngine/src/geometry/Geometry.PointCloud.Normals.cppm for CXX dependencies
[238/807] Scanning /home/alex/Documents/IntrinsicEngine/src/geometry/Geometry.PointCloud.QualityMetrics.cppm for CXX dependencies
[239/807] Scanning /home/alex/Documents/IntrinsicEngine/src/geometry/Geometry.PointCloud.Utils.cppm for CXX dependencies
[240/807] Scanning /home/alex/Documents/IntrinsicEngine/src/geometry/Geometry.PointCloud.cppm for CXX dependencies
[241/807] Scanning /home/alex/Documents/IntrinsicEngine/src/geometry/Geometry.Quadric.cppm for CXX dependencies
[242/807] Scanning /home/alex/Documents/IntrinsicEngine/src/geometry/Geometry.Properties.cppm for CXX dependencies
[243/807] Scanning /home/alex/Documents/IntrinsicEngine/src/geometry/Geometry.Queries.cppm for CXX dependencies
[244/807] Scanning /home/alex/Documents/IntrinsicEngine/src/geometry/Geometry.Ray.cppm for CXX dependencies
[245/807] Scanning /home/alex/Documents/IntrinsicEngine/src/geometry/Geometry.Robust.cppm for CXX dependencies
[246/807] Scanning /home/alex/Documents/IntrinsicEngine/src/geometry/Geometry.Raycast.cppm for CXX dependencies
[247/807] Scanning /home/alex/Documents/IntrinsicEngine/src/geometry/Geometry.Registration.cppm for CXX dependencies
[248/807] Scanning /home/alex/Documents/IntrinsicEngine/src/geometry/Geometry.RotationAveraging.cppm for CXX dependencies
[249/807] Scanning /home/alex/Documents/IntrinsicEngine/src/geometry/Geometry.RobustPredicates.cppm for CXX dependencies
[250/807] Scanning /home/alex/Documents/IntrinsicEngine/src/geometry/Geometry.Rotation.cppm for CXX dependencies
[251/807] Scanning /home/alex/Documents/IntrinsicEngine/src/geometry/Geometry.Sampling.cppm for CXX dependencies
[252/807] Scanning /home/alex/Documents/IntrinsicEngine/src/geometry/Geometry.Segment.cppm for CXX dependencies
[253/807] Scanning /home/alex/Documents/IntrinsicEngine/src/geometry/Geometry.SDFContact.cppm for CXX dependencies
[254/807] Scanning /home/alex/Documents/IntrinsicEngine/src/geometry/Geometry.SDF.cppm for CXX dependencies
[255/807] Scanning /home/alex/Documents/IntrinsicEngine/src/geometry/Geometry.SpatialQueries.cppm for CXX dependencies
[256/807] Scanning /home/alex/Documents/IntrinsicEngine/src/geometry/Geometry.Sparse.cppm for CXX dependencies
[257/807] Scanning /home/alex/Documents/IntrinsicEngine/src/geometry/Geometry.Sphere.Sampling.cppm for CXX dependencies
[258/807] Scanning /home/alex/Documents/IntrinsicEngine/src/geometry/Geometry.Sphere.cppm for CXX dependencies
[259/807] Scanning /home/alex/Documents/IntrinsicEngine/src/geometry/Geometry.Statistics.cppm for CXX dependencies
[260/807] Scanning /home/alex/Documents/IntrinsicEngine/src/geometry/Geometry.Support.cppm for CXX dependencies
[261/807] Scanning /home/alex/Documents/IntrinsicEngine/src/geometry/Geometry.SurfaceReconstruction.cppm for CXX dependencies
[262/807] Scanning /home/alex/Documents/IntrinsicEngine/src/geometry/Geometry.SupportRadius.cppm for CXX dependencies
[263/807] Scanning /home/alex/Documents/IntrinsicEngine/src/geometry/Geometry.Triangle.cppm for CXX dependencies
[264/807] Scanning /home/alex/Documents/IntrinsicEngine/src/geometry/Geometry.Graph.Fwd.cppm for CXX dependencies
[265/807] Scanning /home/alex/Documents/IntrinsicEngine/src/geometry/Geometry.HalfedgeMesh.Fwd.cppm for CXX dependencies
[266/807] Scanning /home/alex/Documents/IntrinsicEngine/src/geometry/Geometry.PointCloud.Fwd.cppm for CXX dependencies
[267/807] Scanning /home/alex/Documents/IntrinsicEngine/src/geometry/Geometry.UvAtlas.cppm for CXX dependencies
[268/807] Scanning /home/alex/Documents/IntrinsicEngine/src/geometry/Geometry.Validation.cppm for CXX dependencies
[269/807] Scanning /home/alex/Documents/IntrinsicEngine/src/assets/Asset.EventBus.cpp for CXX dependencies
[270/807] Scanning /home/alex/Documents/IntrinsicEngine/src/assets/Asset.ImportRouter.cpp for CXX dependencies
[271/807] Generating CXX dyndep file src/geometry/CMakeFiles/IntrinsicGeometry.dir/CXX.dd
[272/807] Scanning /home/alex/Documents/IntrinsicEngine/src/assets/Asset.LoadPipeline.cpp for CXX dependencies
[273/807] Scanning /home/alex/Documents/IntrinsicEngine/src/assets/Asset.ModelTexturePayload.cpp for CXX dependencies
[274/807] Scanning /home/alex/Documents/IntrinsicEngine/src/assets/Asset.PathIndex.cpp for CXX dependencies
[275/807] Scanning /home/alex/Documents/IntrinsicEngine/src/assets/Asset.Registry.cpp for CXX dependencies
[276/807] Scanning /home/alex/Documents/IntrinsicEngine/src/assets/Asset.PayloadStore.cpp for CXX dependencies
[277/807] Scanning /home/alex/Documents/IntrinsicEngine/src/assets/Asset.Service.cpp for CXX dependencies
[278/807] Scanning /home/alex/Documents/IntrinsicEngine/src/assets/Asset.ImportRouter.cppm for CXX dependencies
[279/807] Scanning /home/alex/Documents/IntrinsicEngine/src/assets/Asset.EventBus.cppm for CXX dependencies
[280/807] Scanning /home/alex/Documents/IntrinsicEngine/src/assets/Asset.GeometryPayload.cppm for CXX dependencies
[281/807] Scanning /home/alex/Documents/IntrinsicEngine/src/assets/Asset.OperationStatus.cppm for CXX dependencies
[282/807] Scanning /home/alex/Documents/IntrinsicEngine/src/assets/Asset.ModelTexturePayload.cppm for CXX dependencies
[283/807] Scanning /home/alex/Documents/IntrinsicEngine/src/assets/Asset.LoadPipeline.cppm for CXX dependencies
[284/807] Scanning /home/alex/Documents/IntrinsicEngine/src/assets/Asset.PathIndex.cppm for CXX dependencies
[285/807] Scanning /home/alex/Documents/IntrinsicEngine/src/assets/Asset.Registry.cppm for CXX dependencies
[286/807] Scanning /home/alex/Documents/IntrinsicEngine/src/assets/Asset.PayloadStore.cppm for CXX dependencies
[287/807] Scanning /home/alex/Documents/IntrinsicEngine/src/assets/Asset.TypePool.cppm for CXX dependencies
[288/807] Scanning /home/alex/Documents/IntrinsicEngine/src/assets/Asset.Service.cppm for CXX dependencies
[289/807] Scanning /home/alex/Documents/IntrinsicEngine/src/ecs/Hierarchy/ECS.Hierarchy.Structure.cpp for CXX dependencies
[290/807] Scanning /home/alex/Documents/IntrinsicEngine/src/ecs/ECS.Scene.Bootstrap.cpp for CXX dependencies
[291/807] Scanning /home/alex/Documents/IntrinsicEngine/src/ecs/ECS.Scene.Registry.cpp for CXX dependencies
[292/807] Generating CXX dyndep file src/assets/CMakeFiles/ExtrinsicAssets.dir/CXX.dd
[293/807] Scanning /home/alex/Documents/IntrinsicEngine/src/ecs/Components/ECS.Component.RigidBody.cpp for CXX dependencies
[294/807] Scanning /home/alex/Documents/IntrinsicEngine/src/ecs/Components/ECS.Component.Collider.cpp for CXX dependencies
[295/807] Scanning /home/alex/Documents/IntrinsicEngine/src/ecs/Components/ECS.Component.GeometrySources.cpp for CXX dependencies
[296/807] Scanning /home/alex/Documents/IntrinsicEngine/src/ecs/Components/ECS.Component.StableId.cpp for CXX dependencies
[297/807] Scanning /home/alex/Documents/IntrinsicEngine/src/ecs/Hierarchy/ECS.Hierarchy.Mutation.cpp for CXX dependencies
[298/807] Scanning /home/alex/Documents/IntrinsicEngine/src/ecs/Components/ECS.Component.Transform.Local.cpp for CXX dependencies
[299/807] Scanning /home/alex/Documents/IntrinsicEngine/src/ecs/Systems/ECS.System.RenderSync.cpp for CXX dependencies
[300/807] Scanning /home/alex/Documents/IntrinsicEngine/src/ecs/Components/ECS.Component.GeometrySourcesPopulate.cpp for CXX dependencies
[301/807] Scanning /home/alex/Documents/IntrinsicEngine/src/ecs/Systems/ECS.System.BoundsPropagation.cpp for CXX dependencies
[302/807] Scanning /home/alex/Documents/IntrinsicEngine/src/ecs/ECS.Scene.Bootstrap.cppm for CXX dependencies
[303/807] Scanning /home/alex/Documents/IntrinsicEngine/src/ecs/Systems/ECS.System.TransformHierarchy.cpp for CXX dependencies
[304/807] Scanning /home/alex/Documents/IntrinsicEngine/src/ecs/ECS.Scene.Handle.cppm for CXX dependencies
[305/807] Scanning /home/alex/Documents/IntrinsicEngine/src/ecs/ECS.Scene.Registry.cppm for CXX dependencies
[306/807] Scanning /home/alex/Documents/IntrinsicEngine/src/ecs/Components/ECS.Component.AssetInstance.cppm for CXX dependencies
[307/807] Scanning /home/alex/Documents/IntrinsicEngine/src/ecs/Hierarchy/ECS.Hierarchy.Structure.cppm for CXX dependencies
[308/807] Scanning /home/alex/Documents/IntrinsicEngine/src/ecs/Hierarchy/ECS.Hierarchy.Mutation.cppm for CXX dependencies
[309/807] Scanning /home/alex/Documents/IntrinsicEngine/src/ecs/Components/ECS.Component.Collider.cppm for CXX dependencies
[310/807] Scanning /home/alex/Documents/IntrinsicEngine/src/ecs/Components/ECS.Component.DirtyTags.cppm for CXX dependencies
[311/807] Scanning /home/alex/Documents/IntrinsicEngine/src/ecs/Components/ECS.Component.Hierarchy.cppm for CXX dependencies
[312/807] Scanning /home/alex/Documents/IntrinsicEngine/src/ecs/Components/ECS.Component.GeometrySourcesPopulate.cppm for CXX dependencies
[313/807] Scanning /home/alex/Documents/IntrinsicEngine/src/ecs/Components/ECS.Component.GeometrySources.cppm for CXX dependencies
[314/807] Scanning /home/alex/Documents/IntrinsicEngine/src/ecs/Components/ECS.Component.MetaData.cppm for CXX dependencies
[315/807] Scanning /home/alex/Documents/IntrinsicEngine/src/ecs/Components/ECS.Component.Light.cppm for CXX dependencies
[316/807] Scanning /home/alex/Documents/IntrinsicEngine/src/ecs/Components/ECS.Component.ProceduralGeometryRef.cppm for CXX dependencies
[317/807] Scanning /home/alex/Documents/IntrinsicEngine/src/ecs/Components/ECS.Component.StableId.cppm for CXX dependencies
[318/807] Scanning /home/alex/Documents/IntrinsicEngine/src/ecs/Components/ECS.Component.Selection.cppm for CXX dependencies
[319/807] Scanning /home/alex/Documents/IntrinsicEngine/src/ecs/Components/ECS.Component.RigidBody.cppm for CXX dependencies
[320/807] Scanning /home/alex/Documents/IntrinsicEngine/src/ecs/Components/ECS.Component.Transform.Local.cppm for CXX dependencies
[321/807] Scanning /home/alex/Documents/IntrinsicEngine/src/ecs/Components/ECS.Component.Transform.World.cppm for CXX dependencies
[322/807] Scanning /home/alex/Documents/IntrinsicEngine/src/ecs/Systems/ECS.System.BoundsPropagation.cppm for CXX dependencies
[323/807] Scanning /home/alex/Documents/IntrinsicEngine/src/ecs/Systems/ECS.System.RenderSync.cppm for CXX dependencies
[324/807] Scanning /home/alex/Documents/IntrinsicEngine/src/graphics/rhi/RHI.CommandContext.cpp for CXX dependencies
[325/807] Scanning /home/alex/Documents/IntrinsicEngine/src/ecs/Systems/ECS.System.TransformHierarchy.cppm for CXX dependencies
[326/807] Scanning /home/alex/Documents/IntrinsicEngine/src/physics/Physics.World.cpp for CXX dependencies
[327/807] Generating CXX dyndep file src/ecs/CMakeFiles/ExtrinsicECS.dir/CXX.dd
[328/807] Scanning /home/alex/Documents/IntrinsicEngine/src/physics/Physics.World.cppm for CXX dependencies
[329/807] Scanning /home/alex/Documents/IntrinsicEngine/src/graphics/rhi/RHI.BufferTransfer.cpp for CXX dependencies
[330/807] Generating CXX dyndep file src/physics/CMakeFiles/ExtrinsicPhysics.dir/CXX.dd
[331/807] Scanning /home/alex/Documents/IntrinsicEngine/src/graphics/rhi/RHI.BufferManager.cpp for CXX dependencies
[332/807] Scanning /home/alex/Documents/IntrinsicEngine/src/graphics/rhi/RHI.TextureManager.cpp for CXX dependencies
[333/807] Scanning /home/alex/Documents/IntrinsicEngine/src/graphics/rhi/RHI.SamplerManager.cpp for CXX dependencies
[334/807] Scanning /home/alex/Documents/IntrinsicEngine/src/graphics/rhi/RHI.PipelineManager.cpp for CXX dependencies
[335/807] Scanning /home/alex/Documents/IntrinsicEngine/src/graphics/rhi/RHI.Profiler.cpp for CXX dependencies
[336/807] Scanning /home/alex/Documents/IntrinsicEngine/src/graphics/rhi/RHI.BufferView.cppm for CXX dependencies
[337/807] Scanning /home/alex/Documents/IntrinsicEngine/src/graphics/rhi/RHI.PipelineRegistry.cpp for CXX dependencies
[338/807] Scanning /home/alex/Documents/IntrinsicEngine/src/graphics/rhi/RHI.TextureUpload.cpp for CXX dependencies
[339/807] Scanning /home/alex/Documents/IntrinsicEngine/src/graphics/rhi/RHI.QueueAffinity.cppm for CXX dependencies
[340/807] Scanning /home/alex/Documents/IntrinsicEngine/src/graphics/rhi/RHI.BufferTransfer.cppm for CXX dependencies
[341/807] Scanning /home/alex/Documents/IntrinsicEngine/src/graphics/rhi/RHI.TimelineSemaphore.cppm for CXX dependencies
[342/807] Scanning /home/alex/Documents/IntrinsicEngine/src/graphics/rhi/RHI.Descriptors.cppm for CXX dependencies
[343/807] Scanning /home/alex/Documents/IntrinsicEngine/src/graphics/rhi/RHI.Transfer.cppm for CXX dependencies
[344/807] Scanning /home/alex/Documents/IntrinsicEngine/src/graphics/rhi/RHI.TextureUpload.cppm for CXX dependencies
[345/807] Scanning /home/alex/Documents/IntrinsicEngine/src/graphics/rhi/RHI.TransferQueue.cppm for CXX dependencies
[346/807] Scanning /home/alex/Documents/IntrinsicEngine/src/graphics/rhi/RHI.Profiler.cppm for CXX dependencies
[347/807] Scanning /home/alex/Documents/IntrinsicEngine/src/graphics/rhi/RHI.Bindless.cppm for CXX dependencies
[348/807] Scanning /home/alex/Documents/IntrinsicEngine/src/graphics/rhi/RHI.FrameHandle.cppm for CXX dependencies
[349/807] Scanning /home/alex/Documents/IntrinsicEngine/src/graphics/rhi/RHI.Types.cppm for CXX dependencies
[350/807] Scanning /home/alex/Documents/IntrinsicEngine/src/graphics/rhi/RHI.CommandContext.cppm for CXX dependencies
[351/807] Scanning /home/alex/Documents/IntrinsicEngine/src/graphics/rhi/RHI.Device.cppm for CXX dependencies
[352/807] Scanning /home/alex/Documents/IntrinsicEngine/src/graphics/rhi/RHI.BufferManager.cppm for CXX dependencies
[353/807] Scanning /home/alex/Documents/IntrinsicEngine/src/graphics/rhi/RHI.TextureManager.cppm for CXX dependencies
[354/807] Scanning /home/alex/Documents/IntrinsicEngine/src/graphics/rhi/RHI.SamplerManager.cppm for CXX dependencies
[355/807] Scanning /home/alex/Documents/IntrinsicEngine/src/graphics/rhi/RHI.PipelineManager.cppm for CXX dependencies
[356/807] Scanning /home/alex/Documents/IntrinsicEngine/src/graphics/rhi/RHI.PipelineRegistry.cppm for CXX dependencies
[357/807] Generating CXX dyndep file src/graphics/rhi/CMakeFiles/ExtrinsicRHI.dir/CXX.dd
[358/807] Scanning /home/alex/Documents/IntrinsicEngine/src/graphics/assets/Graphics.GpuAssetCache.cpp for CXX dependencies
[359/807] Scanning /home/alex/Documents/IntrinsicEngine/src/graphics/assets/Graphics.GpuAssetCache.cppm for CXX dependencies
[360/807] Generating CXX dyndep file src/graphics/assets/CMakeFiles/ExtrinsicGraphicsAssets.dir/CXX.dd
[361/807] Scanning /home/alex/Documents/IntrinsicEngine/src/graphics/renderer/Graphics.CameraSnapshots.cpp for CXX dependencies
[362/807] Scanning /home/alex/Documents/IntrinsicEngine/src/graphics/renderer/Graphics.ComputeParallelPrimitives.cpp for CXX dependencies
[363/807] Scanning /home/alex/Documents/IntrinsicEngine/src/graphics/renderer/Graphics.CurrentRendererContractAdapter.cpp for CXX dependencies
[364/807] Scanning /home/alex/Documents/IntrinsicEngine/src/graphics/renderer/Graphics.RenderCommandRouter.cpp for CXX dependencies
[365/807] Scanning /home/alex/Documents/IntrinsicEngine/src/graphics/renderer/Graphics.RenderingContract.cpp for CXX dependencies
[366/807] Scanning /home/alex/Documents/IntrinsicEngine/src/graphics/renderer/Graphics.RenderRecipeConfig.cpp for CXX dependencies
[367/807] Scanning /home/alex/Documents/IntrinsicEngine/src/graphics/renderer/Graphics.RenderPrepPipeline.cpp for CXX dependencies
[368/807] Scanning /home/alex/Documents/IntrinsicEngine/src/graphics/renderer/Graphics.SharedRenderRecipeExecution.cpp for CXX dependencies
[369/807] Scanning /home/alex/Documents/IntrinsicEngine/src/graphics/renderer/Graphics.RenderSubsystemRegistry.cpp for CXX dependencies
[370/807] Scanning /home/alex/Documents/IntrinsicEngine/src/graphics/renderer/Graphics.FrameRecipe.cpp for CXX dependencies
[371/807] Scanning /home/alex/Documents/IntrinsicEngine/src/graphics/renderer/Graphics.TransientDebugUploadHelper.cpp for CXX dependencies
[372/807] Scanning /home/alex/Documents/IntrinsicEngine/src/graphics/renderer/Graphics.Renderer.cpp for CXX dependencies
[373/807] Scanning /home/alex/Documents/IntrinsicEngine/src/graphics/renderer/Graphics.VisualizationOverlayUploadHelper.cpp for CXX dependencies
[374/807] Scanning /home/alex/Documents/IntrinsicEngine/src/graphics/renderer/Graphics.GpuTransfer.cpp for CXX dependencies
[375/807] Scanning /home/alex/Documents/IntrinsicEngine/src/graphics/renderer/Graphics.GeometryResidency.cpp for CXX dependencies
[376/807] Scanning /home/alex/Documents/IntrinsicEngine/src/graphics/renderer/Graphics.PropertyTextureBake.cpp for CXX dependencies
[377/807] Scanning /home/alex/Documents/IntrinsicEngine/src/graphics/renderer/Graphics.GpuWorld.cpp for CXX dependencies
[378/807] Scanning /home/alex/Documents/IntrinsicEngine/src/graphics/renderer/Graphics.MaterialSystem.cpp for CXX dependencies
[379/807] Scanning /home/alex/Documents/IntrinsicEngine/src/graphics/renderer/Graphics.VisualizationPackets.cpp for CXX dependencies
[380/807] Scanning /home/alex/Documents/IntrinsicEngine/src/graphics/renderer/Graphics.VisualizationPropertyBufferResidency.cpp for CXX dependencies
[381/807] Scanning /home/alex/Documents/IntrinsicEngine/src/graphics/renderer/Graphics.ColormapSystem.cpp for CXX dependencies
[382/807] Scanning /home/alex/Documents/IntrinsicEngine/src/graphics/renderer/Graphics.VisualizationSyncSystem.cpp for CXX dependencies
[383/807] Scanning /home/alex/Documents/IntrinsicEngine/src/graphics/renderer/Graphics.GpuScene.cpp for CXX dependencies
[384/807] Scanning /home/alex/Documents/IntrinsicEngine/src/graphics/renderer/Graphics.DebugViewSystem.cpp for CXX dependencies
[385/807] Scanning /home/alex/Documents/IntrinsicEngine/src/graphics/renderer/Graphics.CullingSystem.cpp for CXX dependencies
[386/807] Scanning /home/alex/Documents/IntrinsicEngine/src/graphics/renderer/Graphics.ImGuiOverlaySystem.cpp for CXX dependencies
[387/807] Scanning /home/alex/Documents/IntrinsicEngine/src/graphics/renderer/Graphics.ImGuiUploadHelper.cpp for CXX dependencies
[388/807] Scanning /home/alex/Documents/IntrinsicEngine/src/graphics/renderer/Graphics.SelectionSystem.cpp for CXX dependencies
[389/807] Scanning /home/alex/Documents/IntrinsicEngine/src/graphics/renderer/Graphics.LightSystem.cpp for CXX dependencies
[390/807] Scanning /home/alex/Documents/IntrinsicEngine/src/graphics/renderer/Graphics.ForwardSystem.cpp for CXX dependencies
[391/807] Scanning /home/alex/Documents/IntrinsicEngine/src/graphics/renderer/Graphics.SpatialDebugVisualizers.cpp for CXX dependencies
[392/807] Scanning /home/alex/Documents/IntrinsicEngine/src/graphics/renderer/Graphics.DeferredSystem.cpp for CXX dependencies
[393/807] Scanning /home/alex/Documents/IntrinsicEngine/src/graphics/renderer/Graphics.PostProcessSystem.cpp for CXX dependencies
[394/807] Scanning /home/alex/Documents/IntrinsicEngine/src/graphics/renderer/Graphics.Reconstruction.cpp for CXX dependencies
[395/807] Scanning /home/alex/Documents/IntrinsicEngine/src/graphics/renderer/Graphics.ShadowSystem.cpp for CXX dependencies
[396/807] Scanning /home/alex/Documents/IntrinsicEngine/src/graphics/renderer/Graphics.HZB.cpp for CXX dependencies
[397/807] Scanning /home/alex/Documents/IntrinsicEngine/src/graphics/renderer/Graphics.LightClusters.cpp for CXX dependencies
[398/807] Scanning /home/alex/Documents/IntrinsicEngine/src/graphics/renderer/Components/Graphics.Component.GpuSceneSlot.cpp for CXX dependencies
[399/807] Scanning /home/alex/Documents/IntrinsicEngine/src/graphics/renderer/Graphics.UvView.cpp for CXX dependencies
[400/807] Scanning /home/alex/Documents/IntrinsicEngine/src/graphics/renderer/Graphics.TransformSyncSystem.cpp for CXX dependencies
[401/807] Scanning /home/alex/Documents/IntrinsicEngine/src/graphics/renderer/Backends/Null/Backends.Null.cpp for CXX dependencies
[402/807] Scanning /home/alex/Documents/IntrinsicEngine/src/graphics/renderer/Backends/Null/Backends.Null.Bindless.cpp for CXX dependencies
[403/807] Scanning /home/alex/Documents/IntrinsicEngine/src/graphics/renderer/Passes/Pass.DepthPrepass.cpp for CXX dependencies
[404/807] Scanning /home/alex/Documents/IntrinsicEngine/src/graphics/renderer/Backends/Null/Backends.Null.Profiler.cpp for CXX dependencies
[405/807] Scanning /home/alex/Documents/IntrinsicEngine/src/graphics/renderer/Backends/Null/Backends.Null.Transfer.cpp for CXX dependencies
[406/807] Scanning /home/alex/Documents/IntrinsicEngine/src/graphics/renderer/Passes/Pass.Deferred.GBuffers.cpp for CXX dependencies
[407/807] Scanning /home/alex/Documents/IntrinsicEngine/src/graphics/renderer/Passes/Pass.Forward.Line.cpp for CXX dependencies
[408/807] Scanning /home/alex/Documents/IntrinsicEngine/src/graphics/renderer/Passes/Pass.Deferred.Lighting.cpp for CXX dependencies
[409/807] Scanning /home/alex/Documents/IntrinsicEngine/src/graphics/renderer/Passes/Pass.Forward.Point.cpp for CXX dependencies
[410/807] Scanning /home/alex/Documents/IntrinsicEngine/src/graphics/renderer/Passes/Pass.Forward.Surface.cpp for CXX dependencies
[411/807] Scanning /home/alex/Documents/IntrinsicEngine/src/graphics/renderer/Passes/Pass.PostProcess.Bloom.cpp for CXX dependencies
[412/807] Scanning /home/alex/Documents/IntrinsicEngine/src/graphics/renderer/Passes/Pass.PostProcess.Histogram.cpp for CXX dependencies
[413/807] Scanning /home/alex/Documents/IntrinsicEngine/src/graphics/renderer/Passes/Pass.ImGui.cpp for CXX dependencies
[414/807] Scanning /home/alex/Documents/IntrinsicEngine/src/graphics/renderer/Passes/Pass.Selection.EdgeId.cpp for CXX dependencies
[415/807] Scanning /home/alex/Documents/IntrinsicEngine/src/graphics/renderer/Passes/Pass.Selection.EntityId.cpp for CXX dependencies
[416/807] Scanning /home/alex/Documents/IntrinsicEngine/src/graphics/renderer/Passes/Pass.Selection.FaceId.cpp for CXX dependencies
[417/807] Scanning /home/alex/Documents/IntrinsicEngine/src/graphics/renderer/Passes/Pass.Selection.PointId.cpp for CXX dependencies
[418/807] Scanning /home/alex/Documents/IntrinsicEngine/src/graphics/renderer/Passes/Pass.Shadows.cpp for CXX dependencies
[419/807] Scanning /home/alex/Documents/IntrinsicEngine/src/graphics/renderer/Passes/Pass.Selection.Outline.cpp for CXX dependencies
[420/807] Scanning /home/alex/Documents/IntrinsicEngine/src/graphics/renderer/Passes/Pass.TransientDebug.Surface.cpp for CXX dependencies
[421/807] Scanning /home/alex/Documents/IntrinsicEngine/src/graphics/renderer/Passes/Pass.VisualizationOverlay.cpp for CXX dependencies
[422/807] Scanning /home/alex/Documents/IntrinsicEngine/src/graphics/renderer/Graphics.Colormap.cppm for CXX dependencies
[423/807] Scanning /home/alex/Documents/IntrinsicEngine/src/graphics/renderer/Graphics.CurrentRendererContractAdapter.cppm for CXX dependencies
[424/807] Scanning /home/alex/Documents/IntrinsicEngine/src/graphics/renderer/Graphics.CameraSnapshots.cppm for CXX dependencies
[425/807] Scanning /home/alex/Documents/IntrinsicEngine/src/graphics/renderer/Graphics.ComputeParallelPrimitives.cppm for CXX dependencies
[426/807] Scanning /home/alex/Documents/IntrinsicEngine/src/graphics/renderer/Graphics.FrameRecipe.cppm for CXX dependencies
[427/807] Scanning /home/alex/Documents/IntrinsicEngine/src/graphics/renderer/Graphics.RenderCommandRouter.cppm for CXX dependencies
[428/807] Scanning /home/alex/Documents/IntrinsicEngine/src/graphics/renderer/Graphics.RenderRecipeConfig.cppm for CXX dependencies
[429/807] Scanning /home/alex/Documents/IntrinsicEngine/src/graphics/renderer/Graphics.RenderingContract.cppm for CXX dependencies
[430/807] Scanning /home/alex/Documents/IntrinsicEngine/src/graphics/renderer/Graphics.RenderSubsystemRegistry.cppm for CXX dependencies
[431/807] Scanning /home/alex/Documents/IntrinsicEngine/src/graphics/renderer/Graphics.RenderPrepPipeline.cppm for CXX dependencies
[432/807] Scanning /home/alex/Documents/IntrinsicEngine/src/graphics/renderer/Graphics.SharedRenderRecipeExecution.cppm for CXX dependencies
[433/807] Scanning /home/alex/Documents/IntrinsicEngine/src/graphics/renderer/Graphics.RenderWorld.cppm for CXX dependencies
[434/807] Scanning /home/alex/Documents/IntrinsicEngine/src/graphics/renderer/Graphics.Renderer.cppm for CXX dependencies
[435/807] Scanning /home/alex/Documents/IntrinsicEngine/src/graphics/renderer/Graphics.GpuTransfer.cppm for CXX dependencies
[436/807] Scanning /home/alex/Documents/IntrinsicEngine/src/graphics/renderer/Graphics.GeometryResidency.cppm for CXX dependencies
[437/807] Scanning /home/alex/Documents/IntrinsicEngine/src/graphics/renderer/Graphics.Material.cppm for CXX dependencies
[438/807] Scanning /home/alex/Documents/IntrinsicEngine/src/graphics/renderer/Graphics.MaterialSystem.cppm for CXX dependencies
[439/807] Scanning /home/alex/Documents/IntrinsicEngine/src/graphics/renderer/Graphics.PropertyTextureBake.cppm for CXX dependencies
[440/807] Scanning /home/alex/Documents/IntrinsicEngine/src/graphics/renderer/Graphics.GpuWorld.cppm for CXX dependencies
[441/807] Scanning /home/alex/Documents/IntrinsicEngine/src/graphics/renderer/Graphics.VisualizationPackets.cppm for CXX dependencies
[442/807] Scanning /home/alex/Documents/IntrinsicEngine/src/graphics/renderer/Graphics.VisualizationPropertyBufferResidency.cppm for CXX dependencies
[443/807] Scanning /home/alex/Documents/IntrinsicEngine/src/graphics/renderer/Graphics.VisualizationSyncSystem.cppm for CXX dependencies
[444/807] Scanning /home/alex/Documents/IntrinsicEngine/src/graphics/renderer/Graphics.ColormapSystem.cppm for CXX dependencies
[445/807] Scanning /home/alex/Documents/IntrinsicEngine/src/graphics/renderer/Graphics.DebugViewSystem.cppm for CXX dependencies
[446/807] Scanning /home/alex/Documents/IntrinsicEngine/src/graphics/renderer/Graphics.ImGuiOverlaySystem.cppm for CXX dependencies
[447/807] Scanning /home/alex/Documents/IntrinsicEngine/src/graphics/renderer/Graphics.CullingSystem.cppm for CXX dependencies
[448/807] Scanning /home/alex/Documents/IntrinsicEngine/src/graphics/renderer/Graphics.ImGuiUploadHelper.cppm for CXX dependencies
[449/807] Scanning /home/alex/Documents/IntrinsicEngine/src/graphics/renderer/Graphics.SelectionSystem.cppm for CXX dependencies
[450/807] Scanning /home/alex/Documents/IntrinsicEngine/src/graphics/renderer/Graphics.SpatialDebugVisualizers.cppm for CXX dependencies
[451/807] Scanning /home/alex/Documents/IntrinsicEngine/src/graphics/renderer/Graphics.ForwardSystem.cppm for CXX dependencies
[452/807] Scanning /home/alex/Documents/IntrinsicEngine/src/graphics/renderer/Graphics.LightSystem.cppm for CXX dependencies
[453/807] Scanning /home/alex/Documents/IntrinsicEngine/src/graphics/renderer/Graphics.GpuScene.cppm for CXX dependencies
[454/807] Scanning /home/alex/Documents/IntrinsicEngine/src/graphics/renderer/Graphics.DeferredSystem.cppm for CXX dependencies
[455/807] Scanning /home/alex/Documents/IntrinsicEngine/src/graphics/renderer/Graphics.PostProcessSystem.cppm for CXX dependencies
[456/807] Scanning /home/alex/Documents/IntrinsicEngine/src/graphics/renderer/Graphics.Reconstruction.cppm for CXX dependencies
[457/807] Scanning /home/alex/Documents/IntrinsicEngine/src/graphics/renderer/Graphics.LightClusters.cppm for CXX dependencies
[458/807] Scanning /home/alex/Documents/IntrinsicEngine/src/graphics/renderer/Graphics.HZB.cppm for CXX dependencies
[459/807] Scanning /home/alex/Documents/IntrinsicEngine/src/graphics/renderer/Graphics.ShadowSystem.cppm for CXX dependencies
[460/807] Scanning /home/alex/Documents/IntrinsicEngine/src/graphics/renderer/Graphics.UvView.cppm for CXX dependencies
[461/807] Scanning /home/alex/Documents/IntrinsicEngine/src/graphics/renderer/Graphics.TransformSyncSystem.cppm for CXX dependencies
[462/807] Scanning /home/alex/Documents/IntrinsicEngine/src/graphics/renderer/Graphics.TransientDebugUploadHelper.cppm for CXX dependencies
[463/807] Scanning /home/alex/Documents/IntrinsicEngine/src/graphics/renderer/Graphics.VisualizationOverlayUploadHelper.cppm for CXX dependencies
[464/807] Scanning /home/alex/Documents/IntrinsicEngine/src/graphics/renderer/Components/Graphics.Component.GpuSceneSlot.cppm for CXX dependencies
[465/807] Scanning /home/alex/Documents/IntrinsicEngine/src/graphics/renderer/Components/Graphics.Component.Material.cppm for CXX dependencies
[466/807] Scanning /home/alex/Documents/IntrinsicEngine/src/graphics/renderer/Passes/Pass.DepthPrepass.cppm for CXX dependencies
[467/807] Scanning /home/alex/Documents/IntrinsicEngine/src/graphics/renderer/Components/Graphics.Component.RenderGeometry.cppm for CXX dependencies
[468/807] Scanning /home/alex/Documents/IntrinsicEngine/src/graphics/renderer/Passes/Pass.Deferred.GBuffers.cppm for CXX dependencies
[469/807] Scanning /home/alex/Documents/IntrinsicEngine/src/graphics/renderer/Components/Graphics.Component.VisualizationConfig.cppm for CXX dependencies
[470/807] Scanning /home/alex/Documents/IntrinsicEngine/src/graphics/renderer/Backends/Null/Backends.Null.cppm for CXX dependencies
[471/807] Scanning /home/alex/Documents/IntrinsicEngine/src/graphics/renderer/Passes/Pass.Forward.Line.cppm for CXX dependencies
[472/807] Scanning /home/alex/Documents/IntrinsicEngine/src/graphics/renderer/Passes/Pass.Forward.Point.cppm for CXX dependencies
[473/807] Scanning /home/alex/Documents/IntrinsicEngine/src/graphics/renderer/Passes/Pass.Forward.Surface.cppm for CXX dependencies
[474/807] Scanning /home/alex/Documents/IntrinsicEngine/src/graphics/renderer/Passes/Pass.PostProcess.Bloom.cppm for CXX dependencies
[475/807] Scanning /home/alex/Documents/IntrinsicEngine/src/graphics/renderer/Passes/Pass.PostProcess.FXAA.cppm for CXX dependencies
[476/807] Scanning /home/alex/Documents/IntrinsicEngine/src/graphics/renderer/Passes/Pass.PostProcess.SMAA.cppm for CXX dependencies
[477/807] Scanning /home/alex/Documents/IntrinsicEngine/src/graphics/renderer/Passes/Pass.PostProcess.Histogram.cppm for CXX dependencies
[478/807] Scanning /home/alex/Documents/IntrinsicEngine/src/graphics/renderer/Passes/Pass.PostProcess.ToneMap.cppm for CXX dependencies
[479/807] Scanning /home/alex/Documents/IntrinsicEngine/src/graphics/renderer/Passes/Pass.Selection.EdgeId.cppm for CXX dependencies
[480/807] Scanning /home/alex/Documents/IntrinsicEngine/src/graphics/renderer/Passes/Pass.Selection.Outline.cppm for CXX dependencies
[481/807] Scanning /home/alex/Documents/IntrinsicEngine/src/graphics/renderer/Passes/Pass.Selection.EntityId.cppm for CXX dependencies
[482/807] Scanning /home/alex/Documents/IntrinsicEngine/src/graphics/renderer/Passes/Pass.Selection.FaceId.cppm for CXX dependencies
[483/807] Scanning /home/alex/Documents/IntrinsicEngine/src/graphics/renderer/Passes/Pass.Selection.PointId.cppm for CXX dependencies
[484/807] Scanning /home/alex/Documents/IntrinsicEngine/src/graphics/renderer/Passes/Pass.Shadows.cppm for CXX dependencies
[485/807] Scanning /home/alex/Documents/IntrinsicEngine/src/graphics/renderer/Passes/Pass.TransientDebug.Surface.cppm for CXX dependencies
[486/807] Scanning /home/alex/Documents/IntrinsicEngine/src/graphics/renderer/Passes/Pass.VisualizationOverlay.cppm for CXX dependencies
[487/807] Scanning /home/alex/Documents/IntrinsicEngine/src/graphics/vulkan/Backends.Vulkan.DiagnosticsLogging.cpp for CXX dependencies
[488/807] Scanning /home/alex/Documents/IntrinsicEngine/src/graphics/vulkan/Backends.Vulkan.Mappings.cpp for CXX dependencies
[489/807] Scanning /home/alex/Documents/IntrinsicEngine/src/graphics/vulkan/Backends.Vulkan.Staging.cpp for CXX dependencies
[490/807] Scanning /home/alex/Documents/IntrinsicEngine/src/graphics/vulkan/Backends.Vulkan.Profiler.cpp for CXX dependencies
[491/807] Scanning /home/alex/Documents/IntrinsicEngine/src/graphics/vulkan/Backends.Vulkan.Bindless.cpp for CXX dependencies
[492/807] Scanning /home/alex/Documents/IntrinsicEngine/src/graphics/vulkan/Backends.Vulkan.Transfer.cpp for CXX dependencies
[493/807] Scanning /home/alex/Documents/IntrinsicEngine/src/graphics/vulkan/Backends.Vulkan.CommandContext.cpp for CXX dependencies
[494/807] Scanning /home/alex/Documents/IntrinsicEngine/src/graphics/vulkan/Backends.Vulkan.OperationalStatus.cpp for CXX dependencies
[495/807] Scanning /home/alex/Documents/IntrinsicEngine/src/graphics/vulkan/Backends.Vulkan.CommandPools.cppm for CXX dependencies
[496/807] Scanning /home/alex/Documents/IntrinsicEngine/src/graphics/vulkan/Vma.cpp for CXX dependencies
[497/807] Scanning /home/alex/Documents/IntrinsicEngine/src/graphics/vulkan/Backends.Vulkan.cppm for CXX dependencies
[498/807] Scanning /home/alex/Documents/IntrinsicEngine/src/graphics/vulkan/Backends.Vulkan.Device.cpp for CXX dependencies
[499/807] Scanning /home/alex/Documents/IntrinsicEngine/src/graphics/vulkan/Backends.Vulkan.Memory.cppm for CXX dependencies
[500/807] Scanning /home/alex/Documents/IntrinsicEngine/src/graphics/vulkan/Backends.Vulkan.Descriptors.cppm for CXX dependencies
[501/807] Scanning /home/alex/Documents/IntrinsicEngine/src/graphics/vulkan/Backends.Vulkan.OperationalStatus.cppm for CXX dependencies
[502/807] Scanning /home/alex/Documents/IntrinsicEngine/src/graphics/vulkan/Backends.Vulkan.Diagnostics.cppm for CXX dependencies
[503/807] Scanning /home/alex/Documents/IntrinsicEngine/src/graphics/vulkan/Backends.Vulkan.Device.cppm for CXX dependencies
[504/807] Scanning /home/alex/Documents/IntrinsicEngine/src/graphics/vulkan/Backends.Vulkan.Pipelines.cppm for CXX dependencies
[505/807] Scanning /home/alex/Documents/IntrinsicEngine/src/graphics/vulkan/Backends.Vulkan.Queues.cppm for CXX dependencies
[506/807] Scanning /home/alex/Documents/IntrinsicEngine/src/graphics/vulkan/Backends.Vulkan.Surface.cppm for CXX dependencies
[507/807] Scanning /home/alex/Documents/IntrinsicEngine/src/graphics/vulkan/Backends.Vulkan.Swapchain.cppm for CXX dependencies
[508/807] Scanning /home/alex/Documents/IntrinsicEngine/src/graphics/vulkan/Backends.Vulkan.Sync.cppm for CXX dependencies
[509/807] Scanning /home/alex/Documents/IntrinsicEngine/src/graphics/framegraph/Graphics.RenderGraph.Barriers.cpp for CXX dependencies
[510/807] Scanning /home/alex/Documents/IntrinsicEngine/src/graphics/framegraph/Graphics.RenderGraph.Compiler.cpp for CXX dependencies
[511/807] Scanning /home/alex/Documents/IntrinsicEngine/src/graphics/framegraph/Graphics.RenderGraph.cpp for CXX dependencies
[512/807] Scanning /home/alex/Documents/IntrinsicEngine/src/graphics/framegraph/Graphics.RenderGraph.TransientAllocator.cpp for CXX dependencies
[513/807] Scanning /home/alex/Documents/IntrinsicEngine/src/graphics/vulkan/Backends.Vulkan.Transfer.cppm for CXX dependencies
[514/807] Generating CXX dyndep file src_graphics_vulkan/CMakeFiles/ExtrinsicBackendsVulkan.dir/CXX.dd
[515/807] Scanning /home/alex/Documents/IntrinsicEngine/src/graphics/framegraph/Graphics.RenderGraph.Resources.cppm for CXX dependencies
[516/807] Scanning /home/alex/Documents/IntrinsicEngine/src/graphics/framegraph/Graphics.RenderGraph.Pass.cppm for CXX dependencies
[517/807] Scanning /home/alex/Documents/IntrinsicEngine/src/graphics/framegraph/Graphics.RenderGraph.Executor.cpp for CXX dependencies
[518/807] Scanning /home/alex/Documents/IntrinsicEngine/src/graphics/framegraph/Graphics.RenderGraph.cppm for CXX dependencies
[519/807] Scanning /home/alex/Documents/IntrinsicEngine/src/graphics/framegraph/Graphics.RenderGraph.Compiler.cppm for CXX dependencies
[520/807] Scanning /home/alex/Documents/IntrinsicEngine/src/graphics/framegraph/Graphics.RenderGraph.Barriers.cppm for CXX dependencies
[521/807] Scanning /home/alex/Documents/IntrinsicEngine/src/graphics/framegraph/Graphics.RenderGraph.TransientAllocator.cppm for CXX dependencies
[522/807] Scanning /home/alex/Documents/IntrinsicEngine/src/graphics/framegraph/Graphics.RenderGraph.Executor.cppm for CXX dependencies
[523/807] Generating CXX dyndep file src/graphics/framegraph/CMakeFiles/ExtrinsicGraphicsRenderGraph.dir/CXX.dd
[524/807] Scanning /home/alex/Documents/IntrinsicEngine/src/platform/Platform.Input.cpp for CXX dependencies
[525/807] Scanning /home/alex/Documents/IntrinsicEngine/src/platform/Platform.CreateWindow.cpp for CXX dependencies
[526/807] Scanning /home/alex/Documents/IntrinsicEngine/src/platform/backends/glfw/Platform.Backend.Glfw.cpp for CXX dependencies
[527/807] Scanning /home/alex/Documents/IntrinsicEngine/src/platform/backends/null/Platform.Backend.Null.cpp for CXX dependencies
[528/807] Generating CXX dyndep file src/graphics/renderer/CMakeFiles/ExtrinsicGraphics.dir/CXX.dd
[529/807] Scanning /home/alex/Documents/IntrinsicEngine/src/platform/Platform.Input.cppm for CXX dependencies
[530/807] Scanning /home/alex/Documents/IntrinsicEngine/src/platform/backends/null/Platform.Backend.Null.cppm for CXX dependencies
[531/807] Scanning /home/alex/Documents/IntrinsicEngine/src/runtime/Runtime.AsyncWorkModule.cpp for CXX dependencies
[532/807] Scanning /home/alex/Documents/IntrinsicEngine/src/platform/Platform.IWindow.cppm for CXX dependencies
[533/807] Scanning /home/alex/Documents/IntrinsicEngine/src/platform/backends/glfw/Platform.Backend.Glfw.cppm for CXX dependencies
[534/807] Generating CXX dyndep file src/platform/CMakeFiles/ExtrinsicPlatform.dir/CXX.dd
[535/807] Scanning /home/alex/Documents/IntrinsicEngine/src/runtime/Runtime.AssetIngestStateMachine.cpp for CXX dependencies
[536/807] Scanning /home/alex/Documents/IntrinsicEngine/src/runtime/Runtime.AssetWorkflowModule.cpp for CXX dependencies
[537/807] Scanning /home/alex/Documents/IntrinsicEngine/src/runtime/Runtime.AssetWorkflowGeometryMaterialization.cpp for CXX dependencies
[538/807] Scanning /home/alex/Documents/IntrinsicEngine/src/runtime/Runtime.AssetWorkflowImportExecutor.cpp for CXX dependencies
[539/807] Scanning /home/alex/Documents/IntrinsicEngine/src/runtime/Runtime.AssetWorkflowModelMaterialization.cpp for CXX dependencies
[540/807] Scanning /home/alex/Documents/IntrinsicEngine/src/runtime/Runtime.AssetWorkflowTextureResidency.cpp for CXX dependencies
[541/807] Scanning /home/alex/Documents/IntrinsicEngine/src/runtime/Runtime.AssetWorkflowRecipePolicies.cpp for CXX dependencies
[542/807] Scanning /home/alex/Documents/IntrinsicEngine/src/runtime/Runtime.AssetWorkflowModelTextureDecode.cpp for CXX dependencies
[543/807] Scanning /home/alex/Documents/IntrinsicEngine/src/runtime/Runtime.CommandBus.cpp for CXX dependencies
[544/807] Scanning /home/alex/Documents/IntrinsicEngine/src/runtime/Runtime.DeviceBootstrap.cpp for CXX dependencies
[545/807] Scanning /home/alex/Documents/IntrinsicEngine/src/runtime/Runtime.JobService.cpp for CXX dependencies
[546/807] Scanning /home/alex/Documents/IntrinsicEngine/src/runtime/Modules/Clustering/Runtime.ClusteringGpuBackend.cpp for CXX dependencies
[547/807] Scanning /home/alex/Documents/IntrinsicEngine/src/runtime/Modules/Clustering/Runtime.ClusteringModule.cpp for CXX dependencies
[548/807] Scanning /home/alex/Documents/IntrinsicEngine/src/runtime/Runtime.GeometryPresentation.cpp for CXX dependencies
[549/807] Scanning /home/alex/Documents/IntrinsicEngine/src/runtime/Modules/Clustering/Runtime.ClusteringGpuState.cpp for CXX dependencies
[550/807] Scanning /home/alex/Documents/IntrinsicEngine/src/runtime/Runtime.RenderArtifactPublication.cpp for CXX dependencies
[551/807] Scanning /home/alex/Documents/IntrinsicEngine/src/runtime/Modules/Clustering/Runtime.ClusteringConfig.cpp for CXX dependencies
[552/807] Scanning /home/alex/Documents/IntrinsicEngine/src/runtime/Runtime.ProgressivePoissonGpuBackend.cpp for CXX dependencies
[553/807] Scanning /home/alex/Documents/IntrinsicEngine/src/runtime/Runtime.ProgressivePoissonConfig.cpp for CXX dependencies
[554/807] Scanning /home/alex/Documents/IntrinsicEngine/src/runtime/Runtime.ParameterizationConfig.cpp for CXX dependencies
[555/807] Scanning /home/alex/Documents/IntrinsicEngine/src/runtime/Runtime.PointCloudConsolidationConfig.cpp for CXX dependencies
[556/807] Scanning /home/alex/Documents/IntrinsicEngine/src/runtime/Runtime.PointCloudConsolidationModule.cpp for CXX dependencies
[557/807] Scanning /home/alex/Documents/IntrinsicEngine/src/runtime/Runtime.PointCloudConsolidationGpu.cpp for CXX dependencies
[558/807] Scanning /home/alex/Documents/IntrinsicEngine/src/runtime/Runtime.EditorCommandHistory.cpp for CXX dependencies
[559/807] Scanning /home/alex/Documents/IntrinsicEngine/src/runtime/internal/Runtime.FeatureConfigCodecs.Detail.cpp for CXX dependencies
[560/807] Scanning /home/alex/Documents/IntrinsicEngine/src/runtime/Runtime.EditorJobProjection.Public.cpp for CXX dependencies
[561/807] Scanning /home/alex/Documents/IntrinsicEngine/src/runtime/Runtime.EditorWorkspaceAttachment.cpp for CXX dependencies
[562/807] Scanning /home/alex/Documents/IntrinsicEngine/src/runtime/Runtime.SceneEditingOperations.Debug.cpp for CXX dependencies
[563/807] Scanning /home/alex/Documents/IntrinsicEngine/src/runtime/Runtime.SceneEditingOperations.Public.cpp for CXX dependencies
[564/807] Scanning /home/alex/Documents/IntrinsicEngine/src/runtime/Runtime.SceneEditingOperations.Actions.cpp for CXX dependencies
[565/807] Scanning /home/alex/Documents/IntrinsicEngine/src/runtime/Runtime.GeometryProcessingOperations.Public.cpp for CXX dependencies
[566/807] Scanning /home/alex/Documents/IntrinsicEngine/src/runtime/Runtime.VisualizationEditingOperations.Public.cpp for CXX dependencies
[567/807] Scanning /home/alex/Documents/IntrinsicEngine/src/runtime/Runtime.VisualizationEditingOperations.Debug.cpp for CXX dependencies
[568/807] Scanning /home/alex/Documents/IntrinsicEngine/src/runtime/Runtime.VisualizationEditingOperations.Actions.cpp for CXX dependencies
[569/807] Scanning /home/alex/Documents/IntrinsicEngine/src/runtime/Runtime.RenderRecipeEditingOperations.Public.cpp for CXX dependencies
[570/807] Scanning /home/alex/Documents/IntrinsicEngine/src/runtime/Runtime.EditorWorkspaceSnapshots.Public.cpp for CXX dependencies
[571/807] Scanning /home/alex/Documents/IntrinsicEngine/src/runtime/internal/Runtime.EditorFeatureContextAdapters.cpp for CXX dependencies
[572/807] Scanning /home/alex/Documents/IntrinsicEngine/src/runtime/Runtime.EditorWorkspaceSnapshots.Models.cpp for CXX dependencies
[573/807] Scanning /home/alex/Documents/IntrinsicEngine/src/runtime/internal/Runtime.EditorWorkspaceSession.cpp for CXX dependencies
[574/807] Scanning /home/alex/Documents/IntrinsicEngine/src/runtime/Runtime.GeometryProcessingOperations.cpp for CXX dependencies
[575/807] Scanning /home/alex/Documents/IntrinsicEngine/src/runtime/Runtime.RenderRecipeEditingOperations.cpp for CXX dependencies
[576/807] Scanning /home/alex/Documents/IntrinsicEngine/src/runtime/Runtime.GeometryProcessingOperations.Mesh.cpp for CXX dependencies
[577/807] Scanning /home/alex/Documents/IntrinsicEngine/src/runtime/Runtime.ParameterizationOperations.cpp for CXX dependencies
[578/807] Scanning /home/alex/Documents/IntrinsicEngine/src/runtime/Runtime.RenderRecipeEditingOperations.Debug.cpp for CXX dependencies
[579/807] Scanning /home/alex/Documents/IntrinsicEngine/src/runtime/Editor/Runtime.EditorPropertyWidgets.cpp for CXX dependencies
[580/807] Scanning /home/alex/Documents/IntrinsicEngine/src/runtime/Editor/Runtime.EditorWindowRegistry.cpp for CXX dependencies
[581/807] Scanning /home/alex/Documents/IntrinsicEngine/src/runtime/Editor/Runtime.EditorUiHost.cpp for CXX dependencies
[582/807] Scanning /home/alex/Documents/IntrinsicEngine/src/runtime/Editor/Runtime.EditorUiModule.cpp for CXX dependencies
[583/807] Scanning /home/alex/Documents/IntrinsicEngine/src/runtime/Runtime.EngineConfigControl.cpp for CXX dependencies
[584/807] Scanning /home/alex/Documents/IntrinsicEngine/src/runtime/Runtime.InputActions.cpp for CXX dependencies
[585/807] Scanning /home/alex/Documents/IntrinsicEngine/src/runtime/Runtime.EngineConfigBoot.cpp for CXX dependencies
[586/807] Scanning /home/alex/Documents/IntrinsicEngine/src/runtime/Runtime.Engine.cpp for CXX dependencies
[587/807] Scanning /home/alex/Documents/IntrinsicEngine/src/runtime/Runtime.KernelEvents.cpp for CXX dependencies
[588/807] Scanning /home/alex/Documents/IntrinsicEngine/src/runtime/Runtime.ServiceRegistry.cpp for CXX dependencies
[589/807] Scanning /home/alex/Documents/IntrinsicEngine/src/runtime/Runtime.WorldRegistry.cpp for CXX dependencies
[590/807] Scanning /home/alex/Documents/IntrinsicEngine/src/runtime/Runtime.GeometryAvailability.cpp for CXX dependencies
[591/807] Scanning /home/alex/Documents/IntrinsicEngine/src/runtime/Scene/Runtime.SceneDocumentModule.cpp for CXX dependencies
[592/807] Scanning /home/alex/Documents/IntrinsicEngine/src/runtime/Runtime.PhysicsModule.cpp for CXX dependencies
[593/807] Scanning /home/alex/Documents/IntrinsicEngine/src/runtime/Scene/Runtime.SceneInteractionModule.cpp for CXX dependencies
[594/807] Scanning /home/alex/Documents/IntrinsicEngine/src/runtime/Cameras/Runtime.CameraModule.cpp for CXX dependencies
[595/807] Scanning /home/alex/Documents/IntrinsicEngine/src/runtime/Runtime.SceneSerialization.cpp for CXX dependencies
[596/807] Scanning /home/alex/Documents/IntrinsicEngine/src/runtime/Cameras/Runtime.CameraControllers.cpp for CXX dependencies
[597/807] Scanning /home/alex/Documents/IntrinsicEngine/src/runtime/Cameras/Runtime.CameraFocusCommand.cpp for CXX dependencies
[598/807] Scanning /home/alex/Documents/IntrinsicEngine/src/runtime/Gizmos/Runtime.GizmoInteraction.cpp for CXX dependencies
[599/807] Scanning /home/alex/Documents/IntrinsicEngine/src/runtime/ImGui/Runtime.ImGuiAdapter.cpp for CXX dependencies
[600/807] Scanning /home/alex/Documents/IntrinsicEngine/src/runtime/Runtime.GeometryPlanBuilders.Graph.cpp for CXX dependencies
[601/807] Scanning /home/alex/Documents/IntrinsicEngine/src/runtime/Runtime.GeometryPlanBuilders.MeshPrimitiveView.cpp for CXX dependencies
[602/807] Scanning /home/alex/Documents/IntrinsicEngine/src/runtime/Runtime.GeometryPlanBuilders.Mesh.cpp for CXX dependencies
[603/807] Scanning /home/alex/Documents/IntrinsicEngine/src/runtime/Runtime.GeometryPlanBuilders.Procedural.cpp for CXX dependencies
[604/807] Scanning /home/alex/Documents/IntrinsicEngine/src/runtime/Runtime.GeometryPlanBuilders.PointCloud.cpp for CXX dependencies
[605/807] Scanning /home/alex/Documents/IntrinsicEngine/src/runtime/Runtime.MeshSurfaceTopology.cpp for CXX dependencies
[606/807] Scanning /home/alex/Documents/IntrinsicEngine/src/runtime/Runtime.RenderRecipeActivation.cpp for CXX dependencies
[607/807] Scanning /home/alex/Documents/IntrinsicEngine/src/runtime/Runtime.PrimitiveSelectionRefinement.cpp for CXX dependencies
[608/807] Scanning /home/alex/Documents/IntrinsicEngine/src/runtime/Runtime.ReferenceScene.cpp for CXX dependencies
[609/807] Scanning /home/alex/Documents/IntrinsicEngine/src/runtime/Runtime.RenderExtraction.cpp for CXX dependencies
[610/807] Scanning /home/alex/Documents/IntrinsicEngine/src/runtime/Runtime.RenderExtraction.Geometry.cpp for CXX dependencies
[611/807] Scanning /home/alex/Documents/IntrinsicEngine/src/runtime/Runtime.RenderExtraction.Recipes.cpp for CXX dependencies
[612/807] Scanning /home/alex/Documents/IntrinsicEngine/src/runtime/Runtime.RenderExtractionService.cpp for CXX dependencies
[613/807] Scanning /home/alex/Documents/IntrinsicEngine/src/runtime/Runtime.RenderWorldPool.cpp for CXX dependencies
[614/807] Scanning /home/alex/Documents/IntrinsicEngine/src/runtime/Runtime.StableEntityLookup.cpp for CXX dependencies
[615/807] Scanning /home/alex/Documents/IntrinsicEngine/src/runtime/Runtime.SelectionController.cpp for CXX dependencies
[616/807] Scanning /home/alex/Documents/IntrinsicEngine/src/runtime/Runtime.VertexAttributeBinding.cpp for CXX dependencies
[617/807] Scanning /home/alex/Documents/IntrinsicEngine/src/runtime/Runtime.TextureBakeModule.cpp for CXX dependencies
[618/807] Scanning /home/alex/Documents/IntrinsicEngine/src/runtime/Runtime.AsyncWorkModule.cppm for CXX dependencies
[619/807] Scanning /home/alex/Documents/IntrinsicEngine/src/runtime/Runtime.VertexChannelStreams.cpp for CXX dependencies
[620/807] Scanning /home/alex/Documents/IntrinsicEngine/src/runtime/Visualization/Runtime.VisualizationRecipes.cpp for CXX dependencies
[621/807] Scanning /home/alex/Documents/IntrinsicEngine/src/runtime/Runtime.AssetWorkflowModule.cppm for CXX dependencies
[622/807] Scanning /home/alex/Documents/IntrinsicEngine/src/runtime/Runtime.AssetIngestStateMachine.cppm for CXX dependencies
[623/807] Scanning /home/alex/Documents/IntrinsicEngine/src/runtime/Runtime.CommandBus.cppm for CXX dependencies
[624/807] Scanning /home/alex/Documents/IntrinsicEngine/src/runtime/Runtime.DeviceBootstrap.cppm for CXX dependencies
[625/807] Scanning /home/alex/Documents/IntrinsicEngine/src/runtime/Runtime.JobService.cppm for CXX dependencies
[626/807] Scanning /home/alex/Documents/IntrinsicEngine/src/runtime/Modules/Clustering/Runtime.ClusteringModule.cppm for CXX dependencies
[627/807] Scanning /home/alex/Documents/IntrinsicEngine/src/runtime/Modules/Clustering/Runtime.ClusteringGpuBackend.cppm for CXX dependencies
[628/807] Scanning /home/alex/Documents/IntrinsicEngine/src/runtime/Runtime.GeometryPresentation.cppm for CXX dependencies
[629/807] Scanning /home/alex/Documents/IntrinsicEngine/src/runtime/Runtime.RenderArtifactPublication.cppm for CXX dependencies
[630/807] Scanning /home/alex/Documents/IntrinsicEngine/src/runtime/Runtime.ProgressivePoissonGpuBackend.cppm for CXX dependencies
[631/807] Scanning /home/alex/Documents/IntrinsicEngine/src/runtime/Modules/Clustering/Runtime.ClusteringConfig.cppm for CXX dependencies
[632/807] Scanning /home/alex/Documents/IntrinsicEngine/src/runtime/Runtime.ProgressivePoissonConfig.cppm for CXX dependencies
[633/807] Scanning /home/alex/Documents/IntrinsicEngine/src/runtime/Runtime.PointCloudConsolidationConfig.cppm for CXX dependencies
[634/807] Scanning /home/alex/Documents/IntrinsicEngine/src/runtime/Runtime.ParameterizationConfig.cppm for CXX dependencies
[635/807] Scanning /home/alex/Documents/IntrinsicEngine/src/runtime/Runtime.EditorCommandHistory.cppm for CXX dependencies
[636/807] Scanning /home/alex/Documents/IntrinsicEngine/src/runtime/Runtime.PointCloudConsolidationModule.cppm for CXX dependencies
[637/807] Scanning /home/alex/Documents/IntrinsicEngine/src/runtime/Runtime.EditorCommon.cppm for CXX dependencies
[638/807] Scanning /home/alex/Documents/IntrinsicEngine/src/runtime/Runtime.EditorWorkspaceAttachment.cppm for CXX dependencies
[639/807] Scanning /home/alex/Documents/IntrinsicEngine/src/runtime/Runtime.EditorJobProjection.cppm for CXX dependencies
[640/807] Scanning /home/alex/Documents/IntrinsicEngine/src/runtime/Runtime.EditorWorkspaceSnapshots.cppm for CXX dependencies
[641/807] Scanning /home/alex/Documents/IntrinsicEngine/src/runtime/Runtime.SceneEditingOperations.cppm for CXX dependencies
[642/807] Scanning /home/alex/Documents/IntrinsicEngine/src/runtime/Runtime.GeometryProcessingOperations.cppm for CXX dependencies
[643/807] Scanning /home/alex/Documents/IntrinsicEngine/src/runtime/Runtime.RenderRecipeEditingOperations.cppm for CXX dependencies
[644/807] Scanning /home/alex/Documents/IntrinsicEngine/src/runtime/Editor/Runtime.EditorPropertyWidgets.cppm for CXX dependencies
[645/807] Scanning /home/alex/Documents/IntrinsicEngine/src/runtime/Runtime.VisualizationEditingOperations.cppm for CXX dependencies
[646/807] Scanning /home/alex/Documents/IntrinsicEngine/src/runtime/Editor/Runtime.EditorUiHost.cppm for CXX dependencies
[647/807] Scanning /home/alex/Documents/IntrinsicEngine/src/runtime/Editor/Runtime.EditorWindowRegistry.cppm for CXX dependencies
[648/807] Scanning /home/alex/Documents/IntrinsicEngine/src/runtime/Runtime.Engine.cppm for CXX dependencies
[649/807] Scanning /home/alex/Documents/IntrinsicEngine/src/runtime/Editor/Runtime.EditorUiModule.cppm for CXX dependencies
[650/807] Scanning /home/alex/Documents/IntrinsicEngine/src/runtime/Runtime.FramePacingDiagnostics.cppm for CXX dependencies
[651/807] Scanning /home/alex/Documents/IntrinsicEngine/src/runtime/Runtime.EngineConfigBoot.cppm for CXX dependencies
[652/807] Scanning /home/alex/Documents/IntrinsicEngine/src/runtime/Runtime.EngineConfigControl.cppm for CXX dependencies
[653/807] Scanning /home/alex/Documents/IntrinsicEngine/src/runtime/Runtime.InputActions.cppm for CXX dependencies
[654/807] Scanning /home/alex/Documents/IntrinsicEngine/src/runtime/Runtime.WorldHandle.cppm for CXX dependencies
[655/807] Scanning /home/alex/Documents/IntrinsicEngine/src/runtime/Runtime.ServiceRegistry.cppm for CXX dependencies
[656/807] Scanning /home/alex/Documents/IntrinsicEngine/src/runtime/Runtime.KernelEvents.cppm for CXX dependencies
[657/807] Scanning /home/alex/Documents/IntrinsicEngine/src/runtime/Runtime.Module.cppm for CXX dependencies
[658/807] Scanning /home/alex/Documents/IntrinsicEngine/src/runtime/Runtime.WorldRegistry.cppm for CXX dependencies
[659/807] Scanning /home/alex/Documents/IntrinsicEngine/src/runtime/Runtime.GeometryAvailability.cppm for CXX dependencies
[660/807] Scanning /home/alex/Documents/IntrinsicEngine/src/runtime/Scene/Runtime.SceneDocumentModule.cppm for CXX dependencies
[661/807] Scanning /home/alex/Documents/IntrinsicEngine/src/runtime/Runtime.PhysicsModule.cppm for CXX dependencies
[662/807] Scanning /home/alex/Documents/IntrinsicEngine/src/runtime/Runtime.SceneSerialization.cppm for CXX dependencies
[663/807] Scanning /home/alex/Documents/IntrinsicEngine/src/runtime/Cameras/Runtime.CameraModule.cppm for CXX dependencies
[664/807] Scanning /home/alex/Documents/IntrinsicEngine/src/runtime/Scene/Runtime.SceneInteractionModule.cppm for CXX dependencies
[665/807] Scanning /home/alex/Documents/IntrinsicEngine/src/runtime/Cameras/Runtime.CameraFocusCommand.cppm for CXX dependencies
[666/807] Scanning /home/alex/Documents/IntrinsicEngine/src/runtime/ImGui/Runtime.ImGuiAdapter.cppm for CXX dependencies
[667/807] Scanning /home/alex/Documents/IntrinsicEngine/src/runtime/Gizmos/Runtime.GizmoInteraction.cppm for CXX dependencies
[668/807] Scanning /home/alex/Documents/IntrinsicEngine/src/runtime/Cameras/Runtime.CameraControllers.cppm for CXX dependencies
[669/807] Scanning /home/alex/Documents/IntrinsicEngine/src/runtime/Runtime.MeshPrimitiveView.cppm for CXX dependencies
[670/807] Scanning /home/alex/Documents/IntrinsicEngine/src/runtime/Runtime.MeshSurfaceTopology.cppm for CXX dependencies
[671/807] Scanning /home/alex/Documents/IntrinsicEngine/src/runtime/Runtime.ReferenceScene.cppm for CXX dependencies
[672/807] Scanning /home/alex/Documents/IntrinsicEngine/src/runtime/Runtime.RenderRecipeActivation.cppm for CXX dependencies
[673/807] Scanning /home/alex/Documents/IntrinsicEngine/src/runtime/Runtime.PrimitiveSelectionRefinement.cppm for CXX dependencies
[674/807] Scanning /home/alex/Documents/IntrinsicEngine/src/runtime/Runtime.RenderWorldPool.cppm for CXX dependencies
[675/807] Scanning /home/alex/Documents/IntrinsicEngine/src/runtime/Runtime.SelectionController.cppm for CXX dependencies
[676/807] Scanning /home/alex/Documents/IntrinsicEngine/src/runtime/Runtime.RenderExtraction.cppm for CXX dependencies
[677/807] Scanning /home/alex/Documents/IntrinsicEngine/src/runtime/Runtime.VertexChannelBindings.cppm for CXX dependencies
[678/807] Scanning /home/alex/Documents/IntrinsicEngine/src/runtime/Runtime.StableEntityLookup.cppm for CXX dependencies
[679/807] Scanning /home/alex/Documents/IntrinsicEngine/src/runtime/Runtime.TextureBakeModule.cppm for CXX dependencies
[680/807] Scanning /home/alex/Documents/IntrinsicEngine/src/runtime/Runtime.VertexAttributeBinding.cppm for CXX dependencies
[681/807] Scanning /home/alex/Documents/IntrinsicEngine/src/runtime/Runtime.VertexChannelStreams.cppm for CXX dependencies
[682/807] Scanning /home/alex/Documents/IntrinsicEngine/src/runtime/Visualization/Runtime.VisualizationRecipes.cppm for CXX dependencies
[683/807] Scanning /home/alex/Documents/IntrinsicEngine/src/runtime/internal/Runtime.FeatureConfigCodecs.Detail.cppm for CXX dependencies
[684/807] Scanning /home/alex/Documents/IntrinsicEngine/src/runtime/Runtime.AssetWorkflowGeometryMaterialization.cppm for CXX dependencies
[685/807] Scanning /home/alex/Documents/IntrinsicEngine/src/runtime/internal/Runtime.EditorFeatures.Detail.cppm for CXX dependencies
[686/807] Scanning /home/alex/Documents/IntrinsicEngine/src/runtime/internal/Runtime.EditorWorkspaceAttachment.Detail.cppm for CXX dependencies
[687/807] Scanning /home/alex/Documents/IntrinsicEngine/src/runtime/Runtime.AssetWorkflowImportExecutor.cppm for CXX dependencies
[688/807] Scanning /home/alex/Documents/IntrinsicEngine/src/runtime/Runtime.AssetWorkflowModelTextureDecode.cppm for CXX dependencies
[689/807] Scanning /home/alex/Documents/IntrinsicEngine/src/runtime/Runtime.AssetWorkflowModelMaterialization.cppm for CXX dependencies
[690/807] Scanning /home/alex/Documents/IntrinsicEngine/src/runtime/Runtime.AssetWorkflowRecipePolicies.cppm for CXX dependencies
[691/807] Scanning /home/alex/Documents/IntrinsicEngine/src/runtime/Runtime.GeometryPlanBuilders.cppm for CXX dependencies
[692/807] Scanning /home/alex/Documents/IntrinsicEngine/src/runtime/Runtime.AssetWorkflowTextureResidency.cppm for CXX dependencies
[693/807] Scanning /home/alex/Documents/IntrinsicEngine/src/runtime/Runtime.RenderExtraction.Internal.cpp for CXX dependencies
[694/807] Compiling GLSL -> SPV: cluster_grid_build.comp
[695/807] Compiling GLSL -> SPV: culling/instance_cull.comp
[696/807] Compiling GLSL -> SPV: debug_surface.frag
[697/807] Compiling GLSL -> SPV: debug_view.comp
[698/807] Compiling GLSL -> SPV: debug_surface.vert
[699/807] Compiling GLSL -> SPV: debug_view.frag
[700/807] Generating CXX dyndep file src/runtime/CMakeFiles/ExtrinsicRuntime.dir/CXX.dd
[701/807] Compiling GLSL -> SPV: debug_view.vert
[702/807] Compiling GLSL -> SPV: deferred/default_debug_gbuffer.frag
[703/807] Compiling GLSL -> SPV: deferred/gbuffer.frag
[704/807] Compiling GLSL -> SPV: deferred/gbuffer.vert
[705/807] Compiling GLSL -> SPV: deferred/lighting.frag
[706/807] Compiling GLSL -> SPV: deferred_lighting.frag
[707/807] Compiling GLSL -> SPV: depth_prepass.vert
[708/807] Compiling GLSL -> SPV: forward/default_debug_surface.frag
[709/807] Compiling GLSL -> SPV: forward/default_debug_surface.vert
[710/807] Compiling GLSL -> SPV: forward/line.frag
[711/807] Compiling GLSL -> SPV: forward/line.vert
[712/807] Compiling GLSL -> SPV: forward/point.frag
[713/807] Compiling GLSL -> SPV: forward/point.vert
[714/807] Compiling GLSL -> SPV: hzb_build.comp
[715/807] Compiling GLSL -> SPV: imgui.frag
[716/807] Compiling GLSL -> SPV: imgui.vert
[717/807] Compiling GLSL -> SPV: instance_cull.comp
[718/807] Compiling GLSL -> SPV: instance_cull_multigeo.comp
[719/807] Compiling GLSL -> SPV: kmeans_assign.comp
[720/807] Compiling GLSL -> SPV: kmeans_reset.comp
[721/807] Compiling GLSL -> SPV: kmeans_update.comp
[722/807] Compiling GLSL -> SPV: line.frag
[723/807] Compiling GLSL -> SPV: light_cluster_assign.comp
[724/807] Compiling GLSL -> SPV: line.vert
[725/807] Compiling GLSL -> SPV: lop_density.comp
[726/807] Compiling GLSL -> SPV: lop_final_reduce.comp
[727/807] Compiling GLSL -> SPV: lop_grid_count.comp
[728/807] Compiling GLSL -> SPV: lop_grid_scatter.comp
[729/807] Compiling GLSL -> SPV: lop_initialize.comp
[730/807] Compiling GLSL -> SPV: lop_iteration_finalize.comp
[731/807] Compiling GLSL -> SPV: lop_iteration_reset.comp
[732/807] Compiling GLSL -> SPV: lop_project.comp
[733/807] Compiling GLSL -> SPV: parallel_compact_by_flags.comp
[734/807] Compiling GLSL -> SPV: parallel_count_to_dispatch_args.comp
[735/807] Compiling GLSL -> SPV: parallel_prefix_scan.comp
[736/807] Compiling GLSL -> SPV: parallel_scan_add_offsets.comp
[737/807] Compiling GLSL -> SPV: parallel_segmented_float_reduce.comp
[738/807] Compiling GLSL -> SPV: pick_id.frag
[739/807] Compiling GLSL -> SPV: pick_id.vert
[740/807] Compiling GLSL -> SPV: pick_line.frag
[741/807] Compiling GLSL -> SPV: pick_mesh.vert
[742/807] Compiling GLSL -> SPV: pick_mesh.frag
[743/807] Compiling GLSL -> SPV: pick_point.frag
[744/807] Compiling GLSL -> SPV: pick_line.vert
[745/807] Compiling GLSL -> SPV: pick_point.vert
[746/807] Compiling GLSL -> SPV: point.frag
[747/807] Compiling GLSL -> SPV: point.vert
[748/807] Compiling GLSL -> SPV: point_flatdisc.frag
[749/807] Compiling GLSL -> SPV: point_flatdisc.vert
[750/807] Compiling GLSL -> SPV: point_retained.frag
[751/807] Compiling GLSL -> SPV: point_retained.vert
[752/807] Compiling GLSL -> SPV: point_sphere.frag
[753/807] Compiling GLSL -> SPV: point_sphere.vert
[754/807] Compiling GLSL -> SPV: post_bloom_downsample.frag
[755/807] Compiling GLSL -> SPV: point_surfel.vert
[756/807] Compiling GLSL -> SPV: point_surfel.frag
[757/807] Compiling GLSL -> SPV: post_bloom_upsample.frag
[758/807] Compiling GLSL -> SPV: post_fxaa.frag
[759/807] Compiling GLSL -> SPV: post_fullscreen.vert
[760/807] Compiling GLSL -> SPV: post_histogram.comp
[761/807] Compiling GLSL -> SPV: post_smaa_blend.frag
[762/807] Compiling GLSL -> SPV: post_smaa_resolve.frag
[763/807] Compiling GLSL -> SPV: post_tonemap.frag
[764/807] Compiling GLSL -> SPV: post_smaa_edge.frag
[765/807] Compiling GLSL -> SPV: present.frag
[766/807] Compiling GLSL -> SPV: present.vert
[767/807] Compiling GLSL -> SPV: progressive_poisson_build_cells.comp
[768/807] Compiling GLSL -> SPV: progressive_poisson_accept_phase.comp
[769/807] Compiling GLSL -> SPV: property_texture_bake.frag
[770/807] Compiling GLSL -> SPV: property_texture_bake.vert
[771/807] Compiling GLSL -> SPV: property_texture_bake_dilate.frag
[772/807] Compiling GLSL -> SPV: scene_update.comp
[773/807] Compiling GLSL -> SPV: selection/edge_id.vert
[774/807] Compiling GLSL -> SPV: selection/entity_id.vert
[775/807] Compiling GLSL -> SPV: selection/entity_id.frag
[776/807] Compiling GLSL -> SPV: selection/edge_id.frag
[777/807] Compiling GLSL -> SPV: selection/entity_id_outline.frag
[778/807] Compiling GLSL -> SPV: selection/face_id.frag
[779/807] Compiling GLSL -> SPV: selection/point_id.frag
[780/807] Compiling GLSL -> SPV: selection/face_id.vert
[781/807] Compiling GLSL -> SPV: selection/point_id.vert
[782/807] Compiling GLSL -> SPV: selection_outline.frag
[783/807] Compiling GLSL -> SPV: shadow_depth.vert
[784/807] Compiling GLSL -> SPV: surface.frag
[785/807] Compiling GLSL -> SPV: surface.vert
[786/807] Compiling GLSL -> SPV: surface_gbuffer.frag
[787/807] Compiling GLSL -> SPV: transient_debug_line.frag
[788/807] Compiling GLSL -> SPV: tests/hzb_conservatism_smoke.comp
[789/807] Compiling GLSL -> SPV: transient_debug_line.vert
[790/807] Compiling GLSL -> SPV: transient_debug_point.frag
[791/807] Compiling GLSL -> SPV: transient_debug_triangle.frag
[792/807] Compiling GLSL -> SPV: transient_debug_point.vert
[793/807] Compiling GLSL -> SPV: transient_debug_triangle.vert
[794/807] Compiling GLSL -> SPV: triangle.frag
[795/807] Compiling GLSL -> SPV: triangle.vert
[796/807] Compiling GLSL -> SPV: uv_view/background.frag
[797/807] Compiling GLSL -> SPV: uv_view/background.vert
[798/807] Compiling GLSL -> SPV: uv_view/fill.frag
[799/807] Compiling GLSL -> SPV: uv_view/line.frag
[800/807] Compiling GLSL -> SPV: uv_view/mesh.vert
[801/807] Compiling GLSL -> SPV: visualization_isoline.frag
[802/807] Compiling GLSL -> SPV: visualization_vector_field.frag
[803/807] Compiling GLSL -> SPV: visualization_isoline.vert
[804/807] Compiling GLSL -> SPV: visualization_vector_field.vert
[805/807] Generating CXX dyndep file tests/CMakeFiles/TestSupportObjs.dir/CXX.dd
[806/807] Scanning /home/alex/Documents/IntrinsicEngine/tests/integration/runtime/Test.PointCloudConsolidationGpuParity.cpp for CXX dependencies
[807/807] Generating CXX dyndep file tests/CMakeFiles/RuntimePointCloudConsolidationGpuParityTestObjs.dir/CXX.dd
