Running main() from /home/alex/Documents/IntrinsicEngine/external/vcpkg/buildtrees/gtest/src/v1.17.0-0c449efaff.clean/googletest/src/gtest_main.cc
Note: Google Test filter = METHOD056*Scaling*
[==========] Running 1 test from 1 test suite.
[----------] Global test environment set-up.
[----------] 1 test from METHOD056VulkanCpdEStep
[ RUN      ] METHOD056VulkanCpdEStep.ScalingProfile
[33m[WARN] [Runtime] Promoted Vulkan device selected; backend remains fail-closed until the first clean default-recipe validation promotes it.[0m
[33m[WARN] [VulkanDevice::Initialize] Vulkan bootstrap created logical-device, queue, VMA, per-frame command/sync, swapchain image/view/handle, bindless heap, transfer queue, and global pipeline-layout state; canonical frame execution waits for the first clean recipe validation publish, so device remains non-operational during cold start.[0m
[33m[WARN] [Runtime] VulkanRequestedButNotOperational status=RequestedButIncompleteGate reason=BarrierValidationFailed[0m
size 1000
  rigid_vulkan: success, 25 iterations (16 on the device), median 79.0 ms (78.6 - 79.1, 3 runs), rms 0.000371
  rigid_vulkan_cpu_twin: success, 25 iterations (0 on the device), median 23.2 ms (23.0 - 23.4, 3 runs), rms 0.000371
  rigid_dense: success, 25 iterations (0 on the device), median 28.6 ms (28.0 - 28.8, 3 runs), rms 0.000371
  rigid_auto: success, 25 iterations (0 on the device), median 29.9 ms (29.9 - 32.0, 3 runs), rms 0.000371
  rigid_nystrom: success, 25 iterations (0 on the device), median 23.2 ms (22.4 - 23.8, 3 runs), rms 0.000371
size 10000
  rigid_vulkan: success, 35 iterations (19 on the device), median 374.1 ms (371.3 - 381.0, 3 runs), rms 0.000138
  rigid_vulkan_cpu_twin: success, 35 iterations (0 on the device), median 1317.1 ms (1306.2 - 1317.6, 3 runs), rms 0.000138
  rigid_dense: success, 35 iterations (0 on the device), median 2179.7 ms (2177.3 - 2197.2, 3 runs), rms 0.000138
  rigid_auto: success, 35 iterations (0 on the device), median 1375.8 ms (1373.3 - 1385.2, 3 runs), rms 0.000138
  rigid_nystrom: success, 35 iterations (0 on the device), median 1077.0 ms (1072.0 - 1087.1, 3 runs), rms 0.000138
size 100000
  rigid_vulkan: success, 48 iterations (21 on the device), median 18930.4 ms (18365.2 - 19495.7, 2 runs), rms 4.96e-05
  rigid_vulkan_cpu_twin: success, 48 iterations (0 on the device), median 186005.0 ms (186005.0 - 186005.0, 1 runs), rms 4.96e-05
  rigid_dense: success, 48 iterations (0 on the device), median 413640.0 ms (413640.0 - 413640.0, 1 runs), rms 4.96e-05
  rigid_auto: success, 48 iterations (0 on the device), median 188882.5 ms (188882.5 - 188882.5, 1 runs), rms 4.96e-05
  rigid_nystrom: success, 48 iterations (0 on the device), median 121018.1 ms (121018.1 - 121018.1, 1 runs), rms 4.96e-05
  },
  },
[       OK ] METHOD056VulkanCpdEStep.ScalingProfile (967454 ms)
[----------] 1 test from METHOD056VulkanCpdEStep (967454 ms total)

[----------] Global test environment tear-down
[==========] 1 test from 1 test suite ran. (967454 ms total)
[  PASSED  ] 1 test.
