Running main() from /home/alex/Documents/IntrinsicEngine/external/vcpkg/buildtrees/gtest/src/v1.17.0-0c449efaff.clean/googletest/src/gtest_main.cc
Note: Google Test filter = METHOD056*Scaling*
[==========] Running 1 test from 1 test suite.
[----------] Global test environment set-up.
[----------] 1 test from METHOD056VulkanCpdEStep
[ RUN      ] METHOD056VulkanCpdEStep.ScalingProfile
[33m[WARN] [Runtime] Promoted Vulkan device selected; backend remains fail-closed until the first clean default-recipe validation promotes it.[0m
[33m[WARN] [VulkanDevice::Initialize] Vulkan bootstrap created logical-device, queue, VMA, per-frame command/sync, swapchain image/view/handle, bindless heap, transfer queue, and global pipeline-layout state; canonical frame execution waits for the first clean recipe validation publish, so device remains non-operational during cold start.[0m
[33m[WARN] [Runtime] VulkanRequestedButNotOperational status=RequestedButIncompleteGate reason=BarrierValidationFailed[0m
size 1000
  rigid_vulkan: success, 25 iterations (9 on the device), median 56.9 ms (56.4 - 58.9, 3 runs), rms 0.000371
  rigid_vulkan_cpu_twin: success, 25 iterations (0 on the device), median 28.2 ms (26.6 - 28.6, 3 runs), rms 0.000371
  rigid_dense: success, 25 iterations (0 on the device), median 27.8 ms (27.6 - 28.6, 3 runs), rms 0.000371
  rigid_auto: success, 25 iterations (0 on the device), median 29.7 ms (28.8 - 30.1, 3 runs), rms 0.000371
  rigid_nystrom: success, 25 iterations (0 on the device), median 23.0 ms (22.8 - 23.2, 3 runs), rms 0.000371
size 10000
  rigid_vulkan: success, 35 iterations (10 on the device), median 829.3 ms (821.6 - 834.0, 3 runs), rms 0.000138
  rigid_vulkan_cpu_twin: success, 35 iterations (0 on the device), median 1311.6 ms (1299.9 - 1311.9, 3 runs), rms 0.000138
  rigid_dense: success, 35 iterations (0 on the device), median 2152.8 ms (2142.1 - 2165.2, 3 runs), rms 0.000138
  rigid_auto: success, 35 iterations (0 on the device), median 1353.9 ms (1353.8 - 1363.6, 3 runs), rms 0.000138
  rigid_nystrom: success, 35 iterations (0 on the device), median 1060.6 ms (1059.3 - 1067.1, 3 runs), rms 0.000138
size 100000
  rigid_vulkan: success, 48 iterations (9 on the device), median 114560.3 ms (113929.9 - 115190.7, 2 runs), rms 4.96e-05
  rigid_vulkan_cpu_twin: success, 48 iterations (0 on the device), median 186082.6 ms (186082.6 - 186082.6, 1 runs), rms 4.96e-05
  rigid_dense: success, 48 iterations (0 on the device), median 411672.0 ms (411672.0 - 411672.0, 1 runs), rms 4.96e-05
  rigid_auto: success, 48 iterations (0 on the device), median 187568.9 ms (187568.9 - 187568.9, 1 runs), rms 4.96e-05
  rigid_nystrom: success, 48 iterations (0 on the device), median 121208.2 ms (121208.2 - 121208.2, 1 runs), rms 4.96e-05
  },
  },
[       OK ] METHOD056VulkanCpdEStep.ScalingProfile (1156738 ms)
[----------] 1 test from METHOD056VulkanCpdEStep (1156738 ms total)

[----------] Global test environment tear-down
[==========] 1 test from 1 test suite ran. (1156738 ms total)
[  PASSED  ] 1 test.
