Internal ctest changing into directory: /home/alex/Documents/IntrinsicEngine/build/ci
Test project /home/alex/Documents/IntrinsicEngine/build/ci
        Start  155: GraphicsRenderer.NullRendererExecutesRenderGraphPath
  1/161 Test  #155: GraphicsRenderer.NullRendererExecutesRenderGraphPath ....................................................   Passed    0.08 sec
        Start  156: GraphicsRenderer.NullRendererReusesCompiledGraphForSteadyStateFrames
  2/161 Test  #156: GraphicsRenderer.NullRendererReusesCompiledGraphForSteadyStateFrames ....................................   Passed    0.08 sec
        Start  157: GraphicsRenderer.NullRendererRecompilesOnFeatureAndSizingChangesAndRebindsImports
  3/161 Test  #157: GraphicsRenderer.NullRendererRecompilesOnFeatureAndSizingChangesAndRebindsImports .......................   Passed    0.11 sec
        Start  158: GraphicsRenderer.NullRendererCachedDebugDumpMatchesInitialCompileWhenEnabled
  4/161 Test  #158: GraphicsRenderer.NullRendererCachedDebugDumpMatchesInitialCompileWhenEnabled ............................   Passed    0.08 sec
        Start  159: GraphicsRenderer.NullRendererForwardDebugDumpContainsCanonicalPassesAndDataflowOrder
  5/161 Test  #159: GraphicsRenderer.NullRendererForwardDebugDumpContainsCanonicalPassesAndDataflowOrder ....................   Passed    0.07 sec
        Start  160: GraphicsRenderer.NullRendererDeferredDebugDumpPlacesCompositionBetweenSurfaceAndLine
  6/161 Test  #160: GraphicsRenderer.NullRendererDeferredDebugDumpPlacesCompositionBetweenSurfaceAndLine ....................   Passed    0.07 sec
        Start  161: GraphicsRenderer.NullRendererEnablesDebugChainWhenRequested
  7/161 Test  #161: GraphicsRenderer.NullRendererEnablesDebugChainWhenRequested .............................................   Passed    0.07 sec
        Start  162: GraphicsRenderer.NullRendererAddsPickingPassWhenPickIsPending
  8/161 Test  #162: GraphicsRenderer.NullRendererAddsPickingPassWhenPickIsPending ...........................................   Passed    0.07 sec
        Start  163: GraphicsRenderer.NullRendererExecuteFrameRequiresPreparePhase
  9/161 Test  #163: GraphicsRenderer.NullRendererExecuteFrameRequiresPreparePhase ...........................................   Passed    0.03 sec
        Start  164: GraphicsRenderer.NullRendererPrepareBeforeExtractPreventsExecute
 10/161 Test  #164: GraphicsRenderer.NullRendererPrepareBeforeExtractPreventsExecute ........................................   Passed    0.03 sec
        Start  405: EditorUiModule.ReverseShutdownWithdrawsHostAndDetachesLiveRenderer
 11/161 Test  #405: EditorUiModule.ReverseShutdownWithdrawsHostAndDetachesLiveRenderer ......................................   Passed    0.04 sec
        Start  679: RuntimeConfigControl.BootGpuProfilingConfigReachesRendererWithoutControlOrEditor
 12/161 Test  #679: RuntimeConfigControl.BootGpuProfilingConfigReachesRendererWithoutControlOrEditor ........................   Passed    0.04 sec
        Start  694: RuntimeEngineLayering.RunFrameStopsAfterPlatformCloseBeforeRendererContract
 13/161 Test  #694: RuntimeEngineLayering.RunFrameStopsAfterPlatformCloseBeforeRendererContract .............................   Passed    0.00 sec
        Start  701: RuntimeEngineLayering.PromotedFrameLoopContractPreservesRendererAndMaintenanceOrder
 14/161 Test  #701: RuntimeEngineLayering.PromotedFrameLoopContractPreservesRendererAndMaintenanceOrder .....................   Passed    0.00 sec
        Start  895: SandboxEditorUi.RenderGraphPanelModelCopiesRendererStats
 15/161 Test  #895: SandboxEditorUi.RenderGraphPanelModelCopiesRendererStats ................................................   Passed    0.00 sec
        Start 3532: RendererRhiBoundary.RendererPublicSurfaceCompilesThroughRhiOnly
 16/161 Test #3532: RendererRhiBoundary.RendererPublicSurfaceCompilesThroughRhiOnly .........................................   Passed    0.00 sec
        Start 3533: RendererRhiBoundary.RendererDoesNotImportVulkanBackend
 17/161 Test #3533: RendererRhiBoundary.RendererDoesNotImportVulkanBackend ..................................................   Passed    0.01 sec
        Start 3534: RendererRhiBoundary.RendererDoesNotImportLiveEcsOwnership
 18/161 Test #3534: RendererRhiBoundary.RendererDoesNotImportLiveEcsOwnership ...............................................   Passed    0.01 sec
        Start 3535: RendererRhiBoundary.RhiLayerDoesNotImportVulkan
 19/161 Test #3535: RendererRhiBoundary.RhiLayerDoesNotImportVulkan .........................................................   Passed    0.00 sec
        Start 3536: RendererRhiBoundary.RetiredTimelineSemaphoreAbstractionStaysAbsent
 20/161 Test #3536: RendererRhiBoundary.RetiredTimelineSemaphoreAbstractionStaysAbsent ......................................   Passed    0.02 sec
        Start 3537: RendererRhiBoundary.RetiredPipelineRegistryStaysAbsent
 21/161 Test #3537: RendererRhiBoundary.RetiredPipelineRegistryStaysAbsent ..................................................   Passed    0.01 sec
        Start 3538: RendererRhiBoundary.RetiredReconstructorBaseStaysAbsent
 22/161 Test #3538: RendererRhiBoundary.RetiredReconstructorBaseStaysAbsent .................................................   Passed    0.01 sec
        Start 3539: RendererRhiBoundary.RetiredTransientDebugUploadHelperBaseStaysAbsent
 23/161 Test #3539: RendererRhiBoundary.RetiredTransientDebugUploadHelperBaseStaysAbsent ....................................   Passed    0.02 sec
        Start 3540: RendererRhiBoundary.RetiredVisualizationOverlayUploadHelperBaseStaysAbsent
 24/161 Test #3540: RendererRhiBoundary.RetiredVisualizationOverlayUploadHelperBaseStaysAbsent ..............................   Passed    0.01 sec
        Start 3541: RendererRhiBoundary.PromotedGraphicsAndRuntimeDoNotImportCuda
 25/161 Test #3541: RendererRhiBoundary.PromotedGraphicsAndRuntimeDoNotImportCuda ...........................................   Passed    0.01 sec
        Start 3542: RendererRhiBoundary.SamplerBorderColorStaysBackendNeutralAndMapsInVulkanBackend
 26/161 Test #3542: RendererRhiBoundary.SamplerBorderColorStaysBackendNeutralAndMapsInVulkanBackend .........................   Passed    0.00 sec
        Start 3543: RendererRhiBoundary.VulkanBackendDefinesPromotedSymbols
 27/161 Test #3543: RendererRhiBoundary.VulkanBackendDefinesPromotedSymbols .................................................   Passed    0.00 sec
        Start 3636: CurrentRendererContractAdapter.DescriptorDeclaresCurrentRendererContractSurface
 28/161 Test #3636: CurrentRendererContractAdapter.DescriptorDeclaresCurrentRendererContractSurface .........................   Passed    0.00 sec
        Start 3637: CurrentRendererContractAdapter.BindingSetMapsCurrentMaterialGeometryAndVisualizationInputs
 29/161 Test #3637: CurrentRendererContractAdapter.BindingSetMapsCurrentMaterialGeometryAndVisualizationInputs ..............   Passed    0.00 sec
        Start 3638: CurrentRendererContractAdapter.FrameInputBuildsCompatibleSnapshotRecipeAndDiagnostics
 30/161 Test #3638: CurrentRendererContractAdapter.FrameInputBuildsCompatibleSnapshotRecipeAndDiagnostics ...................   Passed    0.00 sec
        Start 3639: CurrentRendererContractAdapter.RenderWorldKeepsCurrentFrameDiagnosticsNonBlocking
 31/161 Test #3639: CurrentRendererContractAdapter.RenderWorldKeepsCurrentFrameDiagnosticsNonBlocking .......................   Passed    0.00 sec
        Start 3640: CurrentRendererContractAdapter.RecipeDescriptorUsesOnlyDeclaredCurrentRendererSlots
 32/161 Test #3640: CurrentRendererContractAdapter.RecipeDescriptorUsesOnlyDeclaredCurrentRendererSlots .....................   Passed    0.00 sec
        Start 3677: DebugViewPassContract.RendererRoutesAndRecordsDebugViewPass
 33/161 Test #3677: DebugViewPassContract.RendererRoutesAndRecordsDebugViewPass .............................................   Passed    0.07 sec
        Start 3728: FrameRecipeContract.PickingReadbackImportedFromRenderer
 34/161 Test #3728: FrameRecipeContract.PickingReadbackImportedFromRenderer .................................................   Passed    0.00 sec
        Start 3851: PresentPassContract.RendererRoutesAndRecordsPresentPass
 35/161 Test #3851: PresentPassContract.RendererRoutesAndRecordsPresentPass .................................................   Passed    0.07 sec
        Start 3884: RenderingContract.RendererDescriptorRequiresStableContractFields
 36/161 Test #3884: RenderingContract.RendererDescriptorRequiresStableContractFields ........................................   Passed    0.00 sec
        Start 3899: RenderRecipeConfig.FixedRendererCoreCannotBeReplacedByConfig
 37/161 Test #3899: RenderRecipeConfig.FixedRendererCoreCannotBeReplacedByConfig ............................................   Passed    0.00 sec
        Start 3909: RendererFrameLifecycle.ActiveGpuSceneVertexShadersUseSceneTableCameraViewProjection
 38/161 Test #3909: RendererFrameLifecycle.ActiveGpuSceneVertexShadersUseSceneTableCameraViewProjection .....................   Passed    0.00 sec
        Start 3910: RendererFrameLifecycle.FrameRecipeOverrideProjectionDisablesPostProcess
 39/161 Test #3910: RendererFrameLifecycle.FrameRecipeOverrideProjectionDisablesPostProcess .................................   Passed    0.00 sec
        Start 3911: RendererFrameLifecycle.FrameRecipeOverrideProjectionDisablesMappedFeatureSlots
 40/161 Test #3911: RendererFrameLifecycle.FrameRecipeOverrideProjectionDisablesMappedFeatureSlots ..........................   Passed    0.00 sec
        Start 3912: RendererFrameLifecycle.FrameRecipeOverrideProjectionFailsClosedForUnknownSlot
 41/161 Test #3912: RendererFrameLifecycle.FrameRecipeOverrideProjectionFailsClosedForUnknownSlot ...........................   Passed    0.00 sec
        Start 3913: RendererFrameLifecycle.FrameRecipeOverrideProjectionRejectsUnmappedExtensionDisable
 42/161 Test #3913: RendererFrameLifecycle.FrameRecipeOverrideProjectionRejectsUnmappedExtensionDisable .....................   Passed    0.00 sec
        Start 3914: RendererFrameLifecycle.FrameRecipeOverrideProjectionFailsClosedForFixedCoreChanges
 43/161 Test #3914: RendererFrameLifecycle.FrameRecipeOverrideProjectionFailsClosedForFixedCoreChanges ......................   Passed    0.00 sec
        Start 3915: RendererFrameLifecycle.PrepareFramePublishesCameraIntoGpuSceneTable
 44/161 Test #3915: RendererFrameLifecycle.PrepareFramePublishesCameraIntoGpuSceneTable .....................................   Passed    0.06 sec
        Start 3916: RendererFrameLifecycle.ActiveFrameRecipeOverrideOmitsPostProcessPasses
 45/161 Test #3916: RendererFrameLifecycle.ActiveFrameRecipeOverrideOmitsPostProcessPasses ..................................   Passed    0.07 sec
        Start 3917: RendererFrameLifecycle.ActiveFrameRecipeOverrideDiagnosticsLeaveDefaultsUntouched
 46/161 Test #3917: RendererFrameLifecycle.ActiveFrameRecipeOverrideDiagnosticsLeaveDefaultsUntouched .......................   Passed    0.07 sec
        Start 3918: RendererFrameLifecycle.UsesDeviceFrameLifecycleBackbufferAndCommandContext
 47/161 Test #3918: RendererFrameLifecycle.UsesDeviceFrameLifecycleBackbufferAndCommandContext ..............................   Passed    0.07 sec
        Start 3919: RendererFrameLifecycle.PlacedTransientAliasingUsesMemoryBlocksAndAliasBarriers
 48/161 Test #3919: RendererFrameLifecycle.PlacedTransientAliasingUsesMemoryBlocksAndAliasBarriers ..........................   Passed    0.07 sec
        Start 3920: RendererFrameLifecycle.PlacedTransientAliasingDefaultsToPerResourceFallback
 49/161 Test #3920: RendererFrameLifecycle.PlacedTransientAliasingDefaultsToPerResourceFallback .............................   Passed    0.07 sec
        Start 3921: RendererFrameLifecycle.PlacedTransientAliasingFallsBackWhenMemoryBlocksUnavailable
 50/161 Test #3921: RendererFrameLifecycle.PlacedTransientAliasingFallsBackWhenMemoryBlocksUnavailable ......................   Passed    0.08 sec
        Start 3922: RendererFrameLifecycle.RuntimeFrameCommandHooksRunInsideExecuteFrameCommandContext
 51/161 Test #3922: RendererFrameLifecycle.RuntimeFrameCommandHooksRunInsideExecuteFrameCommandContext ......................   Passed    0.09 sec
        Start 3923: RendererFrameLifecycle.RenderGraphReportsCurrentRendererContractAndDeclaredArtifacts
 52/161 Test #3923: RendererFrameLifecycle.RenderGraphReportsCurrentRendererContractAndDeclaredArtifacts ....................   Passed    0.07 sec
        Start 3924: RendererFrameLifecycle.AsyncComputeQueuePlanIncrementsUtilizationStat
 53/161 Test #3924: RendererFrameLifecycle.AsyncComputeQueuePlanIncrementsUtilizationStat ...................................   Passed    0.07 sec
        Start 3925: RendererFrameLifecycle.ParallelRecordingFlagFallsBackWhenDeviceDeclinesContextPlan
 54/161 Test #3925: RendererFrameLifecycle.ParallelRecordingFlagFallsBackWhenDeviceDeclinesContextPlan ......................   Passed    0.07 sec
        Start 3926: RendererFrameLifecycle.ParallelRecordingUsesAcceptedContextPlanInSerialSubmitOrder
 55/161 Test #3926: RendererFrameLifecycle.ParallelRecordingUsesAcceptedContextPlanInSerialSubmitOrder ......................   Passed    0.07 sec
        Start 3927: RendererFrameLifecycle.ParallelRecordingUsesSchedulerWorkersWhenAvailable
 56/161 Test #3927: RendererFrameLifecycle.ParallelRecordingUsesSchedulerWorkersWhenAvailable ...............................   Passed    0.08 sec
        Start 3928: RendererFrameLifecycle.ParallelRecordingUsesAcceptedContextsForAsyncComputeQueuePlan
 57/161 Test #3928: RendererFrameLifecycle.ParallelRecordingUsesAcceptedContextsForAsyncComputeQueuePlan ....................   Passed    0.08 sec
        Start 3929: RendererFrameLifecycle.ParallelRecordingRecordsDynamicUploadPassesThroughAcceptedContexts
 58/161 Test #3929: RendererFrameLifecycle.ParallelRecordingRecordsDynamicUploadPassesThroughAcceptedContexts ...............   Passed    0.07 sec
        Start 3930: RendererFrameLifecycle.InvalidDeviceBackbufferReportsRecipeDiagnostic
 59/161 Test #3930: RendererFrameLifecycle.InvalidDeviceBackbufferReportsRecipeDiagnostic ...................................   Passed    0.07 sec
        Start 3931: RendererFrameLifecycle.PublishesRecipeGraphValidationOnSuccessfulCompile
 60/161 Test #3931: RendererFrameLifecycle.PublishesRecipeGraphValidationOnSuccessfulCompile ................................   Passed    0.07 sec
        Start 3932: RendererFrameLifecycle.PublishesFailClosedRecipeValidationOnRecipeBuildFailure
 61/161 Test #3932: RendererFrameLifecycle.PublishesFailClosedRecipeValidationOnRecipeBuildFailure ..........................   Passed    0.06 sec
        Start 3933: RendererFrameLifecycle.NonOperationalDeviceSkipsCullingCommandsButExecutesGraph
 62/161 Test #3933: RendererFrameLifecycle.NonOperationalDeviceSkipsCullingCommandsButExecutesGraph .........................   Passed    0.03 sec
        Start 3934: RendererFrameLifecycle.OperationalRebuildAfterNonOperationalStartupRecordsRoutedCommands
 63/161 Test #3934: RendererFrameLifecycle.OperationalRebuildAfterNonOperationalStartupRecordsRoutedCommands ................   Passed    0.08 sec
        Start 3935: RendererFrameLifecycle.DepthPrepassPipelineFailureSkipsUnavailableCommandPass
 64/161 Test #3935: RendererFrameLifecycle.DepthPrepassPipelineFailureSkipsUnavailableCommandPass ...........................   Passed    0.07 sec
        Start 3936: RendererFrameLifecycle.CullingPipelineFailureSkipsRoutedCommandPassesUnavailable
 65/161 Test #3936: RendererFrameLifecycle.CullingPipelineFailureSkipsRoutedCommandPassesUnavailable ........................   Passed    0.06 sec
        Start 3937: RendererFrameLifecycle.BeginFrameWithoutDeviceReportsLifecycleDiagnostic
 66/161 Test #3937: RendererFrameLifecycle.BeginFrameWithoutDeviceReportsLifecycleDiagnostic ................................   Passed    0.00 sec
        Start 3938: RendererFrameLifecycle.BeginFrameSkipDoesNotRecordCommands
 67/161 Test #3938: RendererFrameLifecycle.BeginFrameSkipDoesNotRecordCommands ..............................................   Passed    0.03 sec
        Start 3939: RendererFrameLifecycle.ExecuteFrameRejectsAfterRenderPrepFailure
 68/161 Test #3939: RendererFrameLifecycle.ExecuteFrameRejectsAfterRenderPrepFailure ........................................   Passed    0.03 sec
        Start 3940: RendererFrameLifecycle.FrameRecipePassesAllProduceStructuredCommandRecordStatuses
 69/161 Test #3940: RendererFrameLifecycle.FrameRecipePassesAllProduceStructuredCommandRecordStatuses .......................   Passed    0.07 sec
        Start 3941: RendererFrameLifecycle.DefaultDebugSurfacePipelineSurvivesOperationalRebuild
 70/161 Test #3941: RendererFrameLifecycle.DefaultDebugSurfacePipelineSurvivesOperationalRebuild ............................   Passed    0.07 sec
        Start 3942: RendererFrameLifecycle.ForwardSurfacePipelineSurvivesOperationalRebuild
 71/161 Test #3942: RendererFrameLifecycle.ForwardSurfacePipelineSurvivesOperationalRebuild .................................   Passed    0.07 sec
        Start 3943: RendererFrameLifecycle.ForwardLinePointPipelinesSurviveOperationalRebuild
 72/161 Test #3943: RendererFrameLifecycle.ForwardLinePointPipelinesSurviveOperationalRebuild ...............................   Passed    0.07 sec
        Start 3944: RendererFrameLifecycle.ForwardPointSphereImpostorsWriteCorrectedDepth
 73/161 Test #3944: RendererFrameLifecycle.ForwardPointSphereImpostorsWriteCorrectedDepth ...................................   Passed    0.00 sec
        Start 3945: RendererFrameLifecycle.ForwardLinePointShadersUseSharedVisualizationColorHelpers
 74/161 Test #3945: RendererFrameLifecycle.ForwardLinePointShadersUseSharedVisualizationColorHelpers ........................   Passed    0.00 sec
        Start 3946: RendererFrameLifecycle.ShadowPipelineSurvivesOperationalRebuild
 75/161 Test #3946: RendererFrameLifecycle.ShadowPipelineSurvivesOperationalRebuild .........................................   Passed    0.07 sec
        Start 3947: RendererFrameLifecycle.ShadowAtlasSurvivesOperationalRebuild
 76/161 Test #3947: RendererFrameLifecycle.ShadowAtlasSurvivesOperationalRebuild ............................................   Passed    0.07 sec
        Start 3948: RendererFrameLifecycle.ForwardSurfacePassSkipsUnavailableWhenCullOutputMissing
 77/161 Test #3948: RendererFrameLifecycle.ForwardSurfacePassSkipsUnavailableWhenCullOutputMissing ..........................   Passed    0.07 sec
        Start 3949: RendererFrameLifecycle.ForwardLinePointPassesSkipUnavailableWhenCullOutputMissing
 78/161 Test #3949: RendererFrameLifecycle.ForwardLinePointPassesSkipUnavailableWhenCullOutputMissing .......................   Passed    0.07 sec
        Start 3950: RendererFrameLifecycle.DeferredGBufferPipelineSurvivesOperationalRebuild
 79/161 Test #3950: RendererFrameLifecycle.DeferredGBufferPipelineSurvivesOperationalRebuild ................................   Passed    0.07 sec
        Start 3951: RendererFrameLifecycle.DeferredSurfacePassRecordsWhenLightingPathIsDeferred
 80/161 Test #3951: RendererFrameLifecycle.DeferredSurfacePassRecordsWhenLightingPathIsDeferred .............................   Passed    0.07 sec
        Start 3952: RendererFrameLifecycle.DeferredSurfacePassSkipsUnavailableWhenPipelineMissing
 81/161 Test #3952: RendererFrameLifecycle.DeferredSurfacePassSkipsUnavailableWhenPipelineMissing ...........................   Passed    0.07 sec
        Start 3953: RendererFrameLifecycle.DeferredLightingPipelineSurvivesOperationalRebuild
 82/161 Test #3953: RendererFrameLifecycle.DeferredLightingPipelineSurvivesOperationalRebuild ...............................   Passed    0.07 sec
        Start 3954: RendererFrameLifecycle.DeferredLightingPassSkipsUnavailableWhenPipelineMissing
 83/161 Test #3954: RendererFrameLifecycle.DeferredLightingPassSkipsUnavailableWhenPipelineMissing ..........................   Passed    0.07 sec
        Start 3955: RendererFrameLifecycle.DeferredGBufferToCompositionEmitsColorToShaderReadBarriers
 84/161 Test #3955: RendererFrameLifecycle.DeferredGBufferToCompositionEmitsColorToShaderReadBarriers .......................   Passed    0.07 sec
        Start 3956: RendererFrameLifecycle.DeferredLightingShadowAtlasTransitionsDepthToShaderReadBeforeComposition
 85/161 Test #3956: RendererFrameLifecycle.DeferredLightingShadowAtlasTransitionsDepthToShaderReadBeforeComposition .........   Passed    0.07 sec
        Start 3957: RendererFrameLifecycle.DeferredLightingPushConstantsCarryShadowAtlasBindlessIndex
 86/161 Test #3957: RendererFrameLifecycle.DeferredLightingPushConstantsCarryShadowAtlasBindlessIndex .......................   Passed    0.07 sec
        Start 3958: RendererFrameLifecycle.EntityIdPickingPipelineSurvivesOperationalRebuild
 87/161 Test #3958: RendererFrameLifecycle.EntityIdPickingPipelineSurvivesOperationalRebuild ................................   Passed    0.07 sec
        Start 3959: RendererFrameLifecycle.EntityIdOutlinePipelineUsesSingleTargetShape
 88/161 Test #3959: RendererFrameLifecycle.EntityIdOutlinePipelineUsesSingleTargetShape .....................................   Passed    0.07 sec
        Start 3960: RendererFrameLifecycle.FaceIdPickingPipelineSurvivesOperationalRebuild
 89/161 Test #3960: RendererFrameLifecycle.FaceIdPickingPipelineSurvivesOperationalRebuild ..................................   Passed    0.07 sec
        Start 3961: RendererFrameLifecycle.EdgeIdPickingPipelineSurvivesOperationalRebuild
 90/161 Test #3961: RendererFrameLifecycle.EdgeIdPickingPipelineSurvivesOperationalRebuild ..................................   Passed    0.07 sec
        Start 3962: RendererFrameLifecycle.PointIdPickingPipelineSurvivesOperationalRebuild
 91/161 Test #3962: RendererFrameLifecycle.PointIdPickingPipelineSurvivesOperationalRebuild .................................   Passed    0.07 sec
        Start 3963: RendererFrameLifecycle.SelectionOutlinePipelineSurvivesOperationalRebuild
 92/161 Test #3963: RendererFrameLifecycle.SelectionOutlinePipelineSurvivesOperationalRebuild ...............................   Passed    0.07 sec
        Start 3964: RendererFrameLifecycle.PostProcessToneMapPipelineSurvivesOperationalRebuild
 93/161 Test #3964: RendererFrameLifecycle.PostProcessToneMapPipelineSurvivesOperationalRebuild .............................   Passed    0.07 sec
        Start 3965: RendererFrameLifecycle.PostProcessBloomPipelinesSurviveOperationalRebuild
 94/161 Test #3965: RendererFrameLifecycle.PostProcessBloomPipelinesSurviveOperationalRebuild ...............................   Passed    0.07 sec
        Start 3966: RendererFrameLifecycle.PostProcessFXAAPipelineSurvivesOperationalRebuild
 95/161 Test #3966: RendererFrameLifecycle.PostProcessFXAAPipelineSurvivesOperationalRebuild ................................   Passed    0.07 sec
        Start 3967: RendererFrameLifecycle.PostProcessSMAAPipelinesSurviveOperationalRebuild
 96/161 Test #3967: RendererFrameLifecycle.PostProcessSMAAPipelinesSurviveOperationalRebuild ................................   Passed    0.07 sec
        Start 3968: RendererFrameLifecycle.PostProcessHistogramPipelineSurvivesOperationalRebuild
 97/161 Test #3968: RendererFrameLifecycle.PostProcessHistogramPipelineSurvivesOperationalRebuild ...........................   Passed    0.07 sec
        Start 3969: RendererFrameLifecycle.HZBBuildPipelineSurvivesOperationalRebuild
 98/161 Test #3969: RendererFrameLifecycle.HZBBuildPipelineSurvivesOperationalRebuild .......................................   Passed    0.07 sec
        Start 3970: RendererFrameLifecycle.ClusterLightingPipelinesAndSceneTablePublishSurviveRebuild
 99/161 Test #3970: RendererFrameLifecycle.ClusterLightingPipelinesAndSceneTablePublishSurviveRebuild .......................   Passed    0.10 sec
        Start 3971: RendererFrameLifecycle.HZBBuildPassRecordsFallbackDispatches
100/161 Test #3971: RendererFrameLifecycle.HZBBuildPassRecordsFallbackDispatches ............................................   Passed    0.07 sec
        Start 3972: RendererFrameLifecycle.PostProcessSMAALookupTexturesSurviveOperationalRebuild
101/161 Test #3972: RendererFrameLifecycle.PostProcessSMAALookupTexturesSurviveOperationalRebuild ...........................   Passed    0.07 sec
        Start 3973: RendererFrameLifecycle.PostProcessSMAALookupTexturesRetryAfterFailedUpload
102/161 Test #3973: RendererFrameLifecycle.PostProcessSMAALookupTexturesRetryAfterFailedUpload ..............................   Passed    0.07 sec
        Start 3974: RendererFrameLifecycle.TAARecordsReconstructionPassAndDiagnostics
103/161 Test #3974: RendererFrameLifecycle.TAARecordsReconstructionPassAndDiagnostics .......................................   Passed    0.07 sec
        Start 3975: RendererFrameLifecycle.FXAASelectedWithoutPipelineKeepsResolveSkippedAndPresentOnSceneColorLDR
104/161 Test #3975: RendererFrameLifecycle.FXAASelectedWithoutPipelineKeepsResolveSkippedAndPresentOnSceneColorLDR ..........   Passed    0.07 sec
        Start 3976: RendererFrameLifecycle.SMAASelectedWithoutResolvePipelineKeepsResolveSkippedAndPresentOnSceneColorLDR
105/161 Test #3976: RendererFrameLifecycle.SMAASelectedWithoutResolvePipelineKeepsResolveSkippedAndPresentOnSceneColorLDR ...   Passed    0.07 sec
        Start 3977: RendererFrameLifecycle.SelectionOutlinePassRecordsWhenSelectableEntityPresent
106/161 Test #3977: RendererFrameLifecycle.SelectionOutlinePassRecordsWhenSelectableEntityPresent ...........................   Passed    0.07 sec
        Start 3978: RendererFrameLifecycle.SelectionOutlineBindsEntityIdToDedicatedSampledSlot
107/161 Test #3978: RendererFrameLifecycle.SelectionOutlineBindsEntityIdToDedicatedSampledSlot ..............................   Passed    0.07 sec
        Start 3979: RendererFrameLifecycle.SelectionOutlinePushConstantsMatchRecipeInputs
108/161 Test #3979: RendererFrameLifecycle.SelectionOutlinePushConstantsMatchRecipeInputs ...................................   Passed    0.07 sec
        Start 3980: RendererFrameLifecycle.PickingReadbackBufferSurvivesOperationalRebuild
109/161 Test #3980: RendererFrameLifecycle.PickingReadbackBufferSurvivesOperationalRebuild ..................................   Passed    0.07 sec
        Start 3981: RendererFrameLifecycle.PickingReadbackBufferReallocatesWhenFramesInFlightChanges
110/161 Test #3981: RendererFrameLifecycle.PickingReadbackBufferReallocatesWhenFramesInFlightChanges ........................   Passed    0.10 sec
        Start 3982: RendererFrameLifecycle.PickingReadbackCopyRecordedWhenPickPending
111/161 Test #3982: RendererFrameLifecycle.PickingReadbackCopyRecordedWhenPickPending .......................................   Passed    0.07 sec
        Start 3983: RendererFrameLifecycle.PickingReadbackCopySkippedWhenNotPending
112/161 Test #3983: RendererFrameLifecycle.PickingReadbackCopySkippedWhenNotPending .........................................   Passed    0.07 sec
        Start 3984: RendererFrameLifecycle.PickingReadbackPublishesPickResultForHitPixel
113/161 Test #3984: RendererFrameLifecycle.PickingReadbackPublishesPickResultForHitPixel ....................................   Passed    0.07 sec
        Start 3985: RendererFrameLifecycle.PickingReadbackPreservesCorrelationSequence
114/161 Test #3985: RendererFrameLifecycle.PickingReadbackPreservesCorrelationSequence ......................................   Passed    0.07 sec
        Start 3986: RendererFrameLifecycle.PickingReadbackPublishesNoHitForMissPixel
115/161 Test #3986: RendererFrameLifecycle.PickingReadbackPublishesNoHitForMissPixel ........................................   Passed    0.07 sec
        Start 3987: RendererFrameLifecycle.PickingReadbackPublishesNoHitForInvalidatedRequest
116/161 Test #3987: RendererFrameLifecycle.PickingReadbackPublishesNoHitForInvalidatedRequest ...............................   Passed    0.11 sec
        Start 3988: RendererFrameLifecycle.PickingReadbackPublishesNoHitForTruncatedSlotOnFifShrink
117/161 Test #3988: RendererFrameLifecycle.PickingReadbackPublishesNoHitForTruncatedSlotOnFifShrink .........................   Passed    0.10 sec
        Start 3989: RendererFrameLifecycle.HistogramReadbackBufferSurvivesOperationalRebuild
118/161 Test #3989: RendererFrameLifecycle.HistogramReadbackBufferSurvivesOperationalRebuild ................................   Passed    0.07 sec
        Start 3990: RendererFrameLifecycle.HistogramReadbackCopyRecordedOnOperationalFrame
119/161 Test #3990: RendererFrameLifecycle.HistogramReadbackCopyRecordedOnOperationalFrame ..................................   Passed    0.07 sec
        Start 3991: RendererFrameLifecycle.HistogramReadbackDrainPublishesEachSlotExactlyOnce
120/161 Test #3991: RendererFrameLifecycle.HistogramReadbackDrainPublishesEachSlotExactlyOnce ...............................   Passed    0.07 sec
        Start 3992: RendererFrameLifecycle.HistogramReadbackCopySkippedWhenStageDisabled
121/161 Test #3992: RendererFrameLifecycle.HistogramReadbackCopySkippedWhenStageDisabled ....................................   Passed    0.07 sec
        Start 3993: RendererFrameLifecycle.PublishHistogramReadbackUpdatesExposureHistory
122/161 Test #3993: RendererFrameLifecycle.PublishHistogramReadbackUpdatesExposureHistory ...................................   Passed    0.03 sec
        Start 3994: RendererFrameLifecycle.NativeGpuProfilerSubmitsExactCompiledPlanAndPublishesOnlyRecordedPasses
123/161 Test #3994: RendererFrameLifecycle.NativeGpuProfilerSubmitsExactCompiledPlanAndPublishesOnlyRecordedPasses ..........   Passed    0.08 sec
        Start 3995: RendererFrameLifecycle.NativeGpuProfilerUsesAcceptedParallelMultiQueueAttribution
124/161 Test #3995: RendererFrameLifecycle.NativeGpuProfilerUsesAcceptedParallelMultiQueueAttribution .......................   Passed    0.08 sec
        Start 3996: RendererFrameLifecycle.NativeGpuProfilerLabelsRejectedAsyncPlanAsGraphicsFallback
125/161 Test #3996: RendererFrameLifecycle.NativeGpuProfilerLabelsRejectedAsyncPlanAsGraphicsFallback .......................   Passed    0.07 sec
        Start 3997: RendererFrameLifecycle.NativeGpuProfilerDiscardsWhenDeviceSubmissionDoesNotAdvance
126/161 Test #3997: RendererFrameLifecycle.NativeGpuProfilerDiscardsWhenDeviceSubmissionDoesNotAdvance ......................   Passed    0.07 sec
        Start 3998: RendererFrameLifecycle.DeviceLostAfterActiveProfileDeviceEndOverridesInvalidLifecycle
127/161 Test #3998: RendererFrameLifecycle.DeviceLostAfterActiveProfileDeviceEndOverridesInvalidLifecycle ...................   Passed    0.08 sec
        Start 3999: RendererFrameLifecycle.DeviceLostAfterHotDisabledDeviceEndOverridesDisabledProfile
128/161 Test #3999: RendererFrameLifecycle.DeviceLostAfterHotDisabledDeviceEndOverridesDisabledProfile ......................   Passed    0.08 sec
        Start 4000: RendererFrameLifecycle.GpuProfilerScopeFailureDoesNotAbortRenderingAndDiscardsWholeCandidate
129/161 Test #4000: RendererFrameLifecycle.GpuProfilerScopeFailureDoesNotAbortRenderingAndDiscardsWholeCandidate ............   Passed    0.07 sec
        Start 4001: RendererFrameLifecycle.GpuProfilerNoFreshBeginPathsClearPriorTelemetry
130/161 Test #4001: RendererFrameLifecycle.GpuProfilerNoFreshBeginPathsClearPriorTelemetry ..................................   Passed    0.07 sec
        Start 4002: RendererFrameLifecycle.GpuProfilerPerFrameUnsupportedPlanDoesNotAbortRendering
131/161 Test #4002: RendererFrameLifecycle.GpuProfilerPerFrameUnsupportedPlanDoesNotAbortRendering ..........................   Passed    0.07 sec
        Start 4003: RendererFrameLifecycle.HotDisabledGpuProfilerPreservesDeviceLostStaleLastGoodProfile
132/161 Test #4003: RendererFrameLifecycle.HotDisabledGpuProfilerPreservesDeviceLostStaleLastGoodProfile ....................   Passed    0.08 sec
        Start 4004: RendererFrameLifecycle.DeviceLostProfilerStatusMapsFailedDeviceBeginFrame
133/161 Test #4004: RendererFrameLifecycle.DeviceLostProfilerStatusMapsFailedDeviceBeginFrame ...............................   Passed    0.08 sec
        Start 4005: RendererFrameLifecycle.GpuProfilerHotDisableOmitsScopesAndReenableReusesAdapter
134/161 Test #4005: RendererFrameLifecycle.GpuProfilerHotDisableOmitsScopesAndReenableReusesAdapter .........................   Passed    0.09 sec
        Start 4006: RendererFrameLifecycle.GpuProfilerShutdownDiscardsActiveCandidateBeforeReinitialize
135/161 Test #4006: RendererFrameLifecycle.GpuProfilerShutdownDiscardsActiveCandidateBeforeReinitialize .....................   Passed    0.13 sec
        Start 4010: RenderWorldContract.ExposesRendererOwnedImmutableRuntimeSnapshots
136/161 Test #4010: RenderWorldContract.ExposesRendererOwnedImmutableRuntimeSnapshots .......................................   Passed    0.03 sec
        Start 4041: VisibilityRecipe.RendererProductCompatibilityUsesDeclaredCapabilitiesAndProducedProducts
137/161 Test #4041: VisibilityRecipe.RendererProductCompatibilityUsesDeclaredCapabilitiesAndProducedProducts ................   Passed    0.00 sec
        Start 4089: VisualizationOverlayPassContract.RecipeDeclaresPassWhenOverlayPacketsExist
138/161 Test #4089: VisualizationOverlayPassContract.RecipeDeclaresPassWhenOverlayPacketsExist ..............................   Passed    0.00 sec
        Start 4090: VisualizationOverlayPassContract.RecipeOmitsPassWhenNoOverlayPackets
139/161 Test #4090: VisualizationOverlayPassContract.RecipeOmitsPassWhenNoOverlayPackets ....................................   Passed    0.07 sec
        Start 4091: VisualizationOverlayPassContract.NonOperationalDeviceSkipsNonOperational
140/161 Test #4091: VisualizationOverlayPassContract.NonOperationalDeviceSkipsNonOperational ................................   Passed    0.03 sec
        Start 4092: VisualizationOverlayPassContract.MissingVectorFieldPipelineLeaseSkipsUnavailable
141/161 Test #4092: VisualizationOverlayPassContract.MissingVectorFieldPipelineLeaseSkipsUnavailable ........................   Passed    0.07 sec
        Start 4093: VisualizationOverlayPassContract.RecordsVectorFieldBindPipelineAndDraw
142/161 Test #4093: VisualizationOverlayPassContract.RecordsVectorFieldBindPipelineAndDraw ..................................   Passed    0.07 sec
        Start 4094: VisualizationOverlayPassContract.SelectsVectorFieldAlwaysOnTopVariantPerPacket
143/161 Test #4094: VisualizationOverlayPassContract.SelectsVectorFieldAlwaysOnTopVariantPerPacket ..........................   Passed    0.07 sec
        Start 4095: VisualizationOverlayPassContract.UploadOverflowSkipsUnavailableWithoutFalseRecorded
144/161 Test #4095: VisualizationOverlayPassContract.UploadOverflowSkipsUnavailableWithoutFalseRecorded .....................   Passed    0.07 sec
        Start 4096: VisualizationOverlayPassContract.PerFrameBufferRecyclingDoesNotLeakVectorField
145/161 Test #4096: VisualizationOverlayPassContract.PerFrameBufferRecyclingDoesNotLeakVectorField ..........................   Passed    0.11 sec
        Start 4097: VisualizationOverlayPassContract.UploadHelperPartitionsStorageByFrameSlot
146/161 Test #4097: VisualizationOverlayPassContract.UploadHelperPartitionsStorageByFrameSlot ...............................   Passed    0.00 sec
        Start 4098: VisualizationOverlayPassContract.MissingIsolinePipelineLeaseSkipsUnavailable
147/161 Test #4098: VisualizationOverlayPassContract.MissingIsolinePipelineLeaseSkipsUnavailable ............................   Passed    0.07 sec
        Start 4099: VisualizationOverlayPassContract.RecordsIsolineBindPipelineAndDraw
148/161 Test #4099: VisualizationOverlayPassContract.RecordsIsolineBindPipelineAndDraw ......................................   Passed    0.07 sec
        Start 4100: VisualizationOverlayPassContract.SelectsIsolineAlwaysOnTopVariantPerPacket
149/161 Test #4100: VisualizationOverlayPassContract.SelectsIsolineAlwaysOnTopVariantPerPacket ..............................   Passed    0.07 sec
        Start 4101: VisualizationOverlayPassContract.MixedLaneVectorFieldAndIsolineBothRecord
150/161 Test #4101: VisualizationOverlayPassContract.MixedLaneVectorFieldAndIsolineBothRecord ...............................   Passed    0.07 sec
        Start 4102: VisualizationOverlayPassContract.RetainedOverlayPacketLanesRecordTogether
151/161 Test #4102: VisualizationOverlayPassContract.RetainedOverlayPacketLanesRecordTogether ...............................   Passed    0.07 sec
        Start 4103: VisualizationOverlayPassContract.VisualizationReadbackDefaultDisabledEvenWhenPassRecords
152/161 Test #4103: VisualizationOverlayPassContract.VisualizationReadbackDefaultDisabledEvenWhenPassRecords ................   Passed    0.07 sec
        Start 4104: VisualizationOverlayPassContract.VisualizationReadbackRecordsOnlyWhenPassRecords
153/161 Test #4104: VisualizationOverlayPassContract.VisualizationReadbackRecordsOnlyWhenPassRecords ........................   Passed    0.07 sec
        Start 4105: VisualizationOverlayPassContract.VisualizationReadbackSkipsWhenPassOmitted
154/161 Test #4105: VisualizationOverlayPassContract.VisualizationReadbackSkipsWhenPassOmitted ..............................   Passed    0.07 sec
        Start 4106: VisualizationOverlayPassContract.VisualizationReadbackSkipsWhenDeviceNonOperational
155/161 Test #4106: VisualizationOverlayPassContract.VisualizationReadbackSkipsWhenDeviceNonOperational .....................   Passed    0.03 sec
        Start 4107: VisualizationOverlayPassContract.PerLanePartialSkipKeepsSiblingLaneRecording
156/161 Test #4107: VisualizationOverlayPassContract.PerLanePartialSkipKeepsSiblingLaneRecording ............................   Passed    0.07 sec
        Start 4108: VisualizationOverlayPassContract.PerFrameBufferRecyclingDoesNotLeakIsoline
157/161 Test #4108: VisualizationOverlayPassContract.PerFrameBufferRecyclingDoesNotLeakIsoline ..............................   Passed    0.11 sec
        Start 4111: VisualizationPropertyBufferResidencyContract.RendererPublishesAddressBeforePacketValidation
158/161 Test #4111: VisualizationPropertyBufferResidencyContract.RendererPublishesAddressBeforePacketValidation .............   Passed    0.07 sec
        Start 4147: RuntimeFrameLoopContract.RenderFrameOrdersPromotedRendererPhases
159/161 Test #4147: RuntimeFrameLoopContract.RenderFrameOrdersPromotedRendererPhases ........................................   Passed    0.00 sec
        Start 4150: RuntimeFrameLoopContract.OperationalTransitionWaitsIdleThenRebuildsRendererOnce
160/161 Test #4150: RuntimeFrameLoopContract.OperationalTransitionWaitsIdleThenRebuildsRendererOnce .........................   Passed    0.00 sec
        Start 4152: RuntimeFrameLoopContract.OperationalTransitionDoesNotMarkRendererWhenRebuildFails
161/161 Test #4152: RuntimeFrameLoopContract.OperationalTransitionDoesNotMarkRendererWhenRebuildFails .......................   Passed    0.00 sec

100% tests passed, 0 tests failed out of 161

Label Time Summary:
contract       =   8.59 sec*proc (148 tests)
graphics       =   9.18 sec*proc (156 tests)
integration    =   0.68 sec*proc (13 tests)
runtime        =   0.10 sec*proc (8 tests)

Total Test time (real) =   9.37 sec
