Internal ctest changing into directory: /tmp/intrinsic-geometry-e2e.GJlhXS/build/ci
Test project /tmp/intrinsic-geometry-e2e.GJlhXS/build/ci
    Start 1084: RuntimeJobService.WorkerTerminalStateWaitsForUnpublishedFinalizerBeforeCompletion
    Test #1084: RuntimeJobService.WorkerTerminalStateWaitsForUnpublishedFinalizerBeforeCompletion ...   Passed    0.01 sec
    Start 1084: RuntimeJobService.WorkerTerminalStateWaitsForUnpublishedFinalizerBeforeCompletion
    Test #1084: RuntimeJobService.WorkerTerminalStateWaitsForUnpublishedFinalizerBeforeCompletion ...   Passed    0.01 sec
    Start 1084: RuntimeJobService.WorkerTerminalStateWaitsForUnpublishedFinalizerBeforeCompletion
    Test #1084: RuntimeJobService.WorkerTerminalStateWaitsForUnpublishedFinalizerBeforeCompletion ...   Passed    0.01 sec
    Start 1084: RuntimeJobService.WorkerTerminalStateWaitsForUnpublishedFinalizerBeforeCompletion
    Test #1084: RuntimeJobService.WorkerTerminalStateWaitsForUnpublishedFinalizerBeforeCompletion ...   Passed    0.01 sec
    Start 1084: RuntimeJobService.WorkerTerminalStateWaitsForUnpublishedFinalizerBeforeCompletion
    Test #1084: RuntimeJobService.WorkerTerminalStateWaitsForUnpublishedFinalizerBeforeCompletion ...   Passed    0.01 sec
    Start 1084: RuntimeJobService.WorkerTerminalStateWaitsForUnpublishedFinalizerBeforeCompletion
    Test #1084: RuntimeJobService.WorkerTerminalStateWaitsForUnpublishedFinalizerBeforeCompletion ...   Passed    0.01 sec
    Start 1084: RuntimeJobService.WorkerTerminalStateWaitsForUnpublishedFinalizerBeforeCompletion
    Test #1084: RuntimeJobService.WorkerTerminalStateWaitsForUnpublishedFinalizerBeforeCompletion ...   Passed    0.01 sec
    Start 1084: RuntimeJobService.WorkerTerminalStateWaitsForUnpublishedFinalizerBeforeCompletion
    Test #1084: RuntimeJobService.WorkerTerminalStateWaitsForUnpublishedFinalizerBeforeCompletion ...   Passed    0.01 sec
    Start 1084: RuntimeJobService.WorkerTerminalStateWaitsForUnpublishedFinalizerBeforeCompletion
    Test #1084: RuntimeJobService.WorkerTerminalStateWaitsForUnpublishedFinalizerBeforeCompletion ...   Passed    0.01 sec
    Start 1084: RuntimeJobService.WorkerTerminalStateWaitsForUnpublishedFinalizerBeforeCompletion
    Test #1084: RuntimeJobService.WorkerTerminalStateWaitsForUnpublishedFinalizerBeforeCompletion ...   Passed    0.01 sec
    Start 1084: RuntimeJobService.WorkerTerminalStateWaitsForUnpublishedFinalizerBeforeCompletion
    Test #1084: RuntimeJobService.WorkerTerminalStateWaitsForUnpublishedFinalizerBeforeCompletion ...   Passed    0.01 sec
    Start 1084: RuntimeJobService.WorkerTerminalStateWaitsForUnpublishedFinalizerBeforeCompletion
    Test #1084: RuntimeJobService.WorkerTerminalStateWaitsForUnpublishedFinalizerBeforeCompletion ...   Passed    0.01 sec
    Start 1084: RuntimeJobService.WorkerTerminalStateWaitsForUnpublishedFinalizerBeforeCompletion
    Test #1084: RuntimeJobService.WorkerTerminalStateWaitsForUnpublishedFinalizerBeforeCompletion ...   Passed    0.01 sec
    Start 1084: RuntimeJobService.WorkerTerminalStateWaitsForUnpublishedFinalizerBeforeCompletion
    Test #1084: RuntimeJobService.WorkerTerminalStateWaitsForUnpublishedFinalizerBeforeCompletion ...   Passed    0.01 sec
    Start 1084: RuntimeJobService.WorkerTerminalStateWaitsForUnpublishedFinalizerBeforeCompletion
    Test #1084: RuntimeJobService.WorkerTerminalStateWaitsForUnpublishedFinalizerBeforeCompletion ...   Passed    0.01 sec
    Start 1084: RuntimeJobService.WorkerTerminalStateWaitsForUnpublishedFinalizerBeforeCompletion
    Test #1084: RuntimeJobService.WorkerTerminalStateWaitsForUnpublishedFinalizerBeforeCompletion ...   Passed    0.01 sec
    Start 1084: RuntimeJobService.WorkerTerminalStateWaitsForUnpublishedFinalizerBeforeCompletion
    Test #1084: RuntimeJobService.WorkerTerminalStateWaitsForUnpublishedFinalizerBeforeCompletion ...   Passed    0.01 sec
    Start 1084: RuntimeJobService.WorkerTerminalStateWaitsForUnpublishedFinalizerBeforeCompletion
    Test #1084: RuntimeJobService.WorkerTerminalStateWaitsForUnpublishedFinalizerBeforeCompletion ...   Passed    0.01 sec
    Start 1084: RuntimeJobService.WorkerTerminalStateWaitsForUnpublishedFinalizerBeforeCompletion
    Test #1084: RuntimeJobService.WorkerTerminalStateWaitsForUnpublishedFinalizerBeforeCompletion ...   Passed    0.01 sec
    Start 1084: RuntimeJobService.WorkerTerminalStateWaitsForUnpublishedFinalizerBeforeCompletion
    Test #1084: RuntimeJobService.WorkerTerminalStateWaitsForUnpublishedFinalizerBeforeCompletion ...   Passed    0.01 sec
    Start 1084: RuntimeJobService.WorkerTerminalStateWaitsForUnpublishedFinalizerBeforeCompletion
    Test #1084: RuntimeJobService.WorkerTerminalStateWaitsForUnpublishedFinalizerBeforeCompletion ...   Passed    0.01 sec
    Start 1084: RuntimeJobService.WorkerTerminalStateWaitsForUnpublishedFinalizerBeforeCompletion
    Test #1084: RuntimeJobService.WorkerTerminalStateWaitsForUnpublishedFinalizerBeforeCompletion ...   Passed    0.01 sec
    Start 1084: RuntimeJobService.WorkerTerminalStateWaitsForUnpublishedFinalizerBeforeCompletion
    Test #1084: RuntimeJobService.WorkerTerminalStateWaitsForUnpublishedFinalizerBeforeCompletion ...   Passed    0.01 sec
    Start 1084: RuntimeJobService.WorkerTerminalStateWaitsForUnpublishedFinalizerBeforeCompletion
    Test #1084: RuntimeJobService.WorkerTerminalStateWaitsForUnpublishedFinalizerBeforeCompletion ...   Passed    0.01 sec
    Start 1084: RuntimeJobService.WorkerTerminalStateWaitsForUnpublishedFinalizerBeforeCompletion
    Test #1084: RuntimeJobService.WorkerTerminalStateWaitsForUnpublishedFinalizerBeforeCompletion ...   Passed    0.01 sec
    Start 1084: RuntimeJobService.WorkerTerminalStateWaitsForUnpublishedFinalizerBeforeCompletion
    Test #1084: RuntimeJobService.WorkerTerminalStateWaitsForUnpublishedFinalizerBeforeCompletion ...   Passed    0.01 sec
    Start 1084: RuntimeJobService.WorkerTerminalStateWaitsForUnpublishedFinalizerBeforeCompletion
    Test #1084: RuntimeJobService.WorkerTerminalStateWaitsForUnpublishedFinalizerBeforeCompletion ...   Passed    0.01 sec
    Start 1084: RuntimeJobService.WorkerTerminalStateWaitsForUnpublishedFinalizerBeforeCompletion
    Test #1084: RuntimeJobService.WorkerTerminalStateWaitsForUnpublishedFinalizerBeforeCompletion ...   Passed    0.01 sec
    Start 1084: RuntimeJobService.WorkerTerminalStateWaitsForUnpublishedFinalizerBeforeCompletion
    Test #1084: RuntimeJobService.WorkerTerminalStateWaitsForUnpublishedFinalizerBeforeCompletion ...   Passed    0.01 sec
    Start 1084: RuntimeJobService.WorkerTerminalStateWaitsForUnpublishedFinalizerBeforeCompletion
    Test #1084: RuntimeJobService.WorkerTerminalStateWaitsForUnpublishedFinalizerBeforeCompletion ...   Passed    0.01 sec
    Start 1084: RuntimeJobService.WorkerTerminalStateWaitsForUnpublishedFinalizerBeforeCompletion
    Test #1084: RuntimeJobService.WorkerTerminalStateWaitsForUnpublishedFinalizerBeforeCompletion ...   Passed    0.01 sec
    Start 1084: RuntimeJobService.WorkerTerminalStateWaitsForUnpublishedFinalizerBeforeCompletion
    Test #1084: RuntimeJobService.WorkerTerminalStateWaitsForUnpublishedFinalizerBeforeCompletion ...   Passed    0.01 sec
    Start 1084: RuntimeJobService.WorkerTerminalStateWaitsForUnpublishedFinalizerBeforeCompletion
    Test #1084: RuntimeJobService.WorkerTerminalStateWaitsForUnpublishedFinalizerBeforeCompletion ...   Passed    0.01 sec
    Start 1084: RuntimeJobService.WorkerTerminalStateWaitsForUnpublishedFinalizerBeforeCompletion
    Test #1084: RuntimeJobService.WorkerTerminalStateWaitsForUnpublishedFinalizerBeforeCompletion ...   Passed    0.01 sec
    Start 1084: RuntimeJobService.WorkerTerminalStateWaitsForUnpublishedFinalizerBeforeCompletion
    Test #1084: RuntimeJobService.WorkerTerminalStateWaitsForUnpublishedFinalizerBeforeCompletion ...   Passed    0.01 sec
    Start 1084: RuntimeJobService.WorkerTerminalStateWaitsForUnpublishedFinalizerBeforeCompletion
    Test #1084: RuntimeJobService.WorkerTerminalStateWaitsForUnpublishedFinalizerBeforeCompletion ...   Passed    0.01 sec
    Start 1084: RuntimeJobService.WorkerTerminalStateWaitsForUnpublishedFinalizerBeforeCompletion
    Test #1084: RuntimeJobService.WorkerTerminalStateWaitsForUnpublishedFinalizerBeforeCompletion ...   Passed    0.01 sec
    Start 1084: RuntimeJobService.WorkerTerminalStateWaitsForUnpublishedFinalizerBeforeCompletion
    Test #1084: RuntimeJobService.WorkerTerminalStateWaitsForUnpublishedFinalizerBeforeCompletion ...   Passed    0.01 sec
    Start 1084: RuntimeJobService.WorkerTerminalStateWaitsForUnpublishedFinalizerBeforeCompletion
    Test #1084: RuntimeJobService.WorkerTerminalStateWaitsForUnpublishedFinalizerBeforeCompletion ...   Passed    0.01 sec
    Start 1084: RuntimeJobService.WorkerTerminalStateWaitsForUnpublishedFinalizerBeforeCompletion
    Test #1084: RuntimeJobService.WorkerTerminalStateWaitsForUnpublishedFinalizerBeforeCompletion ...   Passed    0.01 sec
    Start 1084: RuntimeJobService.WorkerTerminalStateWaitsForUnpublishedFinalizerBeforeCompletion
    Test #1084: RuntimeJobService.WorkerTerminalStateWaitsForUnpublishedFinalizerBeforeCompletion ...   Passed    0.01 sec
    Start 1084: RuntimeJobService.WorkerTerminalStateWaitsForUnpublishedFinalizerBeforeCompletion
    Test #1084: RuntimeJobService.WorkerTerminalStateWaitsForUnpublishedFinalizerBeforeCompletion ...   Passed    0.01 sec
    Start 1084: RuntimeJobService.WorkerTerminalStateWaitsForUnpublishedFinalizerBeforeCompletion
    Test #1084: RuntimeJobService.WorkerTerminalStateWaitsForUnpublishedFinalizerBeforeCompletion ...   Passed    0.01 sec
    Start 1084: RuntimeJobService.WorkerTerminalStateWaitsForUnpublishedFinalizerBeforeCompletion
    Test #1084: RuntimeJobService.WorkerTerminalStateWaitsForUnpublishedFinalizerBeforeCompletion ...   Passed    0.01 sec
    Start 1084: RuntimeJobService.WorkerTerminalStateWaitsForUnpublishedFinalizerBeforeCompletion
    Test #1084: RuntimeJobService.WorkerTerminalStateWaitsForUnpublishedFinalizerBeforeCompletion ...   Passed    0.01 sec
    Start 1084: RuntimeJobService.WorkerTerminalStateWaitsForUnpublishedFinalizerBeforeCompletion
    Test #1084: RuntimeJobService.WorkerTerminalStateWaitsForUnpublishedFinalizerBeforeCompletion ...   Passed    0.01 sec
    Start 1084: RuntimeJobService.WorkerTerminalStateWaitsForUnpublishedFinalizerBeforeCompletion
    Test #1084: RuntimeJobService.WorkerTerminalStateWaitsForUnpublishedFinalizerBeforeCompletion ...   Passed    0.01 sec
    Start 1084: RuntimeJobService.WorkerTerminalStateWaitsForUnpublishedFinalizerBeforeCompletion
    Test #1084: RuntimeJobService.WorkerTerminalStateWaitsForUnpublishedFinalizerBeforeCompletion ...   Passed    0.01 sec
    Start 1084: RuntimeJobService.WorkerTerminalStateWaitsForUnpublishedFinalizerBeforeCompletion
    Test #1084: RuntimeJobService.WorkerTerminalStateWaitsForUnpublishedFinalizerBeforeCompletion ...   Passed    0.01 sec
    Start 1084: RuntimeJobService.WorkerTerminalStateWaitsForUnpublishedFinalizerBeforeCompletion
    Test #1084: RuntimeJobService.WorkerTerminalStateWaitsForUnpublishedFinalizerBeforeCompletion ...   Passed    0.01 sec
    Start 1084: RuntimeJobService.WorkerTerminalStateWaitsForUnpublishedFinalizerBeforeCompletion
    Test #1084: RuntimeJobService.WorkerTerminalStateWaitsForUnpublishedFinalizerBeforeCompletion ...   Passed    0.01 sec
    Start 1084: RuntimeJobService.WorkerTerminalStateWaitsForUnpublishedFinalizerBeforeCompletion
    Test #1084: RuntimeJobService.WorkerTerminalStateWaitsForUnpublishedFinalizerBeforeCompletion ...   Passed    0.01 sec
    Start 1084: RuntimeJobService.WorkerTerminalStateWaitsForUnpublishedFinalizerBeforeCompletion
    Test #1084: RuntimeJobService.WorkerTerminalStateWaitsForUnpublishedFinalizerBeforeCompletion ...   Passed    0.01 sec
    Start 1084: RuntimeJobService.WorkerTerminalStateWaitsForUnpublishedFinalizerBeforeCompletion
    Test #1084: RuntimeJobService.WorkerTerminalStateWaitsForUnpublishedFinalizerBeforeCompletion ...   Passed    0.01 sec
    Start 1084: RuntimeJobService.WorkerTerminalStateWaitsForUnpublishedFinalizerBeforeCompletion
    Test #1084: RuntimeJobService.WorkerTerminalStateWaitsForUnpublishedFinalizerBeforeCompletion ...   Passed    0.01 sec
    Start 1084: RuntimeJobService.WorkerTerminalStateWaitsForUnpublishedFinalizerBeforeCompletion
    Test #1084: RuntimeJobService.WorkerTerminalStateWaitsForUnpublishedFinalizerBeforeCompletion ...   Passed    0.01 sec
    Start 1084: RuntimeJobService.WorkerTerminalStateWaitsForUnpublishedFinalizerBeforeCompletion
    Test #1084: RuntimeJobService.WorkerTerminalStateWaitsForUnpublishedFinalizerBeforeCompletion ...   Passed    0.01 sec
    Start 1084: RuntimeJobService.WorkerTerminalStateWaitsForUnpublishedFinalizerBeforeCompletion
    Test #1084: RuntimeJobService.WorkerTerminalStateWaitsForUnpublishedFinalizerBeforeCompletion ...   Passed    0.01 sec
    Start 1084: RuntimeJobService.WorkerTerminalStateWaitsForUnpublishedFinalizerBeforeCompletion
    Test #1084: RuntimeJobService.WorkerTerminalStateWaitsForUnpublishedFinalizerBeforeCompletion ...   Passed    0.01 sec
    Start 1084: RuntimeJobService.WorkerTerminalStateWaitsForUnpublishedFinalizerBeforeCompletion
    Test #1084: RuntimeJobService.WorkerTerminalStateWaitsForUnpublishedFinalizerBeforeCompletion ...   Passed    0.01 sec
    Start 1084: RuntimeJobService.WorkerTerminalStateWaitsForUnpublishedFinalizerBeforeCompletion
    Test #1084: RuntimeJobService.WorkerTerminalStateWaitsForUnpublishedFinalizerBeforeCompletion ...   Passed    0.01 sec
    Start 1084: RuntimeJobService.WorkerTerminalStateWaitsForUnpublishedFinalizerBeforeCompletion
    Test #1084: RuntimeJobService.WorkerTerminalStateWaitsForUnpublishedFinalizerBeforeCompletion ...   Passed    0.01 sec
    Start 1084: RuntimeJobService.WorkerTerminalStateWaitsForUnpublishedFinalizerBeforeCompletion
    Test #1084: RuntimeJobService.WorkerTerminalStateWaitsForUnpublishedFinalizerBeforeCompletion ...   Passed    0.01 sec
    Start 1084: RuntimeJobService.WorkerTerminalStateWaitsForUnpublishedFinalizerBeforeCompletion
    Test #1084: RuntimeJobService.WorkerTerminalStateWaitsForUnpublishedFinalizerBeforeCompletion ...   Passed    0.01 sec
    Start 1084: RuntimeJobService.WorkerTerminalStateWaitsForUnpublishedFinalizerBeforeCompletion
    Test #1084: RuntimeJobService.WorkerTerminalStateWaitsForUnpublishedFinalizerBeforeCompletion ...   Passed    0.01 sec
    Start 1084: RuntimeJobService.WorkerTerminalStateWaitsForUnpublishedFinalizerBeforeCompletion
    Test #1084: RuntimeJobService.WorkerTerminalStateWaitsForUnpublishedFinalizerBeforeCompletion ...   Passed    0.01 sec
    Start 1084: RuntimeJobService.WorkerTerminalStateWaitsForUnpublishedFinalizerBeforeCompletion
    Test #1084: RuntimeJobService.WorkerTerminalStateWaitsForUnpublishedFinalizerBeforeCompletion ...   Passed    0.01 sec
    Start 1084: RuntimeJobService.WorkerTerminalStateWaitsForUnpublishedFinalizerBeforeCompletion
    Test #1084: RuntimeJobService.WorkerTerminalStateWaitsForUnpublishedFinalizerBeforeCompletion ...   Passed    0.01 sec
    Start 1084: RuntimeJobService.WorkerTerminalStateWaitsForUnpublishedFinalizerBeforeCompletion
    Test #1084: RuntimeJobService.WorkerTerminalStateWaitsForUnpublishedFinalizerBeforeCompletion ...   Passed    0.01 sec
    Start 1084: RuntimeJobService.WorkerTerminalStateWaitsForUnpublishedFinalizerBeforeCompletion
    Test #1084: RuntimeJobService.WorkerTerminalStateWaitsForUnpublishedFinalizerBeforeCompletion ...   Passed    0.01 sec
    Start 1084: RuntimeJobService.WorkerTerminalStateWaitsForUnpublishedFinalizerBeforeCompletion
    Test #1084: RuntimeJobService.WorkerTerminalStateWaitsForUnpublishedFinalizerBeforeCompletion ...   Passed    0.01 sec
    Start 1084: RuntimeJobService.WorkerTerminalStateWaitsForUnpublishedFinalizerBeforeCompletion
    Test #1084: RuntimeJobService.WorkerTerminalStateWaitsForUnpublishedFinalizerBeforeCompletion ...   Passed    0.01 sec
    Start 1084: RuntimeJobService.WorkerTerminalStateWaitsForUnpublishedFinalizerBeforeCompletion
    Test #1084: RuntimeJobService.WorkerTerminalStateWaitsForUnpublishedFinalizerBeforeCompletion ...   Passed    0.01 sec
    Start 1084: RuntimeJobService.WorkerTerminalStateWaitsForUnpublishedFinalizerBeforeCompletion
    Test #1084: RuntimeJobService.WorkerTerminalStateWaitsForUnpublishedFinalizerBeforeCompletion ...   Passed    0.01 sec
    Start 1084: RuntimeJobService.WorkerTerminalStateWaitsForUnpublishedFinalizerBeforeCompletion
    Test #1084: RuntimeJobService.WorkerTerminalStateWaitsForUnpublishedFinalizerBeforeCompletion ...   Passed    0.01 sec
    Start 1084: RuntimeJobService.WorkerTerminalStateWaitsForUnpublishedFinalizerBeforeCompletion
    Test #1084: RuntimeJobService.WorkerTerminalStateWaitsForUnpublishedFinalizerBeforeCompletion ...   Passed    0.01 sec
    Start 1084: RuntimeJobService.WorkerTerminalStateWaitsForUnpublishedFinalizerBeforeCompletion
    Test #1084: RuntimeJobService.WorkerTerminalStateWaitsForUnpublishedFinalizerBeforeCompletion ...   Passed    0.01 sec
    Start 1084: RuntimeJobService.WorkerTerminalStateWaitsForUnpublishedFinalizerBeforeCompletion
    Test #1084: RuntimeJobService.WorkerTerminalStateWaitsForUnpublishedFinalizerBeforeCompletion ...   Passed    0.01 sec
    Start 1084: RuntimeJobService.WorkerTerminalStateWaitsForUnpublishedFinalizerBeforeCompletion
    Test #1084: RuntimeJobService.WorkerTerminalStateWaitsForUnpublishedFinalizerBeforeCompletion ...   Passed    0.01 sec
    Start 1084: RuntimeJobService.WorkerTerminalStateWaitsForUnpublishedFinalizerBeforeCompletion
    Test #1084: RuntimeJobService.WorkerTerminalStateWaitsForUnpublishedFinalizerBeforeCompletion ...   Passed    0.01 sec
    Start 1084: RuntimeJobService.WorkerTerminalStateWaitsForUnpublishedFinalizerBeforeCompletion
    Test #1084: RuntimeJobService.WorkerTerminalStateWaitsForUnpublishedFinalizerBeforeCompletion ...   Passed    0.01 sec
    Start 1084: RuntimeJobService.WorkerTerminalStateWaitsForUnpublishedFinalizerBeforeCompletion
    Test #1084: RuntimeJobService.WorkerTerminalStateWaitsForUnpublishedFinalizerBeforeCompletion ...   Passed    0.01 sec
    Start 1084: RuntimeJobService.WorkerTerminalStateWaitsForUnpublishedFinalizerBeforeCompletion
    Test #1084: RuntimeJobService.WorkerTerminalStateWaitsForUnpublishedFinalizerBeforeCompletion ...   Passed    0.01 sec
    Start 1084: RuntimeJobService.WorkerTerminalStateWaitsForUnpublishedFinalizerBeforeCompletion
    Test #1084: RuntimeJobService.WorkerTerminalStateWaitsForUnpublishedFinalizerBeforeCompletion ...   Passed    0.01 sec
    Start 1084: RuntimeJobService.WorkerTerminalStateWaitsForUnpublishedFinalizerBeforeCompletion
    Test #1084: RuntimeJobService.WorkerTerminalStateWaitsForUnpublishedFinalizerBeforeCompletion ...   Passed    0.01 sec
    Start 1084: RuntimeJobService.WorkerTerminalStateWaitsForUnpublishedFinalizerBeforeCompletion
    Test #1084: RuntimeJobService.WorkerTerminalStateWaitsForUnpublishedFinalizerBeforeCompletion ...   Passed    0.01 sec
    Start 1084: RuntimeJobService.WorkerTerminalStateWaitsForUnpublishedFinalizerBeforeCompletion
    Test #1084: RuntimeJobService.WorkerTerminalStateWaitsForUnpublishedFinalizerBeforeCompletion ...   Passed    0.01 sec
    Start 1084: RuntimeJobService.WorkerTerminalStateWaitsForUnpublishedFinalizerBeforeCompletion
    Test #1084: RuntimeJobService.WorkerTerminalStateWaitsForUnpublishedFinalizerBeforeCompletion ...   Passed    0.01 sec
    Start 1084: RuntimeJobService.WorkerTerminalStateWaitsForUnpublishedFinalizerBeforeCompletion
    Test #1084: RuntimeJobService.WorkerTerminalStateWaitsForUnpublishedFinalizerBeforeCompletion ...   Passed    0.01 sec
    Start 1084: RuntimeJobService.WorkerTerminalStateWaitsForUnpublishedFinalizerBeforeCompletion
    Test #1084: RuntimeJobService.WorkerTerminalStateWaitsForUnpublishedFinalizerBeforeCompletion ...   Passed    0.01 sec
    Start 1084: RuntimeJobService.WorkerTerminalStateWaitsForUnpublishedFinalizerBeforeCompletion
    Test #1084: RuntimeJobService.WorkerTerminalStateWaitsForUnpublishedFinalizerBeforeCompletion ...   Passed    0.01 sec
    Start 1084: RuntimeJobService.WorkerTerminalStateWaitsForUnpublishedFinalizerBeforeCompletion
    Test #1084: RuntimeJobService.WorkerTerminalStateWaitsForUnpublishedFinalizerBeforeCompletion ...   Passed    0.01 sec
    Start 1084: RuntimeJobService.WorkerTerminalStateWaitsForUnpublishedFinalizerBeforeCompletion
    Test #1084: RuntimeJobService.WorkerTerminalStateWaitsForUnpublishedFinalizerBeforeCompletion ...   Passed    0.01 sec
    Start 1084: RuntimeJobService.WorkerTerminalStateWaitsForUnpublishedFinalizerBeforeCompletion
    Test #1084: RuntimeJobService.WorkerTerminalStateWaitsForUnpublishedFinalizerBeforeCompletion ...   Passed    0.01 sec
    Start 1084: RuntimeJobService.WorkerTerminalStateWaitsForUnpublishedFinalizerBeforeCompletion
    Test #1084: RuntimeJobService.WorkerTerminalStateWaitsForUnpublishedFinalizerBeforeCompletion ...   Passed    0.01 sec
    Start 1084: RuntimeJobService.WorkerTerminalStateWaitsForUnpublishedFinalizerBeforeCompletion
    Test #1084: RuntimeJobService.WorkerTerminalStateWaitsForUnpublishedFinalizerBeforeCompletion ...   Passed    0.01 sec
    Start 1084: RuntimeJobService.WorkerTerminalStateWaitsForUnpublishedFinalizerBeforeCompletion
    Test #1084: RuntimeJobService.WorkerTerminalStateWaitsForUnpublishedFinalizerBeforeCompletion ...   Passed    0.01 sec
    Start 1084: RuntimeJobService.WorkerTerminalStateWaitsForUnpublishedFinalizerBeforeCompletion
    Test #1084: RuntimeJobService.WorkerTerminalStateWaitsForUnpublishedFinalizerBeforeCompletion ...   Passed    0.01 sec
    Start 1084: RuntimeJobService.WorkerTerminalStateWaitsForUnpublishedFinalizerBeforeCompletion
    Test #1084: RuntimeJobService.WorkerTerminalStateWaitsForUnpublishedFinalizerBeforeCompletion ...   Passed    0.01 sec
    Start 1084: RuntimeJobService.WorkerTerminalStateWaitsForUnpublishedFinalizerBeforeCompletion
1/2 Test #1084: RuntimeJobService.WorkerTerminalStateWaitsForUnpublishedFinalizerBeforeCompletion ...   Passed    0.01 sec
    Start 1180: RuntimeJobService.WorkerTerminalStateWaitsForUnpublishedFinalizerBeforeCompletion
    Test #1180: RuntimeJobService.WorkerTerminalStateWaitsForUnpublishedFinalizerBeforeCompletion ...   Passed    0.01 sec
    Start 1180: RuntimeJobService.WorkerTerminalStateWaitsForUnpublishedFinalizerBeforeCompletion
    Test #1180: RuntimeJobService.WorkerTerminalStateWaitsForUnpublishedFinalizerBeforeCompletion ...   Passed    0.01 sec
    Start 1180: RuntimeJobService.WorkerTerminalStateWaitsForUnpublishedFinalizerBeforeCompletion
    Test #1180: RuntimeJobService.WorkerTerminalStateWaitsForUnpublishedFinalizerBeforeCompletion ...   Passed    0.01 sec
    Start 1180: RuntimeJobService.WorkerTerminalStateWaitsForUnpublishedFinalizerBeforeCompletion
    Test #1180: RuntimeJobService.WorkerTerminalStateWaitsForUnpublishedFinalizerBeforeCompletion ...   Passed    0.01 sec
    Start 1180: RuntimeJobService.WorkerTerminalStateWaitsForUnpublishedFinalizerBeforeCompletion
    Test #1180: RuntimeJobService.WorkerTerminalStateWaitsForUnpublishedFinalizerBeforeCompletion ...   Passed    0.01 sec
    Start 1180: RuntimeJobService.WorkerTerminalStateWaitsForUnpublishedFinalizerBeforeCompletion
    Test #1180: RuntimeJobService.WorkerTerminalStateWaitsForUnpublishedFinalizerBeforeCompletion ...   Passed    0.01 sec
    Start 1180: RuntimeJobService.WorkerTerminalStateWaitsForUnpublishedFinalizerBeforeCompletion
    Test #1180: RuntimeJobService.WorkerTerminalStateWaitsForUnpublishedFinalizerBeforeCompletion ...   Passed    0.01 sec
    Start 1180: RuntimeJobService.WorkerTerminalStateWaitsForUnpublishedFinalizerBeforeCompletion
    Test #1180: RuntimeJobService.WorkerTerminalStateWaitsForUnpublishedFinalizerBeforeCompletion ...   Passed    0.01 sec
    Start 1180: RuntimeJobService.WorkerTerminalStateWaitsForUnpublishedFinalizerBeforeCompletion
    Test #1180: RuntimeJobService.WorkerTerminalStateWaitsForUnpublishedFinalizerBeforeCompletion ...   Passed    0.01 sec
    Start 1180: RuntimeJobService.WorkerTerminalStateWaitsForUnpublishedFinalizerBeforeCompletion
    Test #1180: RuntimeJobService.WorkerTerminalStateWaitsForUnpublishedFinalizerBeforeCompletion ...   Passed    0.01 sec
    Start 1180: RuntimeJobService.WorkerTerminalStateWaitsForUnpublishedFinalizerBeforeCompletion
    Test #1180: RuntimeJobService.WorkerTerminalStateWaitsForUnpublishedFinalizerBeforeCompletion ...   Passed    0.01 sec
    Start 1180: RuntimeJobService.WorkerTerminalStateWaitsForUnpublishedFinalizerBeforeCompletion
    Test #1180: RuntimeJobService.WorkerTerminalStateWaitsForUnpublishedFinalizerBeforeCompletion ...   Passed    0.01 sec
    Start 1180: RuntimeJobService.WorkerTerminalStateWaitsForUnpublishedFinalizerBeforeCompletion
    Test #1180: RuntimeJobService.WorkerTerminalStateWaitsForUnpublishedFinalizerBeforeCompletion ...   Passed    0.01 sec
    Start 1180: RuntimeJobService.WorkerTerminalStateWaitsForUnpublishedFinalizerBeforeCompletion
    Test #1180: RuntimeJobService.WorkerTerminalStateWaitsForUnpublishedFinalizerBeforeCompletion ...   Passed    0.01 sec
    Start 1180: RuntimeJobService.WorkerTerminalStateWaitsForUnpublishedFinalizerBeforeCompletion
    Test #1180: RuntimeJobService.WorkerTerminalStateWaitsForUnpublishedFinalizerBeforeCompletion ...   Passed    0.01 sec
    Start 1180: RuntimeJobService.WorkerTerminalStateWaitsForUnpublishedFinalizerBeforeCompletion
    Test #1180: RuntimeJobService.WorkerTerminalStateWaitsForUnpublishedFinalizerBeforeCompletion ...   Passed    0.01 sec
    Start 1180: RuntimeJobService.WorkerTerminalStateWaitsForUnpublishedFinalizerBeforeCompletion
    Test #1180: RuntimeJobService.WorkerTerminalStateWaitsForUnpublishedFinalizerBeforeCompletion ...   Passed    0.01 sec
    Start 1180: RuntimeJobService.WorkerTerminalStateWaitsForUnpublishedFinalizerBeforeCompletion
    Test #1180: RuntimeJobService.WorkerTerminalStateWaitsForUnpublishedFinalizerBeforeCompletion ...   Passed    0.01 sec
    Start 1180: RuntimeJobService.WorkerTerminalStateWaitsForUnpublishedFinalizerBeforeCompletion
    Test #1180: RuntimeJobService.WorkerTerminalStateWaitsForUnpublishedFinalizerBeforeCompletion ...   Passed    0.01 sec
    Start 1180: RuntimeJobService.WorkerTerminalStateWaitsForUnpublishedFinalizerBeforeCompletion
    Test #1180: RuntimeJobService.WorkerTerminalStateWaitsForUnpublishedFinalizerBeforeCompletion ...   Passed    0.01 sec
    Start 1180: RuntimeJobService.WorkerTerminalStateWaitsForUnpublishedFinalizerBeforeCompletion
    Test #1180: RuntimeJobService.WorkerTerminalStateWaitsForUnpublishedFinalizerBeforeCompletion ...   Passed    0.01 sec
    Start 1180: RuntimeJobService.WorkerTerminalStateWaitsForUnpublishedFinalizerBeforeCompletion
    Test #1180: RuntimeJobService.WorkerTerminalStateWaitsForUnpublishedFinalizerBeforeCompletion ...   Passed    0.01 sec
    Start 1180: RuntimeJobService.WorkerTerminalStateWaitsForUnpublishedFinalizerBeforeCompletion
    Test #1180: RuntimeJobService.WorkerTerminalStateWaitsForUnpublishedFinalizerBeforeCompletion ...   Passed    0.01 sec
    Start 1180: RuntimeJobService.WorkerTerminalStateWaitsForUnpublishedFinalizerBeforeCompletion
    Test #1180: RuntimeJobService.WorkerTerminalStateWaitsForUnpublishedFinalizerBeforeCompletion ...   Passed    0.01 sec
    Start 1180: RuntimeJobService.WorkerTerminalStateWaitsForUnpublishedFinalizerBeforeCompletion
    Test #1180: RuntimeJobService.WorkerTerminalStateWaitsForUnpublishedFinalizerBeforeCompletion ...   Passed    0.01 sec
    Start 1180: RuntimeJobService.WorkerTerminalStateWaitsForUnpublishedFinalizerBeforeCompletion
    Test #1180: RuntimeJobService.WorkerTerminalStateWaitsForUnpublishedFinalizerBeforeCompletion ...   Passed    0.01 sec
    Start 1180: RuntimeJobService.WorkerTerminalStateWaitsForUnpublishedFinalizerBeforeCompletion
    Test #1180: RuntimeJobService.WorkerTerminalStateWaitsForUnpublishedFinalizerBeforeCompletion ...   Passed    0.01 sec
    Start 1180: RuntimeJobService.WorkerTerminalStateWaitsForUnpublishedFinalizerBeforeCompletion
    Test #1180: RuntimeJobService.WorkerTerminalStateWaitsForUnpublishedFinalizerBeforeCompletion ...   Passed    0.01 sec
    Start 1180: RuntimeJobService.WorkerTerminalStateWaitsForUnpublishedFinalizerBeforeCompletion
    Test #1180: RuntimeJobService.WorkerTerminalStateWaitsForUnpublishedFinalizerBeforeCompletion ...   Passed    0.01 sec
    Start 1180: RuntimeJobService.WorkerTerminalStateWaitsForUnpublishedFinalizerBeforeCompletion
    Test #1180: RuntimeJobService.WorkerTerminalStateWaitsForUnpublishedFinalizerBeforeCompletion ...   Passed    0.01 sec
    Start 1180: RuntimeJobService.WorkerTerminalStateWaitsForUnpublishedFinalizerBeforeCompletion
    Test #1180: RuntimeJobService.WorkerTerminalStateWaitsForUnpublishedFinalizerBeforeCompletion ...   Passed    0.01 sec
    Start 1180: RuntimeJobService.WorkerTerminalStateWaitsForUnpublishedFinalizerBeforeCompletion
    Test #1180: RuntimeJobService.WorkerTerminalStateWaitsForUnpublishedFinalizerBeforeCompletion ...   Passed    0.01 sec
    Start 1180: RuntimeJobService.WorkerTerminalStateWaitsForUnpublishedFinalizerBeforeCompletion
    Test #1180: RuntimeJobService.WorkerTerminalStateWaitsForUnpublishedFinalizerBeforeCompletion ...   Passed    0.01 sec
    Start 1180: RuntimeJobService.WorkerTerminalStateWaitsForUnpublishedFinalizerBeforeCompletion
    Test #1180: RuntimeJobService.WorkerTerminalStateWaitsForUnpublishedFinalizerBeforeCompletion ...   Passed    0.01 sec
    Start 1180: RuntimeJobService.WorkerTerminalStateWaitsForUnpublishedFinalizerBeforeCompletion
    Test #1180: RuntimeJobService.WorkerTerminalStateWaitsForUnpublishedFinalizerBeforeCompletion ...   Passed    0.01 sec
    Start 1180: RuntimeJobService.WorkerTerminalStateWaitsForUnpublishedFinalizerBeforeCompletion
    Test #1180: RuntimeJobService.WorkerTerminalStateWaitsForUnpublishedFinalizerBeforeCompletion ...   Passed    0.01 sec
    Start 1180: RuntimeJobService.WorkerTerminalStateWaitsForUnpublishedFinalizerBeforeCompletion
    Test #1180: RuntimeJobService.WorkerTerminalStateWaitsForUnpublishedFinalizerBeforeCompletion ...   Passed    0.01 sec
    Start 1180: RuntimeJobService.WorkerTerminalStateWaitsForUnpublishedFinalizerBeforeCompletion
    Test #1180: RuntimeJobService.WorkerTerminalStateWaitsForUnpublishedFinalizerBeforeCompletion ...   Passed    0.01 sec
    Start 1180: RuntimeJobService.WorkerTerminalStateWaitsForUnpublishedFinalizerBeforeCompletion
    Test #1180: RuntimeJobService.WorkerTerminalStateWaitsForUnpublishedFinalizerBeforeCompletion ...   Passed    0.01 sec
    Start 1180: RuntimeJobService.WorkerTerminalStateWaitsForUnpublishedFinalizerBeforeCompletion
    Test #1180: RuntimeJobService.WorkerTerminalStateWaitsForUnpublishedFinalizerBeforeCompletion ...   Passed    0.01 sec
    Start 1180: RuntimeJobService.WorkerTerminalStateWaitsForUnpublishedFinalizerBeforeCompletion
    Test #1180: RuntimeJobService.WorkerTerminalStateWaitsForUnpublishedFinalizerBeforeCompletion ...   Passed    0.01 sec
    Start 1180: RuntimeJobService.WorkerTerminalStateWaitsForUnpublishedFinalizerBeforeCompletion
    Test #1180: RuntimeJobService.WorkerTerminalStateWaitsForUnpublishedFinalizerBeforeCompletion ...   Passed    0.01 sec
    Start 1180: RuntimeJobService.WorkerTerminalStateWaitsForUnpublishedFinalizerBeforeCompletion
    Test #1180: RuntimeJobService.WorkerTerminalStateWaitsForUnpublishedFinalizerBeforeCompletion ...   Passed    0.01 sec
    Start 1180: RuntimeJobService.WorkerTerminalStateWaitsForUnpublishedFinalizerBeforeCompletion
    Test #1180: RuntimeJobService.WorkerTerminalStateWaitsForUnpublishedFinalizerBeforeCompletion ...   Passed    0.01 sec
    Start 1180: RuntimeJobService.WorkerTerminalStateWaitsForUnpublishedFinalizerBeforeCompletion
    Test #1180: RuntimeJobService.WorkerTerminalStateWaitsForUnpublishedFinalizerBeforeCompletion ...   Passed    0.01 sec
    Start 1180: RuntimeJobService.WorkerTerminalStateWaitsForUnpublishedFinalizerBeforeCompletion
    Test #1180: RuntimeJobService.WorkerTerminalStateWaitsForUnpublishedFinalizerBeforeCompletion ...   Passed    0.01 sec
    Start 1180: RuntimeJobService.WorkerTerminalStateWaitsForUnpublishedFinalizerBeforeCompletion
    Test #1180: RuntimeJobService.WorkerTerminalStateWaitsForUnpublishedFinalizerBeforeCompletion ...   Passed    0.01 sec
    Start 1180: RuntimeJobService.WorkerTerminalStateWaitsForUnpublishedFinalizerBeforeCompletion
    Test #1180: RuntimeJobService.WorkerTerminalStateWaitsForUnpublishedFinalizerBeforeCompletion ...   Passed    0.01 sec
    Start 1180: RuntimeJobService.WorkerTerminalStateWaitsForUnpublishedFinalizerBeforeCompletion
    Test #1180: RuntimeJobService.WorkerTerminalStateWaitsForUnpublishedFinalizerBeforeCompletion ...   Passed    0.01 sec
    Start 1180: RuntimeJobService.WorkerTerminalStateWaitsForUnpublishedFinalizerBeforeCompletion
    Test #1180: RuntimeJobService.WorkerTerminalStateWaitsForUnpublishedFinalizerBeforeCompletion ...   Passed    0.01 sec
    Start 1180: RuntimeJobService.WorkerTerminalStateWaitsForUnpublishedFinalizerBeforeCompletion
    Test #1180: RuntimeJobService.WorkerTerminalStateWaitsForUnpublishedFinalizerBeforeCompletion ...   Passed    0.01 sec
    Start 1180: RuntimeJobService.WorkerTerminalStateWaitsForUnpublishedFinalizerBeforeCompletion
    Test #1180: RuntimeJobService.WorkerTerminalStateWaitsForUnpublishedFinalizerBeforeCompletion ...   Passed    0.01 sec
    Start 1180: RuntimeJobService.WorkerTerminalStateWaitsForUnpublishedFinalizerBeforeCompletion
    Test #1180: RuntimeJobService.WorkerTerminalStateWaitsForUnpublishedFinalizerBeforeCompletion ...   Passed    0.01 sec
    Start 1180: RuntimeJobService.WorkerTerminalStateWaitsForUnpublishedFinalizerBeforeCompletion
    Test #1180: RuntimeJobService.WorkerTerminalStateWaitsForUnpublishedFinalizerBeforeCompletion ...   Passed    0.01 sec
    Start 1180: RuntimeJobService.WorkerTerminalStateWaitsForUnpublishedFinalizerBeforeCompletion
    Test #1180: RuntimeJobService.WorkerTerminalStateWaitsForUnpublishedFinalizerBeforeCompletion ...   Passed    0.01 sec
    Start 1180: RuntimeJobService.WorkerTerminalStateWaitsForUnpublishedFinalizerBeforeCompletion
    Test #1180: RuntimeJobService.WorkerTerminalStateWaitsForUnpublishedFinalizerBeforeCompletion ...   Passed    0.01 sec
    Start 1180: RuntimeJobService.WorkerTerminalStateWaitsForUnpublishedFinalizerBeforeCompletion
    Test #1180: RuntimeJobService.WorkerTerminalStateWaitsForUnpublishedFinalizerBeforeCompletion ...   Passed    0.01 sec
    Start 1180: RuntimeJobService.WorkerTerminalStateWaitsForUnpublishedFinalizerBeforeCompletion
    Test #1180: RuntimeJobService.WorkerTerminalStateWaitsForUnpublishedFinalizerBeforeCompletion ...   Passed    0.01 sec
    Start 1180: RuntimeJobService.WorkerTerminalStateWaitsForUnpublishedFinalizerBeforeCompletion
    Test #1180: RuntimeJobService.WorkerTerminalStateWaitsForUnpublishedFinalizerBeforeCompletion ...   Passed    0.01 sec
    Start 1180: RuntimeJobService.WorkerTerminalStateWaitsForUnpublishedFinalizerBeforeCompletion
    Test #1180: RuntimeJobService.WorkerTerminalStateWaitsForUnpublishedFinalizerBeforeCompletion ...   Passed    0.01 sec
    Start 1180: RuntimeJobService.WorkerTerminalStateWaitsForUnpublishedFinalizerBeforeCompletion
    Test #1180: RuntimeJobService.WorkerTerminalStateWaitsForUnpublishedFinalizerBeforeCompletion ...   Passed    0.01 sec
    Start 1180: RuntimeJobService.WorkerTerminalStateWaitsForUnpublishedFinalizerBeforeCompletion
    Test #1180: RuntimeJobService.WorkerTerminalStateWaitsForUnpublishedFinalizerBeforeCompletion ...   Passed    0.01 sec
    Start 1180: RuntimeJobService.WorkerTerminalStateWaitsForUnpublishedFinalizerBeforeCompletion
    Test #1180: RuntimeJobService.WorkerTerminalStateWaitsForUnpublishedFinalizerBeforeCompletion ...   Passed    0.01 sec
    Start 1180: RuntimeJobService.WorkerTerminalStateWaitsForUnpublishedFinalizerBeforeCompletion
    Test #1180: RuntimeJobService.WorkerTerminalStateWaitsForUnpublishedFinalizerBeforeCompletion ...   Passed    0.01 sec
    Start 1180: RuntimeJobService.WorkerTerminalStateWaitsForUnpublishedFinalizerBeforeCompletion
    Test #1180: RuntimeJobService.WorkerTerminalStateWaitsForUnpublishedFinalizerBeforeCompletion ...   Passed    0.01 sec
    Start 1180: RuntimeJobService.WorkerTerminalStateWaitsForUnpublishedFinalizerBeforeCompletion
    Test #1180: RuntimeJobService.WorkerTerminalStateWaitsForUnpublishedFinalizerBeforeCompletion ...   Passed    0.01 sec
    Start 1180: RuntimeJobService.WorkerTerminalStateWaitsForUnpublishedFinalizerBeforeCompletion
    Test #1180: RuntimeJobService.WorkerTerminalStateWaitsForUnpublishedFinalizerBeforeCompletion ...   Passed    0.01 sec
    Start 1180: RuntimeJobService.WorkerTerminalStateWaitsForUnpublishedFinalizerBeforeCompletion
    Test #1180: RuntimeJobService.WorkerTerminalStateWaitsForUnpublishedFinalizerBeforeCompletion ...   Passed    0.01 sec
    Start 1180: RuntimeJobService.WorkerTerminalStateWaitsForUnpublishedFinalizerBeforeCompletion
    Test #1180: RuntimeJobService.WorkerTerminalStateWaitsForUnpublishedFinalizerBeforeCompletion ...   Passed    0.01 sec
    Start 1180: RuntimeJobService.WorkerTerminalStateWaitsForUnpublishedFinalizerBeforeCompletion
    Test #1180: RuntimeJobService.WorkerTerminalStateWaitsForUnpublishedFinalizerBeforeCompletion ...   Passed    0.01 sec
    Start 1180: RuntimeJobService.WorkerTerminalStateWaitsForUnpublishedFinalizerBeforeCompletion
    Test #1180: RuntimeJobService.WorkerTerminalStateWaitsForUnpublishedFinalizerBeforeCompletion ...   Passed    0.01 sec
    Start 1180: RuntimeJobService.WorkerTerminalStateWaitsForUnpublishedFinalizerBeforeCompletion
    Test #1180: RuntimeJobService.WorkerTerminalStateWaitsForUnpublishedFinalizerBeforeCompletion ...   Passed    0.01 sec
    Start 1180: RuntimeJobService.WorkerTerminalStateWaitsForUnpublishedFinalizerBeforeCompletion
    Test #1180: RuntimeJobService.WorkerTerminalStateWaitsForUnpublishedFinalizerBeforeCompletion ...   Passed    0.01 sec
    Start 1180: RuntimeJobService.WorkerTerminalStateWaitsForUnpublishedFinalizerBeforeCompletion
    Test #1180: RuntimeJobService.WorkerTerminalStateWaitsForUnpublishedFinalizerBeforeCompletion ...   Passed    0.01 sec
    Start 1180: RuntimeJobService.WorkerTerminalStateWaitsForUnpublishedFinalizerBeforeCompletion
    Test #1180: RuntimeJobService.WorkerTerminalStateWaitsForUnpublishedFinalizerBeforeCompletion ...   Passed    0.01 sec
    Start 1180: RuntimeJobService.WorkerTerminalStateWaitsForUnpublishedFinalizerBeforeCompletion
    Test #1180: RuntimeJobService.WorkerTerminalStateWaitsForUnpublishedFinalizerBeforeCompletion ...   Passed    0.01 sec
    Start 1180: RuntimeJobService.WorkerTerminalStateWaitsForUnpublishedFinalizerBeforeCompletion
    Test #1180: RuntimeJobService.WorkerTerminalStateWaitsForUnpublishedFinalizerBeforeCompletion ...   Passed    0.01 sec
    Start 1180: RuntimeJobService.WorkerTerminalStateWaitsForUnpublishedFinalizerBeforeCompletion
    Test #1180: RuntimeJobService.WorkerTerminalStateWaitsForUnpublishedFinalizerBeforeCompletion ...   Passed    0.01 sec
    Start 1180: RuntimeJobService.WorkerTerminalStateWaitsForUnpublishedFinalizerBeforeCompletion
    Test #1180: RuntimeJobService.WorkerTerminalStateWaitsForUnpublishedFinalizerBeforeCompletion ...   Passed    0.01 sec
    Start 1180: RuntimeJobService.WorkerTerminalStateWaitsForUnpublishedFinalizerBeforeCompletion
    Test #1180: RuntimeJobService.WorkerTerminalStateWaitsForUnpublishedFinalizerBeforeCompletion ...   Passed    0.01 sec
    Start 1180: RuntimeJobService.WorkerTerminalStateWaitsForUnpublishedFinalizerBeforeCompletion
    Test #1180: RuntimeJobService.WorkerTerminalStateWaitsForUnpublishedFinalizerBeforeCompletion ...   Passed    0.01 sec
    Start 1180: RuntimeJobService.WorkerTerminalStateWaitsForUnpublishedFinalizerBeforeCompletion
    Test #1180: RuntimeJobService.WorkerTerminalStateWaitsForUnpublishedFinalizerBeforeCompletion ...   Passed    0.01 sec
    Start 1180: RuntimeJobService.WorkerTerminalStateWaitsForUnpublishedFinalizerBeforeCompletion
    Test #1180: RuntimeJobService.WorkerTerminalStateWaitsForUnpublishedFinalizerBeforeCompletion ...   Passed    0.01 sec
    Start 1180: RuntimeJobService.WorkerTerminalStateWaitsForUnpublishedFinalizerBeforeCompletion
    Test #1180: RuntimeJobService.WorkerTerminalStateWaitsForUnpublishedFinalizerBeforeCompletion ...   Passed    0.01 sec
    Start 1180: RuntimeJobService.WorkerTerminalStateWaitsForUnpublishedFinalizerBeforeCompletion
    Test #1180: RuntimeJobService.WorkerTerminalStateWaitsForUnpublishedFinalizerBeforeCompletion ...   Passed    0.01 sec
    Start 1180: RuntimeJobService.WorkerTerminalStateWaitsForUnpublishedFinalizerBeforeCompletion
    Test #1180: RuntimeJobService.WorkerTerminalStateWaitsForUnpublishedFinalizerBeforeCompletion ...   Passed    0.01 sec
    Start 1180: RuntimeJobService.WorkerTerminalStateWaitsForUnpublishedFinalizerBeforeCompletion
    Test #1180: RuntimeJobService.WorkerTerminalStateWaitsForUnpublishedFinalizerBeforeCompletion ...   Passed    0.01 sec
    Start 1180: RuntimeJobService.WorkerTerminalStateWaitsForUnpublishedFinalizerBeforeCompletion
    Test #1180: RuntimeJobService.WorkerTerminalStateWaitsForUnpublishedFinalizerBeforeCompletion ...   Passed    0.01 sec
    Start 1180: RuntimeJobService.WorkerTerminalStateWaitsForUnpublishedFinalizerBeforeCompletion
    Test #1180: RuntimeJobService.WorkerTerminalStateWaitsForUnpublishedFinalizerBeforeCompletion ...   Passed    0.01 sec
    Start 1180: RuntimeJobService.WorkerTerminalStateWaitsForUnpublishedFinalizerBeforeCompletion
    Test #1180: RuntimeJobService.WorkerTerminalStateWaitsForUnpublishedFinalizerBeforeCompletion ...   Passed    0.01 sec
    Start 1180: RuntimeJobService.WorkerTerminalStateWaitsForUnpublishedFinalizerBeforeCompletion
    Test #1180: RuntimeJobService.WorkerTerminalStateWaitsForUnpublishedFinalizerBeforeCompletion ...   Passed    0.01 sec
    Start 1180: RuntimeJobService.WorkerTerminalStateWaitsForUnpublishedFinalizerBeforeCompletion
    Test #1180: RuntimeJobService.WorkerTerminalStateWaitsForUnpublishedFinalizerBeforeCompletion ...   Passed    0.01 sec
    Start 1180: RuntimeJobService.WorkerTerminalStateWaitsForUnpublishedFinalizerBeforeCompletion
    Test #1180: RuntimeJobService.WorkerTerminalStateWaitsForUnpublishedFinalizerBeforeCompletion ...   Passed    0.01 sec
    Start 1180: RuntimeJobService.WorkerTerminalStateWaitsForUnpublishedFinalizerBeforeCompletion
    Test #1180: RuntimeJobService.WorkerTerminalStateWaitsForUnpublishedFinalizerBeforeCompletion ...   Passed    0.01 sec
    Start 1180: RuntimeJobService.WorkerTerminalStateWaitsForUnpublishedFinalizerBeforeCompletion
    Test #1180: RuntimeJobService.WorkerTerminalStateWaitsForUnpublishedFinalizerBeforeCompletion ...   Passed    0.01 sec
    Start 1180: RuntimeJobService.WorkerTerminalStateWaitsForUnpublishedFinalizerBeforeCompletion
    Test #1180: RuntimeJobService.WorkerTerminalStateWaitsForUnpublishedFinalizerBeforeCompletion ...   Passed    0.01 sec
    Start 1180: RuntimeJobService.WorkerTerminalStateWaitsForUnpublishedFinalizerBeforeCompletion
    Test #1180: RuntimeJobService.WorkerTerminalStateWaitsForUnpublishedFinalizerBeforeCompletion ...   Passed    0.01 sec
    Start 1180: RuntimeJobService.WorkerTerminalStateWaitsForUnpublishedFinalizerBeforeCompletion
    Test #1180: RuntimeJobService.WorkerTerminalStateWaitsForUnpublishedFinalizerBeforeCompletion ...   Passed    0.01 sec
    Start 1180: RuntimeJobService.WorkerTerminalStateWaitsForUnpublishedFinalizerBeforeCompletion
    Test #1180: RuntimeJobService.WorkerTerminalStateWaitsForUnpublishedFinalizerBeforeCompletion ...   Passed    0.01 sec
    Start 1180: RuntimeJobService.WorkerTerminalStateWaitsForUnpublishedFinalizerBeforeCompletion
2/2 Test #1180: RuntimeJobService.WorkerTerminalStateWaitsForUnpublishedFinalizerBeforeCompletion ...   Passed    0.01 sec

100% tests passed, 0 tests failed out of 2

Label Time Summary:
contract    =   0.03 sec*proc (2 tests)
runtime     =   0.03 sec*proc (2 tests)

Total Test time (real) =   3.66 sec
