Internal ctest changing into directory: /tmp/intrinsic-geometry-e2e.GJlhXS/build/ci
Test project /tmp/intrinsic-geometry-e2e.GJlhXS/build/ci
    Start 1230: RuntimeSceneLifecycle.RetiredQueuedSceneSavePublishesTerminalEvent
    Test #1230: RuntimeSceneLifecycle.RetiredQueuedSceneSavePublishesTerminalEvent ...   Passed    0.04 sec
    Start 1230: RuntimeSceneLifecycle.RetiredQueuedSceneSavePublishesTerminalEvent
    Test #1230: RuntimeSceneLifecycle.RetiredQueuedSceneSavePublishesTerminalEvent ...   Passed    0.04 sec
    Start 1230: RuntimeSceneLifecycle.RetiredQueuedSceneSavePublishesTerminalEvent
    Test #1230: RuntimeSceneLifecycle.RetiredQueuedSceneSavePublishesTerminalEvent ...   Passed    0.04 sec
    Start 1230: RuntimeSceneLifecycle.RetiredQueuedSceneSavePublishesTerminalEvent
    Test #1230: RuntimeSceneLifecycle.RetiredQueuedSceneSavePublishesTerminalEvent ...   Passed    0.04 sec
    Start 1230: RuntimeSceneLifecycle.RetiredQueuedSceneSavePublishesTerminalEvent
    Test #1230: RuntimeSceneLifecycle.RetiredQueuedSceneSavePublishesTerminalEvent ...   Passed    0.04 sec
    Start 1230: RuntimeSceneLifecycle.RetiredQueuedSceneSavePublishesTerminalEvent
    Test #1230: RuntimeSceneLifecycle.RetiredQueuedSceneSavePublishesTerminalEvent ...   Passed    0.04 sec
    Start 1230: RuntimeSceneLifecycle.RetiredQueuedSceneSavePublishesTerminalEvent
    Test #1230: RuntimeSceneLifecycle.RetiredQueuedSceneSavePublishesTerminalEvent ...   Passed    0.04 sec
    Start 1230: RuntimeSceneLifecycle.RetiredQueuedSceneSavePublishesTerminalEvent
    Test #1230: RuntimeSceneLifecycle.RetiredQueuedSceneSavePublishesTerminalEvent ...   Passed    0.04 sec
    Start 1230: RuntimeSceneLifecycle.RetiredQueuedSceneSavePublishesTerminalEvent
    Test #1230: RuntimeSceneLifecycle.RetiredQueuedSceneSavePublishesTerminalEvent ...   Passed    0.04 sec
    Start 1230: RuntimeSceneLifecycle.RetiredQueuedSceneSavePublishesTerminalEvent
    Test #1230: RuntimeSceneLifecycle.RetiredQueuedSceneSavePublishesTerminalEvent ...   Passed    0.04 sec
    Start 1230: RuntimeSceneLifecycle.RetiredQueuedSceneSavePublishesTerminalEvent
    Test #1230: RuntimeSceneLifecycle.RetiredQueuedSceneSavePublishesTerminalEvent ...   Passed    0.04 sec
    Start 1230: RuntimeSceneLifecycle.RetiredQueuedSceneSavePublishesTerminalEvent
    Test #1230: RuntimeSceneLifecycle.RetiredQueuedSceneSavePublishesTerminalEvent ...   Passed    0.04 sec
    Start 1230: RuntimeSceneLifecycle.RetiredQueuedSceneSavePublishesTerminalEvent
    Test #1230: RuntimeSceneLifecycle.RetiredQueuedSceneSavePublishesTerminalEvent ...   Passed    0.04 sec
    Start 1230: RuntimeSceneLifecycle.RetiredQueuedSceneSavePublishesTerminalEvent
    Test #1230: RuntimeSceneLifecycle.RetiredQueuedSceneSavePublishesTerminalEvent ...   Passed    0.04 sec
    Start 1230: RuntimeSceneLifecycle.RetiredQueuedSceneSavePublishesTerminalEvent
    Test #1230: RuntimeSceneLifecycle.RetiredQueuedSceneSavePublishesTerminalEvent ...   Passed    0.04 sec
    Start 1230: RuntimeSceneLifecycle.RetiredQueuedSceneSavePublishesTerminalEvent
    Test #1230: RuntimeSceneLifecycle.RetiredQueuedSceneSavePublishesTerminalEvent ...   Passed    0.04 sec
    Start 1230: RuntimeSceneLifecycle.RetiredQueuedSceneSavePublishesTerminalEvent
    Test #1230: RuntimeSceneLifecycle.RetiredQueuedSceneSavePublishesTerminalEvent ...   Passed    0.04 sec
    Start 1230: RuntimeSceneLifecycle.RetiredQueuedSceneSavePublishesTerminalEvent
    Test #1230: RuntimeSceneLifecycle.RetiredQueuedSceneSavePublishesTerminalEvent ...   Passed    0.04 sec
    Start 1230: RuntimeSceneLifecycle.RetiredQueuedSceneSavePublishesTerminalEvent
    Test #1230: RuntimeSceneLifecycle.RetiredQueuedSceneSavePublishesTerminalEvent ...   Passed    0.04 sec
    Start 1230: RuntimeSceneLifecycle.RetiredQueuedSceneSavePublishesTerminalEvent
    Test #1230: RuntimeSceneLifecycle.RetiredQueuedSceneSavePublishesTerminalEvent ...   Passed    0.04 sec
    Start 1230: RuntimeSceneLifecycle.RetiredQueuedSceneSavePublishesTerminalEvent
    Test #1230: RuntimeSceneLifecycle.RetiredQueuedSceneSavePublishesTerminalEvent ...   Passed    0.04 sec
    Start 1230: RuntimeSceneLifecycle.RetiredQueuedSceneSavePublishesTerminalEvent
    Test #1230: RuntimeSceneLifecycle.RetiredQueuedSceneSavePublishesTerminalEvent ...   Passed    0.04 sec
    Start 1230: RuntimeSceneLifecycle.RetiredQueuedSceneSavePublishesTerminalEvent
    Test #1230: RuntimeSceneLifecycle.RetiredQueuedSceneSavePublishesTerminalEvent ...   Passed    0.04 sec
    Start 1230: RuntimeSceneLifecycle.RetiredQueuedSceneSavePublishesTerminalEvent
    Test #1230: RuntimeSceneLifecycle.RetiredQueuedSceneSavePublishesTerminalEvent ...   Passed    0.04 sec
    Start 1230: RuntimeSceneLifecycle.RetiredQueuedSceneSavePublishesTerminalEvent
    Test #1230: RuntimeSceneLifecycle.RetiredQueuedSceneSavePublishesTerminalEvent ...   Passed    0.04 sec
    Start 1230: RuntimeSceneLifecycle.RetiredQueuedSceneSavePublishesTerminalEvent
    Test #1230: RuntimeSceneLifecycle.RetiredQueuedSceneSavePublishesTerminalEvent ...   Passed    0.04 sec
    Start 1230: RuntimeSceneLifecycle.RetiredQueuedSceneSavePublishesTerminalEvent
    Test #1230: RuntimeSceneLifecycle.RetiredQueuedSceneSavePublishesTerminalEvent ...   Passed    0.04 sec
    Start 1230: RuntimeSceneLifecycle.RetiredQueuedSceneSavePublishesTerminalEvent
    Test #1230: RuntimeSceneLifecycle.RetiredQueuedSceneSavePublishesTerminalEvent ...   Passed    0.04 sec
    Start 1230: RuntimeSceneLifecycle.RetiredQueuedSceneSavePublishesTerminalEvent
    Test #1230: RuntimeSceneLifecycle.RetiredQueuedSceneSavePublishesTerminalEvent ...   Passed    0.04 sec
    Start 1230: RuntimeSceneLifecycle.RetiredQueuedSceneSavePublishesTerminalEvent
    Test #1230: RuntimeSceneLifecycle.RetiredQueuedSceneSavePublishesTerminalEvent ...   Passed    0.04 sec
    Start 1230: RuntimeSceneLifecycle.RetiredQueuedSceneSavePublishesTerminalEvent
    Test #1230: RuntimeSceneLifecycle.RetiredQueuedSceneSavePublishesTerminalEvent ...   Passed    0.04 sec
    Start 1230: RuntimeSceneLifecycle.RetiredQueuedSceneSavePublishesTerminalEvent
    Test #1230: RuntimeSceneLifecycle.RetiredQueuedSceneSavePublishesTerminalEvent ...   Passed    0.04 sec
    Start 1230: RuntimeSceneLifecycle.RetiredQueuedSceneSavePublishesTerminalEvent
    Test #1230: RuntimeSceneLifecycle.RetiredQueuedSceneSavePublishesTerminalEvent ...   Passed    0.04 sec
    Start 1230: RuntimeSceneLifecycle.RetiredQueuedSceneSavePublishesTerminalEvent
    Test #1230: RuntimeSceneLifecycle.RetiredQueuedSceneSavePublishesTerminalEvent ...   Passed    0.04 sec
    Start 1230: RuntimeSceneLifecycle.RetiredQueuedSceneSavePublishesTerminalEvent
    Test #1230: RuntimeSceneLifecycle.RetiredQueuedSceneSavePublishesTerminalEvent ...   Passed    0.04 sec
    Start 1230: RuntimeSceneLifecycle.RetiredQueuedSceneSavePublishesTerminalEvent
    Test #1230: RuntimeSceneLifecycle.RetiredQueuedSceneSavePublishesTerminalEvent ...   Passed    0.04 sec
    Start 1230: RuntimeSceneLifecycle.RetiredQueuedSceneSavePublishesTerminalEvent
    Test #1230: RuntimeSceneLifecycle.RetiredQueuedSceneSavePublishesTerminalEvent ...   Passed    0.04 sec
    Start 1230: RuntimeSceneLifecycle.RetiredQueuedSceneSavePublishesTerminalEvent
    Test #1230: RuntimeSceneLifecycle.RetiredQueuedSceneSavePublishesTerminalEvent ...   Passed    0.04 sec
    Start 1230: RuntimeSceneLifecycle.RetiredQueuedSceneSavePublishesTerminalEvent
    Test #1230: RuntimeSceneLifecycle.RetiredQueuedSceneSavePublishesTerminalEvent ...   Passed    0.04 sec
    Start 1230: RuntimeSceneLifecycle.RetiredQueuedSceneSavePublishesTerminalEvent
    Test #1230: RuntimeSceneLifecycle.RetiredQueuedSceneSavePublishesTerminalEvent ...   Passed    0.04 sec
    Start 1230: RuntimeSceneLifecycle.RetiredQueuedSceneSavePublishesTerminalEvent
    Test #1230: RuntimeSceneLifecycle.RetiredQueuedSceneSavePublishesTerminalEvent ...   Passed    0.04 sec
    Start 1230: RuntimeSceneLifecycle.RetiredQueuedSceneSavePublishesTerminalEvent
    Test #1230: RuntimeSceneLifecycle.RetiredQueuedSceneSavePublishesTerminalEvent ...   Passed    0.04 sec
    Start 1230: RuntimeSceneLifecycle.RetiredQueuedSceneSavePublishesTerminalEvent
    Test #1230: RuntimeSceneLifecycle.RetiredQueuedSceneSavePublishesTerminalEvent ...   Passed    0.04 sec
    Start 1230: RuntimeSceneLifecycle.RetiredQueuedSceneSavePublishesTerminalEvent
    Test #1230: RuntimeSceneLifecycle.RetiredQueuedSceneSavePublishesTerminalEvent ...   Passed    0.04 sec
    Start 1230: RuntimeSceneLifecycle.RetiredQueuedSceneSavePublishesTerminalEvent
    Test #1230: RuntimeSceneLifecycle.RetiredQueuedSceneSavePublishesTerminalEvent ...   Passed    0.04 sec
    Start 1230: RuntimeSceneLifecycle.RetiredQueuedSceneSavePublishesTerminalEvent
    Test #1230: RuntimeSceneLifecycle.RetiredQueuedSceneSavePublishesTerminalEvent ...   Passed    0.04 sec
    Start 1230: RuntimeSceneLifecycle.RetiredQueuedSceneSavePublishesTerminalEvent
    Test #1230: RuntimeSceneLifecycle.RetiredQueuedSceneSavePublishesTerminalEvent ...   Passed    0.04 sec
    Start 1230: RuntimeSceneLifecycle.RetiredQueuedSceneSavePublishesTerminalEvent
    Test #1230: RuntimeSceneLifecycle.RetiredQueuedSceneSavePublishesTerminalEvent ...   Passed    0.04 sec
    Start 1230: RuntimeSceneLifecycle.RetiredQueuedSceneSavePublishesTerminalEvent
    Test #1230: RuntimeSceneLifecycle.RetiredQueuedSceneSavePublishesTerminalEvent ...   Passed    0.04 sec
    Start 1230: RuntimeSceneLifecycle.RetiredQueuedSceneSavePublishesTerminalEvent
    Test #1230: RuntimeSceneLifecycle.RetiredQueuedSceneSavePublishesTerminalEvent ...   Passed    0.04 sec
    Start 1230: RuntimeSceneLifecycle.RetiredQueuedSceneSavePublishesTerminalEvent
    Test #1230: RuntimeSceneLifecycle.RetiredQueuedSceneSavePublishesTerminalEvent ...   Passed    0.04 sec
    Start 1230: RuntimeSceneLifecycle.RetiredQueuedSceneSavePublishesTerminalEvent
    Test #1230: RuntimeSceneLifecycle.RetiredQueuedSceneSavePublishesTerminalEvent ...   Passed    0.04 sec
    Start 1230: RuntimeSceneLifecycle.RetiredQueuedSceneSavePublishesTerminalEvent
    Test #1230: RuntimeSceneLifecycle.RetiredQueuedSceneSavePublishesTerminalEvent ...   Passed    0.04 sec
    Start 1230: RuntimeSceneLifecycle.RetiredQueuedSceneSavePublishesTerminalEvent
    Test #1230: RuntimeSceneLifecycle.RetiredQueuedSceneSavePublishesTerminalEvent ...   Passed    0.04 sec
    Start 1230: RuntimeSceneLifecycle.RetiredQueuedSceneSavePublishesTerminalEvent
    Test #1230: RuntimeSceneLifecycle.RetiredQueuedSceneSavePublishesTerminalEvent ...   Passed    0.04 sec
    Start 1230: RuntimeSceneLifecycle.RetiredQueuedSceneSavePublishesTerminalEvent
    Test #1230: RuntimeSceneLifecycle.RetiredQueuedSceneSavePublishesTerminalEvent ...   Passed    0.04 sec
    Start 1230: RuntimeSceneLifecycle.RetiredQueuedSceneSavePublishesTerminalEvent
    Test #1230: RuntimeSceneLifecycle.RetiredQueuedSceneSavePublishesTerminalEvent ...   Passed    0.04 sec
    Start 1230: RuntimeSceneLifecycle.RetiredQueuedSceneSavePublishesTerminalEvent
    Test #1230: RuntimeSceneLifecycle.RetiredQueuedSceneSavePublishesTerminalEvent ...   Passed    0.04 sec
    Start 1230: RuntimeSceneLifecycle.RetiredQueuedSceneSavePublishesTerminalEvent
    Test #1230: RuntimeSceneLifecycle.RetiredQueuedSceneSavePublishesTerminalEvent ...   Passed    0.04 sec
    Start 1230: RuntimeSceneLifecycle.RetiredQueuedSceneSavePublishesTerminalEvent
    Test #1230: RuntimeSceneLifecycle.RetiredQueuedSceneSavePublishesTerminalEvent ...   Passed    0.04 sec
    Start 1230: RuntimeSceneLifecycle.RetiredQueuedSceneSavePublishesTerminalEvent
    Test #1230: RuntimeSceneLifecycle.RetiredQueuedSceneSavePublishesTerminalEvent ...   Passed    0.04 sec
    Start 1230: RuntimeSceneLifecycle.RetiredQueuedSceneSavePublishesTerminalEvent
    Test #1230: RuntimeSceneLifecycle.RetiredQueuedSceneSavePublishesTerminalEvent ...   Passed    0.04 sec
    Start 1230: RuntimeSceneLifecycle.RetiredQueuedSceneSavePublishesTerminalEvent
    Test #1230: RuntimeSceneLifecycle.RetiredQueuedSceneSavePublishesTerminalEvent ...   Passed    0.04 sec
    Start 1230: RuntimeSceneLifecycle.RetiredQueuedSceneSavePublishesTerminalEvent
    Test #1230: RuntimeSceneLifecycle.RetiredQueuedSceneSavePublishesTerminalEvent ...   Passed    0.04 sec
    Start 1230: RuntimeSceneLifecycle.RetiredQueuedSceneSavePublishesTerminalEvent
    Test #1230: RuntimeSceneLifecycle.RetiredQueuedSceneSavePublishesTerminalEvent ...   Passed    0.04 sec
    Start 1230: RuntimeSceneLifecycle.RetiredQueuedSceneSavePublishesTerminalEvent
    Test #1230: RuntimeSceneLifecycle.RetiredQueuedSceneSavePublishesTerminalEvent ...   Passed    0.04 sec
    Start 1230: RuntimeSceneLifecycle.RetiredQueuedSceneSavePublishesTerminalEvent
    Test #1230: RuntimeSceneLifecycle.RetiredQueuedSceneSavePublishesTerminalEvent ...   Passed    0.04 sec
    Start 1230: RuntimeSceneLifecycle.RetiredQueuedSceneSavePublishesTerminalEvent
    Test #1230: RuntimeSceneLifecycle.RetiredQueuedSceneSavePublishesTerminalEvent ...   Passed    0.04 sec
    Start 1230: RuntimeSceneLifecycle.RetiredQueuedSceneSavePublishesTerminalEvent
    Test #1230: RuntimeSceneLifecycle.RetiredQueuedSceneSavePublishesTerminalEvent ...   Passed    0.04 sec
    Start 1230: RuntimeSceneLifecycle.RetiredQueuedSceneSavePublishesTerminalEvent
    Test #1230: RuntimeSceneLifecycle.RetiredQueuedSceneSavePublishesTerminalEvent ...   Passed    0.04 sec
    Start 1230: RuntimeSceneLifecycle.RetiredQueuedSceneSavePublishesTerminalEvent
    Test #1230: RuntimeSceneLifecycle.RetiredQueuedSceneSavePublishesTerminalEvent ...   Passed    0.04 sec
    Start 1230: RuntimeSceneLifecycle.RetiredQueuedSceneSavePublishesTerminalEvent
    Test #1230: RuntimeSceneLifecycle.RetiredQueuedSceneSavePublishesTerminalEvent ...   Passed    0.04 sec
    Start 1230: RuntimeSceneLifecycle.RetiredQueuedSceneSavePublishesTerminalEvent
    Test #1230: RuntimeSceneLifecycle.RetiredQueuedSceneSavePublishesTerminalEvent ...   Passed    0.04 sec
    Start 1230: RuntimeSceneLifecycle.RetiredQueuedSceneSavePublishesTerminalEvent
    Test #1230: RuntimeSceneLifecycle.RetiredQueuedSceneSavePublishesTerminalEvent ...   Passed    0.04 sec
    Start 1230: RuntimeSceneLifecycle.RetiredQueuedSceneSavePublishesTerminalEvent
    Test #1230: RuntimeSceneLifecycle.RetiredQueuedSceneSavePublishesTerminalEvent ...   Passed    0.04 sec
    Start 1230: RuntimeSceneLifecycle.RetiredQueuedSceneSavePublishesTerminalEvent
    Test #1230: RuntimeSceneLifecycle.RetiredQueuedSceneSavePublishesTerminalEvent ...   Passed    0.04 sec
    Start 1230: RuntimeSceneLifecycle.RetiredQueuedSceneSavePublishesTerminalEvent
    Test #1230: RuntimeSceneLifecycle.RetiredQueuedSceneSavePublishesTerminalEvent ...   Passed    0.04 sec
    Start 1230: RuntimeSceneLifecycle.RetiredQueuedSceneSavePublishesTerminalEvent
    Test #1230: RuntimeSceneLifecycle.RetiredQueuedSceneSavePublishesTerminalEvent ...   Passed    0.04 sec
    Start 1230: RuntimeSceneLifecycle.RetiredQueuedSceneSavePublishesTerminalEvent
    Test #1230: RuntimeSceneLifecycle.RetiredQueuedSceneSavePublishesTerminalEvent ...   Passed    0.04 sec
    Start 1230: RuntimeSceneLifecycle.RetiredQueuedSceneSavePublishesTerminalEvent
    Test #1230: RuntimeSceneLifecycle.RetiredQueuedSceneSavePublishesTerminalEvent ...   Passed    0.04 sec
    Start 1230: RuntimeSceneLifecycle.RetiredQueuedSceneSavePublishesTerminalEvent
    Test #1230: RuntimeSceneLifecycle.RetiredQueuedSceneSavePublishesTerminalEvent ...   Passed    0.04 sec
    Start 1230: RuntimeSceneLifecycle.RetiredQueuedSceneSavePublishesTerminalEvent
    Test #1230: RuntimeSceneLifecycle.RetiredQueuedSceneSavePublishesTerminalEvent ...   Passed    0.04 sec
    Start 1230: RuntimeSceneLifecycle.RetiredQueuedSceneSavePublishesTerminalEvent
    Test #1230: RuntimeSceneLifecycle.RetiredQueuedSceneSavePublishesTerminalEvent ...   Passed    0.04 sec
    Start 1230: RuntimeSceneLifecycle.RetiredQueuedSceneSavePublishesTerminalEvent
    Test #1230: RuntimeSceneLifecycle.RetiredQueuedSceneSavePublishesTerminalEvent ...   Passed    0.04 sec
    Start 1230: RuntimeSceneLifecycle.RetiredQueuedSceneSavePublishesTerminalEvent
    Test #1230: RuntimeSceneLifecycle.RetiredQueuedSceneSavePublishesTerminalEvent ...   Passed    0.04 sec
    Start 1230: RuntimeSceneLifecycle.RetiredQueuedSceneSavePublishesTerminalEvent
    Test #1230: RuntimeSceneLifecycle.RetiredQueuedSceneSavePublishesTerminalEvent ...   Passed    0.04 sec
    Start 1230: RuntimeSceneLifecycle.RetiredQueuedSceneSavePublishesTerminalEvent
    Test #1230: RuntimeSceneLifecycle.RetiredQueuedSceneSavePublishesTerminalEvent ...   Passed    0.04 sec
    Start 1230: RuntimeSceneLifecycle.RetiredQueuedSceneSavePublishesTerminalEvent
    Test #1230: RuntimeSceneLifecycle.RetiredQueuedSceneSavePublishesTerminalEvent ...   Passed    0.04 sec
    Start 1230: RuntimeSceneLifecycle.RetiredQueuedSceneSavePublishesTerminalEvent
    Test #1230: RuntimeSceneLifecycle.RetiredQueuedSceneSavePublishesTerminalEvent ...   Passed    0.04 sec
    Start 1230: RuntimeSceneLifecycle.RetiredQueuedSceneSavePublishesTerminalEvent
    Test #1230: RuntimeSceneLifecycle.RetiredQueuedSceneSavePublishesTerminalEvent ...   Passed    0.04 sec
    Start 1230: RuntimeSceneLifecycle.RetiredQueuedSceneSavePublishesTerminalEvent
    Test #1230: RuntimeSceneLifecycle.RetiredQueuedSceneSavePublishesTerminalEvent ...   Passed    0.04 sec
    Start 1230: RuntimeSceneLifecycle.RetiredQueuedSceneSavePublishesTerminalEvent
    Test #1230: RuntimeSceneLifecycle.RetiredQueuedSceneSavePublishesTerminalEvent ...   Passed    0.04 sec
    Start 1230: RuntimeSceneLifecycle.RetiredQueuedSceneSavePublishesTerminalEvent
    Test #1230: RuntimeSceneLifecycle.RetiredQueuedSceneSavePublishesTerminalEvent ...   Passed    0.04 sec
    Start 1230: RuntimeSceneLifecycle.RetiredQueuedSceneSavePublishesTerminalEvent
    Test #1230: RuntimeSceneLifecycle.RetiredQueuedSceneSavePublishesTerminalEvent ...   Passed    0.04 sec
    Start 1230: RuntimeSceneLifecycle.RetiredQueuedSceneSavePublishesTerminalEvent
    Test #1230: RuntimeSceneLifecycle.RetiredQueuedSceneSavePublishesTerminalEvent ...   Passed    0.04 sec
    Start 1230: RuntimeSceneLifecycle.RetiredQueuedSceneSavePublishesTerminalEvent
    Test #1230: RuntimeSceneLifecycle.RetiredQueuedSceneSavePublishesTerminalEvent ...   Passed    0.04 sec
    Start 1230: RuntimeSceneLifecycle.RetiredQueuedSceneSavePublishesTerminalEvent
    Test #1230: RuntimeSceneLifecycle.RetiredQueuedSceneSavePublishesTerminalEvent ...   Passed    0.04 sec
    Start 1230: RuntimeSceneLifecycle.RetiredQueuedSceneSavePublishesTerminalEvent
    Test #1230: RuntimeSceneLifecycle.RetiredQueuedSceneSavePublishesTerminalEvent ...   Passed    0.04 sec
    Start 1230: RuntimeSceneLifecycle.RetiredQueuedSceneSavePublishesTerminalEvent
    Test #1230: RuntimeSceneLifecycle.RetiredQueuedSceneSavePublishesTerminalEvent ...   Passed    0.04 sec
    Start 1230: RuntimeSceneLifecycle.RetiredQueuedSceneSavePublishesTerminalEvent
1/2 Test #1230: RuntimeSceneLifecycle.RetiredQueuedSceneSavePublishesTerminalEvent ...   Passed    0.04 sec
    Start 1326: RuntimeSceneLifecycle.RetiredQueuedSceneSavePublishesTerminalEvent
    Test #1326: RuntimeSceneLifecycle.RetiredQueuedSceneSavePublishesTerminalEvent ...   Passed    0.04 sec
    Start 1326: RuntimeSceneLifecycle.RetiredQueuedSceneSavePublishesTerminalEvent
    Test #1326: RuntimeSceneLifecycle.RetiredQueuedSceneSavePublishesTerminalEvent ...   Passed    0.04 sec
    Start 1326: RuntimeSceneLifecycle.RetiredQueuedSceneSavePublishesTerminalEvent
    Test #1326: RuntimeSceneLifecycle.RetiredQueuedSceneSavePublishesTerminalEvent ...   Passed    0.04 sec
    Start 1326: RuntimeSceneLifecycle.RetiredQueuedSceneSavePublishesTerminalEvent
    Test #1326: RuntimeSceneLifecycle.RetiredQueuedSceneSavePublishesTerminalEvent ...   Passed    0.04 sec
    Start 1326: RuntimeSceneLifecycle.RetiredQueuedSceneSavePublishesTerminalEvent
    Test #1326: RuntimeSceneLifecycle.RetiredQueuedSceneSavePublishesTerminalEvent ...   Passed    0.04 sec
    Start 1326: RuntimeSceneLifecycle.RetiredQueuedSceneSavePublishesTerminalEvent
    Test #1326: RuntimeSceneLifecycle.RetiredQueuedSceneSavePublishesTerminalEvent ...   Passed    0.04 sec
    Start 1326: RuntimeSceneLifecycle.RetiredQueuedSceneSavePublishesTerminalEvent
    Test #1326: RuntimeSceneLifecycle.RetiredQueuedSceneSavePublishesTerminalEvent ...   Passed    0.04 sec
    Start 1326: RuntimeSceneLifecycle.RetiredQueuedSceneSavePublishesTerminalEvent
    Test #1326: RuntimeSceneLifecycle.RetiredQueuedSceneSavePublishesTerminalEvent ...   Passed    0.04 sec
    Start 1326: RuntimeSceneLifecycle.RetiredQueuedSceneSavePublishesTerminalEvent
    Test #1326: RuntimeSceneLifecycle.RetiredQueuedSceneSavePublishesTerminalEvent ...   Passed    0.04 sec
    Start 1326: RuntimeSceneLifecycle.RetiredQueuedSceneSavePublishesTerminalEvent
    Test #1326: RuntimeSceneLifecycle.RetiredQueuedSceneSavePublishesTerminalEvent ...   Passed    0.04 sec
    Start 1326: RuntimeSceneLifecycle.RetiredQueuedSceneSavePublishesTerminalEvent
    Test #1326: RuntimeSceneLifecycle.RetiredQueuedSceneSavePublishesTerminalEvent ...   Passed    0.04 sec
    Start 1326: RuntimeSceneLifecycle.RetiredQueuedSceneSavePublishesTerminalEvent
    Test #1326: RuntimeSceneLifecycle.RetiredQueuedSceneSavePublishesTerminalEvent ...   Passed    0.04 sec
    Start 1326: RuntimeSceneLifecycle.RetiredQueuedSceneSavePublishesTerminalEvent
    Test #1326: RuntimeSceneLifecycle.RetiredQueuedSceneSavePublishesTerminalEvent ...   Passed    0.04 sec
    Start 1326: RuntimeSceneLifecycle.RetiredQueuedSceneSavePublishesTerminalEvent
    Test #1326: RuntimeSceneLifecycle.RetiredQueuedSceneSavePublishesTerminalEvent ...   Passed    0.04 sec
    Start 1326: RuntimeSceneLifecycle.RetiredQueuedSceneSavePublishesTerminalEvent
    Test #1326: RuntimeSceneLifecycle.RetiredQueuedSceneSavePublishesTerminalEvent ...   Passed    0.04 sec
    Start 1326: RuntimeSceneLifecycle.RetiredQueuedSceneSavePublishesTerminalEvent
    Test #1326: RuntimeSceneLifecycle.RetiredQueuedSceneSavePublishesTerminalEvent ...   Passed    0.04 sec
    Start 1326: RuntimeSceneLifecycle.RetiredQueuedSceneSavePublishesTerminalEvent
    Test #1326: RuntimeSceneLifecycle.RetiredQueuedSceneSavePublishesTerminalEvent ...   Passed    0.04 sec
    Start 1326: RuntimeSceneLifecycle.RetiredQueuedSceneSavePublishesTerminalEvent
    Test #1326: RuntimeSceneLifecycle.RetiredQueuedSceneSavePublishesTerminalEvent ...   Passed    0.04 sec
    Start 1326: RuntimeSceneLifecycle.RetiredQueuedSceneSavePublishesTerminalEvent
    Test #1326: RuntimeSceneLifecycle.RetiredQueuedSceneSavePublishesTerminalEvent ...   Passed    0.04 sec
    Start 1326: RuntimeSceneLifecycle.RetiredQueuedSceneSavePublishesTerminalEvent
    Test #1326: RuntimeSceneLifecycle.RetiredQueuedSceneSavePublishesTerminalEvent ...   Passed    0.04 sec
    Start 1326: RuntimeSceneLifecycle.RetiredQueuedSceneSavePublishesTerminalEvent
    Test #1326: RuntimeSceneLifecycle.RetiredQueuedSceneSavePublishesTerminalEvent ...   Passed    0.04 sec
    Start 1326: RuntimeSceneLifecycle.RetiredQueuedSceneSavePublishesTerminalEvent
    Test #1326: RuntimeSceneLifecycle.RetiredQueuedSceneSavePublishesTerminalEvent ...   Passed    0.04 sec
    Start 1326: RuntimeSceneLifecycle.RetiredQueuedSceneSavePublishesTerminalEvent
    Test #1326: RuntimeSceneLifecycle.RetiredQueuedSceneSavePublishesTerminalEvent ...   Passed    0.04 sec
    Start 1326: RuntimeSceneLifecycle.RetiredQueuedSceneSavePublishesTerminalEvent
    Test #1326: RuntimeSceneLifecycle.RetiredQueuedSceneSavePublishesTerminalEvent ...   Passed    0.04 sec
    Start 1326: RuntimeSceneLifecycle.RetiredQueuedSceneSavePublishesTerminalEvent
    Test #1326: RuntimeSceneLifecycle.RetiredQueuedSceneSavePublishesTerminalEvent ...   Passed    0.04 sec
    Start 1326: RuntimeSceneLifecycle.RetiredQueuedSceneSavePublishesTerminalEvent
    Test #1326: RuntimeSceneLifecycle.RetiredQueuedSceneSavePublishesTerminalEvent ...   Passed    0.04 sec
    Start 1326: RuntimeSceneLifecycle.RetiredQueuedSceneSavePublishesTerminalEvent
    Test #1326: RuntimeSceneLifecycle.RetiredQueuedSceneSavePublishesTerminalEvent ...   Passed    0.04 sec
    Start 1326: RuntimeSceneLifecycle.RetiredQueuedSceneSavePublishesTerminalEvent
    Test #1326: RuntimeSceneLifecycle.RetiredQueuedSceneSavePublishesTerminalEvent ...   Passed    0.04 sec
    Start 1326: RuntimeSceneLifecycle.RetiredQueuedSceneSavePublishesTerminalEvent
    Test #1326: RuntimeSceneLifecycle.RetiredQueuedSceneSavePublishesTerminalEvent ...   Passed    0.04 sec
    Start 1326: RuntimeSceneLifecycle.RetiredQueuedSceneSavePublishesTerminalEvent
    Test #1326: RuntimeSceneLifecycle.RetiredQueuedSceneSavePublishesTerminalEvent ...   Passed    0.04 sec
    Start 1326: RuntimeSceneLifecycle.RetiredQueuedSceneSavePublishesTerminalEvent
    Test #1326: RuntimeSceneLifecycle.RetiredQueuedSceneSavePublishesTerminalEvent ...   Passed    0.04 sec
    Start 1326: RuntimeSceneLifecycle.RetiredQueuedSceneSavePublishesTerminalEvent
    Test #1326: RuntimeSceneLifecycle.RetiredQueuedSceneSavePublishesTerminalEvent ...   Passed    0.04 sec
    Start 1326: RuntimeSceneLifecycle.RetiredQueuedSceneSavePublishesTerminalEvent
    Test #1326: RuntimeSceneLifecycle.RetiredQueuedSceneSavePublishesTerminalEvent ...   Passed    0.04 sec
    Start 1326: RuntimeSceneLifecycle.RetiredQueuedSceneSavePublishesTerminalEvent
    Test #1326: RuntimeSceneLifecycle.RetiredQueuedSceneSavePublishesTerminalEvent ...   Passed    0.04 sec
    Start 1326: RuntimeSceneLifecycle.RetiredQueuedSceneSavePublishesTerminalEvent
    Test #1326: RuntimeSceneLifecycle.RetiredQueuedSceneSavePublishesTerminalEvent ...   Passed    0.04 sec
    Start 1326: RuntimeSceneLifecycle.RetiredQueuedSceneSavePublishesTerminalEvent
    Test #1326: RuntimeSceneLifecycle.RetiredQueuedSceneSavePublishesTerminalEvent ...   Passed    0.04 sec
    Start 1326: RuntimeSceneLifecycle.RetiredQueuedSceneSavePublishesTerminalEvent
    Test #1326: RuntimeSceneLifecycle.RetiredQueuedSceneSavePublishesTerminalEvent ...   Passed    0.04 sec
    Start 1326: RuntimeSceneLifecycle.RetiredQueuedSceneSavePublishesTerminalEvent
    Test #1326: RuntimeSceneLifecycle.RetiredQueuedSceneSavePublishesTerminalEvent ...   Passed    0.04 sec
    Start 1326: RuntimeSceneLifecycle.RetiredQueuedSceneSavePublishesTerminalEvent
    Test #1326: RuntimeSceneLifecycle.RetiredQueuedSceneSavePublishesTerminalEvent ...   Passed    0.04 sec
    Start 1326: RuntimeSceneLifecycle.RetiredQueuedSceneSavePublishesTerminalEvent
    Test #1326: RuntimeSceneLifecycle.RetiredQueuedSceneSavePublishesTerminalEvent ...   Passed    0.04 sec
    Start 1326: RuntimeSceneLifecycle.RetiredQueuedSceneSavePublishesTerminalEvent
    Test #1326: RuntimeSceneLifecycle.RetiredQueuedSceneSavePublishesTerminalEvent ...   Passed    0.04 sec
    Start 1326: RuntimeSceneLifecycle.RetiredQueuedSceneSavePublishesTerminalEvent
    Test #1326: RuntimeSceneLifecycle.RetiredQueuedSceneSavePublishesTerminalEvent ...   Passed    0.04 sec
    Start 1326: RuntimeSceneLifecycle.RetiredQueuedSceneSavePublishesTerminalEvent
    Test #1326: RuntimeSceneLifecycle.RetiredQueuedSceneSavePublishesTerminalEvent ...   Passed    0.04 sec
    Start 1326: RuntimeSceneLifecycle.RetiredQueuedSceneSavePublishesTerminalEvent
    Test #1326: RuntimeSceneLifecycle.RetiredQueuedSceneSavePublishesTerminalEvent ...   Passed    0.04 sec
    Start 1326: RuntimeSceneLifecycle.RetiredQueuedSceneSavePublishesTerminalEvent
    Test #1326: RuntimeSceneLifecycle.RetiredQueuedSceneSavePublishesTerminalEvent ...   Passed    0.04 sec
    Start 1326: RuntimeSceneLifecycle.RetiredQueuedSceneSavePublishesTerminalEvent
    Test #1326: RuntimeSceneLifecycle.RetiredQueuedSceneSavePublishesTerminalEvent ...   Passed    0.04 sec
    Start 1326: RuntimeSceneLifecycle.RetiredQueuedSceneSavePublishesTerminalEvent
    Test #1326: RuntimeSceneLifecycle.RetiredQueuedSceneSavePublishesTerminalEvent ...   Passed    0.04 sec
    Start 1326: RuntimeSceneLifecycle.RetiredQueuedSceneSavePublishesTerminalEvent
    Test #1326: RuntimeSceneLifecycle.RetiredQueuedSceneSavePublishesTerminalEvent ...   Passed    0.04 sec
    Start 1326: RuntimeSceneLifecycle.RetiredQueuedSceneSavePublishesTerminalEvent
    Test #1326: RuntimeSceneLifecycle.RetiredQueuedSceneSavePublishesTerminalEvent ...   Passed    0.04 sec
    Start 1326: RuntimeSceneLifecycle.RetiredQueuedSceneSavePublishesTerminalEvent
    Test #1326: RuntimeSceneLifecycle.RetiredQueuedSceneSavePublishesTerminalEvent ...   Passed    0.04 sec
    Start 1326: RuntimeSceneLifecycle.RetiredQueuedSceneSavePublishesTerminalEvent
    Test #1326: RuntimeSceneLifecycle.RetiredQueuedSceneSavePublishesTerminalEvent ...   Passed    0.04 sec
    Start 1326: RuntimeSceneLifecycle.RetiredQueuedSceneSavePublishesTerminalEvent
    Test #1326: RuntimeSceneLifecycle.RetiredQueuedSceneSavePublishesTerminalEvent ...   Passed    0.04 sec
    Start 1326: RuntimeSceneLifecycle.RetiredQueuedSceneSavePublishesTerminalEvent
    Test #1326: RuntimeSceneLifecycle.RetiredQueuedSceneSavePublishesTerminalEvent ...   Passed    0.04 sec
    Start 1326: RuntimeSceneLifecycle.RetiredQueuedSceneSavePublishesTerminalEvent
    Test #1326: RuntimeSceneLifecycle.RetiredQueuedSceneSavePublishesTerminalEvent ...   Passed    0.04 sec
    Start 1326: RuntimeSceneLifecycle.RetiredQueuedSceneSavePublishesTerminalEvent
    Test #1326: RuntimeSceneLifecycle.RetiredQueuedSceneSavePublishesTerminalEvent ...   Passed    0.04 sec
    Start 1326: RuntimeSceneLifecycle.RetiredQueuedSceneSavePublishesTerminalEvent
    Test #1326: RuntimeSceneLifecycle.RetiredQueuedSceneSavePublishesTerminalEvent ...   Passed    0.04 sec
    Start 1326: RuntimeSceneLifecycle.RetiredQueuedSceneSavePublishesTerminalEvent
    Test #1326: RuntimeSceneLifecycle.RetiredQueuedSceneSavePublishesTerminalEvent ...   Passed    0.04 sec
    Start 1326: RuntimeSceneLifecycle.RetiredQueuedSceneSavePublishesTerminalEvent
    Test #1326: RuntimeSceneLifecycle.RetiredQueuedSceneSavePublishesTerminalEvent ...   Passed    0.04 sec
    Start 1326: RuntimeSceneLifecycle.RetiredQueuedSceneSavePublishesTerminalEvent
    Test #1326: RuntimeSceneLifecycle.RetiredQueuedSceneSavePublishesTerminalEvent ...   Passed    0.04 sec
    Start 1326: RuntimeSceneLifecycle.RetiredQueuedSceneSavePublishesTerminalEvent
    Test #1326: RuntimeSceneLifecycle.RetiredQueuedSceneSavePublishesTerminalEvent ...   Passed    0.04 sec
    Start 1326: RuntimeSceneLifecycle.RetiredQueuedSceneSavePublishesTerminalEvent
    Test #1326: RuntimeSceneLifecycle.RetiredQueuedSceneSavePublishesTerminalEvent ...   Passed    0.04 sec
    Start 1326: RuntimeSceneLifecycle.RetiredQueuedSceneSavePublishesTerminalEvent
    Test #1326: RuntimeSceneLifecycle.RetiredQueuedSceneSavePublishesTerminalEvent ...   Passed    0.04 sec
    Start 1326: RuntimeSceneLifecycle.RetiredQueuedSceneSavePublishesTerminalEvent
    Test #1326: RuntimeSceneLifecycle.RetiredQueuedSceneSavePublishesTerminalEvent ...   Passed    0.04 sec
    Start 1326: RuntimeSceneLifecycle.RetiredQueuedSceneSavePublishesTerminalEvent
    Test #1326: RuntimeSceneLifecycle.RetiredQueuedSceneSavePublishesTerminalEvent ...   Passed    0.04 sec
    Start 1326: RuntimeSceneLifecycle.RetiredQueuedSceneSavePublishesTerminalEvent
    Test #1326: RuntimeSceneLifecycle.RetiredQueuedSceneSavePublishesTerminalEvent ...   Passed    0.04 sec
    Start 1326: RuntimeSceneLifecycle.RetiredQueuedSceneSavePublishesTerminalEvent
    Test #1326: RuntimeSceneLifecycle.RetiredQueuedSceneSavePublishesTerminalEvent ...   Passed    0.04 sec
    Start 1326: RuntimeSceneLifecycle.RetiredQueuedSceneSavePublishesTerminalEvent
    Test #1326: RuntimeSceneLifecycle.RetiredQueuedSceneSavePublishesTerminalEvent ...   Passed    0.04 sec
    Start 1326: RuntimeSceneLifecycle.RetiredQueuedSceneSavePublishesTerminalEvent
    Test #1326: RuntimeSceneLifecycle.RetiredQueuedSceneSavePublishesTerminalEvent ...   Passed    0.04 sec
    Start 1326: RuntimeSceneLifecycle.RetiredQueuedSceneSavePublishesTerminalEvent
    Test #1326: RuntimeSceneLifecycle.RetiredQueuedSceneSavePublishesTerminalEvent ...   Passed    0.04 sec
    Start 1326: RuntimeSceneLifecycle.RetiredQueuedSceneSavePublishesTerminalEvent
    Test #1326: RuntimeSceneLifecycle.RetiredQueuedSceneSavePublishesTerminalEvent ...   Passed    0.04 sec
    Start 1326: RuntimeSceneLifecycle.RetiredQueuedSceneSavePublishesTerminalEvent
    Test #1326: RuntimeSceneLifecycle.RetiredQueuedSceneSavePublishesTerminalEvent ...   Passed    0.04 sec
    Start 1326: RuntimeSceneLifecycle.RetiredQueuedSceneSavePublishesTerminalEvent
    Test #1326: RuntimeSceneLifecycle.RetiredQueuedSceneSavePublishesTerminalEvent ...   Passed    0.04 sec
    Start 1326: RuntimeSceneLifecycle.RetiredQueuedSceneSavePublishesTerminalEvent
    Test #1326: RuntimeSceneLifecycle.RetiredQueuedSceneSavePublishesTerminalEvent ...   Passed    0.04 sec
    Start 1326: RuntimeSceneLifecycle.RetiredQueuedSceneSavePublishesTerminalEvent
    Test #1326: RuntimeSceneLifecycle.RetiredQueuedSceneSavePublishesTerminalEvent ...   Passed    0.04 sec
    Start 1326: RuntimeSceneLifecycle.RetiredQueuedSceneSavePublishesTerminalEvent
    Test #1326: RuntimeSceneLifecycle.RetiredQueuedSceneSavePublishesTerminalEvent ...   Passed    0.04 sec
    Start 1326: RuntimeSceneLifecycle.RetiredQueuedSceneSavePublishesTerminalEvent
    Test #1326: RuntimeSceneLifecycle.RetiredQueuedSceneSavePublishesTerminalEvent ...   Passed    0.04 sec
    Start 1326: RuntimeSceneLifecycle.RetiredQueuedSceneSavePublishesTerminalEvent
    Test #1326: RuntimeSceneLifecycle.RetiredQueuedSceneSavePublishesTerminalEvent ...   Passed    0.04 sec
    Start 1326: RuntimeSceneLifecycle.RetiredQueuedSceneSavePublishesTerminalEvent
    Test #1326: RuntimeSceneLifecycle.RetiredQueuedSceneSavePublishesTerminalEvent ...   Passed    0.04 sec
    Start 1326: RuntimeSceneLifecycle.RetiredQueuedSceneSavePublishesTerminalEvent
    Test #1326: RuntimeSceneLifecycle.RetiredQueuedSceneSavePublishesTerminalEvent ...   Passed    0.04 sec
    Start 1326: RuntimeSceneLifecycle.RetiredQueuedSceneSavePublishesTerminalEvent
    Test #1326: RuntimeSceneLifecycle.RetiredQueuedSceneSavePublishesTerminalEvent ...   Passed    0.04 sec
    Start 1326: RuntimeSceneLifecycle.RetiredQueuedSceneSavePublishesTerminalEvent
    Test #1326: RuntimeSceneLifecycle.RetiredQueuedSceneSavePublishesTerminalEvent ...   Passed    0.04 sec
    Start 1326: RuntimeSceneLifecycle.RetiredQueuedSceneSavePublishesTerminalEvent
    Test #1326: RuntimeSceneLifecycle.RetiredQueuedSceneSavePublishesTerminalEvent ...   Passed    0.04 sec
    Start 1326: RuntimeSceneLifecycle.RetiredQueuedSceneSavePublishesTerminalEvent
    Test #1326: RuntimeSceneLifecycle.RetiredQueuedSceneSavePublishesTerminalEvent ...   Passed    0.04 sec
    Start 1326: RuntimeSceneLifecycle.RetiredQueuedSceneSavePublishesTerminalEvent
    Test #1326: RuntimeSceneLifecycle.RetiredQueuedSceneSavePublishesTerminalEvent ...   Passed    0.04 sec
    Start 1326: RuntimeSceneLifecycle.RetiredQueuedSceneSavePublishesTerminalEvent
    Test #1326: RuntimeSceneLifecycle.RetiredQueuedSceneSavePublishesTerminalEvent ...   Passed    0.04 sec
    Start 1326: RuntimeSceneLifecycle.RetiredQueuedSceneSavePublishesTerminalEvent
    Test #1326: RuntimeSceneLifecycle.RetiredQueuedSceneSavePublishesTerminalEvent ...   Passed    0.04 sec
    Start 1326: RuntimeSceneLifecycle.RetiredQueuedSceneSavePublishesTerminalEvent
    Test #1326: RuntimeSceneLifecycle.RetiredQueuedSceneSavePublishesTerminalEvent ...   Passed    0.04 sec
    Start 1326: RuntimeSceneLifecycle.RetiredQueuedSceneSavePublishesTerminalEvent
    Test #1326: RuntimeSceneLifecycle.RetiredQueuedSceneSavePublishesTerminalEvent ...   Passed    0.04 sec
    Start 1326: RuntimeSceneLifecycle.RetiredQueuedSceneSavePublishesTerminalEvent
    Test #1326: RuntimeSceneLifecycle.RetiredQueuedSceneSavePublishesTerminalEvent ...   Passed    0.04 sec
    Start 1326: RuntimeSceneLifecycle.RetiredQueuedSceneSavePublishesTerminalEvent
    Test #1326: RuntimeSceneLifecycle.RetiredQueuedSceneSavePublishesTerminalEvent ...   Passed    0.04 sec
    Start 1326: RuntimeSceneLifecycle.RetiredQueuedSceneSavePublishesTerminalEvent
    Test #1326: RuntimeSceneLifecycle.RetiredQueuedSceneSavePublishesTerminalEvent ...   Passed    0.04 sec
    Start 1326: RuntimeSceneLifecycle.RetiredQueuedSceneSavePublishesTerminalEvent
    Test #1326: RuntimeSceneLifecycle.RetiredQueuedSceneSavePublishesTerminalEvent ...   Passed    0.04 sec
    Start 1326: RuntimeSceneLifecycle.RetiredQueuedSceneSavePublishesTerminalEvent
    Test #1326: RuntimeSceneLifecycle.RetiredQueuedSceneSavePublishesTerminalEvent ...   Passed    0.04 sec
    Start 1326: RuntimeSceneLifecycle.RetiredQueuedSceneSavePublishesTerminalEvent
    Test #1326: RuntimeSceneLifecycle.RetiredQueuedSceneSavePublishesTerminalEvent ...   Passed    0.04 sec
    Start 1326: RuntimeSceneLifecycle.RetiredQueuedSceneSavePublishesTerminalEvent
    Test #1326: RuntimeSceneLifecycle.RetiredQueuedSceneSavePublishesTerminalEvent ...   Passed    0.04 sec
    Start 1326: RuntimeSceneLifecycle.RetiredQueuedSceneSavePublishesTerminalEvent
    Test #1326: RuntimeSceneLifecycle.RetiredQueuedSceneSavePublishesTerminalEvent ...   Passed    0.04 sec
    Start 1326: RuntimeSceneLifecycle.RetiredQueuedSceneSavePublishesTerminalEvent
    Test #1326: RuntimeSceneLifecycle.RetiredQueuedSceneSavePublishesTerminalEvent ...   Passed    0.04 sec
    Start 1326: RuntimeSceneLifecycle.RetiredQueuedSceneSavePublishesTerminalEvent
    Test #1326: RuntimeSceneLifecycle.RetiredQueuedSceneSavePublishesTerminalEvent ...   Passed    0.04 sec
    Start 1326: RuntimeSceneLifecycle.RetiredQueuedSceneSavePublishesTerminalEvent
    Test #1326: RuntimeSceneLifecycle.RetiredQueuedSceneSavePublishesTerminalEvent ...   Passed    0.04 sec
    Start 1326: RuntimeSceneLifecycle.RetiredQueuedSceneSavePublishesTerminalEvent
2/2 Test #1326: RuntimeSceneLifecycle.RetiredQueuedSceneSavePublishesTerminalEvent ...   Passed    0.04 sec

100% tests passed, 0 tests failed out of 2

Label Time Summary:
contract    =   0.08 sec*proc (2 tests)
runtime     =   0.08 sec*proc (2 tests)

Total Test time (real) =   8.31 sec
