[0/2] Re-checking globbed directories...
[1/713] Scanning /tmp/intrinsic-geometry-e2e.GJlhXS/src/core/Core.Dag.Scheduler.Hazards.cpp for CXX dependencies
[2/713] Scanning /tmp/intrinsic-geometry-e2e.GJlhXS/methods/geometry/progressive_poisson/src/ProgressivePoissonReference.cpp for CXX dependencies
[3/713] Generating CXX dyndep file CMakeFiles/IntrinsicProgressivePoissonReference.dir/CXX.dd
[4/713] Scanning /tmp/intrinsic-geometry-e2e.GJlhXS/src/core/Core.Config.EngineLoad.cpp for CXX dependencies
[5/713] Scanning /tmp/intrinsic-geometry-e2e.GJlhXS/build/ci/generated/deps/tinygltf_impl.cpp for CXX dependencies
[6/713] Generating CXX dyndep file CMakeFiles/tinygltf.dir/CXX.dd
[7/713] Scanning /tmp/intrinsic-geometry-e2e.GJlhXS/src/core/Core.Dag.Scheduler.cpp for CXX dependencies
[8/713] Scanning /tmp/intrinsic-geometry-e2e.GJlhXS/src/core/Core.FrameLoop.cpp for CXX dependencies
[9/713] Scanning /tmp/intrinsic-geometry-e2e.GJlhXS/src/core/Core.Dag.TaskGraph.cpp for CXX dependencies
[10/713] Scanning /tmp/intrinsic-geometry-e2e.GJlhXS/src/core/Core.FrameGraph.cpp for CXX dependencies
[11/713] Scanning /tmp/intrinsic-geometry-e2e.GJlhXS/src/core/Core.Filesystem.cpp for CXX dependencies
[12/713] Scanning /tmp/intrinsic-geometry-e2e.GJlhXS/src/core/Core.Filesystem.PathResolver.cpp for CXX dependencies
[13/713] Scanning /tmp/intrinsic-geometry-e2e.GJlhXS/src/core/Core.IOBackend.cpp for CXX dependencies
[14/713] Scanning /tmp/intrinsic-geometry-e2e.GJlhXS/src/core/Core.Logging.cpp for CXX dependencies
[15/713] Scanning /tmp/intrinsic-geometry-e2e.GJlhXS/src/core/Core.Process.cpp for CXX dependencies
[16/713] Scanning /tmp/intrinsic-geometry-e2e.GJlhXS/src/core/Core.Telemetry.cpp for CXX dependencies
[17/713] Scanning /tmp/intrinsic-geometry-e2e.GJlhXS/src/core/Core.Tasks.CounterEvent.cpp for CXX dependencies
[18/713] Scanning /tmp/intrinsic-geometry-e2e.GJlhXS/src/core/Core.Tasks.Dispatch.cpp for CXX dependencies
[19/713] Scanning /tmp/intrinsic-geometry-e2e.GJlhXS/src/core/Core.Tasks.Job.cpp for CXX dependencies
[20/713] Scanning /tmp/intrinsic-geometry-e2e.GJlhXS/src/core/Core.Tasks.Stats.cpp for CXX dependencies
[21/713] Scanning /tmp/intrinsic-geometry-e2e.GJlhXS/src/core/Core.Tasks.Lifecycle.cpp for CXX dependencies
[22/713] Scanning /tmp/intrinsic-geometry-e2e.GJlhXS/src/core/Core.Tasks.WaitToken.cpp for CXX dependencies
[23/713] Scanning /tmp/intrinsic-geometry-e2e.GJlhXS/src/core/Core.Tasks.Worker.cpp for CXX dependencies
[24/713] Scanning /tmp/intrinsic-geometry-e2e.GJlhXS/src/core/Core.BoundedHeap.cppm for CXX dependencies
[25/713] Scanning /tmp/intrinsic-geometry-e2e.GJlhXS/src/core/Core.IndexedHeap.cppm for CXX dependencies
[26/713] Scanning /tmp/intrinsic-geometry-e2e.GJlhXS/src/core/Core.Config.Window.cppm for CXX dependencies
[27/713] Scanning /tmp/intrinsic-geometry-e2e.GJlhXS/src/core/Core.Config.Render.cppm for CXX dependencies
[28/713] Scanning /tmp/intrinsic-geometry-e2e.GJlhXS/src/core/Core.Config.Engine.cppm for CXX dependencies
[29/713] Scanning /tmp/intrinsic-geometry-e2e.GJlhXS/src/core/Core.Config.EngineLoad.cppm for CXX dependencies
[30/713] Scanning /tmp/intrinsic-geometry-e2e.GJlhXS/src/core/Core.Dag.Scheduler.Types.cppm for CXX dependencies
[31/713] Scanning /tmp/intrinsic-geometry-e2e.GJlhXS/src/core/Core.Dag.Scheduler.cppm for CXX dependencies
[32/713] Scanning /tmp/intrinsic-geometry-e2e.GJlhXS/src/core/Core.Dag.Scheduler.Policy.cppm for CXX dependencies
[33/713] Scanning /tmp/intrinsic-geometry-e2e.GJlhXS/src/core/Core.Dag.Scheduler.Hazards.cppm for CXX dependencies
[34/713] Scanning /tmp/intrinsic-geometry-e2e.GJlhXS/src/core/Core.Dag.Scheduler.Compiler.cppm for CXX dependencies
[35/713] Scanning /tmp/intrinsic-geometry-e2e.GJlhXS/src/core/Core.Dag.Scheduler.DomainGraph.cppm for CXX dependencies
[36/713] Scanning /tmp/intrinsic-geometry-e2e.GJlhXS/src/core/Core.Dag.TaskGraph.cppm for CXX dependencies
[37/713] Scanning /tmp/intrinsic-geometry-e2e.GJlhXS/src/core/Core.FrameGraph.cppm for CXX dependencies
[38/713] Scanning /tmp/intrinsic-geometry-e2e.GJlhXS/src/core/Core.IOBackend.cppm for CXX dependencies
[39/713] Scanning /tmp/intrinsic-geometry-e2e.GJlhXS/src/core/Core.RingBuffer.cppm for CXX dependencies
[40/713] Scanning /tmp/intrinsic-geometry-e2e.GJlhXS/src/core/Core.Process.cppm for CXX dependencies
[41/713] Scanning /tmp/intrinsic-geometry-e2e.GJlhXS/src/core/Core.ResourcePool.cppm for CXX dependencies
[42/713] Scanning /tmp/intrinsic-geometry-e2e.GJlhXS/src/core/Core.CallbackRegistry.cppm for CXX dependencies
[43/713] Scanning /tmp/intrinsic-geometry-e2e.GJlhXS/src/core/Core.Error.cppm for CXX dependencies
[44/713] Scanning /tmp/intrinsic-geometry-e2e.GJlhXS/src/core/Core.Telemetry.cppm for CXX dependencies
[45/713] Scanning /tmp/intrinsic-geometry-e2e.GJlhXS/src/core/Core.FrameLoop.cppm for CXX dependencies
[46/713] Scanning /tmp/intrinsic-geometry-e2e.GJlhXS/src/core/Core.Geometry2D.cppm for CXX dependencies
[47/713] Scanning /tmp/intrinsic-geometry-e2e.GJlhXS/src/core/Core.FrameClock.cppm for CXX dependencies
[48/713] Scanning /tmp/intrinsic-geometry-e2e.GJlhXS/src/core/Core.Filesystem.PathResolver.cppm for CXX dependencies
[49/713] Scanning /tmp/intrinsic-geometry-e2e.GJlhXS/src/core/Core.Hash.cppm for CXX dependencies
[50/713] Scanning /tmp/intrinsic-geometry-e2e.GJlhXS/src/core/Core.Filesystem.cppm for CXX dependencies
[51/713] Scanning /tmp/intrinsic-geometry-e2e.GJlhXS/src/core/Core.HandleLease.cppm for CXX dependencies
[52/713] Scanning /tmp/intrinsic-geometry-e2e.GJlhXS/src/core/Core.Memory.Common.cppm for CXX dependencies
[53/713] Scanning /tmp/intrinsic-geometry-e2e.GJlhXS/src/core/Core.Logging.cppm for CXX dependencies
[54/713] Scanning /tmp/intrinsic-geometry-e2e.GJlhXS/src/core/Core.LockFreeQueue.cppm for CXX dependencies
[55/713] Scanning /tmp/intrinsic-geometry-e2e.GJlhXS/src/core/Core.Memory.Polymorphic.cppm for CXX dependencies
[56/713] Scanning /tmp/intrinsic-geometry-e2e.GJlhXS/src/core/Core.Memory.LinearArena.cppm for CXX dependencies
[57/713] Scanning /tmp/intrinsic-geometry-e2e.GJlhXS/src/core/Core.Memory.ScopeStack.cppm for CXX dependencies
[58/713] Scanning /tmp/intrinsic-geometry-e2e.GJlhXS/src/core/Core.StrongHandle.cppm for CXX dependencies
[59/713] Scanning /tmp/intrinsic-geometry-e2e.GJlhXS/src/core/Core.Tasks.CounterEvent.cppm for CXX dependencies
[60/713] Scanning /tmp/intrinsic-geometry-e2e.GJlhXS/src/core/Core.Tasks.cppm for CXX dependencies
[61/713] Scanning /tmp/intrinsic-geometry-e2e.GJlhXS/src/core/Core.Tasks.Internal.cppm for CXX dependencies
[62/713] Scanning /tmp/intrinsic-geometry-e2e.GJlhXS/src/core/Core.Tasks.LocalTask.cppm for CXX dependencies
[63/713] Scanning /tmp/intrinsic-geometry-e2e.GJlhXS/src/core/Core.Tasks.Internal.cpp for CXX dependencies
[64/713] Scanning /tmp/intrinsic-geometry-e2e.GJlhXS/src/core/Core.Tasks.LocalTask.cpp for CXX dependencies
[65/713] Scanning /tmp/intrinsic-geometry-e2e.GJlhXS/src/core/Core.Memory.ScopeStack.cpp for CXX dependencies
[66/713] Scanning /tmp/intrinsic-geometry-e2e.GJlhXS/src/core/Core.Memory.Polymorphic.cpp for CXX dependencies
[67/713] Scanning /tmp/intrinsic-geometry-e2e.GJlhXS/src/core/Core.Memory.LinearArena.cpp for CXX dependencies
[68/713] Generating CXX dyndep file src/core/CMakeFiles/ExtrinsicCore.dir/CXX.dd
[69/713] Scanning /tmp/intrinsic-geometry-e2e.GJlhXS/src/geometry/Geometry.AABB.cpp for CXX dependencies
[70/713] Scanning /tmp/intrinsic-geometry-e2e.GJlhXS/src/geometry/Geometry.BVH.cpp for CXX dependencies
[71/713] Scanning /tmp/intrinsic-geometry-e2e.GJlhXS/src/geometry/Geometry.Capsule.cpp for CXX dependencies
[72/713] Scanning /tmp/intrinsic-geometry-e2e.GJlhXS/src/geometry/Geometry.Containment.cpp for CXX dependencies
[73/713] Scanning /tmp/intrinsic-geometry-e2e.GJlhXS/src/geometry/Geometry.ContactManifold.cpp for CXX dependencies
[74/713] Scanning /tmp/intrinsic-geometry-e2e.GJlhXS/src/geometry/Geometry.ConvexHull.cpp for CXX dependencies
[75/713] Scanning /tmp/intrinsic-geometry-e2e.GJlhXS/src/geometry/Geometry.Curve.cpp for CXX dependencies
[76/713] Scanning /tmp/intrinsic-geometry-e2e.GJlhXS/src/geometry/Geometry.ConvexHullBuilder.cpp for CXX dependencies
[77/713] Scanning /tmp/intrinsic-geometry-e2e.GJlhXS/src/geometry/Geometry.Cylinder.cpp for CXX dependencies
[78/713] Scanning /tmp/intrinsic-geometry-e2e.GJlhXS/src/geometry/Geometry.Ellipsoid.cpp for CXX dependencies
[79/713] Scanning /tmp/intrinsic-geometry-e2e.GJlhXS/src/geometry/Geometry.EPA.cpp for CXX dependencies
[80/713] Scanning /tmp/intrinsic-geometry-e2e.GJlhXS/src/geometry/Geometry.FixedPoint.Anderson.cpp for CXX dependencies
[81/713] Scanning /tmp/intrinsic-geometry-e2e.GJlhXS/src/geometry/Geometry.Frustum.cpp for CXX dependencies
[82/713] Scanning /tmp/intrinsic-geometry-e2e.GJlhXS/src/geometry/Geometry.GaussianMixture.cpp for CXX dependencies
[83/713] Scanning /tmp/intrinsic-geometry-e2e.GJlhXS/src/geometry/Geometry.GJK.cpp for CXX dependencies
[84/713] Scanning /tmp/intrinsic-geometry-e2e.GJlhXS/src/geometry/Geometry.Graph.ShortestPath.cpp for CXX dependencies
[85/713] Scanning /tmp/intrinsic-geometry-e2e.GJlhXS/src/geometry/Geometry.Graph.IO.cpp for CXX dependencies
[86/713] Scanning /tmp/intrinsic-geometry-e2e.GJlhXS/src/geometry/Geometry.Graph.Utils.cpp for CXX dependencies
[87/713] Scanning /tmp/intrinsic-geometry-e2e.GJlhXS/src/geometry/Geometry.Grid.cpp for CXX dependencies
[88/713] Scanning /tmp/intrinsic-geometry-e2e.GJlhXS/src/geometry/Geometry.Graph.Vertex.Normals.cpp for CXX dependencies
[89/713] Scanning /tmp/intrinsic-geometry-e2e.GJlhXS/src/geometry/Geometry.Graph.cpp for CXX dependencies
[90/713] Scanning /tmp/intrinsic-geometry-e2e.GJlhXS/src/geometry/Geometry.HalfedgeMesh.AdaptiveRemeshing.cpp for CXX dependencies
[91/713] Scanning /tmp/intrinsic-geometry-e2e.GJlhXS/src/geometry/Geometry.HalfedgeMesh.Analysis.cpp for CXX dependencies
[92/713] Scanning /tmp/intrinsic-geometry-e2e.GJlhXS/src/geometry/Geometry.HalfedgeMesh.Boundary.cpp for CXX dependencies
[93/713] Scanning /tmp/intrinsic-geometry-e2e.GJlhXS/src/geometry/Geometry.HalfedgeMesh.Boolean.cpp for CXX dependencies
[94/713] Scanning /tmp/intrinsic-geometry-e2e.GJlhXS/src/geometry/Geometry.HalfedgeMesh.Builder.cpp for CXX dependencies
[95/713] Scanning /tmp/intrinsic-geometry-e2e.GJlhXS/src/geometry/Geometry.HalfedgeMesh.CatmullClark.cpp for CXX dependencies
[96/713] Scanning /tmp/intrinsic-geometry-e2e.GJlhXS/src/geometry/Geometry.HalfedgeMesh.Curvature.cpp for CXX dependencies
[97/713] Scanning /tmp/intrinsic-geometry-e2e.GJlhXS/src/geometry/Geometry.HalfedgeMesh.DEC.cpp for CXX dependencies
[98/713] Scanning /tmp/intrinsic-geometry-e2e.GJlhXS/src/geometry/Geometry.HalfedgeMesh.Geodesic.cpp for CXX dependencies
[99/713] Scanning /tmp/intrinsic-geometry-e2e.GJlhXS/src/geometry/Geometry.HalfedgeMesh.IO.cpp for CXX dependencies
[100/713] Scanning /tmp/intrinsic-geometry-e2e.GJlhXS/src/geometry/Geometry.HalfedgeMesh.Parameterization.cpp for CXX dependencies
[101/713] Scanning /tmp/intrinsic-geometry-e2e.GJlhXS/src/geometry/Geometry.HalfedgeMesh.Quality.cpp for CXX dependencies
[102/713] Scanning /tmp/intrinsic-geometry-e2e.GJlhXS/src/geometry/Geometry.HalfedgeMesh.Remeshing.cpp for CXX dependencies
[103/713] Scanning /tmp/intrinsic-geometry-e2e.GJlhXS/src/geometry/Geometry.HalfedgeMesh.Repair.cpp for CXX dependencies
[104/713] Scanning /tmp/intrinsic-geometry-e2e.GJlhXS/src/geometry/Geometry.HalfedgeMesh.Simplification.cpp for CXX dependencies
[105/713] Scanning /tmp/intrinsic-geometry-e2e.GJlhXS/src/geometry/Geometry.HalfedgeMesh.SignedHeatMethod.cpp for CXX dependencies
[106/713] Scanning /tmp/intrinsic-geometry-e2e.GJlhXS/src/geometry/Geometry.HalfedgeMesh.Smoothing.cpp for CXX dependencies
[107/713] Scanning /tmp/intrinsic-geometry-e2e.GJlhXS/src/geometry/Geometry.HalfedgeMesh.Subdivision.cpp for CXX dependencies
[108/713] Scanning /tmp/intrinsic-geometry-e2e.GJlhXS/src/geometry/Geometry.HalfedgeMesh.SubdivisionSqrt3.cpp for CXX dependencies
[109/713] Scanning /tmp/intrinsic-geometry-e2e.GJlhXS/src/geometry/Geometry.HalfedgeMesh.Utils.cpp for CXX dependencies
[110/713] Scanning /tmp/intrinsic-geometry-e2e.GJlhXS/src/geometry/Geometry.HalfedgeMesh.Vertices.Normals.cpp for CXX dependencies
[111/713] Scanning /tmp/intrinsic-geometry-e2e.GJlhXS/src/geometry/Geometry.HalfedgeMesh.VectorHeatMethod.cpp for CXX dependencies
[112/713] Scanning /tmp/intrinsic-geometry-e2e.GJlhXS/src/geometry/Geometry.HtexPatch.cpp for CXX dependencies
[113/713] Scanning /tmp/intrinsic-geometry-e2e.GJlhXS/src/geometry/Geometry.HalfedgeMesh.cpp for CXX dependencies
[114/713] Scanning /tmp/intrinsic-geometry-e2e.GJlhXS/src/geometry/Geometry.ImplicitPlaneField.cpp for CXX dependencies
[115/713] Scanning /tmp/intrinsic-geometry-e2e.GJlhXS/src/geometry/Geometry.KDTree.cpp for CXX dependencies
[116/713] Scanning /tmp/intrinsic-geometry-e2e.GJlhXS/src/geometry/Geometry.KMeans.cpp for CXX dependencies
[117/713] Scanning /tmp/intrinsic-geometry-e2e.GJlhXS/src/geometry/Geometry.MarchingCubes.cpp for CXX dependencies
[118/713] Scanning /tmp/intrinsic-geometry-e2e.GJlhXS/src/geometry/Geometry.Linalg.cpp for CXX dependencies
[119/713] Scanning /tmp/intrinsic-geometry-e2e.GJlhXS/src/geometry/Geometry.Mesh.Conversion.cpp for CXX dependencies
[120/713] Scanning /tmp/intrinsic-geometry-e2e.GJlhXS/src/geometry/Geometry.MeshClosestFace.cpp for CXX dependencies
[121/713] Scanning /tmp/intrinsic-geometry-e2e.GJlhXS/src/geometry/Geometry.OBB.cpp for CXX dependencies
[122/713] Scanning /tmp/intrinsic-geometry-e2e.GJlhXS/src/geometry/Geometry.MeshSoup.cpp for CXX dependencies
[123/713] Scanning /tmp/intrinsic-geometry-e2e.GJlhXS/src/geometry/Geometry.Octree.cpp for CXX dependencies
[124/713] Scanning /tmp/intrinsic-geometry-e2e.GJlhXS/src/geometry/Geometry.PCA.cpp for CXX dependencies
[125/713] Scanning /tmp/intrinsic-geometry-e2e.GJlhXS/src/geometry/Geometry.Overlap.cpp for CXX dependencies
[126/713] Scanning /tmp/intrinsic-geometry-e2e.GJlhXS/src/geometry/Geometry.Parameterization.Harmonic.cpp for CXX dependencies
[127/713] Scanning /tmp/intrinsic-geometry-e2e.GJlhXS/src/geometry/Geometry.Parameterization.Diagnostics.cpp for CXX dependencies
[128/713] Scanning /tmp/intrinsic-geometry-e2e.GJlhXS/src/geometry/Geometry.Parameterization.Bff.cpp for CXX dependencies
[129/713] Scanning /tmp/intrinsic-geometry-e2e.GJlhXS/src/geometry/Geometry.Plane.cpp for CXX dependencies
[130/713] Scanning /tmp/intrinsic-geometry-e2e.GJlhXS/src/geometry/Geometry.PointCloud.Consolidation.cpp for CXX dependencies
[131/713] Scanning /tmp/intrinsic-geometry-e2e.GJlhXS/src/geometry/Geometry.PointCloud.Conversion.cpp for CXX dependencies
[132/713] Scanning /tmp/intrinsic-geometry-e2e.GJlhXS/src/geometry/Geometry.PointCloud.Kernels.cpp for CXX dependencies
[133/713] Scanning /tmp/intrinsic-geometry-e2e.GJlhXS/src/geometry/Geometry.PointCloud.IO.cpp for CXX dependencies
[134/713] Scanning /tmp/intrinsic-geometry-e2e.GJlhXS/src/geometry/Geometry.PointCloud.Features.cpp for CXX dependencies
[135/713] Scanning /tmp/intrinsic-geometry-e2e.GJlhXS/src/geometry/Geometry.PointCloud.Normals.cpp for CXX dependencies
[136/713] Scanning /tmp/intrinsic-geometry-e2e.GJlhXS/src/geometry/Geometry.PointCloud.QualityMetrics.cpp for CXX dependencies
[137/713] Scanning /tmp/intrinsic-geometry-e2e.GJlhXS/src/geometry/Geometry.PointCloud.SurfaceSampling.cpp for CXX dependencies
[138/713] Scanning /tmp/intrinsic-geometry-e2e.GJlhXS/src/geometry/Geometry.PointCloud.Utils.cpp for CXX dependencies
[139/713] Scanning /tmp/intrinsic-geometry-e2e.GJlhXS/src/geometry/Geometry.PointCloud.cpp for CXX dependencies
[140/713] Scanning /tmp/intrinsic-geometry-e2e.GJlhXS/src/geometry/Geometry.Properties.cpp for CXX dependencies
[141/713] Scanning /tmp/intrinsic-geometry-e2e.GJlhXS/src/geometry/Geometry.Quadric.cpp for CXX dependencies
[142/713] Scanning /tmp/intrinsic-geometry-e2e.GJlhXS/src/geometry/Geometry.Queries.cpp for CXX dependencies
[143/713] Scanning /tmp/intrinsic-geometry-e2e.GJlhXS/src/geometry/Geometry.Raycast.cpp for CXX dependencies
[144/713] Scanning /tmp/intrinsic-geometry-e2e.GJlhXS/src/geometry/Geometry.Registration.cpp for CXX dependencies
[145/713] Scanning /tmp/intrinsic-geometry-e2e.GJlhXS/src/geometry/Geometry.Robust.cpp for CXX dependencies
[146/713] Scanning /tmp/intrinsic-geometry-e2e.GJlhXS/src/geometry/Geometry.RobustPredicates.cpp for CXX dependencies
[147/713] Scanning /tmp/intrinsic-geometry-e2e.GJlhXS/src/geometry/Geometry.Rotation.cpp for CXX dependencies
[148/713] Scanning /tmp/intrinsic-geometry-e2e.GJlhXS/src/geometry/Geometry.RotationAveraging.cpp for CXX dependencies
[149/713] Scanning /tmp/intrinsic-geometry-e2e.GJlhXS/src/geometry/Geometry.Sampling.cpp for CXX dependencies
[150/713] Scanning /tmp/intrinsic-geometry-e2e.GJlhXS/src/geometry/Geometry.SDF.cpp for CXX dependencies
[151/713] Scanning /tmp/intrinsic-geometry-e2e.GJlhXS/src/geometry/Geometry.Segment.cpp for CXX dependencies
[152/713] Scanning /tmp/intrinsic-geometry-e2e.GJlhXS/src/geometry/Geometry.Sphere.Sampling.cpp for CXX dependencies
[153/713] Scanning /tmp/intrinsic-geometry-e2e.GJlhXS/src/geometry/Geometry.Statistics.cpp for CXX dependencies
[154/713] Scanning /tmp/intrinsic-geometry-e2e.GJlhXS/src/geometry/Geometry.Sphere.cpp for CXX dependencies
[155/713] Scanning /tmp/intrinsic-geometry-e2e.GJlhXS/src/geometry/Geometry.Support.cpp for CXX dependencies
[156/713] Scanning /tmp/intrinsic-geometry-e2e.GJlhXS/src/geometry/Geometry.SurfaceReconstruction.cpp for CXX dependencies
[157/713] Scanning /tmp/intrinsic-geometry-e2e.GJlhXS/src/geometry/Geometry.Sparse.cpp for CXX dependencies
[158/713] Scanning /tmp/intrinsic-geometry-e2e.GJlhXS/src/geometry/Geometry.Triangle.cpp for CXX dependencies
[159/713] Scanning /tmp/intrinsic-geometry-e2e.GJlhXS/src/geometry/Geometry.UvAtlas.cpp for CXX dependencies
[160/713] Scanning /tmp/intrinsic-geometry-e2e.GJlhXS/src/geometry/Geometry.Validation.cpp for CXX dependencies
[161/713] Scanning /tmp/intrinsic-geometry-e2e.GJlhXS/src/geometry/Geometry.AABB.cppm for CXX dependencies
[162/713] Scanning /tmp/intrinsic-geometry-e2e.GJlhXS/src/geometry/Geometry.BVH.cppm for CXX dependencies
[163/713] Scanning /tmp/intrinsic-geometry-e2e.GJlhXS/src/geometry/Geometry.Circulators.cppm for CXX dependencies
[164/713] Scanning /tmp/intrinsic-geometry-e2e.GJlhXS/src/geometry/Geometry.Capsule.cppm for CXX dependencies
[165/713] Scanning /tmp/intrinsic-geometry-e2e.GJlhXS/src/geometry/Geometry.ContactManifold.cppm for CXX dependencies
[166/713] Scanning /tmp/intrinsic-geometry-e2e.GJlhXS/src/geometry/Geometry.Containment.cppm for CXX dependencies
[167/713] Scanning /tmp/intrinsic-geometry-e2e.GJlhXS/src/geometry/Geometry.ConvexHull.cppm for CXX dependencies
[168/713] Scanning /tmp/intrinsic-geometry-e2e.GJlhXS/src/geometry/Geometry.ConvexHullBuilder.cppm for CXX dependencies
[169/713] Scanning /tmp/intrinsic-geometry-e2e.GJlhXS/src/geometry/Geometry.Curve.cppm for CXX dependencies
[170/713] Scanning /tmp/intrinsic-geometry-e2e.GJlhXS/src/geometry/Geometry.Cylinder.cppm for CXX dependencies
[171/713] Scanning /tmp/intrinsic-geometry-e2e.GJlhXS/src/geometry/Geometry.DomainViews.cppm for CXX dependencies
[172/713] Scanning /tmp/intrinsic-geometry-e2e.GJlhXS/src/geometry/Geometry.EPA.cppm for CXX dependencies
[173/713] Scanning /tmp/intrinsic-geometry-e2e.GJlhXS/src/geometry/Geometry.Ellipsoid.cppm for CXX dependencies
[174/713] Scanning /tmp/intrinsic-geometry-e2e.GJlhXS/src/geometry/Geometry.FixedPoint.Anderson.cppm for CXX dependencies
[175/713] Scanning /tmp/intrinsic-geometry-e2e.GJlhXS/src/geometry/Geometry.Frustum.cppm for CXX dependencies
[176/713] Scanning /tmp/intrinsic-geometry-e2e.GJlhXS/src/geometry/Geometry.GaussianMixture.cppm for CXX dependencies
[177/713] Scanning /tmp/intrinsic-geometry-e2e.GJlhXS/src/geometry/Geometry.GJK.cppm for CXX dependencies
[178/713] Scanning /tmp/intrinsic-geometry-e2e.GJlhXS/src/geometry/Geometry.Graph.ShortestPath.cppm for CXX dependencies
[179/713] Scanning /tmp/intrinsic-geometry-e2e.GJlhXS/src/geometry/Geometry.Graph.IO.cppm for CXX dependencies
[180/713] Scanning /tmp/intrinsic-geometry-e2e.GJlhXS/src/geometry/Geometry.Graph.Utils.cppm for CXX dependencies
[181/713] Scanning /tmp/intrinsic-geometry-e2e.GJlhXS/src/geometry/Geometry.Graph.Vertex.Normals.cppm for CXX dependencies
[182/713] Scanning /tmp/intrinsic-geometry-e2e.GJlhXS/src/geometry/Geometry.Graph.cppm for CXX dependencies
[183/713] Scanning /tmp/intrinsic-geometry-e2e.GJlhXS/src/geometry/Geometry.Grid.cppm for CXX dependencies
[184/713] Scanning /tmp/intrinsic-geometry-e2e.GJlhXS/src/geometry/Geometry.HalfedgeMesh.AdaptiveRemeshing.cppm for CXX dependencies
[185/713] Scanning /tmp/intrinsic-geometry-e2e.GJlhXS/src/geometry/Geometry.HalfedgeMesh.Analysis.cppm for CXX dependencies
[186/713] Scanning /tmp/intrinsic-geometry-e2e.GJlhXS/src/geometry/Geometry.HalfedgeMesh.Boolean.cppm for CXX dependencies
[187/713] Scanning /tmp/intrinsic-geometry-e2e.GJlhXS/src/geometry/Geometry.HalfedgeMesh.Builder.cppm for CXX dependencies
[188/713] Scanning /tmp/intrinsic-geometry-e2e.GJlhXS/src/geometry/Geometry.HalfedgeMesh.Boundary.cppm for CXX dependencies
[189/713] Scanning /tmp/intrinsic-geometry-e2e.GJlhXS/src/geometry/Geometry.HalfedgeMesh.CatmullClark.cppm for CXX dependencies
[190/713] Scanning /tmp/intrinsic-geometry-e2e.GJlhXS/src/geometry/Geometry.HalfedgeMesh.DEC.cppm for CXX dependencies
[191/713] Scanning /tmp/intrinsic-geometry-e2e.GJlhXS/src/geometry/Geometry.HalfedgeMesh.Geodesic.cppm for CXX dependencies
[192/713] Scanning /tmp/intrinsic-geometry-e2e.GJlhXS/src/geometry/Geometry.HalfedgeMesh.Curvature.cppm for CXX dependencies
[193/713] Scanning /tmp/intrinsic-geometry-e2e.GJlhXS/src/geometry/Geometry.HalfedgeMesh.IO.cppm for CXX dependencies
[194/713] Scanning /tmp/intrinsic-geometry-e2e.GJlhXS/src/geometry/Geometry.HalfedgeMesh.Quality.cppm for CXX dependencies
[195/713] Scanning /tmp/intrinsic-geometry-e2e.GJlhXS/src/geometry/Geometry.HalfedgeMesh.Parameterization.cppm for CXX dependencies
[196/713] Scanning /tmp/intrinsic-geometry-e2e.GJlhXS/src/geometry/Geometry.HalfedgeMesh.Remeshing.cppm for CXX dependencies
[197/713] Scanning /tmp/intrinsic-geometry-e2e.GJlhXS/src/geometry/Geometry.HalfedgeMesh.SignedHeatMethod.cppm for CXX dependencies
[198/713] Scanning /tmp/intrinsic-geometry-e2e.GJlhXS/src/geometry/Geometry.HalfedgeMesh.Simplification.cppm for CXX dependencies
[199/713] Scanning /tmp/intrinsic-geometry-e2e.GJlhXS/src/geometry/Geometry.HalfedgeMesh.Repair.cppm for CXX dependencies
[200/713] Scanning /tmp/intrinsic-geometry-e2e.GJlhXS/src/geometry/Geometry.HalfedgeMesh.SubdivisionSqrt3.cppm for CXX dependencies
[201/713] Scanning /tmp/intrinsic-geometry-e2e.GJlhXS/src/geometry/Geometry.HalfedgeMesh.Subdivision.cppm for CXX dependencies
[202/713] Scanning /tmp/intrinsic-geometry-e2e.GJlhXS/src/geometry/Geometry.HalfedgeMesh.Smoothing.cppm for CXX dependencies
[203/713] Scanning /tmp/intrinsic-geometry-e2e.GJlhXS/src/geometry/Geometry.HalfedgeMesh.Utils.cppm for CXX dependencies
[204/713] Scanning /tmp/intrinsic-geometry-e2e.GJlhXS/src/geometry/Geometry.HalfedgeMesh.Vertices.Normals.cppm for CXX dependencies
[205/713] Scanning /tmp/intrinsic-geometry-e2e.GJlhXS/src/geometry/Geometry.HalfedgeMesh.VectorHeatMethod.cppm for CXX dependencies
[206/713] Scanning /tmp/intrinsic-geometry-e2e.GJlhXS/src/geometry/Geometry.IO.cppm for CXX dependencies
[207/713] Scanning /tmp/intrinsic-geometry-e2e.GJlhXS/src/geometry/Geometry.HtexPatch.cppm for CXX dependencies
[208/713] Scanning /tmp/intrinsic-geometry-e2e.GJlhXS/src/geometry/Geometry.HalfedgeMesh.cppm for CXX dependencies
[209/713] Scanning /tmp/intrinsic-geometry-e2e.GJlhXS/src/geometry/Geometry.ImplicitPlaneField.cppm for CXX dependencies
[210/713] Scanning /tmp/intrinsic-geometry-e2e.GJlhXS/src/geometry/Geometry.IntersectionClassification.cppm for CXX dependencies
[211/713] Scanning /tmp/intrinsic-geometry-e2e.GJlhXS/src/geometry/Geometry.KDTree.cppm for CXX dependencies
[212/713] Scanning /tmp/intrinsic-geometry-e2e.GJlhXS/src/geometry/Geometry.LinearSolver.cppm for CXX dependencies
[213/713] Scanning /tmp/intrinsic-geometry-e2e.GJlhXS/src/geometry/Geometry.KMeans.cppm for CXX dependencies
[214/713] Scanning /tmp/intrinsic-geometry-e2e.GJlhXS/src/geometry/Geometry.MarchingCubes.cppm for CXX dependencies
[215/713] Scanning /tmp/intrinsic-geometry-e2e.GJlhXS/src/geometry/Geometry.Mesh.Conversion.cppm for CXX dependencies
[216/713] Scanning /tmp/intrinsic-geometry-e2e.GJlhXS/src/geometry/Geometry.Linalg.cppm for CXX dependencies
[217/713] Scanning /tmp/intrinsic-geometry-e2e.GJlhXS/src/geometry/Geometry.MeshOperator.cppm for CXX dependencies
[218/713] Scanning /tmp/intrinsic-geometry-e2e.GJlhXS/src/geometry/Geometry.MeshSoup.cppm for CXX dependencies
[219/713] Scanning /tmp/intrinsic-geometry-e2e.GJlhXS/src/geometry/Geometry.MeshClosestFace.cppm for CXX dependencies
[220/713] Scanning /tmp/intrinsic-geometry-e2e.GJlhXS/src/geometry/Geometry.OBB.cppm for CXX dependencies
[221/713] Scanning /tmp/intrinsic-geometry-e2e.GJlhXS/src/geometry/Geometry.Octree.cppm for CXX dependencies
[222/713] Scanning /tmp/intrinsic-geometry-e2e.GJlhXS/src/geometry/Geometry.Overlap.cppm for CXX dependencies
[223/713] Scanning /tmp/intrinsic-geometry-e2e.GJlhXS/src/geometry/Geometry.PCA.cppm for CXX dependencies
[224/713] Scanning /tmp/intrinsic-geometry-e2e.GJlhXS/src/geometry/Geometry.Parameterization.Diagnostics.cppm for CXX dependencies
[225/713] Scanning /tmp/intrinsic-geometry-e2e.GJlhXS/src/geometry/Geometry.Parameterization.Bff.cppm for CXX dependencies
[226/713] Scanning /tmp/intrinsic-geometry-e2e.GJlhXS/src/geometry/Geometry.Parameterization.Harmonic.cppm for CXX dependencies
[227/713] Scanning /tmp/intrinsic-geometry-e2e.GJlhXS/src/geometry/Geometry.Plane.cppm for CXX dependencies
[228/713] Scanning /tmp/intrinsic-geometry-e2e.GJlhXS/src/geometry/Geometry.PointCloud.Consolidation.cppm for CXX dependencies
[229/713] Scanning /tmp/intrinsic-geometry-e2e.GJlhXS/src/geometry/Geometry.PointCloud.Conversion.cppm for CXX dependencies
[230/713] Scanning /tmp/intrinsic-geometry-e2e.GJlhXS/src/geometry/Geometry.PointCloud.Features.cppm for CXX dependencies
[231/713] Scanning /tmp/intrinsic-geometry-e2e.GJlhXS/src/geometry/Geometry.PointCloud.IO.cppm for CXX dependencies
[232/713] Scanning /tmp/intrinsic-geometry-e2e.GJlhXS/src/geometry/Geometry.PointCloud.Kernels.cppm for CXX dependencies
[233/713] Scanning /tmp/intrinsic-geometry-e2e.GJlhXS/src/geometry/Geometry.PointCloud.Normals.cppm for CXX dependencies
[234/713] Scanning /tmp/intrinsic-geometry-e2e.GJlhXS/src/geometry/Geometry.PointCloud.SurfaceSampling.cppm for CXX dependencies
[235/713] Scanning /tmp/intrinsic-geometry-e2e.GJlhXS/src/geometry/Geometry.PointCloud.QualityMetrics.cppm for CXX dependencies
[236/713] Scanning /tmp/intrinsic-geometry-e2e.GJlhXS/src/geometry/Geometry.PointCloud.Utils.cppm for CXX dependencies
[237/713] Scanning /tmp/intrinsic-geometry-e2e.GJlhXS/src/geometry/Geometry.PointCloud.cppm for CXX dependencies
[238/713] Scanning /tmp/intrinsic-geometry-e2e.GJlhXS/src/geometry/Geometry.Properties.cppm for CXX dependencies
[239/713] Scanning /tmp/intrinsic-geometry-e2e.GJlhXS/src/geometry/Geometry.Quadric.cppm for CXX dependencies
[240/713] Scanning /tmp/intrinsic-geometry-e2e.GJlhXS/src/geometry/Geometry.Queries.cppm for CXX dependencies
[241/713] Scanning /tmp/intrinsic-geometry-e2e.GJlhXS/src/geometry/Geometry.Ray.cppm for CXX dependencies
[242/713] Scanning /tmp/intrinsic-geometry-e2e.GJlhXS/src/geometry/Geometry.Raycast.cppm for CXX dependencies
[243/713] Scanning /tmp/intrinsic-geometry-e2e.GJlhXS/src/geometry/Geometry.Robust.cppm for CXX dependencies
[244/713] Scanning /tmp/intrinsic-geometry-e2e.GJlhXS/src/geometry/Geometry.Registration.cppm for CXX dependencies
[245/713] Scanning /tmp/intrinsic-geometry-e2e.GJlhXS/src/geometry/Geometry.Rotation.cppm for CXX dependencies
[246/713] Scanning /tmp/intrinsic-geometry-e2e.GJlhXS/src/geometry/Geometry.RobustPredicates.cppm for CXX dependencies
[247/713] Scanning /tmp/intrinsic-geometry-e2e.GJlhXS/src/geometry/Geometry.RotationAveraging.cppm for CXX dependencies
[248/713] Scanning /tmp/intrinsic-geometry-e2e.GJlhXS/src/geometry/Geometry.Sampling.cppm for CXX dependencies
[249/713] Scanning /tmp/intrinsic-geometry-e2e.GJlhXS/src/geometry/Geometry.SDF.cppm for CXX dependencies
[250/713] Scanning /tmp/intrinsic-geometry-e2e.GJlhXS/src/geometry/Geometry.SDFContact.cppm for CXX dependencies
[251/713] Scanning /tmp/intrinsic-geometry-e2e.GJlhXS/src/geometry/Geometry.SpatialQueries.cppm for CXX dependencies
[252/713] Scanning /tmp/intrinsic-geometry-e2e.GJlhXS/src/geometry/Geometry.Segment.cppm for CXX dependencies
[253/713] Scanning /tmp/intrinsic-geometry-e2e.GJlhXS/src/geometry/Geometry.Sparse.cppm for CXX dependencies
[254/713] Scanning /tmp/intrinsic-geometry-e2e.GJlhXS/src/geometry/Geometry.Sphere.Sampling.cppm for CXX dependencies
[255/713] Scanning /tmp/intrinsic-geometry-e2e.GJlhXS/src/geometry/Geometry.Sphere.cppm for CXX dependencies
[256/713] Scanning /tmp/intrinsic-geometry-e2e.GJlhXS/src/geometry/Geometry.Statistics.cppm for CXX dependencies
[257/713] Scanning /tmp/intrinsic-geometry-e2e.GJlhXS/src/geometry/Geometry.Support.cppm for CXX dependencies
[258/713] Scanning /tmp/intrinsic-geometry-e2e.GJlhXS/src/geometry/Geometry.SurfaceReconstruction.cppm for CXX dependencies
[259/713] Scanning /tmp/intrinsic-geometry-e2e.GJlhXS/src/geometry/Geometry.Triangle.cppm for CXX dependencies
[260/713] Scanning /tmp/intrinsic-geometry-e2e.GJlhXS/src/geometry/Geometry.UvAtlas.cppm for CXX dependencies
[261/713] Scanning /tmp/intrinsic-geometry-e2e.GJlhXS/src/geometry/Geometry.Validation.cppm for CXX dependencies
[262/713] Scanning /tmp/intrinsic-geometry-e2e.GJlhXS/src/geometry/Geometry.Graph.Fwd.cppm for CXX dependencies
[263/713] Scanning /tmp/intrinsic-geometry-e2e.GJlhXS/src/geometry/Geometry.HalfedgeMesh.Fwd.cppm for CXX dependencies
[264/713] Scanning /tmp/intrinsic-geometry-e2e.GJlhXS/src/geometry/Geometry.PointCloud.Fwd.cppm for CXX dependencies
[265/713] Scanning /tmp/intrinsic-geometry-e2e.GJlhXS/src/assets/Asset.EventBus.cpp for CXX dependencies
[266/713] Generating CXX dyndep file src/geometry/CMakeFiles/IntrinsicGeometry.dir/CXX.dd
[267/713] Scanning /tmp/intrinsic-geometry-e2e.GJlhXS/src/assets/Asset.ImportRouter.cpp for CXX dependencies
[268/713] Scanning /tmp/intrinsic-geometry-e2e.GJlhXS/src/assets/Asset.ModelTexturePayload.cpp for CXX dependencies
[269/713] Scanning /tmp/intrinsic-geometry-e2e.GJlhXS/src/assets/Asset.LoadPipeline.cpp for CXX dependencies
[270/713] Scanning /tmp/intrinsic-geometry-e2e.GJlhXS/src/assets/Asset.PathIndex.cpp for CXX dependencies
[271/713] Scanning /tmp/intrinsic-geometry-e2e.GJlhXS/src/assets/Asset.Registry.cpp for CXX dependencies
[272/713] Scanning /tmp/intrinsic-geometry-e2e.GJlhXS/src/assets/Asset.PayloadStore.cpp for CXX dependencies
[273/713] Scanning /tmp/intrinsic-geometry-e2e.GJlhXS/src/assets/Asset.Service.cpp for CXX dependencies
[274/713] Scanning /tmp/intrinsic-geometry-e2e.GJlhXS/src/assets/Asset.EventBus.cppm for CXX dependencies
[275/713] Scanning /tmp/intrinsic-geometry-e2e.GJlhXS/src/assets/Asset.GeometryPayload.cppm for CXX dependencies
[276/713] Scanning /tmp/intrinsic-geometry-e2e.GJlhXS/src/assets/Asset.ImportRouter.cppm for CXX dependencies
[277/713] Scanning /tmp/intrinsic-geometry-e2e.GJlhXS/src/assets/Asset.OperationStatus.cppm for CXX dependencies
[278/713] Scanning /tmp/intrinsic-geometry-e2e.GJlhXS/src/assets/Asset.LoadPipeline.cppm for CXX dependencies
[279/713] Scanning /tmp/intrinsic-geometry-e2e.GJlhXS/src/assets/Asset.ModelTexturePayload.cppm for CXX dependencies
[280/713] Scanning /tmp/intrinsic-geometry-e2e.GJlhXS/src/assets/Asset.Registry.cppm for CXX dependencies
[281/713] Scanning /tmp/intrinsic-geometry-e2e.GJlhXS/src/assets/Asset.PathIndex.cppm for CXX dependencies
[282/713] Scanning /tmp/intrinsic-geometry-e2e.GJlhXS/src/assets/Asset.PayloadStore.cppm for CXX dependencies
[283/713] Scanning /tmp/intrinsic-geometry-e2e.GJlhXS/src/assets/Asset.TypePool.cppm for CXX dependencies
[284/713] Scanning /tmp/intrinsic-geometry-e2e.GJlhXS/src/assets/Asset.Service.cppm for CXX dependencies
[285/713] Generating CXX dyndep file src/assets/CMakeFiles/ExtrinsicAssets.dir/CXX.dd
[286/713] Scanning /tmp/intrinsic-geometry-e2e.GJlhXS/src/ecs/ECS.Scene.Bootstrap.cpp for CXX dependencies
[287/713] Scanning /tmp/intrinsic-geometry-e2e.GJlhXS/src/ecs/ECS.Scene.Registry.cpp for CXX dependencies
[288/713] Scanning /tmp/intrinsic-geometry-e2e.GJlhXS/src/ecs/Hierarchy/ECS.Hierarchy.Structure.cpp for CXX dependencies
[289/713] Scanning /tmp/intrinsic-geometry-e2e.GJlhXS/src/ecs/Components/ECS.Component.Collider.cpp for CXX dependencies
[290/713] Scanning /tmp/intrinsic-geometry-e2e.GJlhXS/src/ecs/Hierarchy/ECS.Hierarchy.Mutation.cpp for CXX dependencies
[291/713] Scanning /tmp/intrinsic-geometry-e2e.GJlhXS/src/ecs/Components/ECS.Component.StableId.cpp for CXX dependencies
[292/713] Scanning /tmp/intrinsic-geometry-e2e.GJlhXS/src/ecs/Components/ECS.Component.RigidBody.cpp for CXX dependencies
[293/713] Scanning /tmp/intrinsic-geometry-e2e.GJlhXS/src/ecs/Components/ECS.Component.GeometrySources.cpp for CXX dependencies
[294/713] Scanning /tmp/intrinsic-geometry-e2e.GJlhXS/src/ecs/Components/ECS.Component.Transform.Local.cpp for CXX dependencies
[295/713] Scanning /tmp/intrinsic-geometry-e2e.GJlhXS/src/ecs/Components/ECS.Component.GeometrySourcesPopulate.cpp for CXX dependencies
[296/713] Scanning /tmp/intrinsic-geometry-e2e.GJlhXS/src/ecs/Systems/ECS.System.BoundsPropagation.cpp for CXX dependencies
[297/713] Scanning /tmp/intrinsic-geometry-e2e.GJlhXS/src/ecs/Systems/ECS.System.RenderSync.cpp for CXX dependencies
[298/713] Scanning /tmp/intrinsic-geometry-e2e.GJlhXS/src/ecs/Systems/ECS.System.TransformHierarchy.cpp for CXX dependencies
[299/713] Scanning /tmp/intrinsic-geometry-e2e.GJlhXS/src/ecs/ECS.Scene.Registry.cppm for CXX dependencies
[300/713] Scanning /tmp/intrinsic-geometry-e2e.GJlhXS/src/ecs/ECS.Scene.Handle.cppm for CXX dependencies
[301/713] Scanning /tmp/intrinsic-geometry-e2e.GJlhXS/src/ecs/ECS.Scene.Bootstrap.cppm for CXX dependencies
[302/713] Scanning /tmp/intrinsic-geometry-e2e.GJlhXS/src/ecs/Components/ECS.Component.AssetInstance.cppm for CXX dependencies
[303/713] Scanning /tmp/intrinsic-geometry-e2e.GJlhXS/src/ecs/Hierarchy/ECS.Hierarchy.Structure.cppm for CXX dependencies
[304/713] Scanning /tmp/intrinsic-geometry-e2e.GJlhXS/src/ecs/Hierarchy/ECS.Hierarchy.Mutation.cppm for CXX dependencies
[305/713] Scanning /tmp/intrinsic-geometry-e2e.GJlhXS/src/ecs/Components/ECS.Component.Collider.cppm for CXX dependencies
[306/713] Scanning /tmp/intrinsic-geometry-e2e.GJlhXS/src/ecs/Components/ECS.Component.DirtyTags.cppm for CXX dependencies
[307/713] Scanning /tmp/intrinsic-geometry-e2e.GJlhXS/src/ecs/Components/ECS.Component.GeometrySources.cppm for CXX dependencies
[308/713] Scanning /tmp/intrinsic-geometry-e2e.GJlhXS/src/ecs/Components/ECS.Component.Hierarchy.cppm for CXX dependencies
[309/713] Scanning /tmp/intrinsic-geometry-e2e.GJlhXS/src/ecs/Components/ECS.Component.GeometrySourcesPopulate.cppm for CXX dependencies
[310/713] Scanning /tmp/intrinsic-geometry-e2e.GJlhXS/src/ecs/Components/ECS.Component.MetaData.cppm for CXX dependencies
[311/713] Scanning /tmp/intrinsic-geometry-e2e.GJlhXS/src/ecs/Components/ECS.Component.ProceduralGeometryRef.cppm for CXX dependencies
[312/713] Scanning /tmp/intrinsic-geometry-e2e.GJlhXS/src/ecs/Components/ECS.Component.Light.cppm for CXX dependencies
[313/713] Scanning /tmp/intrinsic-geometry-e2e.GJlhXS/src/ecs/Components/ECS.Component.StableId.cppm for CXX dependencies
[314/713] Scanning /tmp/intrinsic-geometry-e2e.GJlhXS/src/ecs/Components/ECS.Component.Selection.cppm for CXX dependencies
[315/713] Scanning /tmp/intrinsic-geometry-e2e.GJlhXS/src/ecs/Components/ECS.Component.RigidBody.cppm for CXX dependencies
[316/713] Scanning /tmp/intrinsic-geometry-e2e.GJlhXS/src/ecs/Components/ECS.Component.Transform.Local.cppm for CXX dependencies
[317/713] Scanning /tmp/intrinsic-geometry-e2e.GJlhXS/src/ecs/Components/ECS.Component.Transform.World.cppm for CXX dependencies
[318/713] Scanning /tmp/intrinsic-geometry-e2e.GJlhXS/src/ecs/Systems/ECS.System.BoundsPropagation.cppm for CXX dependencies
[319/713] Scanning /tmp/intrinsic-geometry-e2e.GJlhXS/src/ecs/Systems/ECS.System.RenderSync.cppm for CXX dependencies
[320/713] Scanning /tmp/intrinsic-geometry-e2e.GJlhXS/src/ecs/Systems/ECS.System.TransformHierarchy.cppm for CXX dependencies
[321/713] Generating CXX dyndep file src/ecs/CMakeFiles/ExtrinsicECS.dir/CXX.dd
[322/713] Scanning /tmp/intrinsic-geometry-e2e.GJlhXS/src/graphics/rhi/RHI.CommandContext.cpp for CXX dependencies
[323/713] Scanning /tmp/intrinsic-geometry-e2e.GJlhXS/src/physics/Physics.World.cpp for CXX dependencies
[324/713] Scanning /tmp/intrinsic-geometry-e2e.GJlhXS/src/physics/Physics.World.cppm for CXX dependencies
[325/713] Generating CXX dyndep file src/physics/CMakeFiles/ExtrinsicPhysics.dir/CXX.dd
[326/713] Scanning /tmp/intrinsic-geometry-e2e.GJlhXS/src/graphics/rhi/RHI.BufferTransfer.cpp for CXX dependencies
[327/713] Scanning /tmp/intrinsic-geometry-e2e.GJlhXS/src/graphics/rhi/RHI.BufferManager.cpp for CXX dependencies
[328/713] Scanning /tmp/intrinsic-geometry-e2e.GJlhXS/src/graphics/rhi/RHI.TextureManager.cpp for CXX dependencies
[329/713] Scanning /tmp/intrinsic-geometry-e2e.GJlhXS/src/graphics/rhi/RHI.SamplerManager.cpp for CXX dependencies
[330/713] Scanning /tmp/intrinsic-geometry-e2e.GJlhXS/src/graphics/rhi/RHI.PipelineManager.cpp for CXX dependencies
[331/713] Scanning /tmp/intrinsic-geometry-e2e.GJlhXS/src/graphics/rhi/RHI.Profiler.cpp for CXX dependencies
[332/713] Scanning /tmp/intrinsic-geometry-e2e.GJlhXS/src/graphics/rhi/RHI.PipelineRegistry.cpp for CXX dependencies
[333/713] Scanning /tmp/intrinsic-geometry-e2e.GJlhXS/src/graphics/rhi/RHI.TextureUpload.cpp for CXX dependencies
[334/713] Scanning /tmp/intrinsic-geometry-e2e.GJlhXS/src/graphics/rhi/RHI.BufferView.cppm for CXX dependencies
[335/713] Scanning /tmp/intrinsic-geometry-e2e.GJlhXS/src/graphics/rhi/RHI.BufferTransfer.cppm for CXX dependencies
[336/713] Scanning /tmp/intrinsic-geometry-e2e.GJlhXS/src/graphics/rhi/RHI.QueueAffinity.cppm for CXX dependencies
[337/713] Scanning /tmp/intrinsic-geometry-e2e.GJlhXS/src/graphics/rhi/RHI.Descriptors.cppm for CXX dependencies
[338/713] Scanning /tmp/intrinsic-geometry-e2e.GJlhXS/src/graphics/rhi/RHI.TimelineSemaphore.cppm for CXX dependencies
[339/713] Scanning /tmp/intrinsic-geometry-e2e.GJlhXS/src/graphics/rhi/RHI.Transfer.cppm for CXX dependencies
[340/713] Scanning /tmp/intrinsic-geometry-e2e.GJlhXS/src/graphics/rhi/RHI.TextureUpload.cppm for CXX dependencies
[341/713] Scanning /tmp/intrinsic-geometry-e2e.GJlhXS/src/graphics/rhi/RHI.TransferQueue.cppm for CXX dependencies
[342/713] Scanning /tmp/intrinsic-geometry-e2e.GJlhXS/src/graphics/rhi/RHI.Profiler.cppm for CXX dependencies
[343/713] Scanning /tmp/intrinsic-geometry-e2e.GJlhXS/src/graphics/rhi/RHI.Bindless.cppm for CXX dependencies
[344/713] Scanning /tmp/intrinsic-geometry-e2e.GJlhXS/src/graphics/rhi/RHI.FrameHandle.cppm for CXX dependencies
[345/713] Scanning /tmp/intrinsic-geometry-e2e.GJlhXS/src/graphics/rhi/RHI.Types.cppm for CXX dependencies
[346/713] Scanning /tmp/intrinsic-geometry-e2e.GJlhXS/src/graphics/rhi/RHI.CommandContext.cppm for CXX dependencies
[347/713] Scanning /tmp/intrinsic-geometry-e2e.GJlhXS/src/graphics/rhi/RHI.Device.cppm for CXX dependencies
[348/713] Scanning /tmp/intrinsic-geometry-e2e.GJlhXS/src/graphics/rhi/RHI.BufferManager.cppm for CXX dependencies
[349/713] Scanning /tmp/intrinsic-geometry-e2e.GJlhXS/src/graphics/rhi/RHI.TextureManager.cppm for CXX dependencies
[350/713] Scanning /tmp/intrinsic-geometry-e2e.GJlhXS/src/graphics/rhi/RHI.SamplerManager.cppm for CXX dependencies
[351/713] Scanning /tmp/intrinsic-geometry-e2e.GJlhXS/src/graphics/rhi/RHI.PipelineManager.cppm for CXX dependencies
[352/713] Scanning /tmp/intrinsic-geometry-e2e.GJlhXS/src/graphics/rhi/RHI.PipelineRegistry.cppm for CXX dependencies
[353/713] Generating CXX dyndep file src/graphics/rhi/CMakeFiles/ExtrinsicRHI.dir/CXX.dd
[354/713] Scanning /tmp/intrinsic-geometry-e2e.GJlhXS/src/graphics/assets/Graphics.GpuAssetCache.cpp for CXX dependencies
[355/713] Scanning /tmp/intrinsic-geometry-e2e.GJlhXS/src/graphics/assets/Graphics.GpuAssetCache.cppm for CXX dependencies
[356/713] Generating CXX dyndep file src/graphics/assets/CMakeFiles/ExtrinsicGraphicsAssets.dir/CXX.dd
[357/713] Scanning /tmp/intrinsic-geometry-e2e.GJlhXS/src/graphics/renderer/Graphics.CameraSnapshots.cpp for CXX dependencies
[358/713] Scanning /tmp/intrinsic-geometry-e2e.GJlhXS/src/graphics/renderer/Graphics.ComputeParallelPrimitives.cpp for CXX dependencies
[359/713] Scanning /tmp/intrinsic-geometry-e2e.GJlhXS/src/graphics/renderer/Graphics.CurrentRendererContractAdapter.cpp for CXX dependencies
[360/713] Building CXX object CMakeFiles/tinygltf.dir/generated/deps/tinygltf_impl.cpp.o
[361/713] Scanning /tmp/intrinsic-geometry-e2e.GJlhXS/src/graphics/renderer/Graphics.RenderCommandRouter.cpp for CXX dependencies
[362/713] Linking CXX static library lib/libtinygltf.a
[363/713] Scanning /tmp/intrinsic-geometry-e2e.GJlhXS/src/graphics/renderer/Graphics.RenderRecipeConfig.cpp for CXX dependencies
[364/713] Scanning /tmp/intrinsic-geometry-e2e.GJlhXS/src/graphics/renderer/Graphics.RenderPrepPipeline.cpp for CXX dependencies
[365/713] Scanning /tmp/intrinsic-geometry-e2e.GJlhXS/src/graphics/renderer/Graphics.RenderingContract.cpp for CXX dependencies
[366/713] Scanning /tmp/intrinsic-geometry-e2e.GJlhXS/src/graphics/renderer/Graphics.RenderSubsystemRegistry.cpp for CXX dependencies
[367/713] Scanning /tmp/intrinsic-geometry-e2e.GJlhXS/src/graphics/renderer/Graphics.SharedRenderRecipeExecution.cpp for CXX dependencies
[368/713] Scanning /tmp/intrinsic-geometry-e2e.GJlhXS/src/graphics/renderer/Graphics.FrameRecipe.cpp for CXX dependencies
[369/713] Scanning /tmp/intrinsic-geometry-e2e.GJlhXS/src/graphics/renderer/Graphics.Renderer.cpp for CXX dependencies
[370/713] Scanning /tmp/intrinsic-geometry-e2e.GJlhXS/src/graphics/renderer/Graphics.TransientDebugUploadHelper.cpp for CXX dependencies
[371/713] Scanning /tmp/intrinsic-geometry-e2e.GJlhXS/src/graphics/renderer/Graphics.VisualizationOverlayUploadHelper.cpp for CXX dependencies
[372/713] Scanning /tmp/intrinsic-geometry-e2e.GJlhXS/src/graphics/renderer/Graphics.GpuTransfer.cpp for CXX dependencies
[373/713] Scanning /tmp/intrinsic-geometry-e2e.GJlhXS/src/graphics/renderer/Graphics.GeometryResidency.cpp for CXX dependencies
[374/713] Scanning /tmp/intrinsic-geometry-e2e.GJlhXS/src/graphics/renderer/Graphics.PropertyTextureBake.cpp for CXX dependencies
[375/713] Scanning /tmp/intrinsic-geometry-e2e.GJlhXS/src/graphics/renderer/Graphics.GpuWorld.cpp for CXX dependencies
[376/713] Scanning /tmp/intrinsic-geometry-e2e.GJlhXS/src/graphics/renderer/Graphics.MaterialSystem.cpp for CXX dependencies
[377/713] Scanning /tmp/intrinsic-geometry-e2e.GJlhXS/src/graphics/renderer/Graphics.VisualizationPackets.cpp for CXX dependencies
[378/713] Scanning /tmp/intrinsic-geometry-e2e.GJlhXS/src/graphics/renderer/Graphics.VisualizationPropertyBufferResidency.cpp for CXX dependencies
[379/713] Scanning /tmp/intrinsic-geometry-e2e.GJlhXS/src/graphics/renderer/Graphics.ColormapSystem.cpp for CXX dependencies
[380/713] Scanning /tmp/intrinsic-geometry-e2e.GJlhXS/src/graphics/renderer/Graphics.VisualizationSyncSystem.cpp for CXX dependencies
[381/713] Scanning /tmp/intrinsic-geometry-e2e.GJlhXS/src/graphics/renderer/Graphics.GpuScene.cpp for CXX dependencies
[382/713] Scanning /tmp/intrinsic-geometry-e2e.GJlhXS/src/graphics/renderer/Graphics.DebugViewSystem.cpp for CXX dependencies
[383/713] Scanning /tmp/intrinsic-geometry-e2e.GJlhXS/src/graphics/renderer/Graphics.CullingSystem.cpp for CXX dependencies
[384/713] Scanning /tmp/intrinsic-geometry-e2e.GJlhXS/src/graphics/renderer/Graphics.ImGuiUploadHelper.cpp for CXX dependencies
[385/713] Scanning /tmp/intrinsic-geometry-e2e.GJlhXS/src/graphics/renderer/Graphics.ImGuiOverlaySystem.cpp for CXX dependencies
[386/713] Scanning /tmp/intrinsic-geometry-e2e.GJlhXS/src/graphics/renderer/Graphics.SelectionSystem.cpp for CXX dependencies
[387/713] Scanning /tmp/intrinsic-geometry-e2e.GJlhXS/src/graphics/renderer/Graphics.LightSystem.cpp for CXX dependencies
[388/713] Scanning /tmp/intrinsic-geometry-e2e.GJlhXS/src/graphics/renderer/Graphics.SpatialDebugVisualizers.cpp for CXX dependencies
[389/713] Scanning /tmp/intrinsic-geometry-e2e.GJlhXS/src/graphics/renderer/Graphics.ForwardSystem.cpp for CXX dependencies
[390/713] Scanning /tmp/intrinsic-geometry-e2e.GJlhXS/src/graphics/renderer/Graphics.DeferredSystem.cpp for CXX dependencies
[391/713] Scanning /tmp/intrinsic-geometry-e2e.GJlhXS/src/graphics/renderer/Graphics.PostProcessSystem.cpp for CXX dependencies
[392/713] Scanning /tmp/intrinsic-geometry-e2e.GJlhXS/src/graphics/renderer/Graphics.ShadowSystem.cpp for CXX dependencies
[393/713] Scanning /tmp/intrinsic-geometry-e2e.GJlhXS/src/graphics/renderer/Graphics.Reconstruction.cpp for CXX dependencies
[394/713] Scanning /tmp/intrinsic-geometry-e2e.GJlhXS/src/graphics/renderer/Graphics.HZB.cpp for CXX dependencies
[395/713] Scanning /tmp/intrinsic-geometry-e2e.GJlhXS/src/graphics/renderer/Graphics.LightClusters.cpp for CXX dependencies
[396/713] Scanning /tmp/intrinsic-geometry-e2e.GJlhXS/src/graphics/renderer/Components/Graphics.Component.GpuSceneSlot.cpp for CXX dependencies
[397/713] Scanning /tmp/intrinsic-geometry-e2e.GJlhXS/src/graphics/renderer/Graphics.UvView.cpp for CXX dependencies
[398/713] Scanning /tmp/intrinsic-geometry-e2e.GJlhXS/src/graphics/renderer/Graphics.TransformSyncSystem.cpp for CXX dependencies
[399/713] Scanning /tmp/intrinsic-geometry-e2e.GJlhXS/src/graphics/renderer/Backends/Null/Backends.Null.cpp for CXX dependencies
[400/713] Scanning /tmp/intrinsic-geometry-e2e.GJlhXS/src/graphics/renderer/Backends/Null/Backends.Null.Bindless.cpp for CXX dependencies
[401/713] Scanning /tmp/intrinsic-geometry-e2e.GJlhXS/src/graphics/renderer/Backends/Null/Backends.Null.Profiler.cpp for CXX dependencies
[402/713] Scanning /tmp/intrinsic-geometry-e2e.GJlhXS/src/graphics/renderer/Passes/Pass.DepthPrepass.cpp for CXX dependencies
[403/713] Scanning /tmp/intrinsic-geometry-e2e.GJlhXS/src/graphics/renderer/Backends/Null/Backends.Null.Transfer.cpp for CXX dependencies
[404/713] Scanning /tmp/intrinsic-geometry-e2e.GJlhXS/src/graphics/renderer/Passes/Pass.Deferred.GBuffers.cpp for CXX dependencies
[405/713] Scanning /tmp/intrinsic-geometry-e2e.GJlhXS/src/graphics/renderer/Passes/Pass.Deferred.Lighting.cpp for CXX dependencies
[406/713] Scanning /tmp/intrinsic-geometry-e2e.GJlhXS/src/graphics/renderer/Passes/Pass.Forward.Line.cpp for CXX dependencies
[407/713] Scanning /tmp/intrinsic-geometry-e2e.GJlhXS/src/graphics/renderer/Passes/Pass.Forward.Point.cpp for CXX dependencies
[408/713] Scanning /tmp/intrinsic-geometry-e2e.GJlhXS/src/graphics/renderer/Passes/Pass.Forward.Surface.cpp for CXX dependencies
[409/713] Scanning /tmp/intrinsic-geometry-e2e.GJlhXS/src/graphics/renderer/Passes/Pass.PostProcess.Bloom.cpp for CXX dependencies
[410/713] Scanning /tmp/intrinsic-geometry-e2e.GJlhXS/src/graphics/renderer/Passes/Pass.PostProcess.Histogram.cpp for CXX dependencies
[411/713] Scanning /tmp/intrinsic-geometry-e2e.GJlhXS/src/graphics/renderer/Passes/Pass.ImGui.cpp for CXX dependencies
[412/713] Scanning /tmp/intrinsic-geometry-e2e.GJlhXS/src/graphics/renderer/Passes/Pass.Selection.EdgeId.cpp for CXX dependencies
[413/713] Scanning /tmp/intrinsic-geometry-e2e.GJlhXS/src/graphics/renderer/Passes/Pass.Selection.EntityId.cpp for CXX dependencies
[414/713] Scanning /tmp/intrinsic-geometry-e2e.GJlhXS/src/graphics/renderer/Passes/Pass.Selection.FaceId.cpp for CXX dependencies
[415/713] Scanning /tmp/intrinsic-geometry-e2e.GJlhXS/src/graphics/renderer/Passes/Pass.Selection.PointId.cpp for CXX dependencies
[416/713] Scanning /tmp/intrinsic-geometry-e2e.GJlhXS/src/graphics/renderer/Passes/Pass.Shadows.cpp for CXX dependencies
[417/713] Scanning /tmp/intrinsic-geometry-e2e.GJlhXS/src/graphics/renderer/Passes/Pass.Selection.Outline.cpp for CXX dependencies
[418/713] Scanning /tmp/intrinsic-geometry-e2e.GJlhXS/src/graphics/renderer/Passes/Pass.TransientDebug.Surface.cpp for CXX dependencies
[419/713] Scanning /tmp/intrinsic-geometry-e2e.GJlhXS/src/graphics/renderer/Passes/Pass.VisualizationOverlay.cpp for CXX dependencies
[420/713] Scanning /tmp/intrinsic-geometry-e2e.GJlhXS/src/graphics/renderer/Graphics.Colormap.cppm for CXX dependencies
[421/713] Scanning /tmp/intrinsic-geometry-e2e.GJlhXS/src/graphics/renderer/Graphics.CameraSnapshots.cppm for CXX dependencies
[422/713] Scanning /tmp/intrinsic-geometry-e2e.GJlhXS/src/graphics/renderer/Graphics.CurrentRendererContractAdapter.cppm for CXX dependencies
[423/713] Scanning /tmp/intrinsic-geometry-e2e.GJlhXS/src/graphics/renderer/Graphics.ComputeParallelPrimitives.cppm for CXX dependencies
[424/713] Scanning /tmp/intrinsic-geometry-e2e.GJlhXS/src/graphics/renderer/Graphics.FrameRecipe.cppm for CXX dependencies
[425/713] Scanning /tmp/intrinsic-geometry-e2e.GJlhXS/src/graphics/renderer/Graphics.RenderCommandRouter.cppm for CXX dependencies
[426/713] Scanning /tmp/intrinsic-geometry-e2e.GJlhXS/src/graphics/renderer/Graphics.RenderRecipeConfig.cppm for CXX dependencies
[427/713] Scanning /tmp/intrinsic-geometry-e2e.GJlhXS/src/graphics/renderer/Graphics.RenderingContract.cppm for CXX dependencies
[428/713] Scanning /tmp/intrinsic-geometry-e2e.GJlhXS/src/graphics/renderer/Graphics.RenderPrepPipeline.cppm for CXX dependencies
[429/713] Scanning /tmp/intrinsic-geometry-e2e.GJlhXS/src/graphics/renderer/Graphics.RenderSubsystemRegistry.cppm for CXX dependencies
[430/713] Scanning /tmp/intrinsic-geometry-e2e.GJlhXS/src/graphics/renderer/Graphics.SharedRenderRecipeExecution.cppm for CXX dependencies
[431/713] Scanning /tmp/intrinsic-geometry-e2e.GJlhXS/src/graphics/renderer/Graphics.RenderWorld.cppm for CXX dependencies
[432/713] Scanning /tmp/intrinsic-geometry-e2e.GJlhXS/src/graphics/renderer/Graphics.Renderer.cppm for CXX dependencies
[433/713] Scanning /tmp/intrinsic-geometry-e2e.GJlhXS/src/graphics/renderer/Graphics.GpuTransfer.cppm for CXX dependencies
[434/713] Scanning /tmp/intrinsic-geometry-e2e.GJlhXS/src/graphics/renderer/Graphics.GeometryResidency.cppm for CXX dependencies
[435/713] Scanning /tmp/intrinsic-geometry-e2e.GJlhXS/src/graphics/renderer/Graphics.Material.cppm for CXX dependencies
[436/713] Scanning /tmp/intrinsic-geometry-e2e.GJlhXS/src/graphics/renderer/Graphics.MaterialSystem.cppm for CXX dependencies
[437/713] Scanning /tmp/intrinsic-geometry-e2e.GJlhXS/src/graphics/renderer/Graphics.PropertyTextureBake.cppm for CXX dependencies
[438/713] Scanning /tmp/intrinsic-geometry-e2e.GJlhXS/src/graphics/renderer/Graphics.GpuWorld.cppm for CXX dependencies
[439/713] Scanning /tmp/intrinsic-geometry-e2e.GJlhXS/src/graphics/renderer/Graphics.VisualizationPackets.cppm for CXX dependencies
[440/713] Scanning /tmp/intrinsic-geometry-e2e.GJlhXS/src/graphics/renderer/Graphics.VisualizationSyncSystem.cppm for CXX dependencies
[441/713] Scanning /tmp/intrinsic-geometry-e2e.GJlhXS/src/graphics/renderer/Graphics.ColormapSystem.cppm for CXX dependencies
[442/713] Scanning /tmp/intrinsic-geometry-e2e.GJlhXS/src/graphics/renderer/Graphics.VisualizationPropertyBufferResidency.cppm for CXX dependencies
[443/713] Scanning /tmp/intrinsic-geometry-e2e.GJlhXS/src/graphics/renderer/Graphics.ImGuiOverlaySystem.cppm for CXX dependencies
[444/713] Scanning /tmp/intrinsic-geometry-e2e.GJlhXS/src/graphics/renderer/Graphics.DebugViewSystem.cppm for CXX dependencies
[445/713] Scanning /tmp/intrinsic-geometry-e2e.GJlhXS/src/graphics/renderer/Graphics.ImGuiUploadHelper.cppm for CXX dependencies
[446/713] Scanning /tmp/intrinsic-geometry-e2e.GJlhXS/src/graphics/renderer/Graphics.CullingSystem.cppm for CXX dependencies
[447/713] Scanning /tmp/intrinsic-geometry-e2e.GJlhXS/src/graphics/renderer/Graphics.ForwardSystem.cppm for CXX dependencies
[448/713] Scanning /tmp/intrinsic-geometry-e2e.GJlhXS/src/graphics/renderer/Graphics.SelectionSystem.cppm for CXX dependencies
[449/713] Scanning /tmp/intrinsic-geometry-e2e.GJlhXS/src/graphics/renderer/Graphics.SpatialDebugVisualizers.cppm for CXX dependencies
[450/713] Scanning /tmp/intrinsic-geometry-e2e.GJlhXS/src/graphics/renderer/Graphics.LightSystem.cppm for CXX dependencies
[451/713] Scanning /tmp/intrinsic-geometry-e2e.GJlhXS/src/graphics/renderer/Graphics.GpuScene.cppm for CXX dependencies
[452/713] Scanning /tmp/intrinsic-geometry-e2e.GJlhXS/src/graphics/renderer/Graphics.DeferredSystem.cppm for CXX dependencies
[453/713] Scanning /tmp/intrinsic-geometry-e2e.GJlhXS/src/graphics/renderer/Graphics.PostProcessSystem.cppm for CXX dependencies
[454/713] Scanning /tmp/intrinsic-geometry-e2e.GJlhXS/src/graphics/renderer/Graphics.Reconstruction.cppm for CXX dependencies
[455/713] Scanning /tmp/intrinsic-geometry-e2e.GJlhXS/src/graphics/renderer/Graphics.LightClusters.cppm for CXX dependencies
[456/713] Scanning /tmp/intrinsic-geometry-e2e.GJlhXS/src/graphics/renderer/Graphics.HZB.cppm for CXX dependencies
[457/713] Scanning /tmp/intrinsic-geometry-e2e.GJlhXS/src/graphics/renderer/Graphics.ShadowSystem.cppm for CXX dependencies
[458/713] Scanning /tmp/intrinsic-geometry-e2e.GJlhXS/src/graphics/renderer/Graphics.UvView.cppm for CXX dependencies
[459/713] Scanning /tmp/intrinsic-geometry-e2e.GJlhXS/src/graphics/renderer/Graphics.TransformSyncSystem.cppm for CXX dependencies
[460/713] Scanning /tmp/intrinsic-geometry-e2e.GJlhXS/src/graphics/renderer/Graphics.TransientDebugUploadHelper.cppm for CXX dependencies
[461/713] Scanning /tmp/intrinsic-geometry-e2e.GJlhXS/src/graphics/renderer/Graphics.VisualizationOverlayUploadHelper.cppm for CXX dependencies
[462/713] Scanning /tmp/intrinsic-geometry-e2e.GJlhXS/src/graphics/renderer/Components/Graphics.Component.GpuSceneSlot.cppm for CXX dependencies
[463/713] Scanning /tmp/intrinsic-geometry-e2e.GJlhXS/src/graphics/renderer/Components/Graphics.Component.Material.cppm for CXX dependencies
[464/713] Scanning /tmp/intrinsic-geometry-e2e.GJlhXS/src/graphics/renderer/Components/Graphics.Component.RenderGeometry.cppm for CXX dependencies
[465/713] Scanning /tmp/intrinsic-geometry-e2e.GJlhXS/src/graphics/renderer/Passes/Pass.DepthPrepass.cppm for CXX dependencies
[466/713] Scanning /tmp/intrinsic-geometry-e2e.GJlhXS/src/graphics/renderer/Components/Graphics.Component.VisualizationConfig.cppm for CXX dependencies
[467/713] Scanning /tmp/intrinsic-geometry-e2e.GJlhXS/src/graphics/renderer/Passes/Pass.Forward.Line.cppm for CXX dependencies
[468/713] Scanning /tmp/intrinsic-geometry-e2e.GJlhXS/src/graphics/renderer/Passes/Pass.Deferred.GBuffers.cppm for CXX dependencies
[469/713] Scanning /tmp/intrinsic-geometry-e2e.GJlhXS/src/graphics/renderer/Backends/Null/Backends.Null.cppm for CXX dependencies
[470/713] Scanning /tmp/intrinsic-geometry-e2e.GJlhXS/src/graphics/renderer/Passes/Pass.Forward.Point.cppm for CXX dependencies
[471/713] Scanning /tmp/intrinsic-geometry-e2e.GJlhXS/src/graphics/renderer/Passes/Pass.Forward.Surface.cppm for CXX dependencies
[472/713] Scanning /tmp/intrinsic-geometry-e2e.GJlhXS/src/graphics/renderer/Passes/Pass.PostProcess.Bloom.cppm for CXX dependencies
[473/713] Scanning /tmp/intrinsic-geometry-e2e.GJlhXS/src/graphics/renderer/Passes/Pass.PostProcess.FXAA.cppm for CXX dependencies
[474/713] Scanning /tmp/intrinsic-geometry-e2e.GJlhXS/src/graphics/renderer/Passes/Pass.PostProcess.Histogram.cppm for CXX dependencies
[475/713] Scanning /tmp/intrinsic-geometry-e2e.GJlhXS/src/graphics/renderer/Passes/Pass.Selection.EdgeId.cppm for CXX dependencies
[476/713] Scanning /tmp/intrinsic-geometry-e2e.GJlhXS/src/graphics/renderer/Passes/Pass.PostProcess.ToneMap.cppm for CXX dependencies
[477/713] Scanning /tmp/intrinsic-geometry-e2e.GJlhXS/src/graphics/renderer/Passes/Pass.PostProcess.SMAA.cppm for CXX dependencies
[478/713] Scanning /tmp/intrinsic-geometry-e2e.GJlhXS/src/graphics/renderer/Passes/Pass.Selection.EntityId.cppm for CXX dependencies
[479/713] Scanning /tmp/intrinsic-geometry-e2e.GJlhXS/src/graphics/renderer/Passes/Pass.Selection.FaceId.cppm for CXX dependencies
[480/713] Scanning /tmp/intrinsic-geometry-e2e.GJlhXS/src/graphics/renderer/Passes/Pass.Selection.Outline.cppm for CXX dependencies
[481/713] Scanning /tmp/intrinsic-geometry-e2e.GJlhXS/src/graphics/renderer/Passes/Pass.Selection.PointId.cppm for CXX dependencies
[482/713] Scanning /tmp/intrinsic-geometry-e2e.GJlhXS/src/graphics/renderer/Passes/Pass.Shadows.cppm for CXX dependencies
[483/713] Scanning /tmp/intrinsic-geometry-e2e.GJlhXS/src/graphics/renderer/Passes/Pass.TransientDebug.Surface.cppm for CXX dependencies
[484/713] Scanning /tmp/intrinsic-geometry-e2e.GJlhXS/src/graphics/renderer/Passes/Pass.VisualizationOverlay.cppm for CXX dependencies
[485/713] Scanning /tmp/intrinsic-geometry-e2e.GJlhXS/src/graphics/framegraph/Graphics.RenderGraph.Barriers.cpp for CXX dependencies
[486/713] Scanning /tmp/intrinsic-geometry-e2e.GJlhXS/src/graphics/framegraph/Graphics.RenderGraph.cpp for CXX dependencies
[487/713] Scanning /tmp/intrinsic-geometry-e2e.GJlhXS/src/graphics/framegraph/Graphics.RenderGraph.TransientAllocator.cpp for CXX dependencies
[488/713] Scanning /tmp/intrinsic-geometry-e2e.GJlhXS/src/graphics/framegraph/Graphics.RenderGraph.Compiler.cpp for CXX dependencies
[489/713] Scanning /tmp/intrinsic-geometry-e2e.GJlhXS/src/graphics/framegraph/Graphics.RenderGraph.Resources.cppm for CXX dependencies
[490/713] Scanning /tmp/intrinsic-geometry-e2e.GJlhXS/src/graphics/framegraph/Graphics.RenderGraph.Executor.cpp for CXX dependencies
[491/713] Scanning /tmp/intrinsic-geometry-e2e.GJlhXS/src/graphics/framegraph/Graphics.RenderGraph.cppm for CXX dependencies
[492/713] Scanning /tmp/intrinsic-geometry-e2e.GJlhXS/src/graphics/framegraph/Graphics.RenderGraph.Pass.cppm for CXX dependencies
[493/713] Scanning /tmp/intrinsic-geometry-e2e.GJlhXS/src/graphics/framegraph/Graphics.RenderGraph.Compiler.cppm for CXX dependencies
[494/713] Scanning /tmp/intrinsic-geometry-e2e.GJlhXS/src/graphics/framegraph/Graphics.RenderGraph.Barriers.cppm for CXX dependencies
[495/713] Scanning /tmp/intrinsic-geometry-e2e.GJlhXS/src/graphics/framegraph/Graphics.RenderGraph.TransientAllocator.cppm for CXX dependencies
[496/713] Scanning /tmp/intrinsic-geometry-e2e.GJlhXS/src/graphics/framegraph/Graphics.RenderGraph.Executor.cppm for CXX dependencies
[497/713] Scanning /tmp/intrinsic-geometry-e2e.GJlhXS/src/platform/Platform.Input.cpp for CXX dependencies
[498/713] Generating CXX dyndep file src/graphics/framegraph/CMakeFiles/ExtrinsicGraphicsRenderGraph.dir/CXX.dd
[499/713] Scanning /tmp/intrinsic-geometry-e2e.GJlhXS/src/platform/Platform.CreateWindow.cpp for CXX dependencies
[500/713] Generating CXX dyndep file src/graphics/renderer/CMakeFiles/ExtrinsicGraphics.dir/CXX.dd
[501/713] Scanning /tmp/intrinsic-geometry-e2e.GJlhXS/src/platform/backends/null/Platform.Backend.Null.cpp for CXX dependencies
[502/713] Scanning /tmp/intrinsic-geometry-e2e.GJlhXS/src/platform/Platform.Input.cppm for CXX dependencies
[503/713] Scanning /tmp/intrinsic-geometry-e2e.GJlhXS/src/platform/backends/glfw/Platform.Backend.Glfw.cpp for CXX dependencies
[504/713] Scanning /tmp/intrinsic-geometry-e2e.GJlhXS/src/runtime/Runtime.AsyncWorkModule.cpp for CXX dependencies
[505/713] Scanning /tmp/intrinsic-geometry-e2e.GJlhXS/src/platform/Platform.IWindow.cppm for CXX dependencies
[506/713] Scanning /tmp/intrinsic-geometry-e2e.GJlhXS/src/platform/backends/null/Platform.Backend.Null.cppm for CXX dependencies
[507/713] Scanning /tmp/intrinsic-geometry-e2e.GJlhXS/src/platform/backends/glfw/Platform.Backend.Glfw.cppm for CXX dependencies
[508/713] Generating CXX dyndep file src/platform/CMakeFiles/ExtrinsicPlatform.dir/CXX.dd
[509/713] Scanning /tmp/intrinsic-geometry-e2e.GJlhXS/src/runtime/Runtime.AssetIngestStateMachine.cpp for CXX dependencies
[510/713] Scanning /tmp/intrinsic-geometry-e2e.GJlhXS/src/runtime/Runtime.AssetWorkflowModule.cpp for CXX dependencies
[511/713] Scanning /tmp/intrinsic-geometry-e2e.GJlhXS/src/runtime/Runtime.AssetWorkflowImportExecutor.cpp for CXX dependencies
[512/713] Scanning /tmp/intrinsic-geometry-e2e.GJlhXS/src/runtime/Runtime.AssetWorkflowGeometryMaterialization.cpp for CXX dependencies
[513/713] Scanning /tmp/intrinsic-geometry-e2e.GJlhXS/src/runtime/Runtime.AssetWorkflowModelMaterialization.cpp for CXX dependencies
[514/713] Scanning /tmp/intrinsic-geometry-e2e.GJlhXS/src/runtime/Runtime.AssetWorkflowTextureResidency.cpp for CXX dependencies
[515/713] Scanning /tmp/intrinsic-geometry-e2e.GJlhXS/src/runtime/Runtime.AssetWorkflowRecipePolicies.cpp for CXX dependencies
[516/713] Scanning /tmp/intrinsic-geometry-e2e.GJlhXS/src/runtime/Runtime.AssetWorkflowModelTextureDecode.cpp for CXX dependencies
[517/713] Scanning /tmp/intrinsic-geometry-e2e.GJlhXS/src/runtime/Runtime.CommandBus.cpp for CXX dependencies
[518/713] Scanning /tmp/intrinsic-geometry-e2e.GJlhXS/src/runtime/Runtime.DeviceBootstrap.cpp for CXX dependencies
[519/713] Scanning /tmp/intrinsic-geometry-e2e.GJlhXS/src/runtime/Runtime.JobService.cpp for CXX dependencies
[520/713] Scanning /tmp/intrinsic-geometry-e2e.GJlhXS/src/runtime/Modules/Clustering/Runtime.ClusteringModule.cpp for CXX dependencies
[521/713] Scanning /tmp/intrinsic-geometry-e2e.GJlhXS/src/runtime/Modules/Clustering/Runtime.ClusteringGpuBackend.cpp for CXX dependencies
[522/713] Scanning /tmp/intrinsic-geometry-e2e.GJlhXS/src/runtime/Runtime.GeometryPresentation.cpp for CXX dependencies
[523/713] Scanning /tmp/intrinsic-geometry-e2e.GJlhXS/src/runtime/Modules/Clustering/Runtime.ClusteringGpuState.cpp for CXX dependencies
[524/713] Scanning /tmp/intrinsic-geometry-e2e.GJlhXS/src/runtime/Runtime.RenderArtifactPublication.cpp for CXX dependencies
[525/713] Scanning /tmp/intrinsic-geometry-e2e.GJlhXS/src/runtime/Runtime.ProgressivePoissonGpuBackend.cpp for CXX dependencies
[526/713] Scanning /tmp/intrinsic-geometry-e2e.GJlhXS/src/runtime/Modules/Clustering/Runtime.ClusteringConfig.cpp for CXX dependencies
[527/713] Scanning /tmp/intrinsic-geometry-e2e.GJlhXS/src/runtime/Runtime.ProgressivePoissonConfig.cpp for CXX dependencies
[528/713] Scanning /tmp/intrinsic-geometry-e2e.GJlhXS/src/runtime/Runtime.ParameterizationConfig.cpp for CXX dependencies
[529/713] Scanning /tmp/intrinsic-geometry-e2e.GJlhXS/src/runtime/Runtime.PointCloudConsolidationConfig.cpp for CXX dependencies
[530/713] Scanning /tmp/intrinsic-geometry-e2e.GJlhXS/src/runtime/Runtime.PointCloudConsolidationModule.cpp for CXX dependencies
[531/713] Scanning /tmp/intrinsic-geometry-e2e.GJlhXS/src/runtime/Runtime.EditorWorkspaceAttachment.cpp for CXX dependencies
[532/713] Scanning /tmp/intrinsic-geometry-e2e.GJlhXS/src/runtime/Runtime.EditorCommandHistory.cpp for CXX dependencies
[533/713] Scanning /tmp/intrinsic-geometry-e2e.GJlhXS/src/runtime/internal/Runtime.FeatureConfigCodecs.Detail.cpp for CXX dependencies
[534/713] Scanning /tmp/intrinsic-geometry-e2e.GJlhXS/src/runtime/Runtime.EditorJobProjection.Public.cpp for CXX dependencies
[535/713] Scanning /tmp/intrinsic-geometry-e2e.GJlhXS/src/runtime/Runtime.SceneEditingOperations.Debug.cpp for CXX dependencies
[536/713] Scanning /tmp/intrinsic-geometry-e2e.GJlhXS/src/runtime/Runtime.SceneEditingOperations.Public.cpp for CXX dependencies
[537/713] Scanning /tmp/intrinsic-geometry-e2e.GJlhXS/src/runtime/Runtime.SceneEditingOperations.Actions.cpp for CXX dependencies
[538/713] Scanning /tmp/intrinsic-geometry-e2e.GJlhXS/src/runtime/Runtime.VisualizationEditingOperations.Public.cpp for CXX dependencies
[539/713] Scanning /tmp/intrinsic-geometry-e2e.GJlhXS/src/runtime/Runtime.GeometryProcessingOperations.Public.cpp for CXX dependencies
[540/713] Scanning /tmp/intrinsic-geometry-e2e.GJlhXS/src/runtime/Runtime.VisualizationEditingOperations.Debug.cpp for CXX dependencies
[541/713] Scanning /tmp/intrinsic-geometry-e2e.GJlhXS/src/runtime/Runtime.VisualizationEditingOperations.Actions.cpp for CXX dependencies
[542/713] Scanning /tmp/intrinsic-geometry-e2e.GJlhXS/src/runtime/Runtime.RenderRecipeEditingOperations.Public.cpp for CXX dependencies
[543/713] Scanning /tmp/intrinsic-geometry-e2e.GJlhXS/src/runtime/Runtime.EditorWorkspaceSnapshots.Public.cpp for CXX dependencies
[544/713] Scanning /tmp/intrinsic-geometry-e2e.GJlhXS/src/runtime/internal/Runtime.EditorFeatureContextAdapters.cpp for CXX dependencies
[545/713] Scanning /tmp/intrinsic-geometry-e2e.GJlhXS/src/runtime/Runtime.EditorWorkspaceSnapshots.Models.cpp for CXX dependencies
[546/713] Scanning /tmp/intrinsic-geometry-e2e.GJlhXS/src/runtime/internal/Runtime.EditorWorkspaceSession.cpp for CXX dependencies
[547/713] Scanning /tmp/intrinsic-geometry-e2e.GJlhXS/src/runtime/Runtime.GeometryProcessingOperations.cpp for CXX dependencies
[548/713] Scanning /tmp/intrinsic-geometry-e2e.GJlhXS/src/runtime/Runtime.RenderRecipeEditingOperations.cpp for CXX dependencies
[549/713] Scanning /tmp/intrinsic-geometry-e2e.GJlhXS/src/runtime/Runtime.GeometryProcessingOperations.Mesh.cpp for CXX dependencies
[550/713] Scanning /tmp/intrinsic-geometry-e2e.GJlhXS/src/runtime/Runtime.RenderRecipeEditingOperations.Debug.cpp for CXX dependencies
[551/713] Scanning /tmp/intrinsic-geometry-e2e.GJlhXS/src/runtime/Runtime.ParameterizationOperations.cpp for CXX dependencies
[552/713] Scanning /tmp/intrinsic-geometry-e2e.GJlhXS/src/runtime/Editor/Runtime.EditorPropertyWidgets.cpp for CXX dependencies
[553/713] Scanning /tmp/intrinsic-geometry-e2e.GJlhXS/src/runtime/Editor/Runtime.EditorWindowRegistry.cpp for CXX dependencies
[554/713] Scanning /tmp/intrinsic-geometry-e2e.GJlhXS/src/runtime/Editor/Runtime.EditorUiHost.cpp for CXX dependencies
[555/713] Scanning /tmp/intrinsic-geometry-e2e.GJlhXS/src/runtime/Editor/Runtime.EditorUiModule.cpp for CXX dependencies
[556/713] Scanning /tmp/intrinsic-geometry-e2e.GJlhXS/src/runtime/Runtime.EngineConfigControl.cpp for CXX dependencies
[557/713] Scanning /tmp/intrinsic-geometry-e2e.GJlhXS/src/runtime/Runtime.InputActions.cpp for CXX dependencies
[558/713] Scanning /tmp/intrinsic-geometry-e2e.GJlhXS/src/runtime/Runtime.EngineConfigBoot.cpp for CXX dependencies
[559/713] Scanning /tmp/intrinsic-geometry-e2e.GJlhXS/src/runtime/Runtime.Engine.cpp for CXX dependencies
[560/713] Scanning /tmp/intrinsic-geometry-e2e.GJlhXS/src/runtime/Runtime.ServiceRegistry.cpp for CXX dependencies
[561/713] Scanning /tmp/intrinsic-geometry-e2e.GJlhXS/src/runtime/Runtime.KernelEvents.cpp for CXX dependencies
[562/713] Scanning /tmp/intrinsic-geometry-e2e.GJlhXS/src/runtime/Runtime.WorldRegistry.cpp for CXX dependencies
[563/713] Scanning /tmp/intrinsic-geometry-e2e.GJlhXS/src/runtime/Runtime.GeometryAvailability.cpp for CXX dependencies
[564/713] Scanning /tmp/intrinsic-geometry-e2e.GJlhXS/src/runtime/Scene/Runtime.SceneDocumentModule.cpp for CXX dependencies
[565/713] Scanning /tmp/intrinsic-geometry-e2e.GJlhXS/src/runtime/Runtime.PhysicsBridge.cpp for CXX dependencies
[566/713] Scanning /tmp/intrinsic-geometry-e2e.GJlhXS/src/runtime/Scene/Runtime.SceneInteractionModule.cpp for CXX dependencies
[567/713] Scanning /tmp/intrinsic-geometry-e2e.GJlhXS/src/runtime/Cameras/Runtime.CameraModule.cpp for CXX dependencies
[568/713] Scanning /tmp/intrinsic-geometry-e2e.GJlhXS/src/runtime/Runtime.SceneSerialization.cpp for CXX dependencies
[569/713] Scanning /tmp/intrinsic-geometry-e2e.GJlhXS/src/runtime/Cameras/Runtime.CameraControllers.cpp for CXX dependencies
[570/713] Scanning /tmp/intrinsic-geometry-e2e.GJlhXS/src/runtime/Cameras/Runtime.CameraFocusCommand.cpp for CXX dependencies
[571/713] Scanning /tmp/intrinsic-geometry-e2e.GJlhXS/src/runtime/Gizmos/Runtime.GizmoInteraction.cpp for CXX dependencies
[572/713] Scanning /tmp/intrinsic-geometry-e2e.GJlhXS/src/runtime/Runtime.GeometryPlanBuilders.Graph.cpp for CXX dependencies
[573/713] Scanning /tmp/intrinsic-geometry-e2e.GJlhXS/src/runtime/ImGui/Runtime.ImGuiAdapter.cpp for CXX dependencies
[574/713] Scanning /tmp/intrinsic-geometry-e2e.GJlhXS/src/runtime/Runtime.GeometryPlanBuilders.Mesh.cpp for CXX dependencies
[575/713] Scanning /tmp/intrinsic-geometry-e2e.GJlhXS/src/runtime/Runtime.GeometryPlanBuilders.MeshPrimitiveView.cpp for CXX dependencies
[576/713] Scanning /tmp/intrinsic-geometry-e2e.GJlhXS/src/runtime/Runtime.GeometryPlanBuilders.Procedural.cpp for CXX dependencies
[577/713] Scanning /tmp/intrinsic-geometry-e2e.GJlhXS/src/runtime/Runtime.GeometryPlanBuilders.PointCloud.cpp for CXX dependencies
[578/713] Scanning /tmp/intrinsic-geometry-e2e.GJlhXS/src/runtime/Runtime.MeshSurfaceTopology.cpp for CXX dependencies
[579/713] Scanning /tmp/intrinsic-geometry-e2e.GJlhXS/src/runtime/Runtime.RenderRecipeActivation.cpp for CXX dependencies
[580/713] Scanning /tmp/intrinsic-geometry-e2e.GJlhXS/src/runtime/Runtime.PrimitiveSelectionRefinement.cpp for CXX dependencies
[581/713] Scanning /tmp/intrinsic-geometry-e2e.GJlhXS/src/runtime/Runtime.ReferenceScene.cpp for CXX dependencies
[582/713] Scanning /tmp/intrinsic-geometry-e2e.GJlhXS/src/runtime/Runtime.RenderExtraction.cpp for CXX dependencies
[583/713] Scanning /tmp/intrinsic-geometry-e2e.GJlhXS/src/runtime/Runtime.RenderExtraction.Recipes.cpp for CXX dependencies
[584/713] Scanning /tmp/intrinsic-geometry-e2e.GJlhXS/src/runtime/Runtime.RenderExtractionService.cpp for CXX dependencies
[585/713] Scanning /tmp/intrinsic-geometry-e2e.GJlhXS/src/runtime/Runtime.RenderExtraction.Geometry.cpp for CXX dependencies
[586/713] Scanning /tmp/intrinsic-geometry-e2e.GJlhXS/src/runtime/Runtime.RenderWorldPool.cpp for CXX dependencies
[587/713] Scanning /tmp/intrinsic-geometry-e2e.GJlhXS/src/runtime/Runtime.SelectionController.cpp for CXX dependencies
[588/713] Scanning /tmp/intrinsic-geometry-e2e.GJlhXS/src/runtime/Runtime.StableEntityLookup.cpp for CXX dependencies
[589/713] Scanning /tmp/intrinsic-geometry-e2e.GJlhXS/src/runtime/Runtime.VertexAttributeBinding.cpp for CXX dependencies
[590/713] Scanning /tmp/intrinsic-geometry-e2e.GJlhXS/src/runtime/Runtime.TextureBakeModule.cpp for CXX dependencies
[591/713] Scanning /tmp/intrinsic-geometry-e2e.GJlhXS/src/runtime/Runtime.AsyncWorkModule.cppm for CXX dependencies
[592/713] Scanning /tmp/intrinsic-geometry-e2e.GJlhXS/src/runtime/Runtime.VertexChannelStreams.cpp for CXX dependencies
[593/713] Scanning /tmp/intrinsic-geometry-e2e.GJlhXS/src/runtime/Visualization/Runtime.VisualizationRecipes.cpp for CXX dependencies
[594/713] Scanning /tmp/intrinsic-geometry-e2e.GJlhXS/src/runtime/Runtime.AssetWorkflowModule.cppm for CXX dependencies
[595/713] Scanning /tmp/intrinsic-geometry-e2e.GJlhXS/src/runtime/Runtime.AssetIngestStateMachine.cppm for CXX dependencies
[596/713] Scanning /tmp/intrinsic-geometry-e2e.GJlhXS/src/runtime/Runtime.CommandBus.cppm for CXX dependencies
[597/713] Scanning /tmp/intrinsic-geometry-e2e.GJlhXS/src/runtime/Runtime.DeviceBootstrap.cppm for CXX dependencies
[598/713] Scanning /tmp/intrinsic-geometry-e2e.GJlhXS/src/runtime/Runtime.JobService.cppm for CXX dependencies
[599/713] Scanning /tmp/intrinsic-geometry-e2e.GJlhXS/src/runtime/Modules/Clustering/Runtime.ClusteringModule.cppm for CXX dependencies
[600/713] Scanning /tmp/intrinsic-geometry-e2e.GJlhXS/src/runtime/Modules/Clustering/Runtime.ClusteringGpuBackend.cppm for CXX dependencies
[601/713] Scanning /tmp/intrinsic-geometry-e2e.GJlhXS/src/runtime/Runtime.GeometryPresentation.cppm for CXX dependencies
[602/713] Scanning /tmp/intrinsic-geometry-e2e.GJlhXS/src/runtime/Runtime.ProgressivePoissonGpuBackend.cppm for CXX dependencies
[603/713] Scanning /tmp/intrinsic-geometry-e2e.GJlhXS/src/runtime/Runtime.RenderArtifactPublication.cppm for CXX dependencies
[604/713] Scanning /tmp/intrinsic-geometry-e2e.GJlhXS/src/runtime/Modules/Clustering/Runtime.ClusteringConfig.cppm for CXX dependencies
[605/713] Scanning /tmp/intrinsic-geometry-e2e.GJlhXS/src/runtime/Runtime.ProgressivePoissonConfig.cppm for CXX dependencies
[606/713] Scanning /tmp/intrinsic-geometry-e2e.GJlhXS/src/runtime/Runtime.ParameterizationConfig.cppm for CXX dependencies
[607/713] Scanning /tmp/intrinsic-geometry-e2e.GJlhXS/src/runtime/Runtime.PointCloudConsolidationConfig.cppm for CXX dependencies
[608/713] Scanning /tmp/intrinsic-geometry-e2e.GJlhXS/src/runtime/Runtime.PointCloudConsolidationModule.cppm for CXX dependencies
[609/713] Scanning /tmp/intrinsic-geometry-e2e.GJlhXS/src/runtime/Runtime.EditorCommandHistory.cppm for CXX dependencies
[610/713] Scanning /tmp/intrinsic-geometry-e2e.GJlhXS/src/runtime/Runtime.EditorCommon.cppm for CXX dependencies
[611/713] Scanning /tmp/intrinsic-geometry-e2e.GJlhXS/src/runtime/Runtime.EditorWorkspaceAttachment.cppm for CXX dependencies
[612/713] Scanning /tmp/intrinsic-geometry-e2e.GJlhXS/src/runtime/Runtime.EditorWorkspaceSnapshots.cppm for CXX dependencies
[613/713] Scanning /tmp/intrinsic-geometry-e2e.GJlhXS/src/runtime/Runtime.EditorJobProjection.cppm for CXX dependencies
[614/713] Scanning /tmp/intrinsic-geometry-e2e.GJlhXS/src/runtime/Runtime.SceneEditingOperations.cppm for CXX dependencies
[615/713] Scanning /tmp/intrinsic-geometry-e2e.GJlhXS/src/runtime/Runtime.GeometryProcessingOperations.cppm for CXX dependencies
[616/713] Scanning /tmp/intrinsic-geometry-e2e.GJlhXS/src/runtime/Runtime.RenderRecipeEditingOperations.cppm for CXX dependencies
[617/713] Scanning /tmp/intrinsic-geometry-e2e.GJlhXS/src/runtime/Runtime.VisualizationEditingOperations.cppm for CXX dependencies
[618/713] Scanning /tmp/intrinsic-geometry-e2e.GJlhXS/src/runtime/Editor/Runtime.EditorPropertyWidgets.cppm for CXX dependencies
[619/713] Scanning /tmp/intrinsic-geometry-e2e.GJlhXS/src/runtime/Editor/Runtime.EditorWindowRegistry.cppm for CXX dependencies
[620/713] Scanning /tmp/intrinsic-geometry-e2e.GJlhXS/src/runtime/Editor/Runtime.EditorUiModule.cppm for CXX dependencies
[621/713] Scanning /tmp/intrinsic-geometry-e2e.GJlhXS/src/runtime/Editor/Runtime.EditorUiHost.cppm for CXX dependencies
[622/713] Scanning /tmp/intrinsic-geometry-e2e.GJlhXS/src/runtime/Runtime.Engine.cppm for CXX dependencies
[623/713] Scanning /tmp/intrinsic-geometry-e2e.GJlhXS/src/runtime/Runtime.FramePacingDiagnostics.cppm for CXX dependencies
[624/713] Scanning /tmp/intrinsic-geometry-e2e.GJlhXS/src/runtime/Runtime.EngineConfigBoot.cppm for CXX dependencies
[625/713] Scanning /tmp/intrinsic-geometry-e2e.GJlhXS/src/runtime/Runtime.EngineConfigControl.cppm for CXX dependencies
[626/713] Scanning /tmp/intrinsic-geometry-e2e.GJlhXS/src/runtime/Runtime.InputActions.cppm for CXX dependencies
[627/713] Scanning /tmp/intrinsic-geometry-e2e.GJlhXS/src/runtime/Runtime.ServiceRegistry.cppm for CXX dependencies
[628/713] Scanning /tmp/intrinsic-geometry-e2e.GJlhXS/src/runtime/Runtime.WorldHandle.cppm for CXX dependencies
[629/713] Scanning /tmp/intrinsic-geometry-e2e.GJlhXS/src/runtime/Runtime.KernelEvents.cppm for CXX dependencies
[630/713] Scanning /tmp/intrinsic-geometry-e2e.GJlhXS/src/runtime/Runtime.Module.cppm for CXX dependencies
[631/713] Scanning /tmp/intrinsic-geometry-e2e.GJlhXS/src/runtime/Runtime.PhysicsBridge.cppm for CXX dependencies
[632/713] Scanning /tmp/intrinsic-geometry-e2e.GJlhXS/src/runtime/Runtime.WorldRegistry.cppm for CXX dependencies
[633/713] Scanning /tmp/intrinsic-geometry-e2e.GJlhXS/src/runtime/Runtime.GeometryAvailability.cppm for CXX dependencies
[634/713] Scanning /tmp/intrinsic-geometry-e2e.GJlhXS/src/runtime/Scene/Runtime.SceneDocumentModule.cppm for CXX dependencies
[635/713] Scanning /tmp/intrinsic-geometry-e2e.GJlhXS/src/runtime/Runtime.SceneSerialization.cppm for CXX dependencies
[636/713] Scanning /tmp/intrinsic-geometry-e2e.GJlhXS/src/runtime/Cameras/Runtime.CameraModule.cppm for CXX dependencies
[637/713] Scanning /tmp/intrinsic-geometry-e2e.GJlhXS/src/runtime/Scene/Runtime.SceneInteractionModule.cppm for CXX dependencies
[638/713] Scanning /tmp/intrinsic-geometry-e2e.GJlhXS/src/runtime/Cameras/Runtime.CameraFocusCommand.cppm for CXX dependencies
[639/713] Scanning /tmp/intrinsic-geometry-e2e.GJlhXS/src/runtime/Gizmos/Runtime.GizmoInteraction.cppm for CXX dependencies
[640/713] Scanning /tmp/intrinsic-geometry-e2e.GJlhXS/src/runtime/Cameras/Runtime.CameraControllers.cppm for CXX dependencies
[641/713] Scanning /tmp/intrinsic-geometry-e2e.GJlhXS/src/runtime/Runtime.MeshPrimitiveView.cppm for CXX dependencies
[642/713] Scanning /tmp/intrinsic-geometry-e2e.GJlhXS/src/runtime/ImGui/Runtime.ImGuiAdapter.cppm for CXX dependencies
[643/713] Scanning /tmp/intrinsic-geometry-e2e.GJlhXS/src/runtime/Runtime.MeshSurfaceTopology.cppm for CXX dependencies
[644/713] Scanning /tmp/intrinsic-geometry-e2e.GJlhXS/src/runtime/Runtime.ReferenceScene.cppm for CXX dependencies
[645/713] Scanning /tmp/intrinsic-geometry-e2e.GJlhXS/src/runtime/Runtime.RenderRecipeActivation.cppm for CXX dependencies
[646/713] Scanning /tmp/intrinsic-geometry-e2e.GJlhXS/src/runtime/Runtime.PrimitiveSelectionRefinement.cppm for CXX dependencies
[647/713] Scanning /tmp/intrinsic-geometry-e2e.GJlhXS/src/runtime/Runtime.RenderWorldPool.cppm for CXX dependencies
[648/713] Scanning /tmp/intrinsic-geometry-e2e.GJlhXS/src/runtime/Runtime.SelectionController.cppm for CXX dependencies
[649/713] Scanning /tmp/intrinsic-geometry-e2e.GJlhXS/src/runtime/Runtime.RenderExtraction.cppm for CXX dependencies
[650/713] Scanning /tmp/intrinsic-geometry-e2e.GJlhXS/src/runtime/Runtime.VertexChannelBindings.cppm for CXX dependencies
[651/713] Scanning /tmp/intrinsic-geometry-e2e.GJlhXS/src/runtime/Runtime.StableEntityLookup.cppm for CXX dependencies
[652/713] Scanning /tmp/intrinsic-geometry-e2e.GJlhXS/src/runtime/Runtime.TextureBakeModule.cppm for CXX dependencies
[653/713] Scanning /tmp/intrinsic-geometry-e2e.GJlhXS/src/runtime/Runtime.VertexAttributeBinding.cppm for CXX dependencies
[654/713] Scanning /tmp/intrinsic-geometry-e2e.GJlhXS/src/runtime/Runtime.VertexChannelStreams.cppm for CXX dependencies
[655/713] Scanning /tmp/intrinsic-geometry-e2e.GJlhXS/src/runtime/Visualization/Runtime.VisualizationRecipes.cppm for CXX dependencies
[656/713] Scanning /tmp/intrinsic-geometry-e2e.GJlhXS/src/runtime/internal/Runtime.FeatureConfigCodecs.Detail.cppm for CXX dependencies
[657/713] Scanning /tmp/intrinsic-geometry-e2e.GJlhXS/src/runtime/Runtime.AssetWorkflowGeometryMaterialization.cppm for CXX dependencies
[658/713] Scanning /tmp/intrinsic-geometry-e2e.GJlhXS/src/runtime/internal/Runtime.EditorFeatures.Detail.cppm for CXX dependencies
[659/713] Scanning /tmp/intrinsic-geometry-e2e.GJlhXS/src/runtime/internal/Runtime.EditorWorkspaceAttachment.Detail.cppm for CXX dependencies
[660/713] Scanning /tmp/intrinsic-geometry-e2e.GJlhXS/src/runtime/Runtime.AssetWorkflowImportExecutor.cppm for CXX dependencies
[661/713] Scanning /tmp/intrinsic-geometry-e2e.GJlhXS/src/runtime/Runtime.AssetWorkflowModelTextureDecode.cppm for CXX dependencies
[662/713] Scanning /tmp/intrinsic-geometry-e2e.GJlhXS/src/runtime/Runtime.AssetWorkflowModelMaterialization.cppm for CXX dependencies
[663/713] Scanning /tmp/intrinsic-geometry-e2e.GJlhXS/src/runtime/Runtime.AssetWorkflowRecipePolicies.cppm for CXX dependencies
[664/713] Scanning /tmp/intrinsic-geometry-e2e.GJlhXS/src/runtime/Runtime.GeometryPlanBuilders.cppm for CXX dependencies
[665/713] Scanning /tmp/intrinsic-geometry-e2e.GJlhXS/src/runtime/Runtime.AssetWorkflowTextureResidency.cppm for CXX dependencies
[666/713] Scanning /tmp/intrinsic-geometry-e2e.GJlhXS/src/app/Sandbox/Editor/Sandbox.EditorController.cpp for CXX dependencies
[667/713] Scanning /tmp/intrinsic-geometry-e2e.GJlhXS/src/runtime/Runtime.RenderExtraction.Internal.cpp for CXX dependencies
[668/713] Scanning /tmp/intrinsic-geometry-e2e.GJlhXS/src/app/Sandbox/Editor/Sandbox.EditorShell.cpp for CXX dependencies
[669/713] Scanning /tmp/intrinsic-geometry-e2e.GJlhXS/src/app/Sandbox/Editor/Sandbox.DomainPanels.cpp for CXX dependencies
[670/713] Generating CXX dyndep file src/runtime/CMakeFiles/ExtrinsicRuntime.dir/CXX.dd
[671/729] Scanning /tmp/intrinsic-geometry-e2e.GJlhXS/src/app/Sandbox/Sandbox.ConfigSections.cpp for CXX dependencies
[672/729] Scanning /tmp/intrinsic-geometry-e2e.GJlhXS/src/app/Sandbox/Editor/Sandbox.MethodPanels.cpp for CXX dependencies
[673/729] Scanning /tmp/intrinsic-geometry-e2e.GJlhXS/src/app/Sandbox/Editor/Sandbox.MeshProcessingPanels.cpp for CXX dependencies
[674/729] Scanning /tmp/intrinsic-geometry-e2e.GJlhXS/src/app/Sandbox/Sandbox.cpp for CXX dependencies
[675/729] Scanning /tmp/intrinsic-geometry-e2e.GJlhXS/src/app/Sandbox/Editor/Sandbox.EditorController.cppm for CXX dependencies
[676/729] Scanning /tmp/intrinsic-geometry-e2e.GJlhXS/src/app/Sandbox/Editor/Sandbox.EditorShell.cppm for CXX dependencies
[677/729] Scanning /tmp/intrinsic-geometry-e2e.GJlhXS/src/app/Sandbox/Editor/Sandbox.DomainPanels.cppm for CXX dependencies
[678/729] Scanning /tmp/intrinsic-geometry-e2e.GJlhXS/src/app/Sandbox/Editor/Sandbox.MethodPanels.cppm for CXX dependencies
[679/729] Scanning /tmp/intrinsic-geometry-e2e.GJlhXS/src/app/Sandbox/Sandbox.ConfigSections.cppm for CXX dependencies
[680/729] Scanning /tmp/intrinsic-geometry-e2e.GJlhXS/src/app/Sandbox/Editor/Sandbox.MeshProcessingPanels.cppm for CXX dependencies
[681/729] Scanning /tmp/intrinsic-geometry-e2e.GJlhXS/src/app/Sandbox/Sandbox.cppm for CXX dependencies
[682/729] Generating CXX dyndep file src/app/Sandbox/CMakeFiles/ExtrinsicSandboxEditor.dir/CXX.dd
[683/735] Scanning /tmp/intrinsic-geometry-e2e.GJlhXS/tests/integration/runtime/Test.SandboxDomainPanels.cpp for CXX dependencies
[684/735] Scanning /tmp/intrinsic-geometry-e2e.GJlhXS/tests/integration/runtime/Test.SandboxConfigSections.cpp for CXX dependencies
[685/735] Scanning /tmp/intrinsic-geometry-e2e.GJlhXS/tests/integration/runtime/Test.SandboxAppComposition.cpp for CXX dependencies
[686/735] Scanning /tmp/intrinsic-geometry-e2e.GJlhXS/tests/integration/runtime/Test.SandboxEditorPresentation.cpp for CXX dependencies
[687/735] Generating CXX dyndep file tests/CMakeFiles/TestSupportObjs.dir/CXX.dd
[688/735] Scanning /tmp/intrinsic-geometry-e2e.GJlhXS/tests/integration/runtime/Test.SandboxParameterizationPanel.cpp for CXX dependencies
[689/735] Scanning /tmp/intrinsic-geometry-e2e.GJlhXS/tests/integration/runtime/Test.SandboxPointCloudConsolidationPanel.cpp for CXX dependencies
[690/735] Generating CXX dyndep file tests/CMakeFiles/SandboxEditorIntegrationTestObjs.dir/CXX.dd
[691/737] Building CXX object src/runtime/CMakeFiles/ExtrinsicRuntime.dir/Runtime.PointCloudConsolidationConfig.cppm.o
[692/737] Building CXX object src/app/Sandbox/CMakeFiles/ExtrinsicSandboxEditor.dir/Sandbox.ConfigSections.cppm.o
[693/737] Building CXX object src/app/Sandbox/CMakeFiles/ExtrinsicSandboxEditor.dir/Sandbox.ConfigSections.cpp.o
[694/737] Building CXX object tests/CMakeFiles/SandboxEditorIntegrationTestObjs.dir/integration/runtime/Test.SandboxConfigSections.cpp.o
[695/737] Building CXX object src/runtime/CMakeFiles/ExtrinsicRuntime.dir/internal/Runtime.FeatureConfigCodecs.Detail.cppm.o
[696/737] Building CXX object src/runtime/CMakeFiles/ExtrinsicRuntime.dir/Runtime.ProgressivePoissonConfig.cpp.o
[697/737] Building CXX object src/runtime/CMakeFiles/ExtrinsicRuntime.dir/Runtime.ParameterizationConfig.cpp.o
[698/737] Building CXX object src/runtime/CMakeFiles/ExtrinsicRuntime.dir/Modules/Clustering/Runtime.ClusteringConfig.cpp.o
[699/737] Building CXX object src/runtime/CMakeFiles/ExtrinsicRuntime.dir/Runtime.PointCloudConsolidationConfig.cpp.o
[700/737] Building CXX object src/runtime/CMakeFiles/ExtrinsicRuntime.dir/Runtime.PointCloudConsolidationModule.cppm.o
[701/737] Building CXX object src/runtime/CMakeFiles/ExtrinsicRuntime.dir/Runtime.PointCloudConsolidationModule.cpp.o
[702/737] Building CXX object src/runtime/CMakeFiles/ExtrinsicRuntime.dir/internal/Runtime.FeatureConfigCodecs.Detail.cpp.o
[703/737] Building CXX object src/runtime/CMakeFiles/ExtrinsicRuntime.dir/Runtime.GeometryProcessingOperations.cppm.o
[704/737] Building CXX object src/runtime/CMakeFiles/ExtrinsicRuntime.dir/Runtime.ParameterizationOperations.cpp.o
[705/737] Building CXX object src/runtime/CMakeFiles/ExtrinsicRuntime.dir/Runtime.GeometryProcessingOperations.cpp.o
[706/737] Building CXX object src/runtime/CMakeFiles/ExtrinsicRuntime.dir/Runtime.GeometryProcessingOperations.Mesh.cpp.o
[707/737] Building CXX object src/runtime/CMakeFiles/ExtrinsicRuntime.dir/Runtime.VisualizationEditingOperations.cppm.o
[708/737] Building CXX object src/runtime/CMakeFiles/ExtrinsicRuntime.dir/Runtime.VisualizationEditingOperations.Debug.cpp.o
[709/737] Building CXX object src/runtime/CMakeFiles/ExtrinsicRuntime.dir/Runtime.VisualizationEditingOperations.Actions.cpp.o
[710/737] Building CXX object src/runtime/CMakeFiles/ExtrinsicRuntime.dir/Runtime.EditorWorkspaceSnapshots.cppm.o
[711/737] Building CXX object src/app/Sandbox/CMakeFiles/ExtrinsicSandboxEditor.dir/Editor/Sandbox.EditorShell.cppm.o
[712/737] Building CXX object src/app/Sandbox/CMakeFiles/ExtrinsicSandboxEditor.dir/Editor/Sandbox.EditorShell.cpp.o
[713/737] Building CXX object src/runtime/CMakeFiles/ExtrinsicRuntime.dir/internal/Runtime.EditorFeatures.Detail.cppm.o
[714/737] Building CXX object src/runtime/CMakeFiles/ExtrinsicRuntime.dir/Runtime.EditorWorkspaceSnapshots.Models.cpp.o
[715/737] Building CXX object src/runtime/CMakeFiles/ExtrinsicRuntime.dir/internal/Runtime.EditorFeatureContextAdapters.cpp.o
[716/737] Building CXX object src/app/Sandbox/CMakeFiles/ExtrinsicSandboxEditor.dir/Editor/Sandbox.DomainPanels.cppm.o
[717/737] Building CXX object src/app/Sandbox/CMakeFiles/ExtrinsicSandboxEditor.dir/Editor/Sandbox.MethodPanels.cppm.o
[718/737] Building CXX object src/runtime/CMakeFiles/ExtrinsicRuntime.dir/internal/Runtime.EditorWorkspaceSession.cpp.o
[719/737] Building CXX object src/app/Sandbox/CMakeFiles/ExtrinsicSandboxEditor.dir/Editor/Sandbox.MeshProcessingPanels.cppm.o
[720/737] Building CXX object src/app/Sandbox/CMakeFiles/ExtrinsicSandboxEditor.dir/Editor/Sandbox.EditorController.cpp.o
[721/737] Building CXX object src/app/Sandbox/CMakeFiles/ExtrinsicSandboxEditor.dir/Editor/Sandbox.MethodPanels.cpp.o
[722/737] Building CXX object src/app/Sandbox/CMakeFiles/ExtrinsicSandboxEditor.dir/Editor/Sandbox.DomainPanels.cpp.o
[723/737] Building CXX object src/app/Sandbox/CMakeFiles/ExtrinsicSandboxEditor.dir/Editor/Sandbox.MeshProcessingPanels.cpp.o
[724/737] Building CXX object tests/CMakeFiles/SandboxEditorIntegrationTestObjs.dir/integration/runtime/Test.SandboxDomainPanels.cpp.o
[725/737] Building CXX object tests/CMakeFiles/SandboxEditorIntegrationTestObjs.dir/integration/runtime/Test.SandboxEditorPresentation.cpp.o
[726/737] Building CXX object tests/CMakeFiles/SandboxEditorIntegrationTestObjs.dir/integration/runtime/Test.SandboxParameterizationPanel.cpp.o
[727/737] Building CXX object tests/CMakeFiles/SandboxEditorIntegrationTestObjs.dir/integration/runtime/Test.SandboxPointCloudConsolidationPanel.cpp.o
[728/737] Building CXX object src/runtime/CMakeFiles/ExtrinsicRuntime.dir/internal/Runtime.EditorWorkspaceAttachment.Detail.cppm.o
[729/737] Building CXX object src/runtime/CMakeFiles/ExtrinsicRuntime.dir/Runtime.EditorWorkspaceAttachment.cpp.o
[730/737] Building CXX object src/runtime/CMakeFiles/ExtrinsicRuntime.dir/Runtime.VisualizationEditingOperations.Public.cpp.o
[731/737] Building CXX object src/runtime/CMakeFiles/ExtrinsicRuntime.dir/Runtime.SceneEditingOperations.Public.cpp.o
[732/737] Building CXX object src/runtime/CMakeFiles/ExtrinsicRuntime.dir/Runtime.GeometryProcessingOperations.Public.cpp.o
[733/737] Building CXX object src/runtime/CMakeFiles/ExtrinsicRuntime.dir/Runtime.RenderRecipeEditingOperations.Public.cpp.o
[734/737] Building CXX object src/runtime/CMakeFiles/ExtrinsicRuntime.dir/Runtime.EditorWorkspaceSnapshots.Public.cpp.o
[735/737] Linking CXX static library lib/libExtrinsicRuntime.a
[736/737] Linking CXX static library lib/libExtrinsicSandboxEditor.a
[737/737] Linking CXX executable bin/IntrinsicSandboxEditorIntegrationTests
