Preset CMake variables:

  CMAKE_BUILD_TYPE="Debug"
  CMAKE_EXPORT_COMPILE_COMMANDS="ON"
  CMAKE_TOOLCHAIN_FILE:FILEPATH="/tmp/intrinsic-geometry-e2e.GJlhXS/external/vcpkg/scripts/buildsystems/vcpkg.cmake"
  EXTRINSIC_BACKEND="Vulkan"
  EXTRINSIC_PLATFORM="Linux"
  INTRINSIC_BUILD_SANDBOX="ON"
  INTRINSIC_BUILD_TESTS="ON"
  INTRINSIC_ENABLE_CUDA="OFF"
  INTRINSIC_ENABLE_SANITIZERS="ON"
  INTRINSIC_RUNTIME_ENABLE_PROMOTED_VULKAN="ON"
  INTRINSIC_SANITIZER_MODE="address,undefined"
  VCPKG_CHAINLOAD_TOOLCHAIN_FILE="/tmp/intrinsic-geometry-e2e.GJlhXS/cmake/IntrinsicClangToolchain.cmake"
  VCPKG_INSTALLED_DIR="/tmp/intrinsic-geometry-e2e.GJlhXS/external/vcpkg-installed/ci-vulkan"
  VCPKG_MANIFEST_MODE="ON"

-- IntrinsicEngine selected Clang 23: /bin/clang-23, /bin/clang++-23, /bin/clang-scan-deps-23
-- Running vcpkg install
Detecting compiler hash for triplet x64-linux...
Compiler found: /usr/bin/c++
The following packages will be rebuilt:
    draco:x64-linux@1.5.7
    eigen3:x64-linux@5.0.1
    entt:x64-linux@3.16.0
    glfw3:x64-linux@3.4#1
    glm:x64-linux@1.0.3
    gtest:x64-linux@1.17.0#2
    imgui[core,docking-experimental]:x64-linux@1.92.8 -- /tmp/intrinsic-geometry-e2e.GJlhXS/tools/vcpkg/overlay-ports/imgui
    imguizmo:x64-linux@1.10
    implot:x64-linux@1.0
    nlohmann-json:x64-linux@3.12.0#2
    stb:x64-linux@2024-07-29#1
    tinygltf:x64-linux@3.0.0
  * vcpkg-cmake:x64-linux@2024-04-23
  * vcpkg-cmake-config:x64-linux@2024-05-23
    volk:x64-linux@1.4.350.0
  * vulkan-headers:x64-linux@1.4.350.0
    vulkan-memory-allocator:x64-linux@3.4.0
    xatlas:x64-linux@f700c779 -- /tmp/intrinsic-geometry-e2e.GJlhXS/tools/vcpkg/overlay-ports/xatlas
Additional packages (*) will be modified to complete this operation.
Restored 18 package(s) from /home/alex/.cache/vcpkg/archives in 364 ms. Use --debug to see more details.
Removing 1/36 implot:x64-linux
Elapsed time to handle implot:x64-linux: 1.84 ms
Removing 2/36 xatlas:x64-linux
Elapsed time to handle xatlas:x64-linux: 688 us
Removing 3/36 vulkan-memory-allocator:x64-linux
Elapsed time to handle vulkan-memory-allocator:x64-linux: 783 us
Removing 4/36 volk:x64-linux
Elapsed time to handle volk:x64-linux: 450 us
Removing 5/36 vulkan-headers:x64-linux
Elapsed time to handle vulkan-headers:x64-linux: 2.1 ms
Removing 6/36 imguizmo:x64-linux
Elapsed time to handle imguizmo:x64-linux: 578 us
Removing 7/36 glfw3:x64-linux
Elapsed time to handle glfw3:x64-linux: 484 us
Removing 8/36 tinygltf:x64-linux
Elapsed time to handle tinygltf:x64-linux: 327 us
Removing 9/36 stb:x64-linux
Elapsed time to handle stb:x64-linux: 1.01 ms
Removing 10/36 nlohmann-json:x64-linux
Elapsed time to handle nlohmann-json:x64-linux: 952 us
Removing 11/36 imgui:x64-linux
Elapsed time to handle imgui:x64-linux: 592 us
Removing 12/36 gtest:x64-linux
Elapsed time to handle gtest:x64-linux: 1.2 ms
Removing 13/36 glm:x64-linux
Elapsed time to handle glm:x64-linux: 4.83 ms
Removing 14/36 entt:x64-linux
Elapsed time to handle entt:x64-linux: 1.54 ms
Removing 15/36 eigen3:x64-linux
Elapsed time to handle eigen3:x64-linux: 8.59 ms
Removing 16/36 draco:x64-linux
Elapsed time to handle draco:x64-linux: 2.79 ms
Removing 17/36 vcpkg-cmake:x64-linux
Elapsed time to handle vcpkg-cmake:x64-linux: 258 us
Removing 18/36 vcpkg-cmake-config:x64-linux
Elapsed time to handle vcpkg-cmake-config:x64-linux: 404 us
Installing 19/36 vcpkg-cmake-config:x64-linux@2024-05-23...
vcpkg-cmake-config:x64-linux@2024-05-23 package ABI: 7b4a86e136fcc07ae20aa6ff8d2f28348919c93588ec32b8d4f4b2909a59f68b
Elapsed time to handle vcpkg-cmake-config:x64-linux: 444 us
Installing 20/36 vcpkg-cmake:x64-linux@2024-04-23...
vcpkg-cmake:x64-linux@2024-04-23 package ABI: 9763001fcef350cebd77969bcaced77fe9e997f0651edfb396be1f8361ccbd78
Elapsed time to handle vcpkg-cmake:x64-linux: 444 us
Installing 21/36 draco:x64-linux@1.5.7...
draco:x64-linux@1.5.7 package ABI: 7ec6eea1186d27cae5bd53d5140cda8e44da324bc10c56fb2d1f0df317474ce4
Elapsed time to handle draco:x64-linux: 1.7 ms
Installing 22/36 eigen3:x64-linux@5.0.1...
eigen3:x64-linux@5.0.1 package ABI: b28f7a4246563dbeac34b5ff94ca3b037170a5d864af29faa6a68af48a7b535a
Elapsed time to handle eigen3:x64-linux: 5.12 ms
Installing 23/36 entt:x64-linux@3.16.0...
entt:x64-linux@3.16.0 package ABI: 53fb4b17f8593ed3bb0e23ed2d8d974abef87729d2b767d7a7a527077cd38886
Elapsed time to handle entt:x64-linux: 1.63 ms
Installing 24/36 glm:x64-linux@1.0.3...
glm:x64-linux@1.0.3 package ABI: 3f6b02e25dac8394454f510106aac0c6fc8b68c0f0d2d766bc817fe6f2be5d33
Elapsed time to handle glm:x64-linux: 4.65 ms
Installing 25/36 gtest:x64-linux@1.17.0#2...
gtest:x64-linux@1.17.0#2 package ABI: d7bd13bc06e35f9fba008e1881bae9eea3df572e6e198020a2ddaa7bf0c49fe8
Elapsed time to handle gtest:x64-linux: 2.18 ms
Installing 26/36 imgui[core,docking-experimental]:x64-linux@1.92.8...
imgui[core,docking-experimental]:x64-linux@1.92.8 package ABI: 79b431fe2ca2f9e8a2a997f4f3e7ffa34eb6f0a66b25a3d4111b0b8fe9929c26
Elapsed time to handle imgui:x64-linux: 1.68 ms
Installing 27/36 implot:x64-linux@1.0...
implot:x64-linux@1.0 package ABI: 0e0d6aa30696b7297bf2269fcaa73268548de4772cfbffab4e8366c8965a09a4
Elapsed time to handle implot:x64-linux: 1.41 ms
Installing 28/36 nlohmann-json:x64-linux@3.12.0#2...
nlohmann-json:x64-linux@3.12.0#2 package ABI: a99cc6675421d92925beecd7c7c872e3ea69eda117b6bd127fc2446ab4ea12c4
Elapsed time to handle nlohmann-json:x64-linux: 1.75 ms
Installing 29/36 stb:x64-linux@2024-07-29#1...
stb:x64-linux@2024-07-29#1 package ABI: 8580f4a353b81aa2943b804d9f1f1119e81816c07b8395aa91962e65457d921c
Elapsed time to handle stb:x64-linux: 1.57 ms
Installing 30/36 tinygltf:x64-linux@3.0.0...
tinygltf:x64-linux@3.0.0 package ABI: 487c2a27fed94588586b2ad65bf44181b473b172d42967b97b95489ac5bc24fe
Elapsed time to handle tinygltf:x64-linux: 1.44 ms
Installing 31/36 xatlas:x64-linux@f700c779...
xatlas:x64-linux@f700c779 package ABI: 39613c3f6ac4817b2ca0c88e3219855bf89e6dd2c11bfb05991435f42d01fd02
Elapsed time to handle xatlas:x64-linux: 1.44 ms
Installing 32/36 glfw3:x64-linux@3.4#1...
glfw3:x64-linux@3.4#1 package ABI: 8052204c726accbd827ea659ff683a0db33f5d425d27a264b71cc8afb51f4488
Elapsed time to handle glfw3:x64-linux: 1.56 ms
Installing 33/36 imguizmo:x64-linux@1.10...
imguizmo:x64-linux@1.10 package ABI: 5f71124d80917c4a26c6e95cc94e745137624eba5479731e62ca767fd3d2950f
Elapsed time to handle imguizmo:x64-linux: 1.51 ms
Installing 34/36 vulkan-headers:x64-linux@1.4.350.0...
vulkan-headers:x64-linux@1.4.350.0 package ABI: 369a6107ad5e8b5ba177c662662928fd85281f46a082c00cc95c305321dae783
Elapsed time to handle vulkan-headers:x64-linux: 1.99 ms
Installing 35/36 volk:x64-linux@1.4.350.0...
volk:x64-linux@1.4.350.0 package ABI: fb43debb266dc83651a0c25649e99d0ef811bc4581227b7fe7798075cd49ae90
Elapsed time to handle volk:x64-linux: 1.54 ms
Installing 36/36 vulkan-memory-allocator:x64-linux@3.4.0...
vulkan-memory-allocator:x64-linux@3.4.0 package ABI: c85d1fdc4113642a5cc9e4addb2d9446070a2ff0877c94660903b4648cac8527
Elapsed time to handle vulkan-memory-allocator:x64-linux: 1.37 ms
Installed contents are licensed to you by owners. Microsoft is not responsible for, nor does it grant any licenses to, third-party packages.
Some packages did not declare an SPDX license. Check the `copyright` file for each package for more information about their licensing.
Packages installed in this vcpkg installation declare the following licenses:
(Apache-2.0 OR MIT)
(MIT OR CC-PDDC)
Apache-2.0
BSD-3-Clause
MIT
MPL-2.0
Zlib
draco provides CMake targets:

  # this is heuristically generated, and may not be correct
  find_package(draco CONFIG REQUIRED)
  target_link_libraries(main PRIVATE draco::draco)

draco provides pkg-config modules:

  # Draco geometry de(com)pression library.
  draco

eigen3 provides CMake targets:

  # this is heuristically generated, and may not be correct
  find_package(Eigen3 CONFIG REQUIRED)
  target_link_libraries(main PRIVATE Eigen3::Eigen)

eigen3 provides pkg-config modules:

  # A C++ template library for linear algebra: vectors, matrices, and related algorithms
  eigen3

entt provides CMake targets:

    find_package(EnTT CONFIG REQUIRED)
    target_link_libraries(main PRIVATE EnTT::EnTT)

The package glm provides CMake targets:

    find_package(glm CONFIG REQUIRED)
    target_link_libraries(main PRIVATE glm::glm)

    # Or use the header-only version
    find_package(glm CONFIG REQUIRED)
    target_link_libraries(main PRIVATE glm::glm-header-only)

The package gtest is compatible with built-in CMake targets:

    enable_testing()
    
    find_package(GTest CONFIG REQUIRED)
    target_link_libraries(main PRIVATE GTest::gtest GTest::gtest_main GTest::gmock GTest::gmock_main)
    
    add_test(AllTestsInMain main)

imgui provides CMake targets:

  # this is heuristically generated, and may not be correct
  find_package(imgui CONFIG REQUIRED)
  target_link_libraries(main PRIVATE imgui::imgui)

implot provides CMake targets:

  # this is heuristically generated, and may not be correct
  find_package(implot CONFIG REQUIRED)
  target_link_libraries(main PRIVATE implot::implot)

The package nlohmann-json provides CMake targets:

    find_package(nlohmann_json CONFIG REQUIRED)
    target_link_libraries(main PRIVATE nlohmann_json::nlohmann_json)

The package nlohmann-json can be configured to not provide implicit conversions via a custom triplet file:

    set(nlohmann-json_IMPLICIT_CONVERSIONS OFF)

For more information, see the docs here:
    
    https://json.nlohmann.me/api/macros/json_use_implicit_conversions/

The package stb provides CMake targets:

    find_package(Stb REQUIRED)
    target_include_directories(main PRIVATE ${Stb_INCLUDE_DIR})
tinygltf is header-only and can be used from CMake via:

  find_path(TINYGLTF_INCLUDE_DIRS "tiny_gltf.h")
  target_include_directories(main PRIVATE ${TINYGLTF_INCLUDE_DIRS})

xatlas provides CMake targets:

  # this is heuristically generated, and may not be correct
  find_package(xatlas CONFIG REQUIRED)
  target_link_libraries(main PRIVATE xatlas::xatlas)

glfw3 provides CMake targets:

  # this is heuristically generated, and may not be correct
  find_package(glfw3 CONFIG REQUIRED)
  target_link_libraries(main PRIVATE glfw)

glfw3 provides pkg-config modules:

  # A multi-platform library for OpenGL, window and input
  glfw3

imguizmo provides CMake targets:

  # this is heuristically generated, and may not be correct
  find_package(imguizmo CONFIG REQUIRED)
  target_link_libraries(main PRIVATE imguizmo::imguizmo)

volk provides CMake targets:

    find_package(volk CONFIG REQUIRED)
    target_link_libraries(main PRIVATE volk::volk volk::volk_headers)

VulkanMemoryAllocator provides official find_package support. However, it requires the user to provide the include directory containing `vulkan/vulkan.h`. There are multiple ways to achieve this and VulkanMemoryAllocator is compatible with all of them.

    find_package(Vulkan) # https://cmake.org/cmake/help/latest/module/FindVulkan.html, CMake 3.21+
    find_package(VulkanMemoryAllocator CONFIG REQUIRED)
    target_link_libraries(main PRIVATE Vulkan::Vulkan GPUOpen::VulkanMemoryAllocator)

or

    find_package(Vulkan) # CMake 3.21+
    find_package(VulkanMemoryAllocator CONFIG REQUIRED)
    target_link_libraries(main PRIVATE Vulkan::Headers GPUOpen::VulkanMemoryAllocator)

or

    find_package(VulkanHeaders CONFIG) # From the vulkan-headers port
    find_package(VulkanMemoryAllocator CONFIG REQUIRED)
    target_link_libraries(main PRIVATE Vulkan::Headers GPUOpen::VulkanMemoryAllocator)

See the documentation for more information on setting up your project: https://gpuopen-librariesandsdks.github.io/VulkanMemoryAllocator/html/index.html

All requested installations completed successfully in: 64.4 ms
-- Running vcpkg install - done
-- IntrinsicEngine using auto-selected compilers: /bin/clang-23, /bin/clang++-23
-- The CXX compiler identification is Clang 23.0.0
-- The C compiler identification is Clang 23.0.0
-- Detecting CXX compiler ABI info
-- Detecting CXX compiler ABI info - done
-- Check for working CXX compiler: /bin/clang++-23 - skipped
-- Detecting CXX compile features
-- Detecting CXX compile features - done
-- Detecting C compiler ABI info
-- Detecting C compiler ABI info - done
-- Check for working C compiler: /bin/clang-23 - skipped
-- Detecting C compile features
-- Detecting C compile features - done
-- IntrinsicEngine Clang requirement: using C=23.0.0 and CXX=23.0.0; minimum is 20.0
-- Performing Test INTRINSIC_ASAN_AVAILABLE
-- Performing Test INTRINSIC_ASAN_AVAILABLE - Success
-- Performing Test INTRINSIC_UBSAN_AVAILABLE
-- Performing Test INTRINSIC_UBSAN_AVAILABLE - Success
-- Sanitizers ENABLED (asan-ubsan; address,undefined) for Debug/RelWithDebInfo builds
-- Clang source coverage instrumentation DISABLED
-- Using CCache: /usr/bin/ccache
-- Intrinsic dependencies: using vcpkg manifest packages
-- Performing Test CMAKE_HAVE_LIBC_PTHREAD
-- Performing Test CMAKE_HAVE_LIBC_PTHREAD - Success
-- Found Threads: TRUE  
-- Found nlohmann_json: /tmp/intrinsic-geometry-e2e.GJlhXS/external/vcpkg-installed/ci-vulkan/x64-linux/share/nlohmann_json/nlohmann_jsonConfig.cmake (found version "3.12.0") 
-- Found Stb: /tmp/intrinsic-geometry-e2e.GJlhXS/external/vcpkg-installed/ci-vulkan/x64-linux/include  
-- Found Vulkan: /home/alex/Documents/vulkansdk-linux-x86_64-1.4.309.0/1.4.309.0/x86_64/lib/libvulkan.so (found version "1.4.350") found components: glslc glslangValidator 
-- CUDA compute backend DISABLED
-- IntrinsicEngine configure identity: platform=Linux; graphics_backend=Vulkan; platform_backend_request=Auto; platform_backend_selected=Glfw; headless_no_glfw=OFF
-- Found Python3: /home/alex/miniconda3/bin/python3 (found version "3.12.9") found components: Interpreter 
-- Configuring done (9.7s)
-- Generating done (0.2s)
-- Build files have been written to: /tmp/intrinsic-geometry-e2e.GJlhXS/build/ci-vulkan
