[32m[INFO] Initialized Scheduler with 2 worker threads.[0m
[32m[INFO] Initialized Scheduler with 3 worker threads.[0m
[32m[INFO] Initialized Scheduler with 1 worker threads.[0m
[32m[INFO] Initialized Scheduler with 1 worker threads.[0m
Wrote benchmark smoke result: "/tmp/lop-cpu-benchmark/geometry.halfedge.smoke.json"
Wrote benchmark smoke result: "/tmp/lop-cpu-benchmark/geometry.parameterization.diagnostics.smoke.json"
Wrote benchmark smoke result: "/tmp/lop-cpu-benchmark/geometry.uv_atlas.fast_staged_vs_xatlas.smoke.json"
Wrote benchmark smoke result: "/tmp/lop-cpu-benchmark/geometry.uv_atlas.fast_staged_promotion.smoke.json"
Wrote benchmark smoke result: "/tmp/lop-cpu-benchmark/geometry.uv_atlas.fast_staged_edge_grouping.scaling.json"
Wrote benchmark smoke result: "/tmp/lop-cpu-benchmark/geometry.progressive_poisson.smoke.json"
Wrote benchmark smoke result: "/tmp/lop-cpu-benchmark/geometry.signed_heat.smoke.json"
Wrote benchmark smoke result: "/tmp/lop-cpu-benchmark/geometry.geodesics_virtual_source.smoke.json"
Wrote benchmark smoke result: "/tmp/lop-cpu-benchmark/geometry.point_lbvh.smoke.json"
Wrote benchmark smoke result: "/tmp/lop-cpu-benchmark/geometry.point_lbvh.lop_cpu_smoke.json"
Wrote benchmark smoke result: "/tmp/lop-cpu-benchmark/geometry.point_lbvh.knn_smoke.json"
Wrote benchmark smoke result: "/tmp/lop-cpu-benchmark/geometry.registration.spatial_smoke.json"
Wrote benchmark smoke result: "/tmp/lop-cpu-benchmark/geometry.curvature_segmentation.reference.smoke.json"
Wrote benchmark smoke result: "/tmp/lop-cpu-benchmark/geometry.locally_optimal_projection.reference.smoke.json"
Wrote benchmark smoke result: "/tmp/lop-cpu-benchmark/geometry.lop_family.comparison.smoke.json"
Wrote benchmark smoke result: "/tmp/lop-cpu-benchmark/geometry.continuous_lop.reference.smoke.json"
Wrote benchmark smoke result: "/tmp/lop-cpu-benchmark/geometry.edge_aware_resampling.reference.smoke.json"
Wrote benchmark smoke result: "/tmp/lop-cpu-benchmark/geometry.boundary_first_flattening.smoke.json"
Wrote benchmark smoke result: "/tmp/lop-cpu-benchmark/geometry.simplification.fa_qem_quality.smoke.json"
Wrote benchmark smoke result: "/tmp/lop-cpu-benchmark/geometry.surface_sampling.smoke.json"
Wrote benchmark smoke result: "/tmp/lop-cpu-benchmark/geometry.pointcloud_quality_metrics.smoke.json"
Wrote benchmark smoke result: "/tmp/lop-cpu-benchmark/geometry.pointcloud_filtering.smoke.json"
Wrote benchmark smoke result: "/tmp/lop-cpu-benchmark/physics.rigid_body_reference.smoke.json"
Wrote benchmark smoke result: "/tmp/lop-cpu-benchmark/physics.particle_spring_reference.smoke.json"
Wrote benchmark smoke result: "/tmp/lop-cpu-benchmark/physics.xpbd_cloth_reference.smoke.json"
Wrote benchmark smoke result: "/tmp/lop-cpu-benchmark/physics.sph_fluid_reference.smoke.json"
Wrote benchmark smoke result: "/tmp/lop-cpu-benchmark/rendering.framegraph_barrier_emission.smoke.json"
Wrote benchmark smoke result: "/tmp/lop-cpu-benchmark/rendering.framegraph_compiler_indexing.smoke.json"
Wrote benchmark smoke result: "/tmp/lop-cpu-benchmark/rendering.framegraph_scratch_reuse.smoke.json"
Wrote benchmark smoke result: "/tmp/lop-cpu-benchmark/rendering.frame_recipe_compile_cache.smoke.json"
Wrote benchmark smoke result: "/tmp/lop-cpu-benchmark/rendering.rendergraph_parallel_recording.smoke.json"
Wrote benchmark smoke result: "/tmp/lop-cpu-benchmark/rendering.vertex_fetch_layout.smoke.json"
Wrote benchmark smoke result: "/tmp/lop-cpu-benchmark/core.scheduler_hardening.smoke.json"
Wrote benchmark smoke result: "/tmp/lop-cpu-benchmark/core.taskgraph_plan_reuse.ecs3.smoke.json"
Wrote benchmark smoke result: "/tmp/lop-cpu-benchmark/core.taskgraph_plan_reuse.renderprep9.smoke.json"
Sealed 35 benchmark result(s) as schema v2.
