test_broad_route_executes_fast_and_smoke_producers_separately (__main__.TouchedScopeTests.test_broad_route_executes_fast_and_smoke_producers_separately) ... Internal ctest changing into directory: /tmp/tmp9chzxumi/build
Test project /tmp/tmp9chzxumi/build
    Start 1: Owner.ExactCase
1/1 Test #1: Owner.ExactCase ..................   Passed    0.00 sec

100% tests passed, 0 tests failed out of 1

Label Time Summary:
unit-geometry    =   0.00 sec*proc (1 test)

Total Test time (real) =   0.00 sec
Internal ctest changing into directory: /tmp/tmp9chzxumi/build
Test project /tmp/tmp9chzxumi/build
    Start 2: Smoke.ExactCase
1/1 Test #2: Smoke.ExactCase ..................   Passed    0.00 sec

100% tests passed, 0 tests failed out of 1

Label Time Summary:
integration-runtime-graphics    =   0.00 sec*proc (1 test)

Total Test time (real) =   0.00 sec
ok
test_build_action_records_unique_incremental_closure (__main__.TouchedScopeTests.test_build_action_records_unique_incremental_closure) ... ok
test_ci_tooling_selects_its_owning_regressions (__main__.TouchedScopeTests.test_ci_tooling_selects_its_owning_regressions) ... ok
test_compile_hotspot_analyzer_selects_only_its_regression (__main__.TouchedScopeTests.test_compile_hotspot_analyzer_selects_only_its_regression) ... ok
test_ctest_inventory_rejects_zero_and_duplicates (__main__.TouchedScopeTests.test_ctest_inventory_rejects_zero_and_duplicates) ... ok
test_diverged_pr_diff_starts_at_merge_base (__main__.TouchedScopeTests.test_diverged_pr_diff_starts_at_merge_base) ... ok
test_docs_and_tasks_are_structural_only (__main__.TouchedScopeTests.test_docs_and_tasks_are_structural_only) ... ok
test_duplicate_registry_target_fails_closed (__main__.TouchedScopeTests.test_duplicate_registry_target_fails_closed) ... ok
test_exact_ctest_regexes_are_bounded_and_complete (__main__.TouchedScopeTests.test_exact_ctest_regexes_are_bounded_and_complete) ... ok
test_finalize_selects_owner_while_smoke_is_unadmitted (__main__.TouchedScopeTests.test_finalize_selects_owner_while_smoke_is_unadmitted) ... ok
test_focused_runtime_route_excludes_unadmitted_smoke (__main__.TouchedScopeTests.test_focused_runtime_route_excludes_unadmitted_smoke) ... ok
test_graph_affecting_and_unknown_paths_are_broad (__main__.TouchedScopeTests.test_graph_affecting_and_unknown_paths_are_broad) ... ok
test_hidden_directory_normalization_is_preserved (__main__.TouchedScopeTests.test_hidden_directory_normalization_is_preserved) ... ok
test_kernel_paths_select_live_and_synthetic_guards (__main__.TouchedScopeTests.test_kernel_paths_select_live_and_synthetic_guards) ... ok
test_known_single_and_cross_layer_sources_are_focused (__main__.TouchedScopeTests.test_known_single_and_cross_layer_sources_are_focused) ... ok
test_malformed_registry_and_aggregate_mismatch_fail_closed (__main__.TouchedScopeTests.test_malformed_registry_and_aggregate_mismatch_fail_closed) ... ok
test_missing_focused_anchor_widens_to_broad (__main__.TouchedScopeTests.test_missing_focused_anchor_widens_to_broad) ... ok
test_nul_name_status_parser_handles_modify_and_rename (__main__.TouchedScopeTests.test_nul_name_status_parser_handles_modify_and_rename) ... ok
test_plan_action_turns_diff_error_into_broad_artifact (__main__.TouchedScopeTests.test_plan_action_turns_diff_error_into_broad_artifact) ... ok
test_pre_test_discovery_is_exact_only_after_binary_build (__main__.TouchedScopeTests.test_pre_test_discovery_is_exact_only_after_binary_build) ... Internal ctest changing into directory: /tmp/tmpp3lrgd5s/build
Test project /tmp/tmpp3lrgd5s/build
    Start 1: Fixture.ExactCase
1/1 Test #1: Fixture.ExactCase ................   Passed    0.00 sec

100% tests passed, 0 tests failed out of 1

Label Time Summary:
geometry    =   0.00 sec*proc (1 test)

Total Test time (real) =   0.00 sec
ok
test_real_git_diff_uses_two_endpoints_and_missing_ref_fails (__main__.TouchedScopeTests.test_real_git_diff_uses_two_endpoints_and_missing_ref_fails) ... ok
test_release_routing_admits_method_benchmark_and_build_inputs (__main__.TouchedScopeTests.test_release_routing_admits_method_benchmark_and_build_inputs) ... ok
test_rename_delete_type_and_unmerged_statuses_broaden (__main__.TouchedScopeTests.test_rename_delete_type_and_unmerged_statuses_broaden) ... ok
test_runtime_mapping_has_no_retired_selection_target (__main__.TouchedScopeTests.test_runtime_mapping_has_no_retired_selection_target) ... ok
test_step_summary_names_scope_reasons_labels_and_targets (__main__.TouchedScopeTests.test_step_summary_names_scope_reasons_labels_and_targets) ... ok
test_workflow_change_is_structural_and_selects_static_regressions (__main__.TouchedScopeTests.test_workflow_change_is_structural_and_selects_static_regressions) ... ok
test_zero_change_set_broadens_instead_of_succeeding_empty (__main__.TouchedScopeTests.test_zero_change_set_broadens_instead_of_succeeding_empty) ... ok

----------------------------------------------------------------------
Ran 27 tests in 0.759s

OK
