[0/2] Re-checking globbed directories...
[1/754] Scanning /home/alex/Documents/IntrinsicEngine/src/core/Core.Dag.Scheduler.Hazards.cpp for CXX dependencies
[2/754] Scanning /home/alex/Documents/IntrinsicEngine/src/core/Core.Tasks.Stats.cpp for CXX dependencies
[3/754] Scanning /home/alex/Documents/IntrinsicEngine/src/core/Core.Tasks.Job.cpp for CXX dependencies
[4/754] Scanning /home/alex/Documents/IntrinsicEngine/src/core/Core.Tasks.CounterEvent.cpp for CXX dependencies
[5/754] Scanning /home/alex/Documents/IntrinsicEngine/src/core/Core.IOBackend.cpp for CXX dependencies
[6/754] Scanning /home/alex/Documents/IntrinsicEngine/src/core/Core.Logging.cpp for CXX dependencies
[7/754] Scanning /home/alex/Documents/IntrinsicEngine/methods/geometry/progressive_poisson/src/ProgressivePoissonReference.cpp for CXX dependencies
[8/754] Scanning /home/alex/Documents/IntrinsicEngine/src/core/Core.Telemetry.cpp for CXX dependencies
[9/754] Scanning /home/alex/Documents/IntrinsicEngine/src/core/Core.Process.cpp for CXX dependencies
[10/754] Scanning /home/alex/Documents/IntrinsicEngine/src/core/Core.Filesystem.cpp for CXX dependencies
[11/754] Scanning /home/alex/Documents/IntrinsicEngine/src/core/Core.Tasks.Dispatch.cpp for CXX dependencies
[12/754] Scanning /home/alex/Documents/IntrinsicEngine/src/core/Core.FrameGraph.cpp for CXX dependencies
[13/754] Generating CXX dyndep file CMakeFiles/IntrinsicProgressivePoissonReference.dir/CXX.dd
[14/754] Scanning /home/alex/Documents/IntrinsicEngine/src/core/Core.Dag.Scheduler.cpp for CXX dependencies
[15/754] Scanning /home/alex/Documents/IntrinsicEngine/src/core/Core.Dag.TaskGraph.cpp for CXX dependencies
[16/754] Scanning /home/alex/Documents/IntrinsicEngine/src/core/Core.Filesystem.PathResolver.cpp for CXX dependencies
[17/754] Scanning /home/alex/Documents/IntrinsicEngine/src/core/Core.Config.EngineLoad.cpp for CXX dependencies
[18/754] Scanning /home/alex/Documents/IntrinsicEngine/src/core/Core.Tasks.Lifecycle.cpp for CXX dependencies
[19/754] Scanning /home/alex/Documents/IntrinsicEngine/src/core/Core.Dag.Scheduler.Policy.cppm for CXX dependencies
[20/754] Scanning /home/alex/Documents/IntrinsicEngine/src/core/Core.Config.Render.cppm for CXX dependencies
[21/754] Scanning /home/alex/Documents/IntrinsicEngine/src/core/Core.BoundedHeap.cppm for CXX dependencies
[22/754] Scanning /home/alex/Documents/IntrinsicEngine/build/ci-vulkan/generated/deps/tinygltf_impl.cpp for CXX dependencies
[23/754] Scanning /home/alex/Documents/IntrinsicEngine/src/core/Core.Config.Window.cppm for CXX dependencies
[24/754] Scanning /home/alex/Documents/IntrinsicEngine/src/core/Core.IndexedHeap.cppm for CXX dependencies
[25/754] Scanning /home/alex/Documents/IntrinsicEngine/src/core/Core.Config.Engine.cppm for CXX dependencies
[26/754] Scanning /home/alex/Documents/IntrinsicEngine/src/core/Core.Dag.Scheduler.Hazards.cppm for CXX dependencies
[27/754] Scanning /home/alex/Documents/IntrinsicEngine/src/core/Core.Config.EngineLoad.cppm for CXX dependencies
[28/754] Scanning /home/alex/Documents/IntrinsicEngine/src/core/Core.Tasks.WaitToken.cpp for CXX dependencies
[29/754] Scanning /home/alex/Documents/IntrinsicEngine/src/core/Core.Dag.Scheduler.Types.cppm for CXX dependencies
[30/754] Generating CXX dyndep file CMakeFiles/tinygltf.dir/CXX.dd
[31/754] Scanning /home/alex/Documents/IntrinsicEngine/src/core/Core.Dag.Scheduler.Compiler.cppm for CXX dependencies
[32/754] Scanning /home/alex/Documents/IntrinsicEngine/src/core/Core.Geometry2D.cppm for CXX dependencies
[33/754] Scanning /home/alex/Documents/IntrinsicEngine/src/core/Core.Tasks.Worker.cpp for CXX dependencies
[34/754] Scanning /home/alex/Documents/IntrinsicEngine/src/core/Core.RingBuffer.cppm for CXX dependencies
[35/754] Scanning /home/alex/Documents/IntrinsicEngine/src/core/Core.Dag.Scheduler.DomainGraph.cppm for CXX dependencies
[36/754] Scanning /home/alex/Documents/IntrinsicEngine/src/core/Core.Error.cppm for CXX dependencies
[37/754] Scanning /home/alex/Documents/IntrinsicEngine/src/core/Core.Dag.TaskGraph.cppm for CXX dependencies
[38/754] Scanning /home/alex/Documents/IntrinsicEngine/src/core/Core.IOBackend.cppm for CXX dependencies
[39/754] Scanning /home/alex/Documents/IntrinsicEngine/src/core/Core.ResourcePool.cppm for CXX dependencies
[40/754] Scanning /home/alex/Documents/IntrinsicEngine/src/core/Core.HandleLease.cppm for CXX dependencies
[41/754] Scanning /home/alex/Documents/IntrinsicEngine/src/core/Core.FrameGraph.cppm for CXX dependencies
[42/754] Scanning /home/alex/Documents/IntrinsicEngine/src/core/Core.Dag.Scheduler.cppm for CXX dependencies
[43/754] Scanning /home/alex/Documents/IntrinsicEngine/src/core/Core.Hash.cppm for CXX dependencies
[44/754] Scanning /home/alex/Documents/IntrinsicEngine/src/core/Core.Process.cppm for CXX dependencies
[45/754] Scanning /home/alex/Documents/IntrinsicEngine/src/core/Core.Memory.Common.cppm for CXX dependencies
[46/754] Scanning /home/alex/Documents/IntrinsicEngine/src/core/Core.CallbackRegistry.cppm for CXX dependencies
[47/754] Scanning /home/alex/Documents/IntrinsicEngine/src/core/Core.Telemetry.cppm for CXX dependencies
[48/754] Scanning /home/alex/Documents/IntrinsicEngine/src/core/Core.FrameClock.cppm for CXX dependencies
[49/754] Scanning /home/alex/Documents/IntrinsicEngine/src/core/Core.Filesystem.PathResolver.cppm for CXX dependencies
[50/754] Scanning /home/alex/Documents/IntrinsicEngine/src/core/Core.Memory.Polymorphic.cppm for CXX dependencies
[51/754] Scanning /home/alex/Documents/IntrinsicEngine/src/core/Core.Memory.Polymorphic.cpp for CXX dependencies
[52/754] Scanning /home/alex/Documents/IntrinsicEngine/src/core/Core.Filesystem.cppm for CXX dependencies
[53/754] Scanning /home/alex/Documents/IntrinsicEngine/src/core/Core.Logging.cppm for CXX dependencies
[54/754] Scanning /home/alex/Documents/IntrinsicEngine/src/core/Core.Memory.LinearArena.cppm for CXX dependencies
[55/754] Scanning /home/alex/Documents/IntrinsicEngine/src/core/Core.Memory.ScopeStack.cpp for CXX dependencies
[56/754] Scanning /home/alex/Documents/IntrinsicEngine/src/core/Core.StrongHandle.cppm for CXX dependencies
[57/754] Scanning /home/alex/Documents/IntrinsicEngine/src/core/Core.Tasks.CounterEvent.cppm for CXX dependencies
[58/754] Scanning /home/alex/Documents/IntrinsicEngine/src/core/Core.LockFreeQueue.cppm for CXX dependencies
[59/754] Scanning /home/alex/Documents/IntrinsicEngine/src/core/Core.Tasks.LocalTask.cppm for CXX dependencies
[60/754] Scanning /home/alex/Documents/IntrinsicEngine/src/core/Core.Memory.ScopeStack.cppm for CXX dependencies
[61/754] Scanning /home/alex/Documents/IntrinsicEngine/src/core/Core.Tasks.cppm for CXX dependencies
[62/754] Scanning /home/alex/Documents/IntrinsicEngine/src/core/Core.Tasks.LocalTask.cpp for CXX dependencies
[63/754] Scanning /home/alex/Documents/IntrinsicEngine/src/core/Core.Tasks.Internal.cppm for CXX dependencies
[64/754] Scanning /home/alex/Documents/IntrinsicEngine/src/geometry/Geometry.AABB.cpp for CXX dependencies
[65/754] Scanning /home/alex/Documents/IntrinsicEngine/src/core/Core.Memory.LinearArena.cpp for CXX dependencies
[66/754] Scanning /home/alex/Documents/IntrinsicEngine/src/geometry/Geometry.PointLBVH.cpp for CXX dependencies
[67/754] Scanning /home/alex/Documents/IntrinsicEngine/src/geometry/Geometry.BVH.cpp for CXX dependencies
[68/754] Scanning /home/alex/Documents/IntrinsicEngine/src/geometry/Geometry.ContactManifold.cpp for CXX dependencies
[69/754] Scanning /home/alex/Documents/IntrinsicEngine/src/geometry/Geometry.ConvexHull.cpp for CXX dependencies
[70/754] Scanning /home/alex/Documents/IntrinsicEngine/src/geometry/Geometry.FixedPoint.Anderson.cpp for CXX dependencies
[71/754] Scanning /home/alex/Documents/IntrinsicEngine/src/geometry/Geometry.Capsule.cpp for CXX dependencies
[72/754] Scanning /home/alex/Documents/IntrinsicEngine/src/geometry/Geometry.Containment.cpp for CXX dependencies
[73/754] Scanning /home/alex/Documents/IntrinsicEngine/src/core/Core.Tasks.Internal.cpp for CXX dependencies
[74/754] Scanning /home/alex/Documents/IntrinsicEngine/src/geometry/Geometry.Frustum.cpp for CXX dependencies
[75/754] Scanning /home/alex/Documents/IntrinsicEngine/src/geometry/Geometry.Ellipsoid.cpp for CXX dependencies
[76/754] Scanning /home/alex/Documents/IntrinsicEngine/src/geometry/Geometry.Cylinder.cpp for CXX dependencies
[77/754] Scanning /home/alex/Documents/IntrinsicEngine/src/geometry/Geometry.ConvexHullBuilder.cpp for CXX dependencies
[78/754] Scanning /home/alex/Documents/IntrinsicEngine/src/geometry/Geometry.EPA.cpp for CXX dependencies
[79/754] Scanning /home/alex/Documents/IntrinsicEngine/src/geometry/Geometry.GJK.cpp for CXX dependencies
[80/754] Generating CXX dyndep file src/core/CMakeFiles/ExtrinsicCore.dir/CXX.dd
[81/754] Scanning /home/alex/Documents/IntrinsicEngine/src/geometry/Geometry.Graph.ShortestPath.cpp for CXX dependencies
[82/754] Scanning /home/alex/Documents/IntrinsicEngine/src/geometry/Geometry.HalfedgeMesh.Boundary.cpp for CXX dependencies
[83/754] Scanning /home/alex/Documents/IntrinsicEngine/src/geometry/Geometry.Curve.cpp for CXX dependencies
[84/754] Scanning /home/alex/Documents/IntrinsicEngine/src/geometry/Geometry.GaussianMixture.cpp for CXX dependencies
[85/754] Scanning /home/alex/Documents/IntrinsicEngine/src/geometry/Geometry.Graph.Utils.cpp for CXX dependencies
[86/754] Scanning /home/alex/Documents/IntrinsicEngine/src/geometry/Geometry.Grid.cpp for CXX dependencies
[87/754] Scanning /home/alex/Documents/IntrinsicEngine/src/geometry/Geometry.Graph.Vertex.Normals.cpp for CXX dependencies
[88/754] Scanning /home/alex/Documents/IntrinsicEngine/src/geometry/Geometry.Graph.IO.cpp for CXX dependencies
[89/754] Scanning /home/alex/Documents/IntrinsicEngine/src/geometry/Geometry.HalfedgeMesh.AdaptiveRemeshing.cpp for CXX dependencies
[90/754] Scanning /home/alex/Documents/IntrinsicEngine/src/geometry/Geometry.HalfedgeMesh.Boolean.cpp for CXX dependencies
[91/754] Scanning /home/alex/Documents/IntrinsicEngine/src/geometry/Geometry.HalfedgeMesh.Builder.cpp for CXX dependencies
[92/754] Scanning /home/alex/Documents/IntrinsicEngine/src/geometry/Geometry.HalfedgeMesh.Analysis.cpp for CXX dependencies
[93/754] Scanning /home/alex/Documents/IntrinsicEngine/src/geometry/Geometry.HalfedgeMesh.CatmullClark.cpp for CXX dependencies
[94/754] Scanning /home/alex/Documents/IntrinsicEngine/src/geometry/Geometry.Graph.cpp for CXX dependencies
[95/754] Scanning /home/alex/Documents/IntrinsicEngine/src/geometry/Geometry.HalfedgeMesh.Features.cpp for CXX dependencies
[96/754] Scanning /home/alex/Documents/IntrinsicEngine/src/geometry/Geometry.HalfedgeMesh.IO.cpp for CXX dependencies
[97/754] Scanning /home/alex/Documents/IntrinsicEngine/src/geometry/Geometry.HalfedgeMesh.Quality.cpp for CXX dependencies
[98/754] Scanning /home/alex/Documents/IntrinsicEngine/src/geometry/Geometry.HalfedgeMesh.Geodesic.cpp for CXX dependencies
[99/754] Scanning /home/alex/Documents/IntrinsicEngine/src/geometry/Geometry.HalfedgeMesh.DEC.cpp for CXX dependencies
[100/754] Scanning /home/alex/Documents/IntrinsicEngine/src/geometry/Geometry.HalfedgeMesh.Geodesic.VirtualSource.cpp for CXX dependencies
[101/754] Scanning /home/alex/Documents/IntrinsicEngine/src/geometry/CurvatureBoundaryGraph.cpp for CXX dependencies
[102/754] Scanning /home/alex/Documents/IntrinsicEngine/src/geometry/Geometry.HalfedgeMesh.Parameterization.cpp for CXX dependencies
[103/754] Scanning /home/alex/Documents/IntrinsicEngine/src/geometry/Geometry.HalfedgeMesh.CurvatureExtrema.cpp for CXX dependencies
[104/754] Scanning /home/alex/Documents/IntrinsicEngine/src/geometry/Geometry.HalfedgeMesh.CurvatureSegmentation.Patches.cpp for CXX dependencies
[105/754] Scanning /home/alex/Documents/IntrinsicEngine/src/geometry/Geometry.HalfedgeMesh.CurvatureSegmentation.cpp for CXX dependencies
[106/754] Scanning /home/alex/Documents/IntrinsicEngine/src/geometry/Geometry.HalfedgeMesh.CurvatureSegmentation.Features.cpp for CXX dependencies
[107/754] Scanning /home/alex/Documents/IntrinsicEngine/src/geometry/Geometry.HalfedgeMesh.Repair.cpp for CXX dependencies
[108/754] Scanning /home/alex/Documents/IntrinsicEngine/src/geometry/Geometry.HalfedgeMesh.Simplification.cpp for CXX dependencies
[109/754] Scanning /home/alex/Documents/IntrinsicEngine/src/geometry/Geometry.HalfedgeMesh.Curvature.cpp for CXX dependencies
[110/754] Scanning /home/alex/Documents/IntrinsicEngine/src/geometry/Geometry.HalfedgeMesh.Remeshing.cpp for CXX dependencies
[111/754] Scanning /home/alex/Documents/IntrinsicEngine/src/geometry/Geometry.HalfedgeMesh.Vertices.Normals.cpp for CXX dependencies
[112/754] Scanning /home/alex/Documents/IntrinsicEngine/src/geometry/Geometry.HalfedgeMesh.CurvatureSegmentation.Multicut.cpp for CXX dependencies
[113/754] Scanning /home/alex/Documents/IntrinsicEngine/src/geometry/Geometry.HalfedgeMesh.Smoothing.cpp for CXX dependencies
[114/754] Scanning /home/alex/Documents/IntrinsicEngine/src/geometry/Geometry.HalfedgeMesh.Subdivision.cpp for CXX dependencies
[115/754] Scanning /home/alex/Documents/IntrinsicEngine/src/geometry/Geometry.HalfedgeMesh.SignedHeatMethod.cpp for CXX dependencies
[116/754] Scanning /home/alex/Documents/IntrinsicEngine/src/geometry/Geometry.HalfedgeMesh.SubdivisionSqrt3.cpp for CXX dependencies
[117/754] Scanning /home/alex/Documents/IntrinsicEngine/src/geometry/Geometry.KDTree.cpp for CXX dependencies
[118/754] Scanning /home/alex/Documents/IntrinsicEngine/src/geometry/Geometry.HalfedgeMesh.Utils.cpp for CXX dependencies
[119/754] Scanning /home/alex/Documents/IntrinsicEngine/src/geometry/Geometry.ImplicitPlaneField.cpp for CXX dependencies
[120/754] Scanning /home/alex/Documents/IntrinsicEngine/src/geometry/Geometry.HtexPatch.cpp for CXX dependencies
[121/754] Scanning /home/alex/Documents/IntrinsicEngine/src/geometry/Geometry.HalfedgeMesh.cpp for CXX dependencies
[122/754] Scanning /home/alex/Documents/IntrinsicEngine/src/geometry/Geometry.MeshClosestFace.cpp for CXX dependencies
[123/754] Scanning /home/alex/Documents/IntrinsicEngine/src/geometry/Geometry.HalfedgeMesh.VectorHeatMethod.cpp for CXX dependencies
[124/754] Scanning /home/alex/Documents/IntrinsicEngine/src/geometry/Geometry.Overlap.cpp for CXX dependencies
[125/754] Scanning /home/alex/Documents/IntrinsicEngine/src/geometry/Geometry.Parameterization.Diagnostics.cpp for CXX dependencies
[126/754] Scanning /home/alex/Documents/IntrinsicEngine/src/geometry/Geometry.KMeans.cpp for CXX dependencies
[127/754] Scanning /home/alex/Documents/IntrinsicEngine/src/geometry/Geometry.Octree.cpp for CXX dependencies
[128/754] Scanning /home/alex/Documents/IntrinsicEngine/src/geometry/Geometry.MarchingCubes.cpp for CXX dependencies
[129/754] Scanning /home/alex/Documents/IntrinsicEngine/src/geometry/Geometry.PCA.cpp for CXX dependencies
[130/754] Scanning /home/alex/Documents/IntrinsicEngine/src/geometry/Geometry.OBB.cpp for CXX dependencies
[131/754] Scanning /home/alex/Documents/IntrinsicEngine/src/geometry/Geometry.MeshSoup.cpp for CXX dependencies
[132/754] Scanning /home/alex/Documents/IntrinsicEngine/src/geometry/Geometry.Mesh.Conversion.cpp for CXX dependencies
[133/754] Scanning /home/alex/Documents/IntrinsicEngine/src/geometry/Geometry.Linalg.cpp for CXX dependencies
[134/754] Scanning /home/alex/Documents/IntrinsicEngine/src/geometry/Geometry.Parameterization.Bff.cpp for CXX dependencies
[135/754] Scanning /home/alex/Documents/IntrinsicEngine/src/geometry/Geometry.Parameterization.Optimize.cpp for CXX dependencies
[136/754] Scanning /home/alex/Documents/IntrinsicEngine/src/geometry/Geometry.PointCloud.Conversion.cpp for CXX dependencies
[137/754] Scanning /home/alex/Documents/IntrinsicEngine/src/geometry/Geometry.Parameterization.Harmonic.cpp for CXX dependencies
[138/754] Scanning /home/alex/Documents/IntrinsicEngine/src/geometry/Geometry.Plane.cpp for CXX dependencies
[139/754] Scanning /home/alex/Documents/IntrinsicEngine/src/geometry/Geometry.PointCloud.Consolidation.cpp for CXX dependencies
[140/754] Scanning /home/alex/Documents/IntrinsicEngine/src/geometry/Geometry.PointCloud.Utils.cpp for CXX dependencies
[141/754] Scanning /home/alex/Documents/IntrinsicEngine/src/geometry/Geometry.PointCloud.IO.cpp for CXX dependencies
[142/754] Scanning /home/alex/Documents/IntrinsicEngine/src/geometry/Geometry.PointCloud.QualityMetrics.cpp for CXX dependencies
[143/754] Scanning /home/alex/Documents/IntrinsicEngine/src/geometry/Geometry.PointCloud.Kernels.cpp for CXX dependencies
[144/754] Scanning /home/alex/Documents/IntrinsicEngine/src/geometry/Geometry.Raycast.cpp for CXX dependencies
[145/754] Scanning /home/alex/Documents/IntrinsicEngine/src/geometry/Geometry.Robust.cpp for CXX dependencies
[146/754] Scanning /home/alex/Documents/IntrinsicEngine/src/geometry/Geometry.PointCloud.cpp for CXX dependencies
[147/754] Scanning /home/alex/Documents/IntrinsicEngine/src/geometry/Geometry.Queries.cpp for CXX dependencies
[148/754] Scanning /home/alex/Documents/IntrinsicEngine/src/geometry/Geometry.PointCloud.SurfaceSampling.cpp for CXX dependencies
[149/754] Scanning /home/alex/Documents/IntrinsicEngine/src/geometry/Geometry.Quadric.cpp for CXX dependencies
[150/754] Scanning /home/alex/Documents/IntrinsicEngine/src/geometry/Geometry.Registration.cpp for CXX dependencies
[151/754] Scanning /home/alex/Documents/IntrinsicEngine/src/geometry/Geometry.RotationAveraging.cpp for CXX dependencies
[152/754] Scanning /home/alex/Documents/IntrinsicEngine/src/geometry/Geometry.Rotation.cpp for CXX dependencies
[153/754] Scanning /home/alex/Documents/IntrinsicEngine/src/geometry/Geometry.PointCloud.Normals.cpp for CXX dependencies
[154/754] Scanning /home/alex/Documents/IntrinsicEngine/src/geometry/Geometry.RobustPredicates.cpp for CXX dependencies
[155/754] Scanning /home/alex/Documents/IntrinsicEngine/src/geometry/Geometry.Properties.cpp for CXX dependencies
[156/754] Scanning /home/alex/Documents/IntrinsicEngine/src/geometry/Geometry.SDF.cpp for CXX dependencies
[157/754] Scanning /home/alex/Documents/IntrinsicEngine/src/geometry/Geometry.PointCloud.Features.cpp for CXX dependencies
[158/754] Scanning /home/alex/Documents/IntrinsicEngine/src/geometry/Geometry.Sampling.cpp for CXX dependencies
[159/754] Scanning /home/alex/Documents/IntrinsicEngine/src/geometry/Geometry.Triangle.cpp for CXX dependencies
[160/754] Scanning /home/alex/Documents/IntrinsicEngine/src/geometry/Geometry.UvAtlas.cpp for CXX dependencies
[161/754] Scanning /home/alex/Documents/IntrinsicEngine/src/geometry/Geometry.Sphere.Sampling.cpp for CXX dependencies
[162/754] Scanning /home/alex/Documents/IntrinsicEngine/src/geometry/Geometry.SurfaceReconstruction.cpp for CXX dependencies
[163/754] Scanning /home/alex/Documents/IntrinsicEngine/src/geometry/Geometry.Statistics.cpp for CXX dependencies
[164/754] Scanning /home/alex/Documents/IntrinsicEngine/src/geometry/Geometry.Segment.cpp for CXX dependencies
[165/754] Scanning /home/alex/Documents/IntrinsicEngine/src/geometry/Geometry.Containment.cppm for CXX dependencies
[166/754] Scanning /home/alex/Documents/IntrinsicEngine/src/geometry/Geometry.Sphere.cpp for CXX dependencies
[167/754] Scanning /home/alex/Documents/IntrinsicEngine/src/geometry/Geometry.AABB.cppm for CXX dependencies
[168/754] Scanning /home/alex/Documents/IntrinsicEngine/src/geometry/Geometry.BVH.cppm for CXX dependencies
[169/754] Scanning /home/alex/Documents/IntrinsicEngine/src/geometry/Geometry.Validation.cpp for CXX dependencies
[170/754] Scanning /home/alex/Documents/IntrinsicEngine/src/geometry/Geometry.PointLBVH.cppm for CXX dependencies
[171/754] Scanning /home/alex/Documents/IntrinsicEngine/src/geometry/Geometry.Support.cpp for CXX dependencies
[172/754] Scanning /home/alex/Documents/IntrinsicEngine/src/geometry/Geometry.Capsule.cppm for CXX dependencies
[173/754] Scanning /home/alex/Documents/IntrinsicEngine/src/geometry/Geometry.SupportRadius.cpp for CXX dependencies
[174/754] Scanning /home/alex/Documents/IntrinsicEngine/src/geometry/Geometry.Circulators.cppm for CXX dependencies
[175/754] Scanning /home/alex/Documents/IntrinsicEngine/src/geometry/Geometry.ConvexHullBuilder.cppm for CXX dependencies
[176/754] Scanning /home/alex/Documents/IntrinsicEngine/src/geometry/Geometry.Ellipsoid.cppm for CXX dependencies
[177/754] Scanning /home/alex/Documents/IntrinsicEngine/src/geometry/Geometry.FixedPoint.Anderson.cppm for CXX dependencies
[178/754] Scanning /home/alex/Documents/IntrinsicEngine/src/geometry/Geometry.ContactManifold.cppm for CXX dependencies
[179/754] Scanning /home/alex/Documents/IntrinsicEngine/src/geometry/Geometry.Cylinder.cppm for CXX dependencies
[180/754] Scanning /home/alex/Documents/IntrinsicEngine/src/geometry/Geometry.Sparse.cpp for CXX dependencies
[181/754] Scanning /home/alex/Documents/IntrinsicEngine/src/geometry/Geometry.DomainViews.cppm for CXX dependencies
[182/754] Scanning /home/alex/Documents/IntrinsicEngine/src/geometry/Geometry.Graph.IO.cppm for CXX dependencies
[183/754] Scanning /home/alex/Documents/IntrinsicEngine/src/geometry/Geometry.Graph.ShortestPath.cppm for CXX dependencies
[184/754] Scanning /home/alex/Documents/IntrinsicEngine/src/geometry/Geometry.Curve.cppm for CXX dependencies
[185/754] Scanning /home/alex/Documents/IntrinsicEngine/src/geometry/Geometry.ConvexHull.cppm for CXX dependencies
[186/754] Scanning /home/alex/Documents/IntrinsicEngine/src/geometry/Geometry.HalfedgeMesh.Analysis.cppm for CXX dependencies
[187/754] Scanning /home/alex/Documents/IntrinsicEngine/src/geometry/Geometry.EPA.cppm for CXX dependencies
[188/754] Scanning /home/alex/Documents/IntrinsicEngine/src/geometry/Geometry.GJK.cppm for CXX dependencies
[189/754] Scanning /home/alex/Documents/IntrinsicEngine/src/geometry/Geometry.HalfedgeMesh.Boundary.cppm for CXX dependencies
[190/754] Scanning /home/alex/Documents/IntrinsicEngine/src/geometry/Geometry.HalfedgeMesh.Boolean.cppm for CXX dependencies
[191/754] Scanning /home/alex/Documents/IntrinsicEngine/src/geometry/Geometry.HalfedgeMesh.Builder.cppm for CXX dependencies
[192/754] Scanning /home/alex/Documents/IntrinsicEngine/src/geometry/Geometry.Frustum.cppm for CXX dependencies
[193/754] Scanning /home/alex/Documents/IntrinsicEngine/src/geometry/Geometry.GaussianMixture.cppm for CXX dependencies
[194/754] Scanning /home/alex/Documents/IntrinsicEngine/src/geometry/Geometry.HalfedgeMesh.CatmullClark.cppm for CXX dependencies
[195/754] Scanning /home/alex/Documents/IntrinsicEngine/src/geometry/Geometry.Graph.cppm for CXX dependencies
[196/754] Scanning /home/alex/Documents/IntrinsicEngine/src/geometry/Geometry.Graph.Vertex.Normals.cppm for CXX dependencies
[197/754] Scanning /home/alex/Documents/IntrinsicEngine/src/geometry/Geometry.Graph.Utils.cppm for CXX dependencies
[198/754] Scanning /home/alex/Documents/IntrinsicEngine/src/geometry/Geometry.HalfedgeMesh.CurvatureSegmentation.Features.cppm for CXX dependencies
[199/754] Scanning /home/alex/Documents/IntrinsicEngine/src/geometry/Geometry.HalfedgeMesh.CurvatureExtrema.cppm for CXX dependencies
[200/754] Scanning /home/alex/Documents/IntrinsicEngine/src/geometry/Geometry.HalfedgeMesh.AdaptiveRemeshing.cppm for CXX dependencies
[201/754] Scanning /home/alex/Documents/IntrinsicEngine/src/geometry/Geometry.HalfedgeMesh.DEC.cppm for CXX dependencies
[202/754] Scanning /home/alex/Documents/IntrinsicEngine/src/geometry/Geometry.HalfedgeMesh.Quality.cppm for CXX dependencies
[203/754] Scanning /home/alex/Documents/IntrinsicEngine/src/geometry/Geometry.HalfedgeMesh.Features.cppm for CXX dependencies
[204/754] Scanning /home/alex/Documents/IntrinsicEngine/src/geometry/Geometry.HalfedgeMesh.CurvatureSegmentation.Multicut.cppm for CXX dependencies
[205/754] Scanning /home/alex/Documents/IntrinsicEngine/src/geometry/Geometry.HalfedgeMesh.CurvatureSegmentation.cppm for CXX dependencies
[206/754] Scanning /home/alex/Documents/IntrinsicEngine/src/geometry/Geometry.HalfedgeMesh.SubdivisionSqrt3.cppm for CXX dependencies
[207/754] Scanning /home/alex/Documents/IntrinsicEngine/src/geometry/Geometry.HalfedgeMesh.Remeshing.cppm for CXX dependencies
[208/754] Scanning /home/alex/Documents/IntrinsicEngine/src/geometry/Geometry.HalfedgeMesh.CurvatureSegmentation.Patches.cppm for CXX dependencies
[209/754] Scanning /home/alex/Documents/IntrinsicEngine/src/geometry/Geometry.HalfedgeMesh.Curvature.cppm for CXX dependencies
[210/754] Scanning /home/alex/Documents/IntrinsicEngine/src/geometry/Geometry.Grid.cppm for CXX dependencies
[211/754] Scanning /home/alex/Documents/IntrinsicEngine/src/geometry/Geometry.HalfedgeMesh.SignedHeatMethod.cppm for CXX dependencies
[212/754] Scanning /home/alex/Documents/IntrinsicEngine/src/geometry/Geometry.HalfedgeMesh.Simplification.cppm for CXX dependencies
[213/754] Scanning /home/alex/Documents/IntrinsicEngine/src/geometry/Geometry.HalfedgeMesh.IO.cppm for CXX dependencies
[214/754] Scanning /home/alex/Documents/IntrinsicEngine/src/geometry/Geometry.HalfedgeMesh.Utils.cppm for CXX dependencies
[215/754] Scanning /home/alex/Documents/IntrinsicEngine/src/geometry/Geometry.HalfedgeMesh.Geodesic.cppm for CXX dependencies
[216/754] Scanning /home/alex/Documents/IntrinsicEngine/src/geometry/Geometry.HalfedgeMesh.Parameterization.cppm for CXX dependencies
[217/754] Scanning /home/alex/Documents/IntrinsicEngine/src/geometry/Geometry.HalfedgeMesh.Subdivision.cppm for CXX dependencies
[218/754] Scanning /home/alex/Documents/IntrinsicEngine/src/geometry/Geometry.HalfedgeMesh.Vertices.Normals.cppm for CXX dependencies
[219/754] Scanning /home/alex/Documents/IntrinsicEngine/src/geometry/Geometry.IO.cppm for CXX dependencies
[220/754] Scanning /home/alex/Documents/IntrinsicEngine/src/geometry/Geometry.LinearSolver.cppm for CXX dependencies
[221/754] Scanning /home/alex/Documents/IntrinsicEngine/src/geometry/Geometry.HalfedgeMesh.Smoothing.cppm for CXX dependencies
[222/754] Scanning /home/alex/Documents/IntrinsicEngine/src/geometry/Geometry.KDTree.cppm for CXX dependencies
[223/754] Scanning /home/alex/Documents/IntrinsicEngine/src/geometry/Geometry.HalfedgeMesh.Repair.cppm for CXX dependencies
[224/754] Scanning /home/alex/Documents/IntrinsicEngine/src/geometry/Geometry.HalfedgeMesh.cppm for CXX dependencies
[225/754] Scanning /home/alex/Documents/IntrinsicEngine/src/geometry/Geometry.ImplicitPlaneField.cppm for CXX dependencies
[226/754] Scanning /home/alex/Documents/IntrinsicEngine/src/geometry/Geometry.MeshOperator.cppm for CXX dependencies
[227/754] Scanning /home/alex/Documents/IntrinsicEngine/src/geometry/Geometry.IntersectionClassification.cppm for CXX dependencies
[228/754] Scanning /home/alex/Documents/IntrinsicEngine/src/geometry/Geometry.MeshSoup.cppm for CXX dependencies
[229/754] Scanning /home/alex/Documents/IntrinsicEngine/src/geometry/Geometry.HalfedgeMesh.VectorHeatMethod.cppm for CXX dependencies
[230/754] Scanning /home/alex/Documents/IntrinsicEngine/src/geometry/Geometry.KMeans.cppm for CXX dependencies
[231/754] Scanning /home/alex/Documents/IntrinsicEngine/src/geometry/Geometry.Parameterization.Diagnostics.cppm for CXX dependencies
[232/754] Scanning /home/alex/Documents/IntrinsicEngine/src/geometry/Geometry.HtexPatch.cppm for CXX dependencies
[233/754] Scanning /home/alex/Documents/IntrinsicEngine/src/geometry/Geometry.Mesh.Conversion.cppm for CXX dependencies
[234/754] Scanning /home/alex/Documents/IntrinsicEngine/src/geometry/Geometry.PCA.cppm for CXX dependencies
[235/754] Scanning /home/alex/Documents/IntrinsicEngine/src/geometry/Geometry.Overlap.cppm for CXX dependencies
[236/754] Scanning /home/alex/Documents/IntrinsicEngine/src/geometry/Geometry.MarchingCubes.cppm for CXX dependencies
[237/754] Scanning /home/alex/Documents/IntrinsicEngine/src/geometry/Geometry.Plane.cppm for CXX dependencies
[238/754] Scanning /home/alex/Documents/IntrinsicEngine/src/geometry/Geometry.OBB.cppm for CXX dependencies
[239/754] Scanning /home/alex/Documents/IntrinsicEngine/src/geometry/Geometry.Parameterization.Harmonic.cppm for CXX dependencies
[240/754] Scanning /home/alex/Documents/IntrinsicEngine/src/geometry/Geometry.PointCloud.IO.cppm for CXX dependencies
[241/754] Scanning /home/alex/Documents/IntrinsicEngine/src/geometry/Geometry.PointCloud.Kernels.cppm for CXX dependencies
[242/754] Scanning /home/alex/Documents/IntrinsicEngine/src/geometry/Geometry.MeshClosestFace.cppm for CXX dependencies
[243/754] Scanning /home/alex/Documents/IntrinsicEngine/src/geometry/Geometry.Octree.cppm for CXX dependencies
[244/754] Scanning /home/alex/Documents/IntrinsicEngine/src/geometry/Geometry.PointCloud.Features.cppm for CXX dependencies
[245/754] Scanning /home/alex/Documents/IntrinsicEngine/src/geometry/Geometry.Parameterization.Bff.cppm for CXX dependencies
[246/754] Scanning /home/alex/Documents/IntrinsicEngine/src/geometry/Geometry.PointCloud.Conversion.cppm for CXX dependencies
[247/754] Scanning /home/alex/Documents/IntrinsicEngine/src/geometry/Geometry.PointCloud.QualityMetrics.cppm for CXX dependencies
[248/754] Scanning /home/alex/Documents/IntrinsicEngine/src/geometry/Geometry.PointCloud.SurfaceSampling.cppm for CXX dependencies
[249/754] Scanning /home/alex/Documents/IntrinsicEngine/src/geometry/Geometry.Parameterization.Optimize.cppm for CXX dependencies
[250/754] Scanning /home/alex/Documents/IntrinsicEngine/src/geometry/Geometry.PointCloud.Consolidation.cppm for CXX dependencies
[251/754] Scanning /home/alex/Documents/IntrinsicEngine/src/geometry/Geometry.Robust.cppm for CXX dependencies
[252/754] Scanning /home/alex/Documents/IntrinsicEngine/src/geometry/Geometry.Linalg.cppm for CXX dependencies
[253/754] Scanning /home/alex/Documents/IntrinsicEngine/src/geometry/Geometry.PointCloud.Utils.cppm for CXX dependencies
[254/754] Scanning /home/alex/Documents/IntrinsicEngine/src/geometry/Geometry.PointCloud.cppm for CXX dependencies
[255/754] Scanning /home/alex/Documents/IntrinsicEngine/src/geometry/Geometry.PointCloud.Normals.cppm for CXX dependencies
[256/754] Scanning /home/alex/Documents/IntrinsicEngine/src/geometry/Geometry.Queries.cppm for CXX dependencies
[257/754] Scanning /home/alex/Documents/IntrinsicEngine/src/geometry/Geometry.Ray.cppm for CXX dependencies
[258/754] Scanning /home/alex/Documents/IntrinsicEngine/src/geometry/Geometry.Raycast.cppm for CXX dependencies
[259/754] Scanning /home/alex/Documents/IntrinsicEngine/src/geometry/Geometry.Quadric.cppm for CXX dependencies
[260/754] Scanning /home/alex/Documents/IntrinsicEngine/src/geometry/Geometry.RotationAveraging.cppm for CXX dependencies
[261/754] Scanning /home/alex/Documents/IntrinsicEngine/src/geometry/Geometry.SpatialQueries.cppm for CXX dependencies
[262/754] Scanning /home/alex/Documents/IntrinsicEngine/src/geometry/Geometry.Sampling.cppm for CXX dependencies
[263/754] Scanning /home/alex/Documents/IntrinsicEngine/src/geometry/Geometry.Support.cppm for CXX dependencies
[264/754] Scanning /home/alex/Documents/IntrinsicEngine/src/geometry/Geometry.Registration.cppm for CXX dependencies
[265/754] Scanning /home/alex/Documents/IntrinsicEngine/src/geometry/Geometry.Sparse.cppm for CXX dependencies
[266/754] Scanning /home/alex/Documents/IntrinsicEngine/src/geometry/Geometry.Rotation.cppm for CXX dependencies
[267/754] Scanning /home/alex/Documents/IntrinsicEngine/src/geometry/Geometry.Properties.cppm for CXX dependencies
[268/754] Scanning /home/alex/Documents/IntrinsicEngine/src/geometry/Geometry.RobustPredicates.cppm for CXX dependencies
[269/754] Scanning /home/alex/Documents/IntrinsicEngine/src/geometry/Geometry.SupportRadius.cppm for CXX dependencies
[270/754] Scanning /home/alex/Documents/IntrinsicEngine/src/geometry/Geometry.SDFContact.cppm for CXX dependencies
[271/754] Scanning /home/alex/Documents/IntrinsicEngine/src/geometry/Geometry.Graph.Fwd.cppm for CXX dependencies
[272/754] Scanning /home/alex/Documents/IntrinsicEngine/src/geometry/Geometry.SDF.cppm for CXX dependencies
[273/754] Scanning /home/alex/Documents/IntrinsicEngine/src/geometry/Geometry.HalfedgeMesh.Fwd.cppm for CXX dependencies
[274/754] Scanning /home/alex/Documents/IntrinsicEngine/src/geometry/Geometry.Segment.cppm for CXX dependencies
[275/754] Scanning /home/alex/Documents/IntrinsicEngine/src/geometry/Geometry.Statistics.cppm for CXX dependencies
[276/754] Scanning /home/alex/Documents/IntrinsicEngine/src/geometry/Geometry.Sphere.Sampling.cppm for CXX dependencies
[277/754] Scanning /home/alex/Documents/IntrinsicEngine/src/geometry/Geometry.PointCloud.Fwd.cppm for CXX dependencies
[278/754] Scanning /home/alex/Documents/IntrinsicEngine/src/assets/Asset.ModelTexturePayload.cpp for CXX dependencies
[279/754] Scanning /home/alex/Documents/IntrinsicEngine/src/geometry/Geometry.SurfaceReconstruction.cppm for CXX dependencies
[280/754] Scanning /home/alex/Documents/IntrinsicEngine/src/geometry/Geometry.Sphere.cppm for CXX dependencies
[281/754] Scanning /home/alex/Documents/IntrinsicEngine/src/assets/Asset.EventBus.cpp for CXX dependencies
[282/754] Scanning /home/alex/Documents/IntrinsicEngine/src/geometry/Geometry.Validation.cppm for CXX dependencies
[283/754] Scanning /home/alex/Documents/IntrinsicEngine/src/assets/Asset.PathIndex.cpp for CXX dependencies
[284/754] Scanning /home/alex/Documents/IntrinsicEngine/src/geometry/Geometry.Triangle.cppm for CXX dependencies
[285/754] Scanning /home/alex/Documents/IntrinsicEngine/src/assets/Asset.OperationStatus.cppm for CXX dependencies
[286/754] Scanning /home/alex/Documents/IntrinsicEngine/src/assets/Asset.Registry.cpp for CXX dependencies
[287/754] Scanning /home/alex/Documents/IntrinsicEngine/src/assets/Asset.ImportRouter.cpp for CXX dependencies
[288/754] Scanning /home/alex/Documents/IntrinsicEngine/src/geometry/Geometry.UvAtlas.cppm for CXX dependencies
[289/754] Scanning /home/alex/Documents/IntrinsicEngine/src/assets/Asset.Service.cpp for CXX dependencies
[290/754] Scanning /home/alex/Documents/IntrinsicEngine/src/assets/Asset.GeometryPayload.cppm for CXX dependencies
[291/754] Scanning /home/alex/Documents/IntrinsicEngine/src/assets/Asset.TypePool.cppm for CXX dependencies
[292/754] Scanning /home/alex/Documents/IntrinsicEngine/src/assets/Asset.PayloadStore.cpp for CXX dependencies
[293/754] Scanning /home/alex/Documents/IntrinsicEngine/src/assets/Asset.Registry.cppm for CXX dependencies
[294/754] Scanning /home/alex/Documents/IntrinsicEngine/src/assets/Asset.EventBus.cppm for CXX dependencies
[295/754] Scanning /home/alex/Documents/IntrinsicEngine/src/assets/Asset.ImportRouter.cppm for CXX dependencies
[296/754] Scanning /home/alex/Documents/IntrinsicEngine/src/assets/Asset.PayloadStore.cppm for CXX dependencies
[297/754] Scanning /home/alex/Documents/IntrinsicEngine/src/assets/Asset.ModelTexturePayload.cppm for CXX dependencies
[298/754] Generating CXX dyndep file src/geometry/CMakeFiles/IntrinsicGeometry.dir/CXX.dd
[299/754] Scanning /home/alex/Documents/IntrinsicEngine/src/assets/Asset.LoadPipeline.cpp for CXX dependencies
[300/754] Scanning /home/alex/Documents/IntrinsicEngine/src/assets/Asset.PathIndex.cppm for CXX dependencies
[301/754] Scanning /home/alex/Documents/IntrinsicEngine/src/assets/Asset.LoadPipeline.cppm for CXX dependencies
[302/754] Scanning /home/alex/Documents/IntrinsicEngine/src/ecs/Components/ECS.Component.StableId.cpp for CXX dependencies
[303/754] Scanning /home/alex/Documents/IntrinsicEngine/src/ecs/ECS.Scene.Bootstrap.cppm for CXX dependencies
[304/754] Scanning /home/alex/Documents/IntrinsicEngine/src/assets/Asset.Service.cppm for CXX dependencies
[305/754] Scanning /home/alex/Documents/IntrinsicEngine/src/ecs/ECS.Scene.Bootstrap.cpp for CXX dependencies
[306/754] Scanning /home/alex/Documents/IntrinsicEngine/src/ecs/ECS.Scene.Registry.cpp for CXX dependencies
[307/754] Scanning /home/alex/Documents/IntrinsicEngine/src/ecs/Hierarchy/ECS.Hierarchy.Structure.cpp for CXX dependencies
[308/754] Scanning /home/alex/Documents/IntrinsicEngine/src/ecs/Components/ECS.Component.Collider.cpp for CXX dependencies
[309/754] Generating CXX dyndep file src/assets/CMakeFiles/ExtrinsicAssets.dir/CXX.dd
[310/754] Scanning /home/alex/Documents/IntrinsicEngine/src/ecs/Components/ECS.Component.RigidBody.cpp for CXX dependencies
[311/754] Scanning /home/alex/Documents/IntrinsicEngine/src/ecs/Components/ECS.Component.GeometrySources.cpp for CXX dependencies
[312/754] Scanning /home/alex/Documents/IntrinsicEngine/src/ecs/Components/ECS.Component.AssetInstance.cppm for CXX dependencies
[313/754] Scanning /home/alex/Documents/IntrinsicEngine/src/ecs/ECS.Scene.Handle.cppm for CXX dependencies
[314/754] Scanning /home/alex/Documents/IntrinsicEngine/src/ecs/Components/ECS.Component.Transform.Local.cpp for CXX dependencies
[315/754] Scanning /home/alex/Documents/IntrinsicEngine/src/ecs/Systems/ECS.System.TransformHierarchy.cpp for CXX dependencies
[316/754] Scanning /home/alex/Documents/IntrinsicEngine/src/ecs/Components/ECS.Component.Hierarchy.cppm for CXX dependencies
[317/754] Scanning /home/alex/Documents/IntrinsicEngine/src/ecs/Components/ECS.Component.GeometrySourcesPopulate.cpp for CXX dependencies
[318/754] Scanning /home/alex/Documents/IntrinsicEngine/src/ecs/Hierarchy/ECS.Hierarchy.Mutation.cpp for CXX dependencies
[319/754] Scanning /home/alex/Documents/IntrinsicEngine/src/ecs/Systems/ECS.System.RenderSync.cpp for CXX dependencies
[320/754] Scanning /home/alex/Documents/IntrinsicEngine/src/ecs/Hierarchy/ECS.Hierarchy.Structure.cppm for CXX dependencies
[321/754] Scanning /home/alex/Documents/IntrinsicEngine/src/ecs/Systems/ECS.System.BoundsPropagation.cpp for CXX dependencies
[322/754] Scanning /home/alex/Documents/IntrinsicEngine/src/ecs/Components/ECS.Component.Selection.cppm for CXX dependencies
[323/754] Scanning /home/alex/Documents/IntrinsicEngine/src/ecs/Hierarchy/ECS.Hierarchy.Mutation.cppm for CXX dependencies
[324/754] Scanning /home/alex/Documents/IntrinsicEngine/src/ecs/ECS.Scene.Registry.cppm for CXX dependencies
[325/754] Scanning /home/alex/Documents/IntrinsicEngine/src/ecs/Components/ECS.Component.ProceduralGeometryRef.cppm for CXX dependencies
[326/754] Scanning /home/alex/Documents/IntrinsicEngine/src/ecs/Components/ECS.Component.Collider.cppm for CXX dependencies
[327/754] Scanning /home/alex/Documents/IntrinsicEngine/src/ecs/Components/ECS.Component.StableId.cppm for CXX dependencies
[328/754] Scanning /home/alex/Documents/IntrinsicEngine/src/ecs/Components/ECS.Component.MetaData.cppm for CXX dependencies
[329/754] Scanning /home/alex/Documents/IntrinsicEngine/src/ecs/Components/ECS.Component.Light.cppm for CXX dependencies
[330/754] Scanning /home/alex/Documents/IntrinsicEngine/src/graphics/rhi/RHI.CommandContext.cpp for CXX dependencies
[331/754] Scanning /home/alex/Documents/IntrinsicEngine/src/ecs/Components/ECS.Component.DirtyTags.cppm for CXX dependencies
[332/754] Scanning /home/alex/Documents/IntrinsicEngine/src/ecs/Components/ECS.Component.GeometrySourcesPopulate.cppm for CXX dependencies
[333/754] Scanning /home/alex/Documents/IntrinsicEngine/src/ecs/Components/ECS.Component.Transform.World.cppm for CXX dependencies
[334/754] Scanning /home/alex/Documents/IntrinsicEngine/src/ecs/Components/ECS.Component.Transform.Local.cppm for CXX dependencies
[335/754] Scanning /home/alex/Documents/IntrinsicEngine/src/ecs/Components/ECS.Component.RigidBody.cppm for CXX dependencies
[336/754] Scanning /home/alex/Documents/IntrinsicEngine/src/ecs/Systems/ECS.System.RenderSync.cppm for CXX dependencies
[337/754] Scanning /home/alex/Documents/IntrinsicEngine/src/graphics/rhi/RHI.BufferView.cppm for CXX dependencies
[338/754] Scanning /home/alex/Documents/IntrinsicEngine/src/ecs/Components/ECS.Component.GeometrySources.cppm for CXX dependencies
[339/754] Scanning /home/alex/Documents/IntrinsicEngine/src/physics/Physics.World.cpp for CXX dependencies
[340/754] Scanning /home/alex/Documents/IntrinsicEngine/src/graphics/rhi/RHI.TextureUpload.cpp for CXX dependencies
[341/754] Scanning /home/alex/Documents/IntrinsicEngine/src/ecs/Systems/ECS.System.BoundsPropagation.cppm for CXX dependencies
[342/754] Scanning /home/alex/Documents/IntrinsicEngine/src/graphics/rhi/RHI.BufferTransfer.cpp for CXX dependencies
[343/754] Scanning /home/alex/Documents/IntrinsicEngine/src/graphics/rhi/RHI.Profiler.cpp for CXX dependencies
[344/754] Scanning /home/alex/Documents/IntrinsicEngine/src/graphics/rhi/RHI.QueueAffinity.cppm for CXX dependencies
[345/754] Scanning /home/alex/Documents/IntrinsicEngine/src/graphics/rhi/RHI.BufferTransfer.cppm for CXX dependencies
[346/754] Scanning /home/alex/Documents/IntrinsicEngine/src/graphics/rhi/RHI.SamplerManager.cpp for CXX dependencies
[347/754] Scanning /home/alex/Documents/IntrinsicEngine/src/physics/Physics.World.cppm for CXX dependencies
[348/754] Scanning /home/alex/Documents/IntrinsicEngine/src/graphics/rhi/RHI.FrameHandle.cppm for CXX dependencies
[349/754] Scanning /home/alex/Documents/IntrinsicEngine/src/graphics/rhi/RHI.Bindless.cppm for CXX dependencies
[350/754] Scanning /home/alex/Documents/IntrinsicEngine/src/graphics/rhi/RHI.Descriptors.cppm for CXX dependencies
[351/754] Scanning /home/alex/Documents/IntrinsicEngine/src/graphics/rhi/RHI.TextureManager.cpp for CXX dependencies
[352/754] Scanning /home/alex/Documents/IntrinsicEngine/src/graphics/rhi/RHI.Transfer.cppm for CXX dependencies
[353/754] Scanning /home/alex/Documents/IntrinsicEngine/src/ecs/Systems/ECS.System.TransformHierarchy.cppm for CXX dependencies
[354/754] Generating CXX dyndep file src/physics/CMakeFiles/ExtrinsicPhysics.dir/CXX.dd
[355/754] Scanning /home/alex/Documents/IntrinsicEngine/src/graphics/rhi/RHI.TextureUpload.cppm for CXX dependencies
[356/754] Scanning /home/alex/Documents/IntrinsicEngine/src/graphics/rhi/RHI.PipelineManager.cpp for CXX dependencies
[357/754] Scanning /home/alex/Documents/IntrinsicEngine/src/graphics/rhi/RHI.Profiler.cppm for CXX dependencies
[358/754] Scanning /home/alex/Documents/IntrinsicEngine/src/graphics/rhi/RHI.BufferManager.cpp for CXX dependencies
[359/754] Generating CXX dyndep file src/ecs/CMakeFiles/ExtrinsicECS.dir/CXX.dd
[360/754] Scanning /home/alex/Documents/IntrinsicEngine/src/graphics/rhi/RHI.Types.cppm for CXX dependencies
[361/754] Scanning /home/alex/Documents/IntrinsicEngine/src/graphics/rhi/RHI.TransferQueue.cppm for CXX dependencies
[362/754] Scanning /home/alex/Documents/IntrinsicEngine/src/graphics/rhi/RHI.CommandContext.cppm for CXX dependencies
[363/754] Scanning /home/alex/Documents/IntrinsicEngine/src/graphics/rhi/RHI.TextureManager.cppm for CXX dependencies
[364/754] Scanning /home/alex/Documents/IntrinsicEngine/src/graphics/rhi/RHI.SamplerManager.cppm for CXX dependencies
[365/754] Scanning /home/alex/Documents/IntrinsicEngine/src/graphics/rhi/RHI.BufferManager.cppm for CXX dependencies
[366/754] Scanning /home/alex/Documents/IntrinsicEngine/src/graphics/rhi/RHI.Device.cppm for CXX dependencies
[367/754] Scanning /home/alex/Documents/IntrinsicEngine/src/graphics/renderer/Graphics.RenderCommandRouter.cpp for CXX dependencies
[368/754] Scanning /home/alex/Documents/IntrinsicEngine/src/graphics/renderer/Graphics.ComputeParallelPrimitives.cpp for CXX dependencies
[369/754] Scanning /home/alex/Documents/IntrinsicEngine/src/graphics/assets/Graphics.GpuAssetCache.cpp for CXX dependencies
[370/754] Scanning /home/alex/Documents/IntrinsicEngine/src/graphics/renderer/Graphics.CurrentRendererContractAdapter.cpp for CXX dependencies
[371/754] Scanning /home/alex/Documents/IntrinsicEngine/src/graphics/renderer/Graphics.PointLBVH.cpp for CXX dependencies
[372/754] Scanning /home/alex/Documents/IntrinsicEngine/src/graphics/renderer/Graphics.RenderingContract.cpp for CXX dependencies
[373/754] Scanning /home/alex/Documents/IntrinsicEngine/src/graphics/renderer/Graphics.CameraSnapshots.cpp for CXX dependencies
[374/754] Scanning /home/alex/Documents/IntrinsicEngine/src/graphics/rhi/RHI.PipelineManager.cppm for CXX dependencies
[375/754] Scanning /home/alex/Documents/IntrinsicEngine/src/graphics/assets/Graphics.GpuAssetCache.cppm for CXX dependencies
[376/754] Scanning /home/alex/Documents/IntrinsicEngine/src/graphics/renderer/Graphics.RenderSubsystemRegistry.cpp for CXX dependencies
[377/754] Scanning /home/alex/Documents/IntrinsicEngine/src/graphics/renderer/Graphics.SharedRenderRecipeExecution.cpp for CXX dependencies
[378/754] Scanning /home/alex/Documents/IntrinsicEngine/src/graphics/renderer/Graphics.FrameRecipe.cpp for CXX dependencies
[379/754] Scanning /home/alex/Documents/IntrinsicEngine/src/graphics/renderer/Graphics.RenderPrepPipeline.cpp for CXX dependencies
[380/754] Scanning /home/alex/Documents/IntrinsicEngine/src/graphics/renderer/Graphics.PropertyTextureBake.cpp for CXX dependencies
[381/754] Generating CXX dyndep file src/graphics/rhi/CMakeFiles/ExtrinsicRHI.dir/CXX.dd
[382/754] Scanning /home/alex/Documents/IntrinsicEngine/src/graphics/renderer/Graphics.VisualizationOverlayUploadHelper.cpp for CXX dependencies
[383/754] Scanning /home/alex/Documents/IntrinsicEngine/src/graphics/renderer/Graphics.TransientDebugUploadHelper.cpp for CXX dependencies
[384/754] Scanning /home/alex/Documents/IntrinsicEngine/src/graphics/renderer/Graphics.GpuTransfer.cpp for CXX dependencies
[385/754] Scanning /home/alex/Documents/IntrinsicEngine/src/graphics/renderer/Graphics.VisualizationPackets.cpp for CXX dependencies
[386/754] Generating CXX dyndep file src/graphics/assets/CMakeFiles/ExtrinsicGraphicsAssets.dir/CXX.dd
[387/754] Scanning /home/alex/Documents/IntrinsicEngine/src/graphics/renderer/Graphics.VisualizationPropertyBufferResidency.cpp for CXX dependencies
[388/754] Scanning /home/alex/Documents/IntrinsicEngine/src/graphics/renderer/Graphics.GeometryResidency.cpp for CXX dependencies
[389/754] Scanning /home/alex/Documents/IntrinsicEngine/src/graphics/renderer/Graphics.ColormapSystem.cpp for CXX dependencies
[390/754] Scanning /home/alex/Documents/IntrinsicEngine/src/graphics/renderer/Graphics.MaterialSystem.cpp for CXX dependencies
[391/754] Scanning /home/alex/Documents/IntrinsicEngine/src/graphics/renderer/Graphics.Renderer.cpp for CXX dependencies
[392/754] Scanning /home/alex/Documents/IntrinsicEngine/src/graphics/renderer/Graphics.GpuWorld.cpp for CXX dependencies
[393/754] Scanning /home/alex/Documents/IntrinsicEngine/src/graphics/renderer/Graphics.ImGuiUploadHelper.cpp for CXX dependencies
[394/754] Scanning /home/alex/Documents/IntrinsicEngine/src/graphics/renderer/Graphics.CullingSystem.cpp for CXX dependencies
[395/754] Scanning /home/alex/Documents/IntrinsicEngine/src/graphics/renderer/Graphics.RenderRecipeConfig.cpp for CXX dependencies
[396/754] Scanning /home/alex/Documents/IntrinsicEngine/src/graphics/renderer/Graphics.SelectionSystem.cpp for CXX dependencies
[397/754] Scanning /home/alex/Documents/IntrinsicEngine/src/graphics/renderer/Graphics.ForwardSystem.cpp for CXX dependencies
[398/754] Scanning /home/alex/Documents/IntrinsicEngine/src/graphics/renderer/Graphics.DebugViewSystem.cpp for CXX dependencies
[399/754] Scanning /home/alex/Documents/IntrinsicEngine/src/graphics/renderer/Graphics.ImGuiOverlaySystem.cpp for CXX dependencies
[400/754] Scanning /home/alex/Documents/IntrinsicEngine/src/graphics/renderer/Graphics.DeferredSystem.cpp for CXX dependencies
[401/754] Scanning /home/alex/Documents/IntrinsicEngine/src/graphics/renderer/Components/Graphics.Component.GpuSceneSlot.cpp for CXX dependencies
[402/754] Scanning /home/alex/Documents/IntrinsicEngine/src/graphics/renderer/Graphics.GpuScene.cpp for CXX dependencies
[403/754] Scanning /home/alex/Documents/IntrinsicEngine/src/graphics/renderer/Graphics.HZB.cpp for CXX dependencies
[404/754] Scanning /home/alex/Documents/IntrinsicEngine/src/graphics/renderer/Graphics.TransformSyncSystem.cpp for CXX dependencies
[405/754] Scanning /home/alex/Documents/IntrinsicEngine/src/graphics/renderer/Graphics.PostProcessSystem.cpp for CXX dependencies
[406/754] Scanning /home/alex/Documents/IntrinsicEngine/src/graphics/renderer/Passes/Pass.Deferred.Lighting.cpp for CXX dependencies
[407/754] Scanning /home/alex/Documents/IntrinsicEngine/src/graphics/renderer/Graphics.SpatialDebugVisualizers.cpp for CXX dependencies
[408/754] Scanning /home/alex/Documents/IntrinsicEngine/src/graphics/renderer/Passes/Pass.Deferred.GBuffers.cpp for CXX dependencies
[409/754] Scanning /home/alex/Documents/IntrinsicEngine/src/graphics/renderer/Passes/Pass.DepthPrepass.cpp for CXX dependencies
[410/754] Scanning /home/alex/Documents/IntrinsicEngine/src/graphics/renderer/Graphics.VisualizationSyncSystem.cpp for CXX dependencies
[411/754] Scanning /home/alex/Documents/IntrinsicEngine/src/graphics/renderer/Graphics.LightClusters.cpp for CXX dependencies
[412/754] Scanning /home/alex/Documents/IntrinsicEngine/src/graphics/renderer/Passes/Pass.Forward.Point.cpp for CXX dependencies
[413/754] Scanning /home/alex/Documents/IntrinsicEngine/src/graphics/renderer/Passes/Pass.Forward.Surface.cpp for CXX dependencies
[414/754] Scanning /home/alex/Documents/IntrinsicEngine/src/graphics/renderer/Graphics.ShadowSystem.cpp for CXX dependencies
[415/754] Scanning /home/alex/Documents/IntrinsicEngine/src/graphics/renderer/Passes/Pass.Forward.Line.cpp for CXX dependencies
[416/754] Scanning /home/alex/Documents/IntrinsicEngine/src/graphics/renderer/Graphics.LightSystem.cpp for CXX dependencies
[417/754] Scanning /home/alex/Documents/IntrinsicEngine/src/graphics/renderer/Passes/Pass.Selection.EdgeId.cpp for CXX dependencies
[418/754] Scanning /home/alex/Documents/IntrinsicEngine/src/graphics/renderer/Passes/Pass.PostProcess.Histogram.cpp for CXX dependencies
[419/754] Scanning /home/alex/Documents/IntrinsicEngine/src/graphics/renderer/Passes/Pass.Selection.EntityId.cpp for CXX dependencies
[420/754] Scanning /home/alex/Documents/IntrinsicEngine/src/graphics/renderer/Backends/Null/Backends.Null.Profiler.cpp for CXX dependencies
[421/754] Scanning /home/alex/Documents/IntrinsicEngine/src/graphics/renderer/Graphics.Reconstruction.cpp for CXX dependencies
[422/754] Scanning /home/alex/Documents/IntrinsicEngine/src/graphics/renderer/Passes/Pass.PostProcess.Bloom.cpp for CXX dependencies
[423/754] Scanning /home/alex/Documents/IntrinsicEngine/src/graphics/renderer/Backends/Null/Backends.Null.Bindless.cpp for CXX dependencies
[424/754] Scanning /home/alex/Documents/IntrinsicEngine/src/graphics/renderer/Passes/Pass.Selection.FaceId.cpp for CXX dependencies
[425/754] Scanning /home/alex/Documents/IntrinsicEngine/src/graphics/renderer/Backends/Null/Backends.Null.cpp for CXX dependencies
[426/754] Scanning /home/alex/Documents/IntrinsicEngine/src/graphics/renderer/Passes/Pass.Shadows.cpp for CXX dependencies
[427/754] Scanning /home/alex/Documents/IntrinsicEngine/src/graphics/renderer/Graphics.UvView.cpp for CXX dependencies
[428/754] Scanning /home/alex/Documents/IntrinsicEngine/src/graphics/renderer/Passes/Pass.Selection.PointId.cpp for CXX dependencies
[429/754] Scanning /home/alex/Documents/IntrinsicEngine/src/graphics/renderer/Backends/Null/Backends.Null.Transfer.cpp for CXX dependencies
[430/754] Scanning /home/alex/Documents/IntrinsicEngine/src/graphics/renderer/Graphics.Colormap.cppm for CXX dependencies
[431/754] Scanning /home/alex/Documents/IntrinsicEngine/src/graphics/renderer/Passes/Pass.Selection.Outline.cpp for CXX dependencies
[432/754] Scanning /home/alex/Documents/IntrinsicEngine/src/graphics/renderer/Passes/Pass.ImGui.cpp for CXX dependencies
[433/754] Scanning /home/alex/Documents/IntrinsicEngine/src/graphics/renderer/Passes/Pass.VisualizationOverlay.cpp for CXX dependencies
[434/754] Scanning /home/alex/Documents/IntrinsicEngine/src/graphics/renderer/Graphics.RenderCommandRouter.cppm for CXX dependencies
[435/754] Scanning /home/alex/Documents/IntrinsicEngine/src/graphics/renderer/Graphics.RenderSubsystemRegistry.cppm for CXX dependencies
[436/754] Scanning /home/alex/Documents/IntrinsicEngine/src/graphics/renderer/Graphics.FrameRecipe.cppm for CXX dependencies
[437/754] Scanning /home/alex/Documents/IntrinsicEngine/src/graphics/renderer/Graphics.ComputeParallelPrimitives.cppm for CXX dependencies
[438/754] Scanning /home/alex/Documents/IntrinsicEngine/src/graphics/renderer/Passes/Pass.TransientDebug.Surface.cpp for CXX dependencies
[439/754] Scanning /home/alex/Documents/IntrinsicEngine/src/graphics/renderer/Graphics.CurrentRendererContractAdapter.cppm for CXX dependencies
[440/754] Scanning /home/alex/Documents/IntrinsicEngine/src/graphics/renderer/Graphics.RenderingContract.cppm for CXX dependencies
[441/754] Scanning /home/alex/Documents/IntrinsicEngine/src/graphics/renderer/Graphics.RenderRecipeConfig.cppm for CXX dependencies
[442/754] Scanning /home/alex/Documents/IntrinsicEngine/src/graphics/renderer/Graphics.CameraSnapshots.cppm for CXX dependencies
[443/754] Scanning /home/alex/Documents/IntrinsicEngine/src/graphics/renderer/Graphics.PointLBVH.cppm for CXX dependencies
[444/754] Scanning /home/alex/Documents/IntrinsicEngine/src/graphics/renderer/Graphics.RenderWorld.cppm for CXX dependencies
[445/754] Scanning /home/alex/Documents/IntrinsicEngine/src/graphics/renderer/Graphics.GpuTransfer.cppm for CXX dependencies
[446/754] Scanning /home/alex/Documents/IntrinsicEngine/src/graphics/renderer/Graphics.PropertyTextureBake.cppm for CXX dependencies
[447/754] Scanning /home/alex/Documents/IntrinsicEngine/src/graphics/renderer/Graphics.RenderPrepPipeline.cppm for CXX dependencies
[448/754] Scanning /home/alex/Documents/IntrinsicEngine/src/graphics/renderer/Graphics.Renderer.cppm for CXX dependencies
[449/754] Scanning /home/alex/Documents/IntrinsicEngine/src/graphics/renderer/Graphics.GeometryResidency.cppm for CXX dependencies
[450/754] Scanning /home/alex/Documents/IntrinsicEngine/src/graphics/renderer/Graphics.SharedRenderRecipeExecution.cppm for CXX dependencies
[451/754] Scanning /home/alex/Documents/IntrinsicEngine/src/graphics/renderer/Graphics.VisualizationPackets.cppm for CXX dependencies
[452/754] Scanning /home/alex/Documents/IntrinsicEngine/src/graphics/renderer/Graphics.DebugViewSystem.cppm for CXX dependencies
[453/754] Scanning /home/alex/Documents/IntrinsicEngine/src/graphics/renderer/Graphics.CullingSystem.cppm for CXX dependencies
[454/754] Scanning /home/alex/Documents/IntrinsicEngine/src/graphics/renderer/Graphics.VisualizationSyncSystem.cppm for CXX dependencies
[455/754] Scanning /home/alex/Documents/IntrinsicEngine/src/graphics/renderer/Graphics.VisualizationPropertyBufferResidency.cppm for CXX dependencies
[456/754] Scanning /home/alex/Documents/IntrinsicEngine/src/graphics/renderer/Graphics.LightSystem.cppm for CXX dependencies
[457/754] Scanning /home/alex/Documents/IntrinsicEngine/src/graphics/renderer/Graphics.Material.cppm for CXX dependencies
[458/754] Scanning /home/alex/Documents/IntrinsicEngine/src/graphics/renderer/Graphics.GpuScene.cppm for CXX dependencies
[459/754] Scanning /home/alex/Documents/IntrinsicEngine/src/graphics/renderer/Graphics.HZB.cppm for CXX dependencies
[460/754] Scanning /home/alex/Documents/IntrinsicEngine/src/graphics/renderer/Graphics.MaterialSystem.cppm for CXX dependencies
[461/754] Scanning /home/alex/Documents/IntrinsicEngine/src/graphics/renderer/Graphics.GpuWorld.cppm for CXX dependencies
[462/754] Scanning /home/alex/Documents/IntrinsicEngine/src/graphics/renderer/Graphics.ImGuiOverlaySystem.cppm for CXX dependencies
[463/754] Scanning /home/alex/Documents/IntrinsicEngine/src/graphics/renderer/Graphics.LightClusters.cppm for CXX dependencies
[464/754] Scanning /home/alex/Documents/IntrinsicEngine/src/graphics/renderer/Graphics.DeferredSystem.cppm for CXX dependencies
[465/754] Scanning /home/alex/Documents/IntrinsicEngine/src/graphics/renderer/Graphics.ImGuiUploadHelper.cppm for CXX dependencies
[466/754] Scanning /home/alex/Documents/IntrinsicEngine/src/graphics/renderer/Graphics.ColormapSystem.cppm for CXX dependencies
[467/754] Scanning /home/alex/Documents/IntrinsicEngine/src/graphics/renderer/Components/Graphics.Component.GpuSceneSlot.cppm for CXX dependencies
[468/754] Scanning /home/alex/Documents/IntrinsicEngine/src/graphics/renderer/Graphics.SpatialDebugVisualizers.cppm for CXX dependencies
[469/754] Scanning /home/alex/Documents/IntrinsicEngine/src/graphics/renderer/Graphics.PostProcessSystem.cppm for CXX dependencies
[470/754] Scanning /home/alex/Documents/IntrinsicEngine/src/graphics/renderer/Graphics.SelectionSystem.cppm for CXX dependencies
[471/754] Scanning /home/alex/Documents/IntrinsicEngine/src/graphics/renderer/Graphics.ForwardSystem.cppm for CXX dependencies
[472/754] Scanning /home/alex/Documents/IntrinsicEngine/src/graphics/renderer/Graphics.TransientDebugUploadHelper.cppm for CXX dependencies
[473/754] Scanning /home/alex/Documents/IntrinsicEngine/src/graphics/renderer/Passes/Pass.Forward.Point.cppm for CXX dependencies
[474/754] Scanning /home/alex/Documents/IntrinsicEngine/src/graphics/renderer/Passes/Pass.DepthPrepass.cppm for CXX dependencies
[475/754] Scanning /home/alex/Documents/IntrinsicEngine/src/graphics/renderer/Passes/Pass.PostProcess.FXAA.cppm for CXX dependencies
[476/754] Scanning /home/alex/Documents/IntrinsicEngine/src/graphics/renderer/Graphics.Reconstruction.cppm for CXX dependencies
[477/754] Scanning /home/alex/Documents/IntrinsicEngine/src/graphics/renderer/Passes/Pass.Deferred.GBuffers.cppm for CXX dependencies
[478/754] Scanning /home/alex/Documents/IntrinsicEngine/src/graphics/renderer/Passes/Pass.PostProcess.Bloom.cppm for CXX dependencies
[479/754] Scanning /home/alex/Documents/IntrinsicEngine/src/graphics/renderer/Passes/Pass.Forward.Line.cppm for CXX dependencies
[480/754] Scanning /home/alex/Documents/IntrinsicEngine/src/graphics/renderer/Passes/Pass.Forward.Surface.cppm for CXX dependencies
[481/754] Scanning /home/alex/Documents/IntrinsicEngine/src/graphics/renderer/Passes/Pass.PostProcess.SMAA.cppm for CXX dependencies
[482/754] Scanning /home/alex/Documents/IntrinsicEngine/src/graphics/renderer/Components/Graphics.Component.VisualizationConfig.cppm for CXX dependencies
[483/754] Scanning /home/alex/Documents/IntrinsicEngine/src/graphics/renderer/Passes/Pass.PostProcess.Histogram.cppm for CXX dependencies
[484/754] Scanning /home/alex/Documents/IntrinsicEngine/src/graphics/renderer/Passes/Pass.PostProcess.ToneMap.cppm for CXX dependencies
[485/754] Scanning /home/alex/Documents/IntrinsicEngine/src/graphics/renderer/Graphics.VisualizationOverlayUploadHelper.cppm for CXX dependencies
[486/754] Scanning /home/alex/Documents/IntrinsicEngine/src/graphics/renderer/Passes/Pass.Selection.FaceId.cppm for CXX dependencies
[487/754] Scanning /home/alex/Documents/IntrinsicEngine/src/graphics/renderer/Graphics.UvView.cppm for CXX dependencies
[488/754] Scanning /home/alex/Documents/IntrinsicEngine/src/graphics/renderer/Components/Graphics.Component.Material.cppm for CXX dependencies
[489/754] Scanning /home/alex/Documents/IntrinsicEngine/src/graphics/renderer/Passes/Pass.Selection.PointId.cppm for CXX dependencies
[490/754] Scanning /home/alex/Documents/IntrinsicEngine/src/graphics/renderer/Passes/Pass.Shadows.cppm for CXX dependencies
[491/754] Scanning /home/alex/Documents/IntrinsicEngine/src/graphics/renderer/Components/Graphics.Component.RenderGeometry.cppm for CXX dependencies
[492/754] Scanning /home/alex/Documents/IntrinsicEngine/src/graphics/renderer/Graphics.ShadowSystem.cppm for CXX dependencies
[493/754] Scanning /home/alex/Documents/IntrinsicEngine/src/graphics/renderer/Graphics.TransformSyncSystem.cppm for CXX dependencies
[494/754] Scanning /home/alex/Documents/IntrinsicEngine/src/graphics/renderer/Passes/Pass.VisualizationOverlay.cppm for CXX dependencies
[495/754] Scanning /home/alex/Documents/IntrinsicEngine/src/graphics/renderer/Passes/Pass.Selection.EntityId.cppm for CXX dependencies
[496/754] Scanning /home/alex/Documents/IntrinsicEngine/src/graphics/renderer/Passes/Pass.Selection.Outline.cppm for CXX dependencies
[497/754] Scanning /home/alex/Documents/IntrinsicEngine/src/graphics/renderer/Passes/Pass.Selection.EdgeId.cppm for CXX dependencies
[498/754] Scanning /home/alex/Documents/IntrinsicEngine/src/graphics/renderer/Passes/Pass.TransientDebug.Surface.cppm for CXX dependencies
[499/754] Scanning /home/alex/Documents/IntrinsicEngine/src/graphics/renderer/Backends/Null/Backends.Null.cppm for CXX dependencies
[500/754] Scanning /home/alex/Documents/IntrinsicEngine/src/graphics/vulkan/Backends.Vulkan.Staging.cpp for CXX dependencies
[501/754] Scanning /home/alex/Documents/IntrinsicEngine/src/graphics/vulkan/Backends.Vulkan.OperationalStatus.cpp for CXX dependencies
[502/754] Scanning /home/alex/Documents/IntrinsicEngine/src/graphics/vulkan/Backends.Vulkan.DiagnosticsLogging.cpp for CXX dependencies
[503/754] Scanning /home/alex/Documents/IntrinsicEngine/src/graphics/vulkan/Backends.Vulkan.Mappings.cpp for CXX dependencies
[504/754] Scanning /home/alex/Documents/IntrinsicEngine/src/graphics/vulkan/Backends.Vulkan.Memory.cppm for CXX dependencies
[505/754] Scanning /home/alex/Documents/IntrinsicEngine/src/graphics/vulkan/Vma.cpp for CXX dependencies
[506/754] Scanning /home/alex/Documents/IntrinsicEngine/src/graphics/vulkan/Backends.Vulkan.CommandContext.cpp for CXX dependencies
[507/754] Scanning /home/alex/Documents/IntrinsicEngine/src/graphics/vulkan/Backends.Vulkan.Bindless.cpp for CXX dependencies
[508/754] Scanning /home/alex/Documents/IntrinsicEngine/src/graphics/vulkan/Backends.Vulkan.CommandPools.cppm for CXX dependencies
[509/754] Scanning /home/alex/Documents/IntrinsicEngine/src/graphics/vulkan/Backends.Vulkan.Pipelines.cppm for CXX dependencies
[510/754] Scanning /home/alex/Documents/IntrinsicEngine/src/graphics/vulkan/Backends.Vulkan.Queues.cppm for CXX dependencies
[511/754] Scanning /home/alex/Documents/IntrinsicEngine/src/graphics/vulkan/Backends.Vulkan.Device.cppm for CXX dependencies
[512/754] Scanning /home/alex/Documents/IntrinsicEngine/src/graphics/vulkan/Backends.Vulkan.Surface.cppm for CXX dependencies
[513/754] Scanning /home/alex/Documents/IntrinsicEngine/src/graphics/vulkan/Backends.Vulkan.OperationalStatus.cppm for CXX dependencies
[514/754] Scanning /home/alex/Documents/IntrinsicEngine/src/graphics/vulkan/Backends.Vulkan.Sync.cppm for CXX dependencies
[515/754] Scanning /home/alex/Documents/IntrinsicEngine/src/graphics/vulkan/Backends.Vulkan.Descriptors.cppm for CXX dependencies
[516/754] Scanning /home/alex/Documents/IntrinsicEngine/src/graphics/vulkan/Backends.Vulkan.Profiler.cpp for CXX dependencies
[517/754] Scanning /home/alex/Documents/IntrinsicEngine/src/graphics/vulkan/Backends.Vulkan.Transfer.cpp for CXX dependencies
[518/754] Scanning /home/alex/Documents/IntrinsicEngine/src/graphics/framegraph/Graphics.RenderGraph.Resources.cppm for CXX dependencies
[519/754] Scanning /home/alex/Documents/IntrinsicEngine/src/graphics/vulkan/Backends.Vulkan.cppm for CXX dependencies
[520/754] Scanning /home/alex/Documents/IntrinsicEngine/src/graphics/framegraph/Graphics.RenderGraph.Barriers.cpp for CXX dependencies
[521/754] Scanning /home/alex/Documents/IntrinsicEngine/src/graphics/vulkan/Backends.Vulkan.Transfer.cppm for CXX dependencies
[522/754] Scanning /home/alex/Documents/IntrinsicEngine/src/graphics/vulkan/Backends.Vulkan.Swapchain.cppm for CXX dependencies
[523/754] Scanning /home/alex/Documents/IntrinsicEngine/src/graphics/vulkan/Backends.Vulkan.Diagnostics.cppm for CXX dependencies
[524/754] Scanning /home/alex/Documents/IntrinsicEngine/src/graphics/framegraph/Graphics.RenderGraph.cppm for CXX dependencies
[525/754] Scanning /home/alex/Documents/IntrinsicEngine/src/graphics/framegraph/Graphics.RenderGraph.TransientAllocator.cpp for CXX dependencies
[526/754] Scanning /home/alex/Documents/IntrinsicEngine/src/platform/Platform.Input.cpp for CXX dependencies
[527/754] Scanning /home/alex/Documents/IntrinsicEngine/src/graphics/framegraph/Graphics.RenderGraph.Compiler.cpp for CXX dependencies
[528/754] Scanning /home/alex/Documents/IntrinsicEngine/src/graphics/framegraph/Graphics.RenderGraph.Compiler.cppm for CXX dependencies
[529/754] Scanning /home/alex/Documents/IntrinsicEngine/src/graphics/framegraph/Graphics.RenderGraph.Pass.cppm for CXX dependencies
[530/754] Scanning /home/alex/Documents/IntrinsicEngine/src/graphics/framegraph/Graphics.RenderGraph.TransientAllocator.cppm for CXX dependencies
[531/754] Scanning /home/alex/Documents/IntrinsicEngine/src/graphics/vulkan/Backends.Vulkan.Device.cpp for CXX dependencies
[532/754] Scanning /home/alex/Documents/IntrinsicEngine/src/graphics/framegraph/Graphics.RenderGraph.Executor.cpp for CXX dependencies
[533/754] Scanning /home/alex/Documents/IntrinsicEngine/src/graphics/framegraph/Graphics.RenderGraph.cpp for CXX dependencies
[534/754] Scanning /home/alex/Documents/IntrinsicEngine/src/graphics/framegraph/Graphics.RenderGraph.Barriers.cppm for CXX dependencies
[535/754] Scanning /home/alex/Documents/IntrinsicEngine/src/graphics/framegraph/Graphics.RenderGraph.Executor.cppm for CXX dependencies
[536/754] Generating CXX dyndep file src_graphics_vulkan/CMakeFiles/ExtrinsicBackendsVulkan.dir/CXX.dd
[537/754] Scanning /home/alex/Documents/IntrinsicEngine/src/platform/Platform.Input.cppm for CXX dependencies
[538/754] Generating CXX dyndep file src/graphics/framegraph/CMakeFiles/ExtrinsicGraphicsRenderGraph.dir/CXX.dd
[539/754] Scanning /home/alex/Documents/IntrinsicEngine/src/platform/backends/null/Platform.Backend.Null.cpp for CXX dependencies
[540/754] Scanning /home/alex/Documents/IntrinsicEngine/src/platform/Platform.CreateWindow.cpp for CXX dependencies
[541/754] Scanning /home/alex/Documents/IntrinsicEngine/src/runtime/Kernel/Runtime.AsyncWorkModule.cpp for CXX dependencies
[542/754] Scanning /home/alex/Documents/IntrinsicEngine/src/runtime/AssetWorkflow/Runtime.AssetIngestStateMachine.cpp for CXX dependencies
[543/754] Generating CXX dyndep file src/graphics/renderer/CMakeFiles/ExtrinsicGraphics.dir/CXX.dd
[544/754] Scanning /home/alex/Documents/IntrinsicEngine/src/platform/backends/glfw/Platform.Backend.Glfw.cpp for CXX dependencies
[545/754] Scanning /home/alex/Documents/IntrinsicEngine/src/platform/backends/glfw/Platform.Backend.Glfw.cppm for CXX dependencies
[546/754] Scanning /home/alex/Documents/IntrinsicEngine/src/runtime/AssetWorkflow/Runtime.AssetWorkflowTextureResidency.cpp for CXX dependencies
[547/754] Scanning /home/alex/Documents/IntrinsicEngine/src/platform/backends/null/Platform.Backend.Null.cppm for CXX dependencies
[548/754] Scanning /home/alex/Documents/IntrinsicEngine/src/runtime/Kernel/Runtime.CommandBus.cpp for CXX dependencies
[549/754] Scanning /home/alex/Documents/IntrinsicEngine/src/platform/Platform.IWindow.cppm for CXX dependencies
[550/754] Scanning /home/alex/Documents/IntrinsicEngine/src/runtime/AssetWorkflow/Runtime.AssetWorkflowGeometryMaterialization.cpp for CXX dependencies
[551/754] Generating CXX dyndep file src/platform/CMakeFiles/ExtrinsicPlatform.dir/CXX.dd
[552/754] Scanning /home/alex/Documents/IntrinsicEngine/src/runtime/GeometryIntegration/Runtime.GeometryPresentation.cpp for CXX dependencies
[553/754] Scanning /home/alex/Documents/IntrinsicEngine/src/runtime/Kernel/Runtime.DeviceBootstrap.cpp for CXX dependencies
[554/754] Scanning /home/alex/Documents/IntrinsicEngine/src/runtime/Kernel/Runtime.JobService.cpp for CXX dependencies
[555/754] Scanning /home/alex/Documents/IntrinsicEngine/src/runtime/Modules/Clustering/Runtime.ClusteringConfig.cpp for CXX dependencies
[556/754] Scanning /home/alex/Documents/IntrinsicEngine/src/runtime/AssetWorkflow/Runtime.AssetWorkflowImportExecutor.cpp for CXX dependencies
[557/754] Scanning /home/alex/Documents/IntrinsicEngine/src/runtime/AssetWorkflow/Runtime.AssetWorkflowModule.cpp for CXX dependencies
[558/754] Scanning /home/alex/Documents/IntrinsicEngine/src/runtime/Rendering/Runtime.RenderArtifactPublication.cpp for CXX dependencies
[559/754] Scanning /home/alex/Documents/IntrinsicEngine/src/runtime/AssetWorkflow/Runtime.AssetWorkflowModelMaterialization.cpp for CXX dependencies
[560/754] Scanning /home/alex/Documents/IntrinsicEngine/src/runtime/AssetWorkflow/Runtime.AssetWorkflowRecipePolicies.cpp for CXX dependencies
[561/754] Scanning /home/alex/Documents/IntrinsicEngine/src/runtime/Modules/Clustering/Runtime.ClusteringModule.cpp for CXX dependencies
[562/754] Scanning /home/alex/Documents/IntrinsicEngine/src/runtime/Modules/ProgressivePoisson/Runtime.ProgressivePoissonGpuBackend.cpp for CXX dependencies
[563/754] Scanning /home/alex/Documents/IntrinsicEngine/src/runtime/Modules/ProgressivePoisson/Runtime.ProgressivePoissonConfig.cpp for CXX dependencies
[564/754] Scanning /home/alex/Documents/IntrinsicEngine/src/runtime/Modules/CurvatureSegmentation/Runtime.CurvatureSegmentationConfig.cpp for CXX dependencies
[565/754] Scanning /home/alex/Documents/IntrinsicEngine/src/runtime/Modules/Clustering/Runtime.ClusteringGpuBackend.cpp for CXX dependencies
[566/754] Scanning /home/alex/Documents/IntrinsicEngine/src/runtime/AssetWorkflow/Runtime.AssetWorkflowModelTextureDecode.cpp for CXX dependencies
[567/754] Scanning /home/alex/Documents/IntrinsicEngine/src/runtime/Modules/Clustering/Runtime.ClusteringGpuState.cpp for CXX dependencies
[568/754] Scanning /home/alex/Documents/IntrinsicEngine/src/runtime/Modules/PointSpacing/Runtime.PointSpacingConfig.cpp for CXX dependencies
[569/754] Scanning /home/alex/Documents/IntrinsicEngine/src/runtime/Modules/BilateralFilter/Runtime.BilateralFilterConfig.cpp for CXX dependencies
[570/754] Scanning /home/alex/Documents/IntrinsicEngine/src/runtime/Modules/Geodesics/Runtime.GeodesicsConfig.cpp for CXX dependencies
[571/754] Scanning /home/alex/Documents/IntrinsicEngine/src/runtime/Modules/KernelDensity/Runtime.KernelDensityConfig.cpp for CXX dependencies
[572/754] Scanning /home/alex/Documents/IntrinsicEngine/src/runtime/Editor/Operations/Runtime.GeometryProcessingOperations.PointProperties.cpp for CXX dependencies
[573/754] Scanning /home/alex/Documents/IntrinsicEngine/src/runtime/Modules/KeypointAnalysis/Runtime.KeypointAnalysisConfig.cpp for CXX dependencies
[574/754] Scanning /home/alex/Documents/IntrinsicEngine/src/runtime/Editor/Operations/Runtime.GeometryProcessingOperations.Descriptors.cpp for CXX dependencies
[575/754] Scanning /home/alex/Documents/IntrinsicEngine/src/runtime/Modules/OutlierAnalysis/Runtime.OutlierAnalysisConfig.cpp for CXX dependencies
[576/754] Scanning /home/alex/Documents/IntrinsicEngine/src/runtime/Modules/DensityWeight/Runtime.DensityWeightConfig.cpp for CXX dependencies
[577/754] Scanning /home/alex/Documents/IntrinsicEngine/src/runtime/Editor/Operations/Runtime.GeometryProcessingOperations.Density.cpp for CXX dependencies
[578/754] Scanning /home/alex/Documents/IntrinsicEngine/src/runtime/Editor/Operations/Runtime.GeometryProcessingOperations.Outliers.cpp for CXX dependencies
[579/754] Scanning /home/alex/Documents/IntrinsicEngine/src/runtime/Editor/Operations/Runtime.GeometryProcessingOperations.Bilateral.cpp for CXX dependencies
[580/754] Scanning /home/alex/Documents/IntrinsicEngine/src/runtime/Modules/Parameterization/Runtime.ParameterizationConfig.cpp for CXX dependencies
[581/754] Scanning /home/alex/Documents/IntrinsicEngine/src/runtime/Editor/Operations/Runtime.GeometryProcessingOperations.Normals.cpp for CXX dependencies
[582/754] Scanning /home/alex/Documents/IntrinsicEngine/src/runtime/Editor/Runtime.EditorJobProjection.Public.cpp for CXX dependencies
[583/754] Scanning /home/alex/Documents/IntrinsicEngine/src/runtime/Modules/DescriptorAnalysis/Runtime.DescriptorAnalysisConfig.cpp for CXX dependencies
[584/754] Scanning /home/alex/Documents/IntrinsicEngine/src/runtime/Modules/PointCloudConsolidation/Runtime.PointCloudConsolidationConfig.cpp for CXX dependencies
[585/754] Scanning /home/alex/Documents/IntrinsicEngine/src/runtime/Editor/Operations/Runtime.GeometryProcessingOperations.Keypoints.cpp for CXX dependencies
[586/754] Scanning /home/alex/Documents/IntrinsicEngine/src/runtime/Editor/Operations/Runtime.GeometryProcessingOperations.Spacing.cpp for CXX dependencies
[587/754] Scanning /home/alex/Documents/IntrinsicEngine/src/runtime/Modules/NormalEstimation/Runtime.NormalEstimationConfig.cpp for CXX dependencies
[588/754] Scanning /home/alex/Documents/IntrinsicEngine/src/runtime/Config/internal/Runtime.FeatureConfigCodecs.Detail.cpp for CXX dependencies
[589/754] Scanning /home/alex/Documents/IntrinsicEngine/src/runtime/Modules/Registration/Runtime.RegistrationConfig.cpp for CXX dependencies
[590/754] Scanning /home/alex/Documents/IntrinsicEngine/src/runtime/Editor/Runtime.EditorCommandHistory.cpp for CXX dependencies
[591/754] Scanning /home/alex/Documents/IntrinsicEngine/src/runtime/Editor/Operations/Runtime.GeometryProcessingOperations.RadiusRows.cpp for CXX dependencies
[592/754] Scanning /home/alex/Documents/IntrinsicEngine/src/runtime/Editor/Operations/Runtime.GeometryProcessingOperations.DensityWeights.cpp for CXX dependencies
[593/754] Scanning /home/alex/Documents/IntrinsicEngine/src/runtime/Editor/Operations/Runtime.SceneEditingOperations.Debug.cpp for CXX dependencies
[594/754] Scanning /home/alex/Documents/IntrinsicEngine/src/runtime/Editor/Operations/Runtime.VisualizationEditingOperations.Debug.cpp for CXX dependencies
[595/754] Scanning /home/alex/Documents/IntrinsicEngine/src/runtime/Editor/Operations/Runtime.GeometryProcessingOperations.Public.cpp for CXX dependencies
[596/754] Scanning /home/alex/Documents/IntrinsicEngine/src/runtime/Editor/Operations/Runtime.VisualizationEditingOperations.Public.cpp for CXX dependencies
[597/754] Scanning /home/alex/Documents/IntrinsicEngine/src/runtime/Editor/Runtime.EditorWorkspaceAttachment.cpp for CXX dependencies
[598/754] Scanning /home/alex/Documents/IntrinsicEngine/src/runtime/Editor/internal/Runtime.EditorFeatureContextAdapters.cpp for CXX dependencies
[599/754] Scanning /home/alex/Documents/IntrinsicEngine/src/runtime/Editor/Operations/Runtime.RenderRecipeEditingOperations.Public.cpp for CXX dependencies
[600/754] Scanning /home/alex/Documents/IntrinsicEngine/src/runtime/Editor/Runtime.EditorWorkspaceSnapshots.Public.cpp for CXX dependencies
[601/754] Scanning /home/alex/Documents/IntrinsicEngine/src/runtime/Editor/Operations/Runtime.RenderRecipeEditingOperations.Debug.cpp for CXX dependencies
[602/754] Scanning /home/alex/Documents/IntrinsicEngine/src/runtime/Modules/PointCloudConsolidation/Runtime.PointCloudConsolidationModule.cpp for CXX dependencies
[603/754] Scanning /home/alex/Documents/IntrinsicEngine/src/runtime/Modules/PointCloudConsolidation/Runtime.PointCloudConsolidationGpu.cpp for CXX dependencies
[604/754] Scanning /home/alex/Documents/IntrinsicEngine/src/runtime/Editor/Operations/Runtime.SceneEditingOperations.Actions.cpp for CXX dependencies
[605/754] Scanning /home/alex/Documents/IntrinsicEngine/src/runtime/Editor/Operations/Runtime.SceneEditingOperations.Public.cpp for CXX dependencies
[606/754] Scanning /home/alex/Documents/IntrinsicEngine/src/runtime/Editor/internal/Runtime.EditorWorkspaceSession.cpp for CXX dependencies
[607/754] Scanning /home/alex/Documents/IntrinsicEngine/src/runtime/Editor/Operations/Runtime.RenderRecipeEditingOperations.cpp for CXX dependencies
[608/754] Scanning /home/alex/Documents/IntrinsicEngine/src/runtime/Editor/Operations/Runtime.VisualizationEditingOperations.Actions.cpp for CXX dependencies
[609/754] Scanning /home/alex/Documents/IntrinsicEngine/src/runtime/Editor/Runtime.EditorPropertyWidgets.cpp for CXX dependencies
[610/754] Scanning /home/alex/Documents/IntrinsicEngine/src/runtime/Editor/Runtime.EditorWindowRegistry.cpp for CXX dependencies
[611/754] Scanning /home/alex/Documents/IntrinsicEngine/src/runtime/Editor/Operations/Runtime.ParameterizationOperations.cpp for CXX dependencies
[612/754] Scanning /home/alex/Documents/IntrinsicEngine/src/runtime/Editor/Operations/Runtime.GeometryProcessingOperations.Mesh.cpp for CXX dependencies
[613/754] Scanning /home/alex/Documents/IntrinsicEngine/src/runtime/Config/Runtime.EngineConfigControl.cpp for CXX dependencies
[614/754] Scanning /home/alex/Documents/IntrinsicEngine/src/runtime/Config/Runtime.EngineConfigBoot.cpp for CXX dependencies
[615/754] Scanning /home/alex/Documents/IntrinsicEngine/src/runtime/Kernel/Runtime.KernelEvents.cpp for CXX dependencies
[616/754] Scanning /home/alex/Documents/IntrinsicEngine/src/runtime/Kernel/Runtime.ServiceRegistry.cpp for CXX dependencies
[617/754] Scanning /home/alex/Documents/IntrinsicEngine/src/runtime/Kernel/Runtime.InputActions.cpp for CXX dependencies
[618/754] Scanning /home/alex/Documents/IntrinsicEngine/src/runtime/Editor/Operations/Runtime.GeometryProcessingOperations.cpp for CXX dependencies
[619/754] Scanning /home/alex/Documents/IntrinsicEngine/src/runtime/Editor/Runtime.EditorWorkspaceSnapshots.Models.cpp for CXX dependencies
[620/754] Scanning /home/alex/Documents/IntrinsicEngine/src/runtime/Editor/Runtime.EditorUiHost.cpp for CXX dependencies
[621/754] Scanning /home/alex/Documents/IntrinsicEngine/src/runtime/Editor/Runtime.EditorUiModule.cpp for CXX dependencies
[622/754] Scanning /home/alex/Documents/IntrinsicEngine/src/runtime/Cameras/Runtime.CameraModule.cpp for CXX dependencies
[623/754] Scanning /home/alex/Documents/IntrinsicEngine/src/runtime/Kernel/Runtime.Engine.cpp for CXX dependencies
[624/754] Scanning /home/alex/Documents/IntrinsicEngine/src/runtime/Kernel/Runtime.WorldRegistry.cpp for CXX dependencies
[625/754] Scanning /home/alex/Documents/IntrinsicEngine/src/runtime/Scene/Runtime.SceneInteractionModule.Selection.cpp for CXX dependencies
[626/754] Scanning /home/alex/Documents/IntrinsicEngine/src/runtime/Scene/Runtime.SceneDocumentModule.cpp for CXX dependencies
[627/754] Scanning /home/alex/Documents/IntrinsicEngine/src/runtime/GeometryIntegration/Runtime.SpatialIndexCache.cpp for CXX dependencies
[628/754] Scanning /home/alex/Documents/IntrinsicEngine/src/runtime/GeometryIntegration/Runtime.GeometryPlanBuilders.Procedural.cpp for CXX dependencies
[629/754] Scanning /home/alex/Documents/IntrinsicEngine/src/runtime/GeometryIntegration/Runtime.GeometryAvailability.cpp for CXX dependencies
[630/754] Scanning /home/alex/Documents/IntrinsicEngine/src/runtime/GeometryIntegration/Runtime.GeometryPlanBuilders.Mesh.cpp for CXX dependencies
[631/754] Scanning /home/alex/Documents/IntrinsicEngine/src/runtime/Cameras/Runtime.CameraControllers.cpp for CXX dependencies
[632/754] Scanning /home/alex/Documents/IntrinsicEngine/src/runtime/GeometryIntegration/Runtime.GeometryPlanBuilders.Graph.cpp for CXX dependencies
[633/754] Scanning /home/alex/Documents/IntrinsicEngine/src/runtime/GeometryIntegration/Runtime.MeshSurfaceTopology.cpp for CXX dependencies
[634/754] Scanning /home/alex/Documents/IntrinsicEngine/src/runtime/Config/Runtime.RenderRecipeActivation.cpp for CXX dependencies
[635/754] Scanning /home/alex/Documents/IntrinsicEngine/src/runtime/ImGui/Runtime.ImGuiAdapter.cpp for CXX dependencies
[636/754] Scanning /home/alex/Documents/IntrinsicEngine/src/runtime/Cameras/Runtime.CameraFocusCommand.cpp for CXX dependencies
[637/754] Scanning /home/alex/Documents/IntrinsicEngine/src/runtime/Scene/Runtime.SceneInteractionModule.cpp for CXX dependencies
[638/754] Scanning /home/alex/Documents/IntrinsicEngine/src/runtime/GeometryIntegration/Runtime.GeometryPlanBuilders.MeshPrimitiveView.cpp for CXX dependencies
[639/754] Scanning /home/alex/Documents/IntrinsicEngine/src/runtime/GeometryIntegration/Runtime.GeometryPlanBuilders.PointCloud.cpp for CXX dependencies
[640/754] Scanning /home/alex/Documents/IntrinsicEngine/src/runtime/Scene/Runtime.SceneSerialization.cpp for CXX dependencies
[641/754] Scanning /home/alex/Documents/IntrinsicEngine/src/runtime/Rendering/Runtime.RenderWorldPool.cpp for CXX dependencies
[642/754] Scanning /home/alex/Documents/IntrinsicEngine/src/runtime/Modules/PhysicsIntegration/Runtime.PhysicsModule.cpp for CXX dependencies
[643/754] Scanning /home/alex/Documents/IntrinsicEngine/src/runtime/Kernel/Runtime.AsyncWorkModule.cppm for CXX dependencies
[644/754] Scanning /home/alex/Documents/IntrinsicEngine/src/runtime/Gizmos/Runtime.GizmoInteraction.cpp for CXX dependencies
[645/754] Scanning /home/alex/Documents/IntrinsicEngine/src/runtime/Scene/Runtime.ReferenceScene.cpp for CXX dependencies
[646/754] Scanning /home/alex/Documents/IntrinsicEngine/src/runtime/Rendering/Runtime.RenderExtraction.cpp for CXX dependencies
[647/754] Scanning /home/alex/Documents/IntrinsicEngine/src/runtime/Rendering/Runtime.RenderExtraction.Geometry.cpp for CXX dependencies
[648/754] Scanning /home/alex/Documents/IntrinsicEngine/src/runtime/GeometryIntegration/Runtime.PrimitiveSelectionRefinement.cpp for CXX dependencies
[649/754] Scanning /home/alex/Documents/IntrinsicEngine/src/runtime/GeometryIntegration/Runtime.VertexChannelStreams.cpp for CXX dependencies
[650/754] Scanning /home/alex/Documents/IntrinsicEngine/src/runtime/Scene/Runtime.SelectionController.Config.cpp for CXX dependencies
[651/754] Scanning /home/alex/Documents/IntrinsicEngine/src/runtime/AssetWorkflow/Runtime.AssetWorkflowModule.cppm for CXX dependencies
[652/754] Scanning /home/alex/Documents/IntrinsicEngine/src/runtime/Scene/Runtime.SelectionController.cpp for CXX dependencies
[653/754] Scanning /home/alex/Documents/IntrinsicEngine/src/runtime/Rendering/Runtime.RenderExtraction.Recipes.cpp for CXX dependencies
[654/754] Scanning /home/alex/Documents/IntrinsicEngine/src/runtime/GeometryIntegration/Runtime.VertexAttributeBinding.cpp for CXX dependencies
[655/754] Scanning /home/alex/Documents/IntrinsicEngine/src/runtime/Kernel/Runtime.DeviceBootstrap.cppm for CXX dependencies
[656/754] Scanning /home/alex/Documents/IntrinsicEngine/src/runtime/AssetWorkflow/Runtime.AssetIngestStateMachine.cppm for CXX dependencies
[657/754] Scanning /home/alex/Documents/IntrinsicEngine/src/runtime/Scene/Runtime.SelectionController.Primitives.cpp for CXX dependencies
[658/754] Scanning /home/alex/Documents/IntrinsicEngine/src/runtime/Scene/Runtime.StableEntityLookup.cpp for CXX dependencies
[659/754] Scanning /home/alex/Documents/IntrinsicEngine/src/runtime/Modules/TextureBake/Runtime.TextureBakeModule.cpp for CXX dependencies
[660/754] Scanning /home/alex/Documents/IntrinsicEngine/src/runtime/Visualization/Runtime.VisualizationRecipes.cpp for CXX dependencies
[661/754] Scanning /home/alex/Documents/IntrinsicEngine/src/runtime/GeometryIntegration/Runtime.GeometryPresentation.cppm for CXX dependencies
[662/754] Scanning /home/alex/Documents/IntrinsicEngine/src/runtime/Modules/Clustering/Runtime.ClusteringGpuBackend.cppm for CXX dependencies
[663/754] Scanning /home/alex/Documents/IntrinsicEngine/src/runtime/Modules/ProgressivePoisson/Runtime.ProgressivePoissonGpuBackend.cppm for CXX dependencies
[664/754] Scanning /home/alex/Documents/IntrinsicEngine/src/runtime/Modules/Clustering/Runtime.ClusteringConfig.cppm for CXX dependencies
[665/754] Scanning /home/alex/Documents/IntrinsicEngine/src/runtime/Modules/Clustering/Runtime.ClusteringModule.cppm for CXX dependencies
[666/754] Scanning /home/alex/Documents/IntrinsicEngine/src/runtime/Kernel/Runtime.CommandBus.cppm for CXX dependencies
[667/754] Scanning /home/alex/Documents/IntrinsicEngine/src/runtime/Modules/ProgressivePoisson/Runtime.ProgressivePoissonConfig.cppm for CXX dependencies
[668/754] Scanning /home/alex/Documents/IntrinsicEngine/src/runtime/Modules/CurvatureSegmentation/Runtime.CurvatureSegmentationConfig.cppm for CXX dependencies
[669/754] Scanning /home/alex/Documents/IntrinsicEngine/src/runtime/Rendering/Runtime.RenderArtifactPublication.cppm for CXX dependencies
[670/754] Scanning /home/alex/Documents/IntrinsicEngine/src/runtime/Kernel/Runtime.JobService.cppm for CXX dependencies
[671/754] Scanning /home/alex/Documents/IntrinsicEngine/src/runtime/Modules/OutlierAnalysis/Runtime.OutlierAnalysisConfig.cppm for CXX dependencies
[672/754] Scanning /home/alex/Documents/IntrinsicEngine/src/runtime/Modules/Geodesics/Runtime.GeodesicsConfig.cppm for CXX dependencies
[673/754] Scanning /home/alex/Documents/IntrinsicEngine/src/runtime/Modules/PointSpacing/Runtime.PointSpacingConfig.cppm for CXX dependencies
[674/754] Scanning /home/alex/Documents/IntrinsicEngine/src/runtime/Modules/Parameterization/Runtime.ParameterizationConfig.cppm for CXX dependencies
[675/754] Scanning /home/alex/Documents/IntrinsicEngine/src/runtime/Modules/BilateralFilter/Runtime.BilateralFilterConfig.cppm for CXX dependencies
[676/754] Scanning /home/alex/Documents/IntrinsicEngine/src/runtime/Modules/DensityWeight/Runtime.DensityWeightConfig.cppm for CXX dependencies
[677/754] Scanning /home/alex/Documents/IntrinsicEngine/src/runtime/Modules/DescriptorAnalysis/Runtime.DescriptorAnalysisConfig.cppm for CXX dependencies
[678/754] Scanning /home/alex/Documents/IntrinsicEngine/src/runtime/Modules/KernelDensity/Runtime.KernelDensityConfig.cppm for CXX dependencies
[679/754] Scanning /home/alex/Documents/IntrinsicEngine/src/runtime/Modules/PointCloudConsolidation/Runtime.PointCloudConsolidationConfig.cppm for CXX dependencies
[680/754] Scanning /home/alex/Documents/IntrinsicEngine/src/runtime/Modules/Registration/Runtime.RegistrationConfig.cppm for CXX dependencies
[681/754] Scanning /home/alex/Documents/IntrinsicEngine/src/runtime/Modules/KeypointAnalysis/Runtime.KeypointAnalysisConfig.cppm for CXX dependencies
[682/754] Scanning /home/alex/Documents/IntrinsicEngine/src/runtime/Editor/Runtime.EditorCommandHistory.cppm for CXX dependencies
[683/754] Scanning /home/alex/Documents/IntrinsicEngine/src/runtime/Editor/Runtime.EditorCommon.cppm for CXX dependencies
[684/754] Scanning /home/alex/Documents/IntrinsicEngine/src/runtime/Modules/PointCloudConsolidation/Runtime.PointCloudConsolidationModule.cppm for CXX dependencies
[685/754] Scanning /home/alex/Documents/IntrinsicEngine/src/runtime/Editor/Runtime.EditorWorkspaceAttachment.cppm for CXX dependencies
[686/754] Scanning /home/alex/Documents/IntrinsicEngine/src/runtime/Editor/Runtime.EditorPropertyWidgets.cppm for CXX dependencies
[687/754] Scanning /home/alex/Documents/IntrinsicEngine/src/runtime/Modules/NormalEstimation/Runtime.NormalEstimationConfig.cppm for CXX dependencies
[688/754] Scanning /home/alex/Documents/IntrinsicEngine/src/runtime/Editor/Runtime.EditorWindowRegistry.cppm for CXX dependencies
[689/754] Scanning /home/alex/Documents/IntrinsicEngine/src/runtime/Editor/Runtime.EditorJobProjection.cppm for CXX dependencies
[690/754] Scanning /home/alex/Documents/IntrinsicEngine/src/runtime/Editor/Runtime.EditorUiModule.cppm for CXX dependencies
[691/754] Scanning /home/alex/Documents/IntrinsicEngine/src/runtime/Kernel/Runtime.FramePacingDiagnostics.cppm for CXX dependencies
[692/754] Scanning /home/alex/Documents/IntrinsicEngine/src/runtime/Editor/Runtime.EditorUiHost.cppm for CXX dependencies
[693/754] Scanning /home/alex/Documents/IntrinsicEngine/src/runtime/Editor/Runtime.EditorWorkspaceSnapshots.cppm for CXX dependencies
[694/754] Scanning /home/alex/Documents/IntrinsicEngine/src/runtime/Editor/Operations/Runtime.VisualizationEditingOperations.cppm for CXX dependencies
[695/754] Scanning /home/alex/Documents/IntrinsicEngine/src/runtime/Kernel/Runtime.WorldHandle.cppm for CXX dependencies
[696/754] Scanning /home/alex/Documents/IntrinsicEngine/src/runtime/Editor/Operations/Runtime.RenderRecipeEditingOperations.cppm for CXX dependencies
[697/754] Scanning /home/alex/Documents/IntrinsicEngine/src/runtime/Config/Runtime.EngineConfigControl.cppm for CXX dependencies
[698/754] Scanning /home/alex/Documents/IntrinsicEngine/src/runtime/Config/Runtime.EngineConfigBoot.cppm for CXX dependencies
[699/754] Scanning /home/alex/Documents/IntrinsicEngine/src/runtime/Editor/Operations/Runtime.SceneEditingOperations.cppm for CXX dependencies
[700/754] Scanning /home/alex/Documents/IntrinsicEngine/src/runtime/Kernel/Runtime.InputActions.cppm for CXX dependencies
[701/754] Scanning /home/alex/Documents/IntrinsicEngine/src/runtime/Kernel/Runtime.KernelEvents.cppm for CXX dependencies
[702/754] Scanning /home/alex/Documents/IntrinsicEngine/src/runtime/Editor/Operations/Runtime.GeometryProcessingOperations.cppm for CXX dependencies
[703/754] Scanning /home/alex/Documents/IntrinsicEngine/src/runtime/Kernel/Runtime.Module.cppm for CXX dependencies
[704/754] Scanning /home/alex/Documents/IntrinsicEngine/src/runtime/Kernel/Runtime.Engine.cppm for CXX dependencies
[705/754] Scanning /home/alex/Documents/IntrinsicEngine/src/runtime/Kernel/Runtime.ServiceRegistry.cppm for CXX dependencies
[706/754] Scanning /home/alex/Documents/IntrinsicEngine/src/runtime/GeometryIntegration/Runtime.MeshPrimitiveView.cppm for CXX dependencies
[707/754] Scanning /home/alex/Documents/IntrinsicEngine/src/runtime/Scene/Runtime.SceneSerialization.cppm for CXX dependencies
[708/754] Scanning /home/alex/Documents/IntrinsicEngine/src/runtime/Cameras/Runtime.CameraModule.cppm for CXX dependencies
[709/754] Scanning /home/alex/Documents/IntrinsicEngine/src/runtime/ImGui/Runtime.ImGuiAdapter.cppm for CXX dependencies
[710/754] Scanning /home/alex/Documents/IntrinsicEngine/src/runtime/Kernel/Runtime.WorldRegistry.cppm for CXX dependencies
[711/754] Scanning /home/alex/Documents/IntrinsicEngine/src/runtime/GeometryIntegration/Runtime.GeometryAvailability.cppm for CXX dependencies
[712/754] Scanning /home/alex/Documents/IntrinsicEngine/src/runtime/Cameras/Runtime.CameraFocusCommand.cppm for CXX dependencies
[713/754] Scanning /home/alex/Documents/IntrinsicEngine/src/runtime/Modules/PhysicsIntegration/Runtime.PhysicsModule.cppm for CXX dependencies
[714/754] Scanning /home/alex/Documents/IntrinsicEngine/src/runtime/Scene/Runtime.SceneInteractionModule.cppm for CXX dependencies
[715/754] Scanning /home/alex/Documents/IntrinsicEngine/src/runtime/GeometryIntegration/Runtime.VertexChannelBindings.cppm for CXX dependencies
[716/754] Scanning /home/alex/Documents/IntrinsicEngine/src/runtime/Scene/Runtime.SceneDocumentModule.cppm for CXX dependencies
[717/754] Scanning /home/alex/Documents/IntrinsicEngine/src/runtime/Gizmos/Runtime.GizmoInteraction.cppm for CXX dependencies
[718/754] Scanning /home/alex/Documents/IntrinsicEngine/src/runtime/Scene/Runtime.ReferenceScene.cppm for CXX dependencies
[719/754] Scanning /home/alex/Documents/IntrinsicEngine/src/runtime/GeometryIntegration/Runtime.PrimitiveSelectionRefinement.cppm for CXX dependencies
[720/754] Scanning /home/alex/Documents/IntrinsicEngine/src/runtime/Rendering/Runtime.RenderWorldPool.cppm for CXX dependencies
[721/754] Scanning /home/alex/Documents/IntrinsicEngine/src/runtime/Cameras/Runtime.CameraControllers.cppm for CXX dependencies
[722/754] Scanning /home/alex/Documents/IntrinsicEngine/src/runtime/GeometryIntegration/Runtime.SpatialIndexCache.cppm for CXX dependencies
[723/754] Scanning /home/alex/Documents/IntrinsicEngine/src/runtime/GeometryIntegration/Runtime.MeshSurfaceTopology.cppm for CXX dependencies
[724/754] Scanning /home/alex/Documents/IntrinsicEngine/src/runtime/Config/Runtime.RenderRecipeActivation.cppm for CXX dependencies
[725/754] Scanning /home/alex/Documents/IntrinsicEngine/src/runtime/Rendering/Runtime.RenderExtraction.cppm for CXX dependencies
[726/754] Scanning /home/alex/Documents/IntrinsicEngine/src/runtime/AssetWorkflow/Runtime.AssetWorkflowGeometryMaterialization.cppm for CXX dependencies
[727/754] Scanning /home/alex/Documents/IntrinsicEngine/src/runtime/Scene/Runtime.SelectionController.cppm for CXX dependencies
[728/754] Scanning /home/alex/Documents/IntrinsicEngine/src/runtime/AssetWorkflow/Runtime.AssetWorkflowModelTextureDecode.cppm for CXX dependencies
[729/754] Scanning /home/alex/Documents/IntrinsicEngine/src/runtime/GeometryIntegration/Runtime.VertexChannelStreams.cppm for CXX dependencies
[730/754] Scanning /home/alex/Documents/IntrinsicEngine/src/runtime/Scene/Runtime.StableEntityLookup.cppm for CXX dependencies
[731/754] Scanning /home/alex/Documents/IntrinsicEngine/src/runtime/GeometryIntegration/Runtime.VertexAttributeBinding.cppm for CXX dependencies
[732/754] Scanning /home/alex/Documents/IntrinsicEngine/src/runtime/Config/internal/Runtime.FeatureConfigCodecs.Detail.cppm for CXX dependencies
[733/754] Generating CXX dyndep file tests/CMakeFiles/TestSupportObjs.dir/CXX.dd
[734/754] Scanning /home/alex/Documents/IntrinsicEngine/src/runtime/Modules/TextureBake/Runtime.TextureBakeModule.cppm for CXX dependencies
[735/754] Scanning /home/alex/Documents/IntrinsicEngine/src/runtime/Visualization/Runtime.VisualizationRecipes.cppm for CXX dependencies
[736/754] Scanning /home/alex/Documents/IntrinsicEngine/src/runtime/GeometryIntegration/Runtime.GeometryPlanBuilders.cppm for CXX dependencies
[737/754] Scanning /home/alex/Documents/IntrinsicEngine/src/runtime/Editor/internal/Runtime.EditorFeatures.Detail.cppm for CXX dependencies
[738/754] Scanning /home/alex/Documents/IntrinsicEngine/src/runtime/AssetWorkflow/Runtime.AssetWorkflowModelMaterialization.cppm for CXX dependencies
[739/754] Scanning /home/alex/Documents/IntrinsicEngine/src/runtime/AssetWorkflow/Runtime.AssetWorkflowRecipePolicies.cppm for CXX dependencies
[740/754] Scanning /home/alex/Documents/IntrinsicEngine/src/runtime/AssetWorkflow/Runtime.AssetWorkflowTextureResidency.cppm for CXX dependencies
[741/754] Scanning /home/alex/Documents/IntrinsicEngine/src/runtime/AssetWorkflow/Runtime.AssetWorkflowImportExecutor.cppm for CXX dependencies
[742/754] Scanning /home/alex/Documents/IntrinsicEngine/src/runtime/Editor/internal/Runtime.EditorWorkspaceAttachment.Detail.cppm for CXX dependencies
[743/754] Scanning /home/alex/Documents/IntrinsicEngine/src/runtime/Rendering/Runtime.RenderExtraction.Internal.cpp for CXX dependencies
[744/754] Scanning /home/alex/Documents/IntrinsicEngine/tests/integration/graphics/Test.PointLBVHGpuSmoke.cpp for CXX dependencies
[745/754] Generating CXX dyndep file src/runtime/CMakeFiles/ExtrinsicRuntime.dir/CXX.dd
[746/764] Generating CXX dyndep file tests/CMakeFiles/PointLBVHGpuTestObjs.dir/CXX.dd
[747/764] Building CXX object src/runtime/CMakeFiles/ExtrinsicRuntime.dir/Editor/Operations/Runtime.VisualizationEditingOperations.Debug.cpp.o
[748/764] Building CXX object src/runtime/CMakeFiles/ExtrinsicRuntime.dir/Editor/Operations/Runtime.GeometryProcessingOperations.DensityWeights.cpp.o
[749/764] Building CXX object tests/CMakeFiles/PointLBVHGpuTestObjs.dir/integration/graphics/Test.PointLBVHGpuSmoke.cpp.o
FAILED: tests/CMakeFiles/PointLBVHGpuTestObjs.dir/integration/graphics/Test.PointLBVHGpuSmoke.cpp.o 
/home/alex/miniconda3/bin/python3 -B /home/alex/Documents/IntrinsicEngine/tools/ci/ccache_ci.py launch --ccache=/usr/bin/ccache --base-extra-file=/home/alex/Documents/IntrinsicEngine/build/ci-vulkan/intrinsic-ccache-module-context.txt --repo-root=/home/alex/Documents/IntrinsicEngine -- /bin/clang++-23 -DEIGEN_MPL2_ONLY -DENGINE_ROOT_DIR=\"/home/alex/Documents/IntrinsicEngine\" -DGLM_FORCE_DEPTH_ZERO_TO_ONE -DGLM_FORCE_RADIANS -DGLM_FORCE_XYZW_ONLY -DGLM_RIGHT_HANDED -I/home/alex/Documents/IntrinsicEngine/tests/support -I/home/alex/Documents/IntrinsicEngine/tests/support/geometry -I/home/alex/Documents/IntrinsicEngine/src/runtime/. -I/home/alex/Documents/IntrinsicEngine/src/assets/. -I/home/alex/Documents/IntrinsicEngine/src/core/. -I/home/alex/Documents/IntrinsicEngine/src/ecs/. -I/home/alex/Documents/IntrinsicEngine/src/ecs/Components/. -I/home/alex/Documents/IntrinsicEngine/src/ecs/Events/. -I/home/alex/Documents/IntrinsicEngine/src/ecs/Systems/. -I/home/alex/Documents/IntrinsicEngine/src/graphics/renderer/. -I/home/alex/Documents/IntrinsicEngine/src/graphics/renderer/Components/. -I/home/alex/Documents/IntrinsicEngine/src/graphics/renderer/Backends/Null/. -I/home/alex/Documents/IntrinsicEngine/src/graphics/rhi/. -I/home/alex/Documents/IntrinsicEngine/src/graphics/assets/. -I/home/alex/Documents/IntrinsicEngine/src/graphics/framegraph/. -I/home/alex/Documents/IntrinsicEngine/src/physics/. -I/home/alex/Documents/IntrinsicEngine/src/geometry/. -I/home/alex/Documents/IntrinsicEngine/src/platform/. -isystem /home/alex/Documents/IntrinsicEngine/external/vcpkg-installed/ci-vulkan/x64-linux/include -isystem /home/alex/Documents/IntrinsicEngine/external/vcpkg-installed/ci-vulkan/x64-linux/include/eigen3 -g -std=c++23 -Wall -Wextra -Wpedantic -Wno-unknown-pragmas -Werror=return-type -fno-exceptions -fno-rtti -fsanitize=address,undefined -fno-omit-frame-pointer -fno-sanitize-recover=undefined -MD -MT tests/CMakeFiles/PointLBVHGpuTestObjs.dir/integration/graphics/Test.PointLBVHGpuSmoke.cpp.o -MF tests/CMakeFiles/PointLBVHGpuTestObjs.dir/integration/graphics/Test.PointLBVHGpuSmoke.cpp.o.d @tests/CMakeFiles/PointLBVHGpuTestObjs.dir/integration/graphics/Test.PointLBVHGpuSmoke.cpp.o.modmap -o tests/CMakeFiles/PointLBVHGpuTestObjs.dir/integration/graphics/Test.PointLBVHGpuSmoke.cpp.o -c /home/alex/Documents/IntrinsicEngine/tests/integration/graphics/Test.PointLBVHGpuSmoke.cpp
/home/alex/Documents/IntrinsicEngine/tests/integration/graphics/Test.PointLBVHGpuSmoke.cpp:2383:70: error: no matching function for call to object of type 'const typename std::remove_reference<std::move_only_function<bool ()> &>::type' (aka 'const std::move_only_function<bool ()>')
 2383 |                     {if(!SupportReadyForCancel)SupportReadyForCancel=ready();return false;};
      |                                                                      ^~~~~
/usr/lib/gcc/x86_64-linux-gnu/14/../../../../include/c++/14/bits/mofunc_impl.h:181:7: note: candidate function not viable: 'this' argument has type 'const typename std::remove_reference<std::move_only_function<bool ()> &>::type' (aka 'const std::move_only_function<bool ()>'), but method is not marked const
  181 |       operator()(_ArgTypes... __args) _GLIBCXX_MOF_CV_REF noexcept(_Noex)
      |       ^
1 error generated.
[750/764] Building CXX object src/runtime/CMakeFiles/ExtrinsicRuntime.dir/Editor/Operations/Runtime.VisualizationEditingOperations.Actions.cpp.o
[751/764] Building CXX object src/runtime/CMakeFiles/ExtrinsicRuntime.dir/Editor/Runtime.EditorWorkspaceSnapshots.cppm.o
ninja: build stopped: subcommand failed.
