[0/2] Re-checking globbed directories...
[1/383] Scanning /home/alex/Documents/IntrinsicEngine/src/core/Core.Tasks.Stats.cpp for CXX dependencies
[2/383] Scanning /home/alex/Documents/IntrinsicEngine/src/core/Core.Dag.Scheduler.Hazards.cpp for CXX dependencies
[3/383] Scanning /home/alex/Documents/IntrinsicEngine/src/core/Core.Tasks.CounterEvent.cpp for CXX dependencies
[4/383] Scanning /home/alex/Documents/IntrinsicEngine/src/core/Core.FrameGraph.cpp for CXX dependencies
[5/383] Scanning /home/alex/Documents/IntrinsicEngine/src/core/Core.Filesystem.PathResolver.cpp for CXX dependencies
[6/383] Scanning /home/alex/Documents/IntrinsicEngine/src/core/Core.Process.cpp for CXX dependencies
[7/383] Scanning /home/alex/Documents/IntrinsicEngine/src/core/Core.Tasks.Dispatch.cpp for CXX dependencies
[8/383] Scanning /home/alex/Documents/IntrinsicEngine/src/core/Core.Tasks.Job.cpp for CXX dependencies
[9/383] Scanning /home/alex/Documents/IntrinsicEngine/src/core/Core.Tasks.Worker.cpp for CXX dependencies
[10/383] Scanning /home/alex/Documents/IntrinsicEngine/src/core/Core.Telemetry.cpp for CXX dependencies
[11/383] Scanning /home/alex/Documents/IntrinsicEngine/src/core/Core.Tasks.WaitToken.cpp for CXX dependencies
[12/383] Scanning /home/alex/Documents/IntrinsicEngine/src/core/Core.Logging.cpp for CXX dependencies
[13/383] Scanning /home/alex/Documents/IntrinsicEngine/src/core/Core.Dag.TaskGraph.cpp for CXX dependencies
[14/383] Scanning /home/alex/Documents/IntrinsicEngine/src/core/Core.Tasks.Lifecycle.cpp for CXX dependencies
[15/383] Scanning /home/alex/Documents/IntrinsicEngine/src/core/Core.Filesystem.cpp for CXX dependencies
[16/383] Scanning /home/alex/Documents/IntrinsicEngine/src/core/Core.IOBackend.cpp for CXX dependencies
[17/383] Scanning /home/alex/Documents/IntrinsicEngine/src/core/Core.Dag.Scheduler.Policy.cppm for CXX dependencies
[18/383] Scanning /home/alex/Documents/IntrinsicEngine/src/core/Core.Dag.Scheduler.cpp for CXX dependencies
[19/383] Scanning /home/alex/Documents/IntrinsicEngine/src/core/Core.Config.EngineLoad.cpp for CXX dependencies
[20/383] Scanning /home/alex/Documents/IntrinsicEngine/src/core/Core.BoundedHeap.cppm for CXX dependencies
[21/383] Scanning /home/alex/Documents/IntrinsicEngine/src/core/Core.IndexedHeap.cppm for CXX dependencies
[22/383] Scanning /home/alex/Documents/IntrinsicEngine/src/core/Core.Config.Window.cppm for CXX dependencies
[23/383] Scanning /home/alex/Documents/IntrinsicEngine/src/core/Core.Dag.Scheduler.Types.cppm for CXX dependencies
[24/383] Scanning /home/alex/Documents/IntrinsicEngine/src/core/Core.Config.Engine.cppm for CXX dependencies
[25/383] Scanning /home/alex/Documents/IntrinsicEngine/src/core/Core.Dag.Scheduler.Compiler.cppm for CXX dependencies
[26/383] Scanning /home/alex/Documents/IntrinsicEngine/src/core/Core.Config.EngineLoad.cppm for CXX dependencies
[27/383] Scanning /home/alex/Documents/IntrinsicEngine/src/core/Core.Dag.Scheduler.Hazards.cppm for CXX dependencies
[28/383] Scanning /home/alex/Documents/IntrinsicEngine/src/core/Core.Config.Render.cppm for CXX dependencies
[29/383] Scanning /home/alex/Documents/IntrinsicEngine/src/core/Core.RingBuffer.cppm for CXX dependencies
[30/383] Scanning /home/alex/Documents/IntrinsicEngine/src/core/Core.Dag.Scheduler.DomainGraph.cppm for CXX dependencies
[31/383] Scanning /home/alex/Documents/IntrinsicEngine/src/core/Core.IOBackend.cppm for CXX dependencies
[32/383] Scanning /home/alex/Documents/IntrinsicEngine/src/core/Core.Error.cppm for CXX dependencies
[33/383] Scanning /home/alex/Documents/IntrinsicEngine/src/core/Core.Geometry2D.cppm for CXX dependencies
[34/383] Scanning /home/alex/Documents/IntrinsicEngine/src/core/Core.ResourcePool.cppm for CXX dependencies
[35/383] Scanning /home/alex/Documents/IntrinsicEngine/src/core/Core.HandleLease.cppm for CXX dependencies
[36/383] Scanning /home/alex/Documents/IntrinsicEngine/src/core/Core.Dag.TaskGraph.cppm for CXX dependencies
[37/383] Scanning /home/alex/Documents/IntrinsicEngine/src/core/Core.FrameGraph.cppm for CXX dependencies
[38/383] Scanning /home/alex/Documents/IntrinsicEngine/src/core/Core.Dag.Scheduler.cppm for CXX dependencies
[39/383] Scanning /home/alex/Documents/IntrinsicEngine/src/core/Core.Hash.cppm for CXX dependencies
[40/383] Scanning /home/alex/Documents/IntrinsicEngine/src/core/Core.CallbackRegistry.cppm for CXX dependencies
[41/383] Scanning /home/alex/Documents/IntrinsicEngine/src/core/Core.Telemetry.cppm for CXX dependencies
[42/383] Scanning /home/alex/Documents/IntrinsicEngine/src/core/Core.Process.cppm for CXX dependencies
[43/383] Scanning /home/alex/Documents/IntrinsicEngine/src/core/Core.Memory.Common.cppm for CXX dependencies
[44/383] Scanning /home/alex/Documents/IntrinsicEngine/src/core/Core.FrameClock.cppm for CXX dependencies
[45/383] Scanning /home/alex/Documents/IntrinsicEngine/src/core/Core.StrongHandle.cppm for CXX dependencies
[46/383] Scanning /home/alex/Documents/IntrinsicEngine/src/core/Core.Memory.Polymorphic.cppm for CXX dependencies
[47/383] Scanning /home/alex/Documents/IntrinsicEngine/src/core/Core.Logging.cppm for CXX dependencies
[48/383] Scanning /home/alex/Documents/IntrinsicEngine/src/core/Core.Filesystem.cppm for CXX dependencies
[49/383] Scanning /home/alex/Documents/IntrinsicEngine/src/core/Core.LockFreeQueue.cppm for CXX dependencies
[50/383] Scanning /home/alex/Documents/IntrinsicEngine/src/core/Core.Filesystem.PathResolver.cppm for CXX dependencies
[51/383] Scanning /home/alex/Documents/IntrinsicEngine/src/core/Core.Memory.ScopeStack.cpp for CXX dependencies
[52/383] Scanning /home/alex/Documents/IntrinsicEngine/src/core/Core.Memory.ScopeStack.cppm for CXX dependencies
[53/383] Scanning /home/alex/Documents/IntrinsicEngine/src/core/Core.Memory.Polymorphic.cpp for CXX dependencies
[54/383] Scanning /home/alex/Documents/IntrinsicEngine/src/core/Core.Tasks.CounterEvent.cppm for CXX dependencies
[55/383] Scanning /home/alex/Documents/IntrinsicEngine/src/core/Core.Tasks.cppm for CXX dependencies
[56/383] Scanning /home/alex/Documents/IntrinsicEngine/src/core/Core.Memory.LinearArena.cppm for CXX dependencies
[57/383] Scanning /home/alex/Documents/IntrinsicEngine/src/core/Core.Tasks.LocalTask.cppm for CXX dependencies
[58/383] Scanning /home/alex/Documents/IntrinsicEngine/src/core/Core.Tasks.Internal.cppm for CXX dependencies
[59/383] Scanning /home/alex/Documents/IntrinsicEngine/src/geometry/Geometry.BVH.cpp for CXX dependencies
[60/383] Scanning /home/alex/Documents/IntrinsicEngine/src/core/Core.Tasks.LocalTask.cpp for CXX dependencies
[61/383] Scanning /home/alex/Documents/IntrinsicEngine/src/core/Core.Memory.LinearArena.cpp for CXX dependencies
[62/383] Scanning /home/alex/Documents/IntrinsicEngine/src/geometry/Geometry.PointLBVH.cpp for CXX dependencies
[63/383] Scanning /home/alex/Documents/IntrinsicEngine/src/geometry/Geometry.AABB.cpp for CXX dependencies
[64/383] Scanning /home/alex/Documents/IntrinsicEngine/src/geometry/Geometry.ContactManifold.cpp for CXX dependencies
[65/383] Scanning /home/alex/Documents/IntrinsicEngine/src/core/Core.Tasks.Internal.cpp for CXX dependencies
[66/383] Scanning /home/alex/Documents/IntrinsicEngine/src/geometry/Geometry.Capsule.cpp for CXX dependencies
[67/383] Scanning /home/alex/Documents/IntrinsicEngine/src/geometry/Geometry.ConvexHullBuilder.cpp for CXX dependencies
[68/383] Scanning /home/alex/Documents/IntrinsicEngine/src/geometry/Geometry.Ellipsoid.cpp for CXX dependencies
[69/383] Scanning /home/alex/Documents/IntrinsicEngine/src/geometry/Geometry.EPA.cpp for CXX dependencies
[70/383] Generating CXX dyndep file src/core/CMakeFiles/ExtrinsicCore.dir/CXX.dd
[71/383] Scanning /home/alex/Documents/IntrinsicEngine/src/geometry/Geometry.FixedPoint.Anderson.cpp for CXX dependencies
[72/383] Scanning /home/alex/Documents/IntrinsicEngine/src/geometry/Geometry.Containment.cpp for CXX dependencies
[73/383] Scanning /home/alex/Documents/IntrinsicEngine/src/geometry/Geometry.ConvexHull.cpp for CXX dependencies
[74/383] Scanning /home/alex/Documents/IntrinsicEngine/src/geometry/Geometry.Frustum.cpp for CXX dependencies
[75/383] Scanning /home/alex/Documents/IntrinsicEngine/src/geometry/Geometry.Curve.cpp for CXX dependencies
[76/383] Scanning /home/alex/Documents/IntrinsicEngine/src/geometry/Geometry.Cylinder.cpp for CXX dependencies
[77/383] Scanning /home/alex/Documents/IntrinsicEngine/src/geometry/Geometry.Grid.cpp for CXX dependencies
[78/383] Scanning /home/alex/Documents/IntrinsicEngine/src/geometry/Geometry.Graph.Utils.cpp for CXX dependencies
[79/383] Scanning /home/alex/Documents/IntrinsicEngine/src/geometry/Geometry.HalfedgeMesh.Boundary.cpp for CXX dependencies
[80/383] Scanning /home/alex/Documents/IntrinsicEngine/src/geometry/Geometry.Graph.Vertex.Normals.cpp for CXX dependencies
[81/383] Scanning /home/alex/Documents/IntrinsicEngine/src/geometry/Geometry.Graph.ShortestPath.cpp for CXX dependencies
[82/383] Scanning /home/alex/Documents/IntrinsicEngine/src/geometry/Geometry.GaussianMixture.cpp for CXX dependencies
[83/383] Scanning /home/alex/Documents/IntrinsicEngine/src/geometry/Geometry.GJK.cpp for CXX dependencies
[84/383] Scanning /home/alex/Documents/IntrinsicEngine/src/geometry/Geometry.HalfedgeMesh.AdaptiveRemeshing.cpp for CXX dependencies
[85/383] Scanning /home/alex/Documents/IntrinsicEngine/src/geometry/Geometry.HalfedgeMesh.Boolean.cpp for CXX dependencies
[86/383] Scanning /home/alex/Documents/IntrinsicEngine/src/geometry/Geometry.HalfedgeMesh.Analysis.cpp for CXX dependencies
[87/383] Scanning /home/alex/Documents/IntrinsicEngine/src/geometry/Geometry.HalfedgeMesh.Builder.cpp for CXX dependencies
[88/383] Scanning /home/alex/Documents/IntrinsicEngine/src/geometry/Geometry.Graph.IO.cpp for CXX dependencies
[89/383] Scanning /home/alex/Documents/IntrinsicEngine/src/geometry/Geometry.Graph.cpp for CXX dependencies
[90/383] Scanning /home/alex/Documents/IntrinsicEngine/src/geometry/Geometry.HalfedgeMesh.CatmullClark.cpp for CXX dependencies
[91/383] Scanning /home/alex/Documents/IntrinsicEngine/src/geometry/Geometry.HalfedgeMesh.CurvatureSegmentation.cpp for CXX dependencies
[92/383] Scanning /home/alex/Documents/IntrinsicEngine/src/geometry/Geometry.HalfedgeMesh.Geodesic.cpp for CXX dependencies
[93/383] Scanning /home/alex/Documents/IntrinsicEngine/src/geometry/Geometry.HalfedgeMesh.DEC.cpp for CXX dependencies
[94/383] Scanning /home/alex/Documents/IntrinsicEngine/src/geometry/CurvatureBoundaryGraph.cpp for CXX dependencies
[95/383] Scanning /home/alex/Documents/IntrinsicEngine/src/geometry/Geometry.HalfedgeMesh.Quality.cpp for CXX dependencies
[96/383] Scanning /home/alex/Documents/IntrinsicEngine/src/geometry/Geometry.HalfedgeMesh.Geodesic.VirtualSource.cpp for CXX dependencies
[97/383] Scanning /home/alex/Documents/IntrinsicEngine/src/geometry/Geometry.HalfedgeMesh.Parameterization.cpp for CXX dependencies
[98/383] Scanning /home/alex/Documents/IntrinsicEngine/src/geometry/Geometry.HalfedgeMesh.CurvatureSegmentation.Multicut.cpp for CXX dependencies
[99/383] Scanning /home/alex/Documents/IntrinsicEngine/src/geometry/Geometry.HalfedgeMesh.CurvatureSegmentation.Patches.cpp for CXX dependencies
[100/383] Scanning /home/alex/Documents/IntrinsicEngine/src/geometry/Geometry.HalfedgeMesh.Curvature.cpp for CXX dependencies
[101/383] Scanning /home/alex/Documents/IntrinsicEngine/src/geometry/Geometry.HalfedgeMesh.CurvatureSegmentation.Features.cpp for CXX dependencies
[102/383] Scanning /home/alex/Documents/IntrinsicEngine/src/geometry/Geometry.HalfedgeMesh.Features.cpp for CXX dependencies
[103/383] Scanning /home/alex/Documents/IntrinsicEngine/src/geometry/Geometry.HalfedgeMesh.CurvatureExtrema.cpp for CXX dependencies
[104/383] Scanning /home/alex/Documents/IntrinsicEngine/src/geometry/Geometry.HalfedgeMesh.Remeshing.cpp for CXX dependencies
[105/383] Scanning /home/alex/Documents/IntrinsicEngine/src/geometry/Geometry.HalfedgeMesh.IO.cpp for CXX dependencies
[106/383] Scanning /home/alex/Documents/IntrinsicEngine/src/geometry/Geometry.HalfedgeMesh.Repair.cpp for CXX dependencies
[107/383] Scanning /home/alex/Documents/IntrinsicEngine/src/geometry/Geometry.HalfedgeMesh.SignedHeatMethod.cpp for CXX dependencies
[108/383] Scanning /home/alex/Documents/IntrinsicEngine/src/geometry/Geometry.HalfedgeMesh.Simplification.cpp for CXX dependencies
[109/383] Scanning /home/alex/Documents/IntrinsicEngine/src/geometry/Geometry.HalfedgeMesh.Smoothing.cpp for CXX dependencies
[110/383] Scanning /home/alex/Documents/IntrinsicEngine/src/geometry/Geometry.HalfedgeMesh.Vertices.Normals.cpp for CXX dependencies
[111/383] Scanning /home/alex/Documents/IntrinsicEngine/src/geometry/Geometry.HalfedgeMesh.Utils.cpp for CXX dependencies
[112/383] Scanning /home/alex/Documents/IntrinsicEngine/src/geometry/Geometry.HalfedgeMesh.SubdivisionSqrt3.cpp for CXX dependencies
[113/383] Scanning /home/alex/Documents/IntrinsicEngine/src/geometry/Geometry.KDTree.cpp for CXX dependencies
[114/383] Scanning /home/alex/Documents/IntrinsicEngine/src/geometry/Geometry.HalfedgeMesh.Subdivision.cpp for CXX dependencies
[115/383] Scanning /home/alex/Documents/IntrinsicEngine/src/geometry/Geometry.KMeans.cpp for CXX dependencies
[116/383] Scanning /home/alex/Documents/IntrinsicEngine/src/geometry/Geometry.HalfedgeMesh.VectorHeatMethod.cpp for CXX dependencies
[117/383] Scanning /home/alex/Documents/IntrinsicEngine/src/geometry/Geometry.Mesh.Conversion.cpp for CXX dependencies
[118/383] Scanning /home/alex/Documents/IntrinsicEngine/src/geometry/Geometry.MarchingCubes.cpp for CXX dependencies
[119/383] Scanning /home/alex/Documents/IntrinsicEngine/src/geometry/Geometry.HalfedgeMesh.cpp for CXX dependencies
[120/383] Scanning /home/alex/Documents/IntrinsicEngine/src/geometry/Geometry.OBB.cpp for CXX dependencies
[121/383] Scanning /home/alex/Documents/IntrinsicEngine/src/geometry/Geometry.MeshClosestFace.cpp for CXX dependencies
[122/383] Scanning /home/alex/Documents/IntrinsicEngine/src/geometry/Geometry.HtexPatch.cpp for CXX dependencies
[123/383] Scanning /home/alex/Documents/IntrinsicEngine/src/geometry/Geometry.ImplicitPlaneField.cpp for CXX dependencies
[124/383] Scanning /home/alex/Documents/IntrinsicEngine/src/geometry/Geometry.Overlap.cpp for CXX dependencies
[125/383] Scanning /home/alex/Documents/IntrinsicEngine/src/geometry/Geometry.MeshSoup.cpp for CXX dependencies
[126/383] Scanning /home/alex/Documents/IntrinsicEngine/src/geometry/Geometry.Linalg.cpp for CXX dependencies
[127/383] Scanning /home/alex/Documents/IntrinsicEngine/src/geometry/Geometry.Octree.cpp for CXX dependencies
[128/383] Scanning /home/alex/Documents/IntrinsicEngine/src/geometry/Geometry.PCA.cpp for CXX dependencies
[129/383] Scanning /home/alex/Documents/IntrinsicEngine/src/geometry/Geometry.Parameterization.Diagnostics.cpp for CXX dependencies
[130/383] Scanning /home/alex/Documents/IntrinsicEngine/src/geometry/Geometry.Parameterization.Harmonic.cpp for CXX dependencies
[131/383] Scanning /home/alex/Documents/IntrinsicEngine/src/geometry/Geometry.PointCloud.Consolidation.cpp for CXX dependencies
[132/383] Scanning /home/alex/Documents/IntrinsicEngine/src/geometry/Geometry.Parameterization.Bff.cpp for CXX dependencies
[133/383] Scanning /home/alex/Documents/IntrinsicEngine/src/geometry/Geometry.PointCloud.Conversion.cpp for CXX dependencies
[134/383] Scanning /home/alex/Documents/IntrinsicEngine/src/geometry/Geometry.PointCloud.Kernels.cpp for CXX dependencies
[135/383] Scanning /home/alex/Documents/IntrinsicEngine/src/geometry/Geometry.Plane.cpp for CXX dependencies
[136/383] Scanning /home/alex/Documents/IntrinsicEngine/src/geometry/Geometry.Parameterization.Optimize.cpp for CXX dependencies
[137/383] Scanning /home/alex/Documents/IntrinsicEngine/src/geometry/Geometry.PointCloud.IO.cpp for CXX dependencies
[138/383] Scanning /home/alex/Documents/IntrinsicEngine/src/geometry/Geometry.PointCloud.Normals.cpp for CXX dependencies
[139/383] Scanning /home/alex/Documents/IntrinsicEngine/src/geometry/Geometry.PointCloud.SurfaceSampling.cpp for CXX dependencies
[140/383] Scanning /home/alex/Documents/IntrinsicEngine/src/geometry/Geometry.Properties.cpp for CXX dependencies
[141/383] Scanning /home/alex/Documents/IntrinsicEngine/src/geometry/Geometry.Quadric.cpp for CXX dependencies
[142/383] Scanning /home/alex/Documents/IntrinsicEngine/src/geometry/Geometry.Robust.cpp for CXX dependencies
[143/383] Scanning /home/alex/Documents/IntrinsicEngine/src/geometry/Geometry.Raycast.cpp for CXX dependencies
[144/383] Scanning /home/alex/Documents/IntrinsicEngine/src/geometry/Geometry.Queries.cpp for CXX dependencies
[145/383] Scanning /home/alex/Documents/IntrinsicEngine/src/geometry/Geometry.PointCloud.QualityMetrics.cpp for CXX dependencies
[146/383] Scanning /home/alex/Documents/IntrinsicEngine/src/geometry/Geometry.PointCloud.Features.cpp for CXX dependencies
[147/383] Scanning /home/alex/Documents/IntrinsicEngine/src/geometry/Geometry.PointCloud.cpp for CXX dependencies
[148/383] Scanning /home/alex/Documents/IntrinsicEngine/src/geometry/Geometry.RobustPredicates.cpp for CXX dependencies
[149/383] Scanning /home/alex/Documents/IntrinsicEngine/src/geometry/Geometry.PointCloud.Utils.cpp for CXX dependencies
[150/383] Scanning /home/alex/Documents/IntrinsicEngine/src/geometry/Geometry.Registration.cpp for CXX dependencies
[151/383] Scanning /home/alex/Documents/IntrinsicEngine/src/geometry/Geometry.Statistics.cpp for CXX dependencies
[152/383] Scanning /home/alex/Documents/IntrinsicEngine/src/geometry/Geometry.RotationAveraging.cpp for CXX dependencies
[153/383] Scanning /home/alex/Documents/IntrinsicEngine/src/geometry/Geometry.Segment.cpp for CXX dependencies
[154/383] Scanning /home/alex/Documents/IntrinsicEngine/src/geometry/Geometry.SDF.cpp for CXX dependencies
[155/383] Scanning /home/alex/Documents/IntrinsicEngine/src/geometry/Geometry.Support.cpp for CXX dependencies
[156/383] Scanning /home/alex/Documents/IntrinsicEngine/src/geometry/Geometry.SupportRadius.cpp for CXX dependencies
[157/383] Scanning /home/alex/Documents/IntrinsicEngine/src/geometry/Geometry.BVH.cppm for CXX dependencies
[158/383] Scanning /home/alex/Documents/IntrinsicEngine/src/geometry/Geometry.Sphere.cpp for CXX dependencies
[159/383] Scanning /home/alex/Documents/IntrinsicEngine/src/geometry/Geometry.Rotation.cpp for CXX dependencies
[160/383] Scanning /home/alex/Documents/IntrinsicEngine/src/geometry/Geometry.Sphere.Sampling.cpp for CXX dependencies
[161/383] Scanning /home/alex/Documents/IntrinsicEngine/src/geometry/Geometry.AABB.cppm for CXX dependencies
[162/383] Scanning /home/alex/Documents/IntrinsicEngine/src/geometry/Geometry.SurfaceReconstruction.cpp for CXX dependencies
[163/383] Scanning /home/alex/Documents/IntrinsicEngine/src/geometry/Geometry.Triangle.cpp for CXX dependencies
[164/383] Scanning /home/alex/Documents/IntrinsicEngine/src/geometry/Geometry.UvAtlas.cpp for CXX dependencies
[165/383] Scanning /home/alex/Documents/IntrinsicEngine/src/geometry/Geometry.Sampling.cpp for CXX dependencies
[166/383] Scanning /home/alex/Documents/IntrinsicEngine/src/geometry/Geometry.Validation.cpp for CXX dependencies
[167/383] Scanning /home/alex/Documents/IntrinsicEngine/src/geometry/Geometry.Capsule.cppm for CXX dependencies
[168/383] Scanning /home/alex/Documents/IntrinsicEngine/src/geometry/Geometry.ContactManifold.cppm for CXX dependencies
[169/383] Scanning /home/alex/Documents/IntrinsicEngine/src/geometry/Geometry.Sparse.cpp for CXX dependencies
[170/383] Scanning /home/alex/Documents/IntrinsicEngine/src/geometry/Geometry.PointLBVH.cppm for CXX dependencies
[171/383] Scanning /home/alex/Documents/IntrinsicEngine/src/geometry/Geometry.FixedPoint.Anderson.cppm for CXX dependencies
[172/383] Scanning /home/alex/Documents/IntrinsicEngine/src/geometry/Geometry.ConvexHull.cppm for CXX dependencies
[173/383] Scanning /home/alex/Documents/IntrinsicEngine/src/geometry/Geometry.ConvexHullBuilder.cppm for CXX dependencies
[174/383] Scanning /home/alex/Documents/IntrinsicEngine/src/geometry/Geometry.Containment.cppm for CXX dependencies
[175/383] Scanning /home/alex/Documents/IntrinsicEngine/src/geometry/Geometry.Cylinder.cppm for CXX dependencies
[176/383] Scanning /home/alex/Documents/IntrinsicEngine/src/geometry/Geometry.Graph.IO.cppm for CXX dependencies
[177/383] Scanning /home/alex/Documents/IntrinsicEngine/src/geometry/Geometry.Circulators.cppm for CXX dependencies
[178/383] Scanning /home/alex/Documents/IntrinsicEngine/src/geometry/Geometry.Frustum.cppm for CXX dependencies
[179/383] Scanning /home/alex/Documents/IntrinsicEngine/src/geometry/Geometry.Ellipsoid.cppm for CXX dependencies
[180/383] Scanning /home/alex/Documents/IntrinsicEngine/src/geometry/Geometry.GaussianMixture.cppm for CXX dependencies
[181/383] Scanning /home/alex/Documents/IntrinsicEngine/src/geometry/Geometry.Graph.ShortestPath.cppm for CXX dependencies
[182/383] Scanning /home/alex/Documents/IntrinsicEngine/src/geometry/Geometry.GJK.cppm for CXX dependencies
[183/383] Scanning /home/alex/Documents/IntrinsicEngine/src/geometry/Geometry.Curve.cppm for CXX dependencies
[184/383] Scanning /home/alex/Documents/IntrinsicEngine/src/geometry/Geometry.DomainViews.cppm for CXX dependencies
[185/383] Scanning /home/alex/Documents/IntrinsicEngine/src/geometry/Geometry.EPA.cppm for CXX dependencies
[186/383] Scanning /home/alex/Documents/IntrinsicEngine/src/geometry/Geometry.Graph.Utils.cppm for CXX dependencies
[187/383] Scanning /home/alex/Documents/IntrinsicEngine/src/geometry/Geometry.HalfedgeMesh.Boundary.cppm for CXX dependencies
[188/383] Scanning /home/alex/Documents/IntrinsicEngine/src/geometry/Geometry.Graph.Vertex.Normals.cppm for CXX dependencies
[189/383] Scanning /home/alex/Documents/IntrinsicEngine/src/geometry/Geometry.HalfedgeMesh.Boolean.cppm for CXX dependencies
[190/383] Scanning /home/alex/Documents/IntrinsicEngine/src/geometry/Geometry.HalfedgeMesh.Builder.cppm for CXX dependencies
[191/383] Scanning /home/alex/Documents/IntrinsicEngine/src/geometry/Geometry.HalfedgeMesh.CatmullClark.cppm for CXX dependencies
[192/383] Scanning /home/alex/Documents/IntrinsicEngine/src/geometry/Geometry.Grid.cppm for CXX dependencies
[193/383] Scanning /home/alex/Documents/IntrinsicEngine/src/geometry/Geometry.HalfedgeMesh.CurvatureSegmentation.Features.cppm for CXX dependencies
[194/383] Scanning /home/alex/Documents/IntrinsicEngine/src/geometry/Geometry.HalfedgeMesh.AdaptiveRemeshing.cppm for CXX dependencies
[195/383] Scanning /home/alex/Documents/IntrinsicEngine/src/geometry/Geometry.HalfedgeMesh.Analysis.cppm for CXX dependencies
[196/383] Scanning /home/alex/Documents/IntrinsicEngine/src/geometry/Geometry.HalfedgeMesh.CurvatureSegmentation.Multicut.cppm for CXX dependencies
[197/383] Scanning /home/alex/Documents/IntrinsicEngine/src/geometry/Geometry.HalfedgeMesh.CurvatureExtrema.cppm for CXX dependencies
[198/383] Scanning /home/alex/Documents/IntrinsicEngine/src/geometry/Geometry.HalfedgeMesh.Curvature.cppm for CXX dependencies
[199/383] Scanning /home/alex/Documents/IntrinsicEngine/src/geometry/Geometry.HalfedgeMesh.CurvatureSegmentation.cppm for CXX dependencies
[200/383] Scanning /home/alex/Documents/IntrinsicEngine/src/geometry/Geometry.HalfedgeMesh.DEC.cppm for CXX dependencies
[201/383] Scanning /home/alex/Documents/IntrinsicEngine/src/geometry/Geometry.Graph.cppm for CXX dependencies
[202/383] Scanning /home/alex/Documents/IntrinsicEngine/src/geometry/Geometry.HalfedgeMesh.Remeshing.cppm for CXX dependencies
[203/383] Scanning /home/alex/Documents/IntrinsicEngine/src/geometry/Geometry.HalfedgeMesh.IO.cppm for CXX dependencies
[204/383] Scanning /home/alex/Documents/IntrinsicEngine/src/geometry/Geometry.HalfedgeMesh.Quality.cppm for CXX dependencies
[205/383] Scanning /home/alex/Documents/IntrinsicEngine/src/geometry/Geometry.HalfedgeMesh.SubdivisionSqrt3.cppm for CXX dependencies
[206/383] Scanning /home/alex/Documents/IntrinsicEngine/src/geometry/Geometry.HalfedgeMesh.Simplification.cppm for CXX dependencies
[207/383] Scanning /home/alex/Documents/IntrinsicEngine/src/geometry/Geometry.HalfedgeMesh.Features.cppm for CXX dependencies
[208/383] Scanning /home/alex/Documents/IntrinsicEngine/src/geometry/Geometry.HalfedgeMesh.Geodesic.cppm for CXX dependencies
[209/383] Scanning /home/alex/Documents/IntrinsicEngine/src/geometry/Geometry.HalfedgeMesh.Subdivision.cppm for CXX dependencies
[210/383] Scanning /home/alex/Documents/IntrinsicEngine/src/geometry/Geometry.HalfedgeMesh.Parameterization.cppm for CXX dependencies
[211/383] Scanning /home/alex/Documents/IntrinsicEngine/src/geometry/Geometry.HalfedgeMesh.Utils.cppm for CXX dependencies
[212/383] Scanning /home/alex/Documents/IntrinsicEngine/src/geometry/Geometry.HalfedgeMesh.SignedHeatMethod.cppm for CXX dependencies
[213/383] Scanning /home/alex/Documents/IntrinsicEngine/src/geometry/Geometry.HalfedgeMesh.CurvatureSegmentation.Patches.cppm for CXX dependencies
[214/383] Scanning /home/alex/Documents/IntrinsicEngine/src/geometry/Geometry.HalfedgeMesh.Repair.cppm for CXX dependencies
[215/383] Scanning /home/alex/Documents/IntrinsicEngine/src/geometry/Geometry.IO.cppm for CXX dependencies
[216/383] Scanning /home/alex/Documents/IntrinsicEngine/src/geometry/Geometry.HalfedgeMesh.VectorHeatMethod.cppm for CXX dependencies
[217/383] Scanning /home/alex/Documents/IntrinsicEngine/src/geometry/Geometry.HtexPatch.cppm for CXX dependencies
[218/383] Scanning /home/alex/Documents/IntrinsicEngine/src/geometry/Geometry.HalfedgeMesh.Smoothing.cppm for CXX dependencies
[219/383] Scanning /home/alex/Documents/IntrinsicEngine/src/geometry/Geometry.MeshOperator.cppm for CXX dependencies
[220/383] Scanning /home/alex/Documents/IntrinsicEngine/src/geometry/Geometry.HalfedgeMesh.Vertices.Normals.cppm for CXX dependencies
[221/383] Scanning /home/alex/Documents/IntrinsicEngine/src/geometry/Geometry.IntersectionClassification.cppm for CXX dependencies
[222/383] Scanning /home/alex/Documents/IntrinsicEngine/src/geometry/Geometry.HalfedgeMesh.cppm for CXX dependencies
[223/383] Scanning /home/alex/Documents/IntrinsicEngine/src/geometry/Geometry.Mesh.Conversion.cppm for CXX dependencies
[224/383] Scanning /home/alex/Documents/IntrinsicEngine/src/geometry/Geometry.ImplicitPlaneField.cppm for CXX dependencies
[225/383] Scanning /home/alex/Documents/IntrinsicEngine/src/geometry/Geometry.LinearSolver.cppm for CXX dependencies
[226/383] Scanning /home/alex/Documents/IntrinsicEngine/src/geometry/Geometry.MarchingCubes.cppm for CXX dependencies
[227/383] Scanning /home/alex/Documents/IntrinsicEngine/src/geometry/Geometry.Parameterization.Diagnostics.cppm for CXX dependencies
[228/383] Scanning /home/alex/Documents/IntrinsicEngine/src/geometry/Geometry.KDTree.cppm for CXX dependencies
[229/383] Scanning /home/alex/Documents/IntrinsicEngine/src/geometry/Geometry.KMeans.cppm for CXX dependencies
[230/383] Scanning /home/alex/Documents/IntrinsicEngine/src/geometry/Geometry.MeshSoup.cppm for CXX dependencies
[231/383] Scanning /home/alex/Documents/IntrinsicEngine/src/geometry/Geometry.Octree.cppm for CXX dependencies
[232/383] Scanning /home/alex/Documents/IntrinsicEngine/src/geometry/Geometry.MeshClosestFace.cppm for CXX dependencies
[233/383] Scanning /home/alex/Documents/IntrinsicEngine/src/geometry/Geometry.OBB.cppm for CXX dependencies
[234/383] Scanning /home/alex/Documents/IntrinsicEngine/src/geometry/Geometry.Parameterization.Bff.cppm for CXX dependencies
[235/383] Scanning /home/alex/Documents/IntrinsicEngine/src/geometry/Geometry.Overlap.cppm for CXX dependencies
[236/383] Scanning /home/alex/Documents/IntrinsicEngine/src/geometry/Geometry.Parameterization.Harmonic.cppm for CXX dependencies
[237/383] Scanning /home/alex/Documents/IntrinsicEngine/src/geometry/Geometry.PointCloud.Conversion.cppm for CXX dependencies
[238/383] Scanning /home/alex/Documents/IntrinsicEngine/src/geometry/Geometry.PointCloud.IO.cppm for CXX dependencies
[239/383] Scanning /home/alex/Documents/IntrinsicEngine/src/geometry/Geometry.Linalg.cppm for CXX dependencies
[240/383] Scanning /home/alex/Documents/IntrinsicEngine/src/geometry/Geometry.PointCloud.Consolidation.cppm for CXX dependencies
[241/383] Scanning /home/alex/Documents/IntrinsicEngine/src/geometry/Geometry.PointCloud.Features.cppm for CXX dependencies
[242/383] Scanning /home/alex/Documents/IntrinsicEngine/src/geometry/Geometry.PCA.cppm for CXX dependencies
[243/383] Scanning /home/alex/Documents/IntrinsicEngine/src/geometry/Geometry.Parameterization.Optimize.cppm for CXX dependencies
[244/383] Scanning /home/alex/Documents/IntrinsicEngine/src/geometry/Geometry.PointCloud.SurfaceSampling.cppm for CXX dependencies
[245/383] Scanning /home/alex/Documents/IntrinsicEngine/src/geometry/Geometry.PointCloud.Kernels.cppm for CXX dependencies
[246/383] Scanning /home/alex/Documents/IntrinsicEngine/src/geometry/Geometry.Plane.cppm for CXX dependencies
[247/383] Scanning /home/alex/Documents/IntrinsicEngine/src/geometry/Geometry.PointCloud.Normals.cppm for CXX dependencies
[248/383] Scanning /home/alex/Documents/IntrinsicEngine/src/geometry/Geometry.PointCloud.QualityMetrics.cppm for CXX dependencies
[249/383] Scanning /home/alex/Documents/IntrinsicEngine/src/geometry/Geometry.Robust.cppm for CXX dependencies
[250/383] Scanning /home/alex/Documents/IntrinsicEngine/src/geometry/Geometry.PointCloud.Utils.cppm for CXX dependencies
[251/383] Scanning /home/alex/Documents/IntrinsicEngine/src/geometry/Geometry.Ray.cppm for CXX dependencies
[252/383] Scanning /home/alex/Documents/IntrinsicEngine/src/geometry/Geometry.PointCloud.cppm for CXX dependencies
[253/383] Scanning /home/alex/Documents/IntrinsicEngine/src/geometry/Geometry.Quadric.cppm for CXX dependencies
[254/383] Scanning /home/alex/Documents/IntrinsicEngine/src/geometry/Geometry.Registration.cppm for CXX dependencies
[255/383] Scanning /home/alex/Documents/IntrinsicEngine/src/geometry/Geometry.Queries.cppm for CXX dependencies
[256/383] Scanning /home/alex/Documents/IntrinsicEngine/src/geometry/Geometry.Properties.cppm for CXX dependencies
[257/383] Scanning /home/alex/Documents/IntrinsicEngine/src/geometry/Geometry.RotationAveraging.cppm for CXX dependencies
[258/383] Scanning /home/alex/Documents/IntrinsicEngine/src/geometry/Geometry.SpatialQueries.cppm for CXX dependencies
[259/383] Scanning /home/alex/Documents/IntrinsicEngine/src/geometry/Geometry.SDF.cppm for CXX dependencies
[260/383] Scanning /home/alex/Documents/IntrinsicEngine/src/geometry/Geometry.Segment.cppm for CXX dependencies
[261/383] Scanning /home/alex/Documents/IntrinsicEngine/src/geometry/Geometry.Raycast.cppm for CXX dependencies
[262/383] Scanning /home/alex/Documents/IntrinsicEngine/src/geometry/Geometry.SDFContact.cppm for CXX dependencies
[263/383] Scanning /home/alex/Documents/IntrinsicEngine/src/geometry/Geometry.RobustPredicates.cppm for CXX dependencies
[264/383] Scanning /home/alex/Documents/IntrinsicEngine/src/geometry/Geometry.Sphere.Sampling.cppm for CXX dependencies
[265/383] Scanning /home/alex/Documents/IntrinsicEngine/src/geometry/Geometry.Rotation.cppm for CXX dependencies
[266/383] Scanning /home/alex/Documents/IntrinsicEngine/src/geometry/Geometry.Sampling.cppm for CXX dependencies
[267/383] Scanning /home/alex/Documents/IntrinsicEngine/src/geometry/Geometry.Statistics.cppm for CXX dependencies
[268/383] Scanning /home/alex/Documents/IntrinsicEngine/src/geometry/Geometry.HalfedgeMesh.Fwd.cppm for CXX dependencies
[269/383] Scanning /home/alex/Documents/IntrinsicEngine/src/geometry/Geometry.Sphere.cppm for CXX dependencies
[270/383] Scanning /home/alex/Documents/IntrinsicEngine/src/geometry/Geometry.PointCloud.Fwd.cppm for CXX dependencies
[271/383] Scanning /home/alex/Documents/IntrinsicEngine/src/geometry/Geometry.Graph.Fwd.cppm for CXX dependencies
[272/383] Scanning /home/alex/Documents/IntrinsicEngine/src/geometry/Geometry.SurfaceReconstruction.cppm for CXX dependencies
[273/383] Scanning /home/alex/Documents/IntrinsicEngine/src/geometry/Geometry.Validation.cppm for CXX dependencies
[274/383] Scanning /home/alex/Documents/IntrinsicEngine/src/geometry/Geometry.Support.cppm for CXX dependencies
[275/383] Scanning /home/alex/Documents/IntrinsicEngine/src/geometry/Geometry.Triangle.cppm for CXX dependencies
[276/383] Scanning /home/alex/Documents/IntrinsicEngine/src/geometry/Geometry.UvAtlas.cppm for CXX dependencies
[277/383] Scanning /home/alex/Documents/IntrinsicEngine/src/geometry/Geometry.SupportRadius.cppm for CXX dependencies
[278/383] Scanning /home/alex/Documents/IntrinsicEngine/src/geometry/Geometry.Sparse.cppm for CXX dependencies
[279/383] Scanning /home/alex/Documents/IntrinsicEngine/tests/unit/geometry/Test_Statistics.cpp for CXX dependencies
[280/383] Scanning /home/alex/Documents/IntrinsicEngine/tests/unit/geometry/Test_RobustKernels.cpp for CXX dependencies
[281/383] Scanning /home/alex/Documents/IntrinsicEngine/tests/unit/geometry/Test_AABBCubify.cpp for CXX dependencies
[282/383] Scanning /home/alex/Documents/IntrinsicEngine/tests/unit/geometry/Test_BezierCurve.cpp for CXX dependencies
[283/383] Generating CXX dyndep file src/geometry/CMakeFiles/IntrinsicGeometry.dir/CXX.dd
[284/383] Scanning /home/alex/Documents/IntrinsicEngine/tests/unit/geometry/Test_RotationAveraging.cpp for CXX dependencies
[285/383] Scanning /home/alex/Documents/IntrinsicEngine/tests/unit/geometry/Test_LinalgEigenMap.cpp for CXX dependencies
[286/383] Scanning /home/alex/Documents/IntrinsicEngine/tests/unit/geometry/Test_RuntimeGraph.cpp for CXX dependencies
[287/383] Scanning /home/alex/Documents/IntrinsicEngine/tests/unit/geometry/Test_Curve.cpp for CXX dependencies
[288/383] Scanning /home/alex/Documents/IntrinsicEngine/tests/unit/geometry/Test_RuntimeGraphKNN.cpp for CXX dependencies
[289/383] Scanning /home/alex/Documents/IntrinsicEngine/tests/unit/geometry/Test_Rotation.cpp for CXX dependencies
[290/383] Scanning /home/alex/Documents/IntrinsicEngine/tests/unit/geometry/Test.GraphQueries.cpp for CXX dependencies
[291/383] Scanning /home/alex/Documents/IntrinsicEngine/tests/unit/geometry/Test.GeometryProperties.cpp for CXX dependencies
[292/383] Scanning /home/alex/Documents/IntrinsicEngine/tests/unit/geometry/Test_Octree.cpp for CXX dependencies
[293/383] Scanning /home/alex/Documents/IntrinsicEngine/tests/unit/geometry/Test_KDTree.cpp for CXX dependencies
[294/383] Scanning /home/alex/Documents/IntrinsicEngine/tests/unit/geometry/Test_MeshClosestFace.cpp for CXX dependencies
[295/383] Scanning /home/alex/Documents/IntrinsicEngine/tests/unit/geometry/Test_MeshQuantities.cpp for CXX dependencies
[296/383] Scanning /home/alex/Documents/IntrinsicEngine/tests/unit/geometry/Test.PointLBVH.cpp for CXX dependencies
[297/383] Scanning /home/alex/Documents/IntrinsicEngine/tests/unit/geometry/Test_MeshOperations.cpp for CXX dependencies
[298/383] Scanning /home/alex/Documents/IntrinsicEngine/tests/unit/geometry/Test_BVH.cpp for CXX dependencies
[299/383] Scanning /home/alex/Documents/IntrinsicEngine/tests/unit/geometry/Test.MeshConversion.cpp for CXX dependencies
[300/383] Scanning /home/alex/Documents/IntrinsicEngine/tests/unit/geometry/Test_DEC.cpp for CXX dependencies
[301/383] Scanning /home/alex/Documents/IntrinsicEngine/tests/unit/geometry/Test_GeometryProcessing.cpp for CXX dependencies
[302/383] Scanning /home/alex/Documents/IntrinsicEngine/tests/unit/geometry/Test.MeshSoup.cpp for CXX dependencies
[303/383] Scanning /home/alex/Documents/IntrinsicEngine/tests/unit/geometry/Test.GaussianMixture.cpp for CXX dependencies
[304/383] Scanning /home/alex/Documents/IntrinsicEngine/tests/unit/geometry/Test_MeshBuilder.cpp for CXX dependencies
[305/383] Scanning /home/alex/Documents/IntrinsicEngine/tests/unit/geometry/Test_SurfaceReconstruction.cpp for CXX dependencies
[306/383] Scanning /home/alex/Documents/IntrinsicEngine/tests/unit/geometry/Test_Parameterization.cpp for CXX dependencies
[307/383] Scanning /home/alex/Documents/IntrinsicEngine/tests/unit/geometry/Test.ParameterizationDiagnostics.cpp for CXX dependencies
[308/383] Scanning /home/alex/Documents/IntrinsicEngine/tests/unit/geometry/Test.PointCloudConversion.cpp for CXX dependencies
[309/383] Scanning /home/alex/Documents/IntrinsicEngine/tests/unit/geometry/Test.CurvatureSegmentation.cpp for CXX dependencies
[310/383] Scanning /home/alex/Documents/IntrinsicEngine/tests/unit/geometry/Test_MeshQuality.cpp for CXX dependencies
[311/383] Scanning /home/alex/Documents/IntrinsicEngine/tests/unit/geometry/Test.HarmonicParameterization.cpp for CXX dependencies
[312/383] Scanning /home/alex/Documents/IntrinsicEngine/tests/unit/geometry/Test_MeshAnalysis.cpp for CXX dependencies
[313/383] Scanning /home/alex/Documents/IntrinsicEngine/tests/unit/geometry/Test.ParameterizationOptimize.cpp for CXX dependencies
[314/383] Scanning /home/alex/Documents/IntrinsicEngine/tests/unit/geometry/Test.ParameterizationDispatch.cpp for CXX dependencies
[315/383] Scanning /home/alex/Documents/IntrinsicEngine/tests/unit/geometry/Test.BoundaryFirstFlattening.cpp for CXX dependencies
[316/383] Scanning /home/alex/Documents/IntrinsicEngine/tests/unit/geometry/Test_ConvexHull.cpp for CXX dependencies
[317/383] Scanning /home/alex/Documents/IntrinsicEngine/tests/unit/geometry/Test_SphereFitting.cpp for CXX dependencies
[318/383] Scanning /home/alex/Documents/IntrinsicEngine/tests/unit/geometry/Test.UvAtlas.cpp for CXX dependencies
[319/383] Scanning /home/alex/Documents/IntrinsicEngine/tests/unit/geometry/Test_AdaptiveRemeshing.cpp for CXX dependencies
[320/383] Scanning /home/alex/Documents/IntrinsicEngine/tests/unit/geometry/Test_PointCloud.cpp for CXX dependencies
[321/383] Scanning /home/alex/Documents/IntrinsicEngine/tests/unit/geometry/Test_MeshBoundary.cpp for CXX dependencies
[322/383] Scanning /home/alex/Documents/IntrinsicEngine/tests/unit/geometry/Test_GeometryAttributePropagation.cpp for CXX dependencies
[323/383] Scanning /home/alex/Documents/IntrinsicEngine/tests/unit/geometry/Test_Boolean.cpp for CXX dependencies
[324/383] Scanning /home/alex/Documents/IntrinsicEngine/tests/unit/geometry/Test.GraphVertexNormals.cpp for CXX dependencies
[325/383] Scanning /home/alex/Documents/IntrinsicEngine/tests/unit/geometry/Test.HalfedgeMeshFeatures.cpp for CXX dependencies
[326/383] Scanning /home/alex/Documents/IntrinsicEngine/tests/unit/geometry/Test_HalfedgeMeshTopology.cpp for CXX dependencies
[327/383] Scanning /home/alex/Documents/IntrinsicEngine/tests/unit/geometry/Test_TriangleMetrics.cpp for CXX dependencies
[328/383] Scanning /home/alex/Documents/IntrinsicEngine/tests/unit/geometry/Test_HalfedgeMeshPropertyAccess.cpp for CXX dependencies
[329/383] Scanning /home/alex/Documents/IntrinsicEngine/tests/unit/geometry/Test.CornerTexcoords.cpp for CXX dependencies
[330/383] Scanning /home/alex/Documents/IntrinsicEngine/tests/unit/geometry/Test.MeshTopologyUtilities.cpp for CXX dependencies
[331/383] Scanning /home/alex/Documents/IntrinsicEngine/tests/unit/geometry/Test_Validation.cpp for CXX dependencies
[332/383] Scanning /home/alex/Documents/IntrinsicEngine/tests/unit/geometry/Test.HalfedgeMeshVertexNormals.cpp for CXX dependencies
[333/383] Scanning /home/alex/Documents/IntrinsicEngine/tests/unit/geometry/Test_PcaPrimitives.cpp for CXX dependencies
[334/383] Scanning /home/alex/Documents/IntrinsicEngine/tests/unit/geometry/Test_Raycast.cpp for CXX dependencies
[335/383] Scanning /home/alex/Documents/IntrinsicEngine/tests/unit/geometry/Test_Curvature.cpp for CXX dependencies
[336/383] Scanning /home/alex/Documents/IntrinsicEngine/tests/unit/geometry/Test_Grid.cpp for CXX dependencies
[337/383] Scanning /home/alex/Documents/IntrinsicEngine/tests/unit/geometry/Test_GeometryQueries.cpp for CXX dependencies
[338/383] Scanning /home/alex/Documents/IntrinsicEngine/tests/unit/geometry/Test_Overlap.cpp for CXX dependencies
[339/383] Scanning /home/alex/Documents/IntrinsicEngine/tests/unit/geometry/Test_Containment.cpp for CXX dependencies
[340/383] Scanning /home/alex/Documents/IntrinsicEngine/tests/unit/geometry/Test.SupportRadius.cpp for CXX dependencies
[341/383] Scanning /home/alex/Documents/IntrinsicEngine/tests/unit/geometry/Test_ImplicitPlaneField.cpp for CXX dependencies
[342/383] Scanning /home/alex/Documents/IntrinsicEngine/tests/unit/geometry/Test_Support.cpp for CXX dependencies
[343/383] Scanning /home/alex/Documents/IntrinsicEngine/tests/unit/geometry/Test_MarchingCubes.cpp for CXX dependencies
[344/383] Scanning /home/alex/Documents/IntrinsicEngine/tests/unit/geometry/Test_Simplification.cpp for CXX dependencies
[345/383] Scanning /home/alex/Documents/IntrinsicEngine/tests/unit/geometry/Test.GeodesicVirtualSource.cpp for CXX dependencies
[346/383] Scanning /home/alex/Documents/IntrinsicEngine/tests/unit/geometry/Test_VectorHeatMethod.cpp for CXX dependencies
[347/383] Scanning /home/alex/Documents/IntrinsicEngine/tests/unit/geometry/Test_ShortestPath.cpp for CXX dependencies
[348/383] Scanning /home/alex/Documents/IntrinsicEngine/tests/unit/geometry/Test_Geodesic.cpp for CXX dependencies
[349/383] Scanning /home/alex/Documents/IntrinsicEngine/tests/unit/geometry/Test_Smoothing.cpp for CXX dependencies
[350/383] Scanning /home/alex/Documents/IntrinsicEngine/tests/unit/geometry/Test_Subdivision.cpp for CXX dependencies
[351/383] Scanning /home/alex/Documents/IntrinsicEngine/tests/unit/geometry/Test.PointCloudFeatures.cpp for CXX dependencies
[352/383] Scanning /home/alex/Documents/IntrinsicEngine/tests/unit/geometry/Test.SurfaceSampling.cpp for CXX dependencies
[353/383] Scanning /home/alex/Documents/IntrinsicEngine/tests/unit/geometry/Test.PointCloudNormals.cpp for CXX dependencies
[354/383] Scanning /home/alex/Documents/IntrinsicEngine/tests/unit/geometry/Test.QualityMetrics.cpp for CXX dependencies
[355/383] Scanning /home/alex/Documents/IntrinsicEngine/tests/unit/geometry/Test.Sampling.cpp for CXX dependencies
[356/383] Scanning /home/alex/Documents/IntrinsicEngine/tests/unit/geometry/Test.KeypointAnalysis.cpp for CXX dependencies
[357/383] Scanning /home/alex/Documents/IntrinsicEngine/tests/unit/geometry/Test.PointCloudConsolidation.cpp for CXX dependencies
[358/383] Scanning /home/alex/Documents/IntrinsicEngine/tests/unit/geometry/Test.PointCloudKernels.cpp for CXX dependencies
[359/383] Scanning /home/alex/Documents/IntrinsicEngine/tests/unit/geometry/Test_PointCloudRobustness.cpp for CXX dependencies
[360/383] Scanning /home/alex/Documents/IntrinsicEngine/tests/unit/geometry/Test.DescriptorAnalysis.cpp for CXX dependencies
[361/383] Scanning /home/alex/Documents/IntrinsicEngine/tests/unit/geometry/Test_Registration.cpp for CXX dependencies
[362/383] Scanning /home/alex/Documents/IntrinsicEngine/tests/unit/geometry/Test.PointCloudOutlierRemoval.cpp for CXX dependencies
[363/383] Generating CXX dyndep file tests/CMakeFiles/TestSupportObjs.dir/CXX.dd
[364/383] Scanning /home/alex/Documents/IntrinsicEngine/tests/unit/geometry/Test.KernelDensity.cpp for CXX dependencies
[365/383] Scanning /home/alex/Documents/IntrinsicEngine/tests/unit/geometry/Test.PointSpacing.cpp for CXX dependencies
[366/383] Scanning /home/alex/Documents/IntrinsicEngine/tests/unit/geometry/Test.LocalDistanceRatio.cpp for CXX dependencies
[367/383] Scanning /home/alex/Documents/IntrinsicEngine/tests/unit/geometry/Test.IntersectionClassification.cpp for CXX dependencies
[368/383] Scanning /home/alex/Documents/IntrinsicEngine/tests/unit/geometry/Test.BilateralPointFilter.cpp for CXX dependencies
[369/383] Scanning /home/alex/Documents/IntrinsicEngine/tests/unit/geometry/Test.RaycastClassify.cpp for CXX dependencies
[370/383] Scanning /home/alex/Documents/IntrinsicEngine/tests/unit/geometry/Test.RobustPredicates.cpp for CXX dependencies
[371/383] Scanning /home/alex/Documents/IntrinsicEngine/tests/unit/geometry/Test.Sparse.cpp for CXX dependencies
[372/383] Scanning /home/alex/Documents/IntrinsicEngine/tests/unit/geometry/Test.LinearAlgebra.cpp for CXX dependencies
[373/383] Scanning /home/alex/Documents/IntrinsicEngine/tests/unit/geometry/Test.SignedHeatMethod.cpp for CXX dependencies
[374/383] Scanning /home/alex/Documents/IntrinsicEngine/tests/unit/geometry/Test.SparseFactorization.cpp for CXX dependencies
[375/383] Scanning /home/alex/Documents/IntrinsicEngine/tests/unit/geometry/Test.SubmeshViewDomainBorrows.cpp for CXX dependencies
[376/383] Scanning /home/alex/Documents/IntrinsicEngine/tests/unit/geometry/Test.SparseNonsymmetric.cpp for CXX dependencies
[377/383] Scanning /home/alex/Documents/IntrinsicEngine/tests/unit/geometry/Test_SubmeshView.cpp for CXX dependencies
[378/383] Generating CXX dyndep file tests/CMakeFiles/GeometryTestObjs.dir/CXX.dd
[379/383] Building CXX object src/geometry/CMakeFiles/IntrinsicGeometry.dir/Geometry.PointCloud.Consolidation.cpp.o
[380/383] Linking CXX static library lib/libIntrinsicGeometry.a
[381/383] Building CXX object tests/CMakeFiles/GeometryTestObjs.dir/unit/geometry/Test.PointCloudKernels.cpp.o
[382/383] Building CXX object tests/CMakeFiles/GeometryTestObjs.dir/unit/geometry/Test.PointCloudConsolidation.cpp.o
[383/383] Linking CXX executable bin/IntrinsicGeometryTests
