Internal ctest changing into directory: /home/alex/Documents/IntrinsicEngine/build/ci
Test project /home/alex/Documents/IntrinsicEngine/build/ci
      Start 2681: PointCloudKernels.RadialWeightsMatchDocumentedClosedForms
 1/16 Test #2681: PointCloudKernels.RadialWeightsMatchDocumentedClosedForms ...................   Passed    0.01 sec
      Start 2682: PointCloudKernels.RadialWeightsFailClosed
 2/16 Test #2682: PointCloudKernels.RadialWeightsFailClosed ...................................   Passed    0.00 sec
      Start 2683: PointCloudKernels.RadialWeightsPreserveZeroDistanceAtExtremeSupportScales
 3/16 Test #2683: PointCloudKernels.RadialWeightsPreserveZeroDistanceAtExtremeSupportScales ...   Passed    0.00 sec
      Start 2684: PointCloudKernels.DirectionalWeightMatchesEdgeAwareEquation
 4/16 Test #2684: PointCloudKernels.DirectionalWeightMatchesEdgeAwareEquation .................   Passed    0.00 sec
      Start 2685: PointCloudKernels.DirectionalWeightFailsClosed
 5/16 Test #2685: PointCloudKernels.DirectionalWeightFailsClosed ..............................   Passed    0.00 sec
      Start 2686: PointCloudKernels.LinearRepulsionHasFiniteZeroLimit
 6/16 Test #2686: PointCloudKernels.LinearRepulsionHasFiniteZeroLimit .........................   Passed    0.01 sec
      Start 2687: PointCloudKernels.DensityDistinguishesDenseClusterFromSparseTail
 7/16 Test #2687: PointCloudKernels.DensityDistinguishesDenseClusterFromSparseTail ............   Passed    0.01 sec
      Start 2688: PointCloudKernels.UniformGridInteriorHasConstantDensity
 8/16 Test #2688: PointCloudKernels.UniformGridInteriorHasConstantDensity .....................   Passed    0.01 sec
      Start 2689: PointCloudKernels.SuppliedIndexAndRepeatedRunsAreBitwiseDeterministic
 9/16 Test #2689: PointCloudKernels.SuppliedIndexAndRepeatedRunsAreBitwiseDeterministic .......   Passed    0.01 sec
      Start 2690: PointCloudKernels.RadiusScratchPreservesDensityWeightsAcrossReuse
10/16 Test #2690: PointCloudKernels.RadiusScratchPreservesDensityWeightsAcrossReuse ...........   Passed    0.01 sec
      Start 2691: PointCloudKernels.DensityBroadPhaseIncludesDoubleSupportBoundary
11/16 Test #2691: PointCloudKernels.DensityBroadPhaseIncludesDoubleSupportBoundary ............   Passed    0.01 sec
      Start 2692: PointCloudKernels.DensityFailuresPublishNoWeights
12/16 Test #2692: PointCloudKernels.DensityFailuresPublishNoWeights ...........................   Passed    0.01 sec
      Start 2693: PointCloudKernels.DensityIncludesTinySupportAcrossInternalNodes
13/16 Test #2693: PointCloudKernels.DensityIncludesTinySupportAcrossInternalNodes .............   Passed    0.01 sec
      Start 2694: PointCloudKernels.SuppliedDensityRowsPreserveKernelsAndFilterShell
14/16 Test #2694: PointCloudKernels.SuppliedDensityRowsPreserveKernelsAndFilterShell ..........   Passed    0.01 sec
      Start 2695: PointCloudKernels.InvalidDensityRowsPublishNoWeights
15/16 Test #2695: PointCloudKernels.InvalidDensityRowsPublishNoWeights ........................   Passed    0.01 sec
      Start 2696: PointCloudKernels.ConservativeRadiusRetainsExtremeReferenceSupport
16/16 Test #2696: PointCloudKernels.ConservativeRadiusRetainsExtremeReferenceSupport ..........   Passed    0.00 sec

100% tests passed, 0 tests failed out of 16

Label Time Summary:
geometry    =   0.09 sec*proc (16 tests)
unit        =   0.09 sec*proc (16 tests)

Total Test time (real) =   0.43 sec
