Wrote /tmp/tmpevmm3o67/stats.json
success elapsed: 0.015 s
failure elapsed: 0.018 s
Internal ctest changing into directory: /tmp/tmpsg89h567/build
Test project /tmp/tmpsg89h567/build
    Start 1: Owner.ExactCase
1/1 Test #1: Owner.ExactCase ..................   Passed    0.00 sec

100% tests passed, 0 tests failed out of 1

Label Time Summary:
unit-geometry    =   0.00 sec*proc (1 test)

Total Test time (real) =   0.00 sec
Internal ctest changing into directory: /tmp/tmpsg89h567/build
Test project /tmp/tmpsg89h567/build
    Start 2: Smoke.ExactCase
1/1 Test #2: Smoke.ExactCase ..................   Passed    0.00 sec

100% tests passed, 0 tests failed out of 1

Label Time Summary:
integration-runtime-graphics    =   0.00 sec*proc (1 test)

Total Test time (real) =   0.00 sec
Internal ctest changing into directory: /tmp/tmp_uiwf69v/build
Test project /tmp/tmp_uiwf69v/build
    Start 1: Fixture.ExactCase
1/1 Test #1: Fixture.ExactCase ................   Passed    0.00 sec

100% tests passed, 0 tests failed out of 1

Label Time Summary:
geometry    =   0.00 sec*proc (1 test)

Total Test time (real) =   0.00 sec
Workflow naming check passed: file names, top-level names, trigger sections, and readability gates are valid.
