Workflow evidence findings:
 [WARNING] skipped_checks[0]: explicitly skipped: gpu-vulkan (GPU/Vulkan execution was not run because stale overwrite, lifetime, and editor readiness are backend-neutral CPU/runtime contracts.)
 [WARNING] skipped_checks[0]: explicitly skipped: gpu-vulkan (No RHI, shader, backend, or command-recording behavior changed; registration is a CPU operation with no backend promotion axis.)
 [WARNING] skipped_checks[1]: explicitly skipped: asan-ubsan (No allocation, ownership, or asynchronous lifetime changed; the added snapshot vector follows the same lifetime as the position snapshot beside it.)
 [WARNING] skipped_checks[0]: explicitly skipped: gpu-vulkan (No graphics, RHI, shader, backend, or byte-layout behavior changed; this is a CPU geometry free function.)
 [WARNING] skipped_checks[1]: explicitly skipped: benchmark (No performance claim is made; the added sort is over occupied cells only and the task is a correctness fix.)
 [WARNING] skipped_checks[0]: explicitly skipped: gpu-vulkan (No graphics, RHI, shader, backend, or byte-layout behavior changed; this is a CPU geometry solve.)
 [WARNING] skipped_checks[1]: explicitly skipped: benchmark (No performance claim is made; the reduced system is the same size as before and this is a correctness fix.)
 [WARNING] skipped_checks[0]: explicitly skipped: cxx-build (No engine source, module, CMake, or compiled test changed; the complete Python custody/workflow suites and strict repository validators are the strongest relevant gates.)
 [WARNING] skipped_checks[0]: explicitly skipped: build-and-ctest (No C++ production, test-registration, build, shader, or runtime source changed; the Python validator regression and strict structural gates are the relevant executable proof)
 [WARNING] skipped_checks[0]: explicitly skipped: full-cpu (The changed C++ surface is an opt-in gpu;vulkan benchmark runner; focused ci-vulkan build/passed/unavailable paths plus complete Python custody suites are the strongest relevant gates. METHOD-020 already retained the full 4091-case CPU receipt.)
 [WARNING] skipped_checks[0]: explicitly skipped: full-cpu (Python workflow tooling, policy prose, and Python regressions changed no C++ or runtime surface; the complete 36-case custody suite is the strongest relevant behavioral gate.)
 [WARNING] skipped_checks[0]: explicitly skipped: compiled-test-execution (No C++ source, test body, module, CMake input, label, target, or registration changed; the freshly built registry plus hermetic and both live reconciliation modes are the direct owning gates.)
 [WARNING] skipped_checks[0]: explicitly skipped: compiled-test-execution (No C++ source, test body, module, CMake input, label, target, or registration changed; the fresh built registry plus hermetic and both live reconciliation modes are the direct owning gates.)
 [WARNING] skipped_checks[0]: explicitly skipped: surface-breadth (Generated after the session's later commits landed, so the recorded surface spans 04a48243..HEAD rather than only the retirement commit 6130c7bf; it is a superset that contains this task's changes.)
 [WARNING] skipped_checks[0]: explicitly skipped: gpu-vulkan (No graphics, RHI, shader, backend, or byte-layout behavior changed; this is CPU editor status reporting.)
 [WARNING] skipped_checks[1]: explicitly skipped: benchmark (No performance claim is made; the gate is a comparison on an already-computed count.)
 [WARNING] skipped_checks[0]: explicitly skipped: gpu-vulkan (No RHI, shader, backend, or command-recording behavior changed; the live capture used the ci-vulkan build only to reproduce the reported panels.)
 [WARNING] skipped_checks[1]: explicitly skipped: asan-ubsan (No allocation, ownership, or asynchronous lifetime changed; the dismissal sink reuses the attachment-epoch capture shared by every existing result sink.)
 [WARNING] skipped_checks[0]: explicitly skipped: gpu-vulkan (No graphics, RHI, shader, backend, or byte-layout behavior changed; this is a CPU queue projection.)
 [WARNING] skipped_checks[1]: explicitly skipped: benchmark (No performance claim is made; two switch statements changed.)
 [WARNING] skipped_checks[0]: explicitly skipped: gpu-vulkan (No engine source, backend, shader, RHI, or byte layout changed; this is Python tooling under tools/agents.)
 [WARNING] skipped_checks[1]: explicitly skipped: build-and-ctest (No C++ source, CMake input, module surface, or compiled test is in the surface; the focused tooling regressions and strict structural gates are the strongest relevant evidence.)
 [WARNING] skipped_checks[0]: explicitly skipped: gpu-vulkan (No RHI, shader, backend, or command-recording behavior changed.)
 [WARNING] skipped_checks[1]: explicitly skipped: asan-ubsan (No allocation, ownership, or asynchronous lifetime changed; the added comparisons read meshes and vectors already owned by the surrounding scope.)
 [WARNING] skipped_checks[0]: explicitly skipped: gpu-vulkan (CPU-reference geometry numerics add no RHI, shader, device, or runtime behavior)
 [WARNING] skipped_checks[0]: explicitly skipped: gpu-vulkan (Pure CPU geometry numerics add no device, RHI, shader, or runtime behavior)
 [WARNING] skipped_checks[0]: explicitly skipped: gpu-vulkan (Pure CPU geometry numerics change with no RHI, shader, device, runtime, or Vulkan behavior; METHOD-026 owns any future GPU backend.)
 [ERROR] source.surface[0]: content hash mismatch for ara/logic/claims.md
 [ERROR] source.surface[1]: content hash mismatch for ara/staging/observations.yaml
 [ERROR] source.surface[2]: content hash mismatch for ara/trace/exploration_tree.yaml
 [ERROR] source.surface[9]: content hash mismatch for tasks/SESSION-BRIEF.md
 [ERROR] source.surface[10]: content hash mismatch for tasks/active/README.md
 [ERROR] source.surface: recorded changed-path surface does not match current worktree diff
 [WARNING] skipped_checks[0]: explicitly skipped: sanitizer-gpu (No isolated ASan/UBSan or GPU/Vulkan gate was run because GEOM-071 is a geometry-only CPUContracted contract with no backend path.)
 [ERROR] artifacts[5]: artifact hash mismatch: ara/logic/claims.md
 [WARNING] skipped_checks[0]: explicitly skipped: benchmark (GEOM-075 makes no quality or performance claim for the default policy; METHOD-020 owns backend benchmarks and method-specific tuning requires a separate declared baseline.)
 [WARNING] skipped_checks[1]: explicitly skipped: gpu-vulkan (This task resolves backend-independent world-unit policy only; METHOD-020 owns Vulkan execution and parity.)
 [WARNING] skipped_checks[0]: explicitly skipped: gpu-vulkan (No Vulkan implementation or submission code changed; the deleted module had zero production consumers and existing opt-in backend evidence remains scoped to the retained submit-plan path.)
 [WARNING] skipped_checks[0]: explicitly skipped: gpu-vulkan (No Vulkan implementation, shader, descriptor, or renderer pipeline behavior changed; the deleted cache had zero production consumers and opt-in backend execution remains scoped to PipelineManager/device paths.)
 [WARNING] skipped_checks[0]: explicitly skipped: gpu-vulkan (No RHI, Vulkan, shader, history-resource, renderer call-site, or algorithm behavior changed; focused and complete CPU contracts cover the removed dispatch layer.)
 [WARNING] skipped_checks[0]: explicitly skipped: gpu-vulkan (No RHI, Vulkan, shader, buffer algorithm, Renderer call-site, or resource-lifecycle behavior changed; focused and complete CPU contracts cover the removed dispatch layer.)
 [WARNING] skipped_checks[0]: explicitly skipped: gpu-vulkan (No RHI, Vulkan, shader, buffer algorithm, Renderer call-site, or resource-lifecycle behavior changed; focused and complete CPU contracts cover the removed dispatch layer.)
 [WARNING] skipped_checks[0]: explicitly skipped: gpu-vulkan (No RHI, Vulkan, shader, buffer algorithm, Renderer call-site, or resource-lifecycle behavior changed; focused and complete CPU contracts cover the removed dispatch layer.)
 [WARNING] skipped_checks[0]: explicitly skipped: gpu-vulkan (No graphics/RHI/backend/shader/byte-layout behavior changed; CPU, ASan, and UBSan cover the shared ECS/runtime path and the GPU smoke fixture materializes the same sources)
 [WARNING] skipped_checks[0]: explicitly skipped: promoted-vulkan (Not run for METHOD-019 because the task is CPU-only and adopted no GPU or runtime/UI backend path.)
 [ERROR] source.surface[0]: content hash mismatch for ara/logic/claims.md
 [ERROR] source.surface[1]: content hash mismatch for ara/staging/observations.yaml
 [ERROR] source.surface[2]: content hash mismatch for ara/trace/exploration_tree.yaml
 [ERROR] source.surface[3]: content hash mismatch for benchmarks/CMakeLists.txt
 [ERROR] source.surface[4]: content hash mismatch for benchmarks/geometry/Bench.CurvatureSegmentationReferenceSmoke.hpp
 [ERROR] source.surface[5]: content hash mismatch for benchmarks/geometry/Bench_CurvatureSegmentationReferenceSmoke.cpp
 [ERROR] source.surface[6]: content hash mismatch for benchmarks/geometry/README.md
 [ERROR] source.surface[7]: content hash mismatch for benchmarks/geometry/manifests/curvature_segmentation_reference_smoke.yaml
 [ERROR] source.surface[8]: content hash mismatch for benchmarks/runners/BenchmarkSmokeRunner.cpp
 [ERROR] source.surface[9]: content hash mismatch for docs/api/generated/module_inventory.md
 [ERROR] source.surface[11]: content hash mismatch for docs/architecture/geometry.md
 [ERROR] source.surface[15]: content hash mismatch for methods/geometry/curvature_segmentation/README.md
 [ERROR] source.surface[16]: content hash mismatch for methods/geometry/curvature_segmentation/method.yaml
 [ERROR] source.surface[17]: content hash mismatch for methods/geometry/curvature_segmentation/paper.md
 [ERROR] source.surface[23]: content hash mismatch for src/geometry/CMakeLists.txt
 [ERROR] source.surface[24]: content hash mismatch for src/geometry/Geometry.HalfedgeMesh.CurvatureSegmentation.cpp
 [ERROR] source.surface[25]: content hash mismatch for src/geometry/Geometry.HalfedgeMesh.CurvatureSegmentation.cppm
 [ERROR] source.surface[39]: content hash mismatch for tasks/SESSION-BRIEF.md
 [ERROR] source.surface[41]: content hash mismatch for tasks/backlog/bugs/index.md
 [ERROR] source.surface[43]: content hash mismatch for tasks/backlog/geometry/README.md
 [ERROR] source.surface[44]: content hash mismatch for tasks/backlog/methods/METHOD-038-feature-aligned-remeshing-stable-curvature-segmentation.md
 [ERROR] source.surface[45]: content hash mismatch for tasks/backlog/methods/README.md
 [ERROR] source.surface[47]: content hash mismatch for tasks/done/RETIREMENT-LOG.md
 [ERROR] source.surface[48]: content hash mismatch for tests/CMakeLists.txt
 [ERROR] source.surface[55]: content hash mismatch for tests/unit/geometry/Test.CurvatureSegmentation.cpp
 [ERROR] source.surface: recorded changed-path surface does not match current worktree diff
 [WARNING] skipped_checks[0]: explicitly skipped: promoted-vulkan (Requested during the real editor run but the device remained non-operational after barrier validation; the maturity and ARA claim are explicitly CPU runtime/config/UI only.)
 [WARNING] skipped_checks[1]: explicitly skipped: isolated-asan-ubsan-ctest (The task frozen verification requires the default CPU gate; the combined-sanitizer ci-vulkan executable built, but separate sanitizer CTest variants were not run and are not used for the bounded claim.)
 [ERROR] artifacts[1]: artifact hash mismatch: tasks/evidence/METHOD-037/experiment/inputs/benchmark_result.json
 [ERROR] artifacts[2]: artifact is not a file: tasks/evidence/METHOD-037/experiment/runs/run-002/bundle.yaml
 [ERROR] artifacts[3]: artifact is not a file: tasks/evidence/METHOD-037/experiment/runs/run-002/audit.json
 [WARNING] skipped_checks[0]: explicitly skipped: gpu-vulkan (No GPU or Vulkan physics backend is introduced; Operational is scoped to the real CPU/Null Engine::Run path)
 [WARNING] skipped_checks[1]: explicitly skipped: benchmark (No performance claim is made)
 [WARNING] skipped_checks[0]: explicitly skipped: C++ build and CTest (No engine source, CMake input, module surface, dependency edge, or compiled test changed; focused Python tooling, live graph generation, real Mermaid rendering, and strict structural gates are the strongest relevant subset.)
 [WARNING] skipped_checks[0]: explicitly skipped: gpu-vulkan (No engine source, backend, shader, RHI, runtime behavior, or byte layout changed; the full CPU gate and strict workflow/tooling checks are the relevant evidence)
 [WARNING] skipped_checks[0]: explicitly skipped: gpu-vulkan (No engine source, backend, shader, RHI, or byte-layout changed; this task touches tools/agents, its regressions, and docs only.)
 [WARNING] skipped_checks[1]: explicitly skipped: build-and-ctest (No C++ source, CMake input, module surface, or compiled test is in the surface; the focused Python regressions and strict structural gates are the strongest relevant evidence.)
 [WARNING] skipped_checks[0]: explicitly skipped: gpu-vulkan (No graphics, RHI, Vulkan, shader, resource, command-recording, or device-selection source changed; this audit-only candidate uses the fresh complete CPU baseline plus structural checks.)
 [WARNING] skipped_checks[1]: explicitly skipped: asan-ubsan (No executable source, allocation, ownership, lifetime, or concurrency behavior changed; sanitizer variants would not add candidate-specific coverage beyond the fresh baseline audit.)
 [WARNING] skipped_checks[0]: explicitly skipped: build-and-ctest (No engine source, CMake input, module surface, or compiled test changed; exact inventory probes and strict task/docs validators are the strongest relevant gates.)
 [WARNING] skipped_checks[0]: explicitly skipped: build_and_ctest (No production, test, build, or shader source changed; structural and documentation gates are the strongest relevant checks)
 [WARNING] skipped_checks[0]: explicitly skipped: gpu-vulkan (Cleanup does not change the implemented byte layout, shader inputs, or promoted backend)
 [WARNING] skipped_checks[0]: explicitly skipped: optimized-or-gpu-method-backend (Explicit task non-goal: METHOD-019 and METHOD-020 own evidence-gated optimized CPU and Vulkan implementations; RUNTIME-175 intentionally exposes no placeholder selector or fallback telemetry.)
 [WARNING] skipped_checks[0]: explicitly skipped: gpu-vulkan (No Vulkan backend behavior, RHI contract, shader, or promoted-device composition changed.)
 [WARNING] skipped_checks[0]: explicitly skipped: gpu-vulkan (No backend or command-recording behavior changed; this slice only moved the existing renderer-hook lifecycle into its sole production owner)
 [WARNING] skipped_checks[0]: explicitly skipped: gpu-vulkan (No graphics/RHI/backend/shader/byte-layout behavior changed; CPU and sanitizer owner-level tests cover the relocated runtime policy)
 [WARNING] skipped_checks[0]: explicitly skipped: gpu-vulkan (No shader, RHI, Vulkan backend, byte-layout, or GPU execution behavior changed; full CPU plus isolated ASan/UBSan gates exercise the shared runtime/property/history path.)
 [WARNING] skipped_checks[0]: explicitly skipped: gpu-vulkan (No shader, RHI, Vulkan backend, byte-layout, or compute-execution behavior changed; requested GPU execution deliberately follows the tested CPU-reference fallback path and METHOD-014 retains parity ownership.)
 [WARNING] skipped_checks[0]: explicitly skipped: gpu-vulkan (No graphics/RHI/backend/shader/byte-layout behavior changed; focused runtime and full CPU owner-level execution cover the shared composition path.)
 [WARNING] skipped_checks[0]: explicitly skipped: gpu-vulkan (No RHI, Vulkan backend, shader, resource, command-recording, or device-selection behavior changed; focused and complete CPU owner-level execution covers the relocated composition.)
 [WARNING] skipped_checks[1]: explicitly skipped: asan-ubsan (No allocation, pointer ownership, asynchronous lifetime, container, or backend lifetime changed; direct operations are byte-for-byte the former adapter bodies and complete CPU lifecycle coverage is green.)
 [WARNING] skipped_checks[0]: explicitly skipped: pointer-driven-vulkan-panel (GNOME ScreenSaver reported active and intercepted synthetic desktop input; bypassing the user lock was out of scope, while the promoted executable build/launch and 40-case canonical app suite passed.)
 [WARNING] skipped_checks[0]: explicitly skipped: GPU/Vulkan execution (UI-038 changes app registration and copied CPU readiness only; METHOD-014 owns operational Vulkan compute/parity.)
 [WARNING] skipped_checks[1]: explicitly skipped: Sanitizer variants (The public-model field and ImGui registration change selected 4006 CPU cases, passed 4005, and explicitly skipped the environment-gated GLFW/LeakSanitizer case; no ownership, allocator, or backend lifetime changed.)
 [WARNING] skipped_checks[2]: explicitly skipped: Sandbox screenshots (The repository has no checked-in Sandbox screenshot corpus; the real headless ImGui integration test renders all three windows.)
 [WARNING] skipped_checks[0]: explicitly skipped: sanitizers (No ownership, allocator, asynchronous lifetime, or backend lifetime changed; the full CPU selector and focused runtime/editor integration suite are the strongest relevant checks)
 [WARNING] skipped_checks[1]: explicitly skipped: gpu-vulkan (UI-039 changes CPU/Null discovery and runtime routing only; METHOD-020 owns LOP-family Vulkan backend and parity evidence)
 [WARNING] skipped_checks[2]: explicitly skipped: benchmark (No performance claim is made)
 [WARNING] skipped_checks[3]: explicitly skipped: sandbox-screenshot (The repository has no checked-in Sandbox screenshot corpus; source-backed panel contracts and headless integration tests are the durable UI evidence)
Workflow evidence validation: 36 error(s), 68 warning(s).
