[source-documentation] files=3 interfaces=0 cpp=0 readmes=3 errors=0 review=69
[source-documentation] rules: readme-chronology=66, readme-large=2, readme-manual-inventory=1
REVIEW src/graphics/vulkan/README.md:1 [readme-large] README has 868 lines; verify it remains a concise entry point
REVIEW src/graphics/vulkan/README.md:20 [readme-chronology] verify this is a concise link to an authoritative record rather than embedded chronology
REVIEW src/graphics/vulkan/README.md:33 [readme-chronology] verify this is a concise link to an authoritative record rather than embedded chronology
REVIEW src/graphics/vulkan/README.md:74 [readme-chronology] verify this is a concise link to an authoritative record rather than embedded chronology
REVIEW src/graphics/vulkan/README.md:77 [readme-chronology] verify this is a concise link to an authoritative record rather than embedded chronology
REVIEW src/graphics/vulkan/README.md:133 [readme-chronology] verify this is a concise link to an authoritative record rather than embedded chronology
REVIEW src/graphics/vulkan/README.md:165 [readme-chronology] verify this is a concise link to an authoritative record rather than embedded chronology
REVIEW src/graphics/vulkan/README.md:166 [readme-chronology] verify this is a concise link to an authoritative record rather than embedded chronology
REVIEW src/graphics/vulkan/README.md:198 [readme-chronology] verify this is a concise link to an authoritative record rather than embedded chronology
REVIEW src/graphics/vulkan/README.md:208 [readme-chronology] verify this is a concise link to an authoritative record rather than embedded chronology
REVIEW src/graphics/vulkan/README.md:242 [readme-chronology] verify this is a concise link to an authoritative record rather than embedded chronology
REVIEW src/graphics/vulkan/README.md:262 [readme-chronology] verify this is a concise link to an authoritative record rather than embedded chronology
REVIEW src/graphics/vulkan/README.md:298 [readme-chronology] verify this is a concise link to an authoritative record rather than embedded chronology
REVIEW src/graphics/vulkan/README.md:324 [readme-chronology] verify this is a concise link to an authoritative record rather than embedded chronology
REVIEW src/graphics/vulkan/README.md:337 [readme-chronology] verify this is a concise link to an authoritative record rather than embedded chronology
REVIEW src/graphics/vulkan/README.md:351 [readme-chronology] verify this is a concise link to an authoritative record rather than embedded chronology
REVIEW src/graphics/vulkan/README.md:368 [readme-chronology] verify this is a concise link to an authoritative record rather than embedded chronology
REVIEW src/graphics/vulkan/README.md:382 [readme-chronology] verify this is a concise link to an authoritative record rather than embedded chronology
REVIEW src/graphics/vulkan/README.md:400 [readme-chronology] verify this is a concise link to an authoritative record rather than embedded chronology
REVIEW src/graphics/vulkan/README.md:403 [readme-chronology] verify this is a concise link to an authoritative record rather than embedded chronology
REVIEW src/graphics/vulkan/README.md:407 [readme-chronology] verify this is a concise link to an authoritative record rather than embedded chronology
REVIEW src/graphics/vulkan/README.md:408 [readme-chronology] verify this is a concise link to an authoritative record rather than embedded chronology
REVIEW src/graphics/vulkan/README.md:436 [readme-chronology] verify this is a concise link to an authoritative record rather than embedded chronology
REVIEW src/graphics/vulkan/README.md:459 [readme-chronology] verify this is a concise link to an authoritative record rather than embedded chronology
REVIEW src/graphics/vulkan/README.md:460 [readme-chronology] verify this is a concise link to an authoritative record rather than embedded chronology
REVIEW src/graphics/vulkan/README.md:470 [readme-chronology] verify this is a concise link to an authoritative record rather than embedded chronology
REVIEW src/graphics/vulkan/README.md:474 [readme-chronology] verify this is a concise link to an authoritative record rather than embedded chronology
REVIEW src/graphics/vulkan/README.md:500 [readme-chronology] verify this is a concise link to an authoritative record rather than embedded chronology
REVIEW src/graphics/vulkan/README.md:511 [readme-chronology] verify this is a concise link to an authoritative record rather than embedded chronology
REVIEW src/graphics/vulkan/README.md:534 [readme-chronology] verify this is a concise link to an authoritative record rather than embedded chronology
REVIEW src/graphics/vulkan/README.md:538 [readme-chronology] verify this is a concise link to an authoritative record rather than embedded chronology
REVIEW src/graphics/vulkan/README.md:540 [readme-chronology] verify this is a concise link to an authoritative record rather than embedded chronology
REVIEW src/graphics/vulkan/README.md:547 [readme-chronology] verify this is a concise link to an authoritative record rather than embedded chronology
REVIEW src/graphics/vulkan/README.md:554 [readme-chronology] verify this is a concise link to an authoritative record rather than embedded chronology
REVIEW src/graphics/vulkan/README.md:555 [readme-chronology] verify this is a concise link to an authoritative record rather than embedded chronology
REVIEW src/graphics/vulkan/README.md:556 [readme-chronology] verify this is a concise link to an authoritative record rather than embedded chronology
REVIEW src/graphics/vulkan/README.md:562 [readme-chronology] verify this is a concise link to an authoritative record rather than embedded chronology
REVIEW src/graphics/vulkan/README.md:576 [readme-chronology] verify this is a concise link to an authoritative record rather than embedded chronology
REVIEW src/graphics/vulkan/README.md:602 [readme-chronology] verify this is a concise link to an authoritative record rather than embedded chronology
REVIEW src/graphics/vulkan/README.md:625 [readme-chronology] verify this is a concise link to an authoritative record rather than embedded chronology
REVIEW src/graphics/vulkan/README.md:645 [readme-chronology] verify this is a concise link to an authoritative record rather than embedded chronology
REVIEW src/graphics/vulkan/README.md:648 [readme-chronology] verify this is a concise link to an authoritative record rather than embedded chronology
REVIEW src/graphics/vulkan/README.md:659 [readme-chronology] verify this is a concise link to an authoritative record rather than embedded chronology
REVIEW src/graphics/vulkan/README.md:671 [readme-chronology] verify this is a concise link to an authoritative record rather than embedded chronology
REVIEW src/graphics/vulkan/README.md:688 [readme-chronology] verify this is a concise link to an authoritative record rather than embedded chronology
REVIEW src/graphics/vulkan/README.md:694 [readme-chronology] verify this is a concise link to an authoritative record rather than embedded chronology
REVIEW src/graphics/vulkan/README.md:704 [readme-chronology] verify this is a concise link to an authoritative record rather than embedded chronology
REVIEW src/graphics/vulkan/README.md:713 [readme-chronology] verify this is a concise link to an authoritative record rather than embedded chronology
REVIEW src/graphics/vulkan/README.md:741 [readme-chronology] verify this is a concise link to an authoritative record rather than embedded chronology
REVIEW src/graphics/vulkan/README.md:802 [readme-manual-inventory] large hand-maintained inventory; prefer stable entry points or generated documentation
REVIEW src/graphics/vulkan/README.md:816 [readme-chronology] verify this is a concise link to an authoritative record rather than embedded chronology
REVIEW src/graphics/vulkan/README.md:824 [readme-chronology] verify this is a concise link to an authoritative record rather than embedded chronology
REVIEW src/platform/README.md:107 [readme-chronology] verify this is a concise link to an authoritative record rather than embedded chronology
REVIEW tests/README.md:1 [readme-large] README has 469 lines; verify it remains a concise entry point
REVIEW tests/README.md:8 [readme-chronology] verify this is a concise link to an authoritative record rather than embedded chronology
REVIEW tests/README.md:73 [readme-chronology] verify this is a concise link to an authoritative record rather than embedded chronology
REVIEW tests/README.md:138 [readme-chronology] verify this is a concise link to an authoritative record rather than embedded chronology
REVIEW tests/README.md:139 [readme-chronology] verify this is a concise link to an authoritative record rather than embedded chronology
REVIEW tests/README.md:192 [readme-chronology] verify this is a concise link to an authoritative record rather than embedded chronology
REVIEW tests/README.md:207 [readme-chronology] verify this is a concise link to an authoritative record rather than embedded chronology
REVIEW tests/README.md:265 [readme-chronology] verify this is a concise link to an authoritative record rather than embedded chronology
REVIEW tests/README.md:268 [readme-chronology] verify this is a concise link to an authoritative record rather than embedded chronology
REVIEW tests/README.md:353 [readme-chronology] verify this is a concise link to an authoritative record rather than embedded chronology
REVIEW tests/README.md:356 [readme-chronology] verify this is a concise link to an authoritative record rather than embedded chronology
REVIEW tests/README.md:370 [readme-chronology] verify this is a concise link to an authoritative record rather than embedded chronology
REVIEW tests/README.md:388 [readme-chronology] verify this is a concise link to an authoritative record rather than embedded chronology
REVIEW tests/README.md:403 [readme-chronology] verify this is a concise link to an authoritative record rather than embedded chronology
REVIEW tests/README.md:408 [readme-chronology] verify this is a concise link to an authoritative record rather than embedded chronology
REVIEW tests/README.md:413 [readme-chronology] verify this is a concise link to an authoritative record rather than embedded chronology
