Internal ctest changing into directory: /tmp/intrinsic-geometry-e2e.GJlhXS/build/ci
Test project /tmp/intrinsic-geometry-e2e.GJlhXS/build/ci
      Start 2380: AndersonAcceleration.ContractionUsesFiniteSafeguardedMix
 1/13 Test #2380: AndersonAcceleration.ContractionUsesFiniteSafeguardedMix ...................   Passed    0.00 sec
      Start 2381: AndersonAcceleration.DimensionChangesResetPrivateHistory
 2/13 Test #2381: AndersonAcceleration.DimensionChangesResetPrivateHistory ...................   Passed    0.00 sec
      Start 2382: AndersonAcceleration.ExtremeFiniteInputsFailClosedWithoutHistoryMutation
 3/13 Test #2382: AndersonAcceleration.ExtremeFiniteInputsFailClosedWithoutHistoryMutation ...   Passed    0.00 sec
      Start 2383: AndersonAcceleration.SafeguardAndSingularMixFallBackToPlainStep
 4/13 Test #2383: AndersonAcceleration.SafeguardAndSingularMixFallBackToPlainStep ............   Passed    0.00 sec
      Start 2384: AndersonAcceleration.ZeroDampingPublishesThePlainMappedValue
 5/13 Test #2384: AndersonAcceleration.ZeroDampingPublishesThePlainMappedValue ...............   Passed    0.00 sec
      Start 2385: GaussianMixture.KMeansPlusPlusInitializationIsSeedDeterministic
 6/13 Test #2385: GaussianMixture.KMeansPlusPlusInitializationIsSeedDeterministic ............   Passed    0.00 sec
      Start 2386: GaussianMixture.IdentityLogPdfAndSeededSampleAreDeterministic
 7/13 Test #2386: GaussianMixture.IdentityLogPdfAndSeededSampleAreDeterministic ..............   Passed    0.00 sec
      Start 2387: GaussianMixture.CovarianceSymmetryCheckIsScaleAware
 8/13 Test #2387: GaussianMixture.CovarianceSymmetryCheckIsScaleAware ........................   Passed    0.00 sec
      Start 2388: GaussianMixture.RecoversSeparatedComponentsAndMonotonicLikelihood
 9/13 Test #2388: GaussianMixture.RecoversSeparatedComponentsAndMonotonicLikelihood ..........   Passed    0.00 sec
      Start 2389: GaussianMixture.RecoversThreeSeparatedComponents
10/13 Test #2389: GaussianMixture.RecoversThreeSeparatedComponents ...........................   Passed    0.00 sec
      Start 2390: GaussianMixture.AndersonMatchesPlainEmWithoutMoreIterations
11/13 Test #2390: GaussianMixture.AndersonMatchesPlainEmWithoutMoreIterations ................   Passed    0.04 sec
      Start 2391: GaussianMixture.CoincidentPointsUseCovarianceFloorDeterministically
12/13 Test #2391: GaussianMixture.CoincidentPointsUseCovarianceFloorDeterministically ........   Passed    0.00 sec
      Start 2392: GaussianMixture.InvalidInputsFailClosed
13/13 Test #2392: GaussianMixture.InvalidInputsFailClosed ....................................   Passed    0.00 sec

100% tests passed, 0 tests failed out of 13

Label Time Summary:
geometry    =   0.09 sec*proc (13 tests)
unit        =   0.09 sec*proc (13 tests)

Total Test time (real) =   0.25 sec
