[0/2] Re-checking globbed directories...
[1/346] Scanning /tmp/intrinsic-geometry-e2e.GJlhXS/src/core/Core.FrameLoop.cpp for CXX dependencies
[2/346] Scanning /tmp/intrinsic-geometry-e2e.GJlhXS/src/core/Core.Dag.Scheduler.Hazards.cpp for CXX dependencies
[3/346] Scanning /tmp/intrinsic-geometry-e2e.GJlhXS/src/core/Core.Tasks.Stats.cpp for CXX dependencies
[4/346] Scanning /tmp/intrinsic-geometry-e2e.GJlhXS/src/core/Core.Tasks.Dispatch.cpp for CXX dependencies
[5/346] Scanning /tmp/intrinsic-geometry-e2e.GJlhXS/src/core/Core.FrameGraph.cpp for CXX dependencies
[6/346] Scanning /tmp/intrinsic-geometry-e2e.GJlhXS/src/core/Core.Tasks.Job.cpp for CXX dependencies
[7/346] Scanning /tmp/intrinsic-geometry-e2e.GJlhXS/src/core/Core.IOBackend.cpp for CXX dependencies
[8/346] Scanning /tmp/intrinsic-geometry-e2e.GJlhXS/src/core/Core.Tasks.CounterEvent.cpp for CXX dependencies
[9/346] Scanning /tmp/intrinsic-geometry-e2e.GJlhXS/src/core/Core.Filesystem.PathResolver.cpp for CXX dependencies
[10/346] Scanning /tmp/intrinsic-geometry-e2e.GJlhXS/src/core/Core.Tasks.WaitToken.cpp for CXX dependencies
[11/346] Scanning /tmp/intrinsic-geometry-e2e.GJlhXS/src/core/Core.Dag.Scheduler.cpp for CXX dependencies
[12/346] Scanning /tmp/intrinsic-geometry-e2e.GJlhXS/src/core/Core.Telemetry.cpp for CXX dependencies
[13/346] Scanning /tmp/intrinsic-geometry-e2e.GJlhXS/src/core/Core.Filesystem.cpp for CXX dependencies
[14/346] Scanning /tmp/intrinsic-geometry-e2e.GJlhXS/src/core/Core.Process.cpp for CXX dependencies
[15/346] Scanning /tmp/intrinsic-geometry-e2e.GJlhXS/src/core/Core.Tasks.Lifecycle.cpp for CXX dependencies
[16/346] Scanning /tmp/intrinsic-geometry-e2e.GJlhXS/src/core/Core.Logging.cpp for CXX dependencies
[17/346] Scanning /tmp/intrinsic-geometry-e2e.GJlhXS/src/core/Core.Config.EngineLoad.cpp for CXX dependencies
[18/346] Scanning /tmp/intrinsic-geometry-e2e.GJlhXS/src/core/Core.Dag.Scheduler.Policy.cppm for CXX dependencies
[19/346] Scanning /tmp/intrinsic-geometry-e2e.GJlhXS/src/core/Core.Dag.TaskGraph.cpp for CXX dependencies
[20/346] Scanning /tmp/intrinsic-geometry-e2e.GJlhXS/src/core/Core.BoundedHeap.cppm for CXX dependencies
[21/346] Scanning /tmp/intrinsic-geometry-e2e.GJlhXS/src/core/Core.IndexedHeap.cppm for CXX dependencies
[22/346] Scanning /tmp/intrinsic-geometry-e2e.GJlhXS/src/core/Core.Tasks.Worker.cpp for CXX dependencies
[23/346] Scanning /tmp/intrinsic-geometry-e2e.GJlhXS/src/core/Core.Config.Window.cppm for CXX dependencies
[24/346] Scanning /tmp/intrinsic-geometry-e2e.GJlhXS/src/core/Core.Dag.Scheduler.Types.cppm for CXX dependencies
[25/346] Scanning /tmp/intrinsic-geometry-e2e.GJlhXS/src/core/Core.Config.EngineLoad.cppm for CXX dependencies
[26/346] Scanning /tmp/intrinsic-geometry-e2e.GJlhXS/src/core/Core.Dag.Scheduler.Hazards.cppm for CXX dependencies
[27/346] Scanning /tmp/intrinsic-geometry-e2e.GJlhXS/src/core/Core.Dag.Scheduler.Compiler.cppm for CXX dependencies
[28/346] Scanning /tmp/intrinsic-geometry-e2e.GJlhXS/src/core/Core.IOBackend.cppm for CXX dependencies
[29/346] Scanning /tmp/intrinsic-geometry-e2e.GJlhXS/src/core/Core.Config.Render.cppm for CXX dependencies
[30/346] Scanning /tmp/intrinsic-geometry-e2e.GJlhXS/src/core/Core.RingBuffer.cppm for CXX dependencies
[31/346] Scanning /tmp/intrinsic-geometry-e2e.GJlhXS/src/core/Core.Dag.Scheduler.cppm for CXX dependencies
[32/346] Scanning /tmp/intrinsic-geometry-e2e.GJlhXS/src/core/Core.Geometry2D.cppm for CXX dependencies
[33/346] Scanning /tmp/intrinsic-geometry-e2e.GJlhXS/src/core/Core.FrameLoop.cppm for CXX dependencies
[34/346] Scanning /tmp/intrinsic-geometry-e2e.GJlhXS/src/core/Core.Config.Engine.cppm for CXX dependencies
[35/346] Scanning /tmp/intrinsic-geometry-e2e.GJlhXS/src/core/Core.Dag.Scheduler.DomainGraph.cppm for CXX dependencies
[36/346] Scanning /tmp/intrinsic-geometry-e2e.GJlhXS/src/core/Core.ResourcePool.cppm for CXX dependencies
[37/346] Scanning /tmp/intrinsic-geometry-e2e.GJlhXS/src/core/Core.Dag.TaskGraph.cppm for CXX dependencies
[38/346] Scanning /tmp/intrinsic-geometry-e2e.GJlhXS/src/core/Core.FrameGraph.cppm for CXX dependencies
[39/346] Scanning /tmp/intrinsic-geometry-e2e.GJlhXS/src/core/Core.Error.cppm for CXX dependencies
[40/346] Scanning /tmp/intrinsic-geometry-e2e.GJlhXS/src/core/Core.CallbackRegistry.cppm for CXX dependencies
[41/346] Scanning /tmp/intrinsic-geometry-e2e.GJlhXS/src/core/Core.HandleLease.cppm for CXX dependencies
[42/346] Scanning /tmp/intrinsic-geometry-e2e.GJlhXS/src/core/Core.Hash.cppm for CXX dependencies
[43/346] Scanning /tmp/intrinsic-geometry-e2e.GJlhXS/src/core/Core.Process.cppm for CXX dependencies
[44/346] Scanning /tmp/intrinsic-geometry-e2e.GJlhXS/src/core/Core.Memory.Common.cppm for CXX dependencies
[45/346] Scanning /tmp/intrinsic-geometry-e2e.GJlhXS/src/core/Core.Telemetry.cppm for CXX dependencies
[46/346] Scanning /tmp/intrinsic-geometry-e2e.GJlhXS/src/core/Core.Memory.Polymorphic.cppm for CXX dependencies
[47/346] Scanning /tmp/intrinsic-geometry-e2e.GJlhXS/src/core/Core.FrameClock.cppm for CXX dependencies
[48/346] Scanning /tmp/intrinsic-geometry-e2e.GJlhXS/src/core/Core.Memory.Polymorphic.cpp for CXX dependencies
[49/346] Scanning /tmp/intrinsic-geometry-e2e.GJlhXS/src/core/Core.LockFreeQueue.cppm for CXX dependencies
[50/346] Scanning /tmp/intrinsic-geometry-e2e.GJlhXS/src/core/Core.Filesystem.PathResolver.cppm for CXX dependencies
[51/346] Scanning /tmp/intrinsic-geometry-e2e.GJlhXS/src/core/Core.Memory.ScopeStack.cppm for CXX dependencies
[52/346] Scanning /tmp/intrinsic-geometry-e2e.GJlhXS/src/core/Core.Memory.LinearArena.cppm for CXX dependencies
[53/346] Scanning /tmp/intrinsic-geometry-e2e.GJlhXS/src/core/Core.StrongHandle.cppm for CXX dependencies
[54/346] Scanning /tmp/intrinsic-geometry-e2e.GJlhXS/src/core/Core.Tasks.CounterEvent.cppm for CXX dependencies
[55/346] Scanning /tmp/intrinsic-geometry-e2e.GJlhXS/src/core/Core.Tasks.LocalTask.cppm for CXX dependencies
[56/346] Scanning /tmp/intrinsic-geometry-e2e.GJlhXS/src/core/Core.Memory.ScopeStack.cpp for CXX dependencies
[57/346] Scanning /tmp/intrinsic-geometry-e2e.GJlhXS/src/core/Core.Tasks.cppm for CXX dependencies
[58/346] Scanning /tmp/intrinsic-geometry-e2e.GJlhXS/src/core/Core.Logging.cppm for CXX dependencies
[59/346] Scanning /tmp/intrinsic-geometry-e2e.GJlhXS/src/core/Core.Tasks.Internal.cppm for CXX dependencies
[60/346] Scanning /tmp/intrinsic-geometry-e2e.GJlhXS/src/core/Core.Tasks.LocalTask.cpp for CXX dependencies
[61/346] Scanning /tmp/intrinsic-geometry-e2e.GJlhXS/src/core/Core.Filesystem.cppm for CXX dependencies
[62/346] Scanning /tmp/intrinsic-geometry-e2e.GJlhXS/src/core/Core.Memory.LinearArena.cpp for CXX dependencies
[63/346] Scanning /tmp/intrinsic-geometry-e2e.GJlhXS/src/geometry/Geometry.AABB.cpp for CXX dependencies
[64/346] Scanning /tmp/intrinsic-geometry-e2e.GJlhXS/src/geometry/Geometry.Capsule.cpp for CXX dependencies
[65/346] Scanning /tmp/intrinsic-geometry-e2e.GJlhXS/src/core/Core.Tasks.Internal.cpp for CXX dependencies
[66/346] Scanning /tmp/intrinsic-geometry-e2e.GJlhXS/src/geometry/Geometry.ContactManifold.cpp for CXX dependencies
[67/346] Scanning /tmp/intrinsic-geometry-e2e.GJlhXS/src/geometry/Geometry.BVH.cpp for CXX dependencies
[68/346] Scanning /tmp/intrinsic-geometry-e2e.GJlhXS/src/geometry/Geometry.Containment.cpp for CXX dependencies
[69/346] Scanning /tmp/intrinsic-geometry-e2e.GJlhXS/src/geometry/Geometry.ConvexHullBuilder.cpp for CXX dependencies
[70/346] Scanning /tmp/intrinsic-geometry-e2e.GJlhXS/src/geometry/Geometry.Curve.cpp for CXX dependencies
[71/346] Scanning /tmp/intrinsic-geometry-e2e.GJlhXS/src/geometry/Geometry.EPA.cpp for CXX dependencies
[72/346] Scanning /tmp/intrinsic-geometry-e2e.GJlhXS/src/geometry/Geometry.FixedPoint.Anderson.cpp for CXX dependencies
[73/346] Scanning /tmp/intrinsic-geometry-e2e.GJlhXS/src/geometry/Geometry.ConvexHull.cpp for CXX dependencies
[74/346] Scanning /tmp/intrinsic-geometry-e2e.GJlhXS/src/geometry/Geometry.Ellipsoid.cpp for CXX dependencies
[75/346] Scanning /tmp/intrinsic-geometry-e2e.GJlhXS/src/geometry/Geometry.Cylinder.cpp for CXX dependencies
[76/346] Scanning /tmp/intrinsic-geometry-e2e.GJlhXS/src/geometry/Geometry.Frustum.cpp for CXX dependencies
[77/346] Generating CXX dyndep file src/core/CMakeFiles/ExtrinsicCore.dir/CXX.dd
[78/346] Scanning /tmp/intrinsic-geometry-e2e.GJlhXS/src/geometry/Geometry.GaussianMixture.cpp for CXX dependencies
[79/346] Scanning /tmp/intrinsic-geometry-e2e.GJlhXS/src/geometry/Geometry.Grid.cpp for CXX dependencies
[80/346] Scanning /tmp/intrinsic-geometry-e2e.GJlhXS/src/geometry/Geometry.Graph.ShortestPath.cpp for CXX dependencies
[81/346] Scanning /tmp/intrinsic-geometry-e2e.GJlhXS/src/geometry/Geometry.GJK.cpp for CXX dependencies
[82/346] Scanning /tmp/intrinsic-geometry-e2e.GJlhXS/src/geometry/Geometry.Graph.Utils.cpp for CXX dependencies
[83/346] Scanning /tmp/intrinsic-geometry-e2e.GJlhXS/src/geometry/Geometry.HalfedgeMesh.Boundary.cpp for CXX dependencies
[84/346] Scanning /tmp/intrinsic-geometry-e2e.GJlhXS/src/geometry/Geometry.Graph.Vertex.Normals.cpp for CXX dependencies
[85/346] Scanning /tmp/intrinsic-geometry-e2e.GJlhXS/src/geometry/Geometry.HalfedgeMesh.AdaptiveRemeshing.cpp for CXX dependencies
[86/346] Scanning /tmp/intrinsic-geometry-e2e.GJlhXS/src/geometry/Geometry.Graph.IO.cpp for CXX dependencies
[87/346] Scanning /tmp/intrinsic-geometry-e2e.GJlhXS/src/geometry/Geometry.HalfedgeMesh.Boolean.cpp for CXX dependencies
[88/346] Scanning /tmp/intrinsic-geometry-e2e.GJlhXS/src/geometry/Geometry.HalfedgeMesh.Builder.cpp for CXX dependencies
[89/346] Scanning /tmp/intrinsic-geometry-e2e.GJlhXS/src/geometry/Geometry.Graph.cpp for CXX dependencies
[90/346] Scanning /tmp/intrinsic-geometry-e2e.GJlhXS/src/geometry/Geometry.HalfedgeMesh.DEC.cpp for CXX dependencies
[91/346] Scanning /tmp/intrinsic-geometry-e2e.GJlhXS/src/geometry/Geometry.HalfedgeMesh.Curvature.cpp for CXX dependencies
[92/346] Scanning /tmp/intrinsic-geometry-e2e.GJlhXS/src/geometry/Geometry.HalfedgeMesh.Analysis.cpp for CXX dependencies
[93/346] Scanning /tmp/intrinsic-geometry-e2e.GJlhXS/src/geometry/Geometry.HalfedgeMesh.CatmullClark.cpp for CXX dependencies
[94/346] Scanning /tmp/intrinsic-geometry-e2e.GJlhXS/src/geometry/Geometry.HalfedgeMesh.Parameterization.cpp for CXX dependencies
[95/346] Scanning /tmp/intrinsic-geometry-e2e.GJlhXS/src/geometry/Geometry.HalfedgeMesh.Quality.cpp for CXX dependencies
[96/346] Scanning /tmp/intrinsic-geometry-e2e.GJlhXS/src/geometry/Geometry.HalfedgeMesh.Geodesic.cpp for CXX dependencies
[97/346] Scanning /tmp/intrinsic-geometry-e2e.GJlhXS/src/geometry/Geometry.HalfedgeMesh.Simplification.cpp for CXX dependencies
[98/346] Scanning /tmp/intrinsic-geometry-e2e.GJlhXS/src/geometry/Geometry.HalfedgeMesh.SignedHeatMethod.cpp for CXX dependencies
[99/346] Scanning /tmp/intrinsic-geometry-e2e.GJlhXS/src/geometry/Geometry.HalfedgeMesh.Subdivision.cpp for CXX dependencies
[100/346] Scanning /tmp/intrinsic-geometry-e2e.GJlhXS/src/geometry/Geometry.HalfedgeMesh.Smoothing.cpp for CXX dependencies
[101/346] Scanning /tmp/intrinsic-geometry-e2e.GJlhXS/src/geometry/Geometry.HalfedgeMesh.Repair.cpp for CXX dependencies
[102/346] Scanning /tmp/intrinsic-geometry-e2e.GJlhXS/src/geometry/Geometry.HalfedgeMesh.Remeshing.cpp for CXX dependencies
[103/346] Scanning /tmp/intrinsic-geometry-e2e.GJlhXS/src/geometry/Geometry.HalfedgeMesh.IO.cpp for CXX dependencies
[104/346] Scanning /tmp/intrinsic-geometry-e2e.GJlhXS/src/geometry/Geometry.HalfedgeMesh.SubdivisionSqrt3.cpp for CXX dependencies
[105/346] Scanning /tmp/intrinsic-geometry-e2e.GJlhXS/src/geometry/Geometry.HalfedgeMesh.Vertices.Normals.cpp for CXX dependencies
[106/346] Scanning /tmp/intrinsic-geometry-e2e.GJlhXS/src/geometry/Geometry.KDTree.cpp for CXX dependencies
[107/346] Scanning /tmp/intrinsic-geometry-e2e.GJlhXS/src/geometry/Geometry.HalfedgeMesh.VectorHeatMethod.cpp for CXX dependencies
[108/346] Scanning /tmp/intrinsic-geometry-e2e.GJlhXS/src/geometry/Geometry.KMeans.cpp for CXX dependencies
[109/346] Scanning /tmp/intrinsic-geometry-e2e.GJlhXS/src/geometry/Geometry.HtexPatch.cpp for CXX dependencies
[110/346] Scanning /tmp/intrinsic-geometry-e2e.GJlhXS/src/geometry/Geometry.HalfedgeMesh.Utils.cpp for CXX dependencies
[111/346] Scanning /tmp/intrinsic-geometry-e2e.GJlhXS/src/geometry/Geometry.MarchingCubes.cpp for CXX dependencies
[112/346] Scanning /tmp/intrinsic-geometry-e2e.GJlhXS/src/geometry/Geometry.Mesh.Conversion.cpp for CXX dependencies
[113/346] Scanning /tmp/intrinsic-geometry-e2e.GJlhXS/src/geometry/Geometry.ImplicitPlaneField.cpp for CXX dependencies
[114/346] Scanning /tmp/intrinsic-geometry-e2e.GJlhXS/src/geometry/Geometry.HalfedgeMesh.cpp for CXX dependencies
[115/346] Scanning /tmp/intrinsic-geometry-e2e.GJlhXS/src/geometry/Geometry.OBB.cpp for CXX dependencies
[116/346] Scanning /tmp/intrinsic-geometry-e2e.GJlhXS/src/geometry/Geometry.MeshSoup.cpp for CXX dependencies
[117/346] Scanning /tmp/intrinsic-geometry-e2e.GJlhXS/src/geometry/Geometry.Parameterization.Diagnostics.cpp for CXX dependencies
[118/346] Scanning /tmp/intrinsic-geometry-e2e.GJlhXS/src/geometry/Geometry.Linalg.cpp for CXX dependencies
[119/346] Scanning /tmp/intrinsic-geometry-e2e.GJlhXS/src/geometry/Geometry.Parameterization.Bff.cpp for CXX dependencies
[120/346] Scanning /tmp/intrinsic-geometry-e2e.GJlhXS/src/geometry/Geometry.PCA.cpp for CXX dependencies
[121/346] Scanning /tmp/intrinsic-geometry-e2e.GJlhXS/src/geometry/Geometry.Overlap.cpp for CXX dependencies
[122/346] Scanning /tmp/intrinsic-geometry-e2e.GJlhXS/src/geometry/Geometry.MeshClosestFace.cpp for CXX dependencies
[123/346] Scanning /tmp/intrinsic-geometry-e2e.GJlhXS/src/geometry/Geometry.Plane.cpp for CXX dependencies
[124/346] Scanning /tmp/intrinsic-geometry-e2e.GJlhXS/src/geometry/Geometry.Octree.cpp for CXX dependencies
[125/346] Scanning /tmp/intrinsic-geometry-e2e.GJlhXS/src/geometry/Geometry.Parameterization.Harmonic.cpp for CXX dependencies
[126/346] Scanning /tmp/intrinsic-geometry-e2e.GJlhXS/src/geometry/Geometry.PointCloud.Conversion.cpp for CXX dependencies
[127/346] Scanning /tmp/intrinsic-geometry-e2e.GJlhXS/src/geometry/Geometry.PointCloud.QualityMetrics.cpp for CXX dependencies
[128/346] Scanning /tmp/intrinsic-geometry-e2e.GJlhXS/src/geometry/Geometry.PointCloud.SurfaceSampling.cpp for CXX dependencies
[129/346] Scanning /tmp/intrinsic-geometry-e2e.GJlhXS/src/geometry/Geometry.Properties.cpp for CXX dependencies
[130/346] Scanning /tmp/intrinsic-geometry-e2e.GJlhXS/src/geometry/Geometry.PointCloud.Normals.cpp for CXX dependencies
[131/346] Scanning /tmp/intrinsic-geometry-e2e.GJlhXS/src/geometry/Geometry.Robust.cpp for CXX dependencies
[132/346] Scanning /tmp/intrinsic-geometry-e2e.GJlhXS/src/geometry/Geometry.Queries.cpp for CXX dependencies
[133/346] Scanning /tmp/intrinsic-geometry-e2e.GJlhXS/src/geometry/Geometry.Raycast.cpp for CXX dependencies
[134/346] Scanning /tmp/intrinsic-geometry-e2e.GJlhXS/src/geometry/Geometry.PointCloud.Utils.cpp for CXX dependencies
[135/346] Scanning /tmp/intrinsic-geometry-e2e.GJlhXS/src/geometry/Geometry.Quadric.cpp for CXX dependencies
[136/346] Scanning /tmp/intrinsic-geometry-e2e.GJlhXS/src/geometry/Geometry.PointCloud.IO.cpp for CXX dependencies
[137/346] Scanning /tmp/intrinsic-geometry-e2e.GJlhXS/src/geometry/Geometry.Rotation.cpp for CXX dependencies
[138/346] Scanning /tmp/intrinsic-geometry-e2e.GJlhXS/src/geometry/Geometry.Registration.cpp for CXX dependencies
[139/346] Scanning /tmp/intrinsic-geometry-e2e.GJlhXS/src/geometry/Geometry.PointCloud.cpp for CXX dependencies
[140/346] Scanning /tmp/intrinsic-geometry-e2e.GJlhXS/src/geometry/Geometry.RotationAveraging.cpp for CXX dependencies
[141/346] Scanning /tmp/intrinsic-geometry-e2e.GJlhXS/src/geometry/Geometry.Sampling.cpp for CXX dependencies
[142/346] Scanning /tmp/intrinsic-geometry-e2e.GJlhXS/src/geometry/Geometry.RobustPredicates.cpp for CXX dependencies
[143/346] Scanning /tmp/intrinsic-geometry-e2e.GJlhXS/src/geometry/Geometry.PointCloud.Features.cpp for CXX dependencies
[144/346] Scanning /tmp/intrinsic-geometry-e2e.GJlhXS/src/geometry/Geometry.Statistics.cpp for CXX dependencies
[145/346] Scanning /tmp/intrinsic-geometry-e2e.GJlhXS/src/geometry/Geometry.Segment.cpp for CXX dependencies
[146/346] Scanning /tmp/intrinsic-geometry-e2e.GJlhXS/src/geometry/Geometry.SDF.cpp for CXX dependencies
[147/346] Scanning /tmp/intrinsic-geometry-e2e.GJlhXS/src/geometry/Geometry.Sphere.Sampling.cpp for CXX dependencies
[148/346] Scanning /tmp/intrinsic-geometry-e2e.GJlhXS/src/geometry/Geometry.BVH.cppm for CXX dependencies
[149/346] Scanning /tmp/intrinsic-geometry-e2e.GJlhXS/src/geometry/Geometry.Sphere.cpp for CXX dependencies
[150/346] Scanning /tmp/intrinsic-geometry-e2e.GJlhXS/src/geometry/Geometry.Support.cpp for CXX dependencies
[151/346] Scanning /tmp/intrinsic-geometry-e2e.GJlhXS/src/geometry/Geometry.Validation.cpp for CXX dependencies
[152/346] Scanning /tmp/intrinsic-geometry-e2e.GJlhXS/src/geometry/Geometry.SurfaceReconstruction.cpp for CXX dependencies
[153/346] Scanning /tmp/intrinsic-geometry-e2e.GJlhXS/src/geometry/Geometry.AABB.cppm for CXX dependencies
[154/346] Scanning /tmp/intrinsic-geometry-e2e.GJlhXS/src/geometry/Geometry.Capsule.cppm for CXX dependencies
[155/346] Scanning /tmp/intrinsic-geometry-e2e.GJlhXS/src/geometry/Geometry.Triangle.cpp for CXX dependencies
[156/346] Scanning /tmp/intrinsic-geometry-e2e.GJlhXS/src/geometry/Geometry.ContactManifold.cppm for CXX dependencies
[157/346] Scanning /tmp/intrinsic-geometry-e2e.GJlhXS/src/geometry/Geometry.Circulators.cppm for CXX dependencies
[158/346] Scanning /tmp/intrinsic-geometry-e2e.GJlhXS/src/geometry/Geometry.Containment.cppm for CXX dependencies
[159/346] Scanning /tmp/intrinsic-geometry-e2e.GJlhXS/src/geometry/Geometry.UvAtlas.cpp for CXX dependencies
[160/346] Scanning /tmp/intrinsic-geometry-e2e.GJlhXS/src/geometry/Geometry.FixedPoint.Anderson.cppm for CXX dependencies
[161/346] Scanning /tmp/intrinsic-geometry-e2e.GJlhXS/src/geometry/Geometry.Sparse.cpp for CXX dependencies
[162/346] Scanning /tmp/intrinsic-geometry-e2e.GJlhXS/src/geometry/Geometry.ConvexHull.cppm for CXX dependencies
[163/346] Scanning /tmp/intrinsic-geometry-e2e.GJlhXS/src/geometry/Geometry.ConvexHullBuilder.cppm for CXX dependencies
[164/346] Scanning /tmp/intrinsic-geometry-e2e.GJlhXS/src/geometry/Geometry.Cylinder.cppm for CXX dependencies
[165/346] Scanning /tmp/intrinsic-geometry-e2e.GJlhXS/src/geometry/Geometry.Graph.IO.cppm for CXX dependencies
[166/346] Scanning /tmp/intrinsic-geometry-e2e.GJlhXS/src/geometry/Geometry.Curve.cppm for CXX dependencies
[167/346] Scanning /tmp/intrinsic-geometry-e2e.GJlhXS/src/geometry/Geometry.EPA.cppm for CXX dependencies
[168/346] Scanning /tmp/intrinsic-geometry-e2e.GJlhXS/src/geometry/Geometry.Ellipsoid.cppm for CXX dependencies
[169/346] Scanning /tmp/intrinsic-geometry-e2e.GJlhXS/src/geometry/Geometry.Frustum.cppm for CXX dependencies
[170/346] Scanning /tmp/intrinsic-geometry-e2e.GJlhXS/src/geometry/Geometry.Graph.ShortestPath.cppm for CXX dependencies
[171/346] Scanning /tmp/intrinsic-geometry-e2e.GJlhXS/src/geometry/Geometry.HalfedgeMesh.Boolean.cppm for CXX dependencies
[172/346] Scanning /tmp/intrinsic-geometry-e2e.GJlhXS/src/geometry/Geometry.DomainViews.cppm for CXX dependencies
[173/346] Scanning /tmp/intrinsic-geometry-e2e.GJlhXS/src/geometry/Geometry.GJK.cppm for CXX dependencies
[174/346] Scanning /tmp/intrinsic-geometry-e2e.GJlhXS/src/geometry/Geometry.GaussianMixture.cppm for CXX dependencies
[175/346] Scanning /tmp/intrinsic-geometry-e2e.GJlhXS/src/geometry/Geometry.HalfedgeMesh.Analysis.cppm for CXX dependencies
[176/346] Scanning /tmp/intrinsic-geometry-e2e.GJlhXS/src/geometry/Geometry.HalfedgeMesh.Boundary.cppm for CXX dependencies
[177/346] Scanning /tmp/intrinsic-geometry-e2e.GJlhXS/src/geometry/Geometry.HalfedgeMesh.CatmullClark.cppm for CXX dependencies
[178/346] Scanning /tmp/intrinsic-geometry-e2e.GJlhXS/src/geometry/Geometry.HalfedgeMesh.Builder.cppm for CXX dependencies
[179/346] Scanning /tmp/intrinsic-geometry-e2e.GJlhXS/src/geometry/Geometry.Graph.Utils.cppm for CXX dependencies
[180/346] Scanning /tmp/intrinsic-geometry-e2e.GJlhXS/src/geometry/Geometry.HalfedgeMesh.Geodesic.cppm for CXX dependencies
[181/346] Scanning /tmp/intrinsic-geometry-e2e.GJlhXS/src/geometry/Geometry.HalfedgeMesh.AdaptiveRemeshing.cppm for CXX dependencies
[182/346] Scanning /tmp/intrinsic-geometry-e2e.GJlhXS/src/geometry/Geometry.Graph.Vertex.Normals.cppm for CXX dependencies
[183/346] Scanning /tmp/intrinsic-geometry-e2e.GJlhXS/src/geometry/Geometry.HalfedgeMesh.DEC.cppm for CXX dependencies
[184/346] Scanning /tmp/intrinsic-geometry-e2e.GJlhXS/src/geometry/Geometry.HalfedgeMesh.Remeshing.cppm for CXX dependencies
[185/346] Scanning /tmp/intrinsic-geometry-e2e.GJlhXS/src/geometry/Geometry.HalfedgeMesh.SignedHeatMethod.cppm for CXX dependencies
[186/346] Scanning /tmp/intrinsic-geometry-e2e.GJlhXS/src/geometry/Geometry.HalfedgeMesh.IO.cppm for CXX dependencies
[187/346] Scanning /tmp/intrinsic-geometry-e2e.GJlhXS/src/geometry/Geometry.Grid.cppm for CXX dependencies
[188/346] Scanning /tmp/intrinsic-geometry-e2e.GJlhXS/src/geometry/Geometry.HalfedgeMesh.SubdivisionSqrt3.cppm for CXX dependencies
[189/346] Scanning /tmp/intrinsic-geometry-e2e.GJlhXS/src/geometry/Geometry.HalfedgeMesh.Curvature.cppm for CXX dependencies
[190/346] Scanning /tmp/intrinsic-geometry-e2e.GJlhXS/src/geometry/Geometry.HalfedgeMesh.Quality.cppm for CXX dependencies
[191/346] Scanning /tmp/intrinsic-geometry-e2e.GJlhXS/src/geometry/Geometry.HalfedgeMesh.Parameterization.cppm for CXX dependencies
[192/346] Scanning /tmp/intrinsic-geometry-e2e.GJlhXS/src/geometry/Geometry.HalfedgeMesh.Simplification.cppm for CXX dependencies
[193/346] Scanning /tmp/intrinsic-geometry-e2e.GJlhXS/src/geometry/Geometry.HalfedgeMesh.Utils.cppm for CXX dependencies
[194/346] Scanning /tmp/intrinsic-geometry-e2e.GJlhXS/src/geometry/Geometry.HalfedgeMesh.Subdivision.cppm for CXX dependencies
[195/346] Scanning /tmp/intrinsic-geometry-e2e.GJlhXS/src/geometry/Geometry.Graph.cppm for CXX dependencies
[196/346] Scanning /tmp/intrinsic-geometry-e2e.GJlhXS/src/geometry/Geometry.HalfedgeMesh.Smoothing.cppm for CXX dependencies
[197/346] Scanning /tmp/intrinsic-geometry-e2e.GJlhXS/src/geometry/Geometry.HalfedgeMesh.Repair.cppm for CXX dependencies
[198/346] Scanning /tmp/intrinsic-geometry-e2e.GJlhXS/src/geometry/Geometry.IO.cppm for CXX dependencies
[199/346] Scanning /tmp/intrinsic-geometry-e2e.GJlhXS/src/geometry/Geometry.HalfedgeMesh.VectorHeatMethod.cppm for CXX dependencies
[200/346] Scanning /tmp/intrinsic-geometry-e2e.GJlhXS/src/geometry/Geometry.HalfedgeMesh.Vertices.Normals.cppm for CXX dependencies
[201/346] Scanning /tmp/intrinsic-geometry-e2e.GJlhXS/src/geometry/Geometry.MeshOperator.cppm for CXX dependencies
[202/346] Scanning /tmp/intrinsic-geometry-e2e.GJlhXS/src/geometry/Geometry.HtexPatch.cppm for CXX dependencies
[203/346] Scanning /tmp/intrinsic-geometry-e2e.GJlhXS/src/geometry/Geometry.LinearSolver.cppm for CXX dependencies
[204/346] Scanning /tmp/intrinsic-geometry-e2e.GJlhXS/src/geometry/Geometry.IntersectionClassification.cppm for CXX dependencies
[205/346] Scanning /tmp/intrinsic-geometry-e2e.GJlhXS/src/geometry/Geometry.ImplicitPlaneField.cppm for CXX dependencies
[206/346] Scanning /tmp/intrinsic-geometry-e2e.GJlhXS/src/geometry/Geometry.KMeans.cppm for CXX dependencies
[207/346] Scanning /tmp/intrinsic-geometry-e2e.GJlhXS/src/geometry/Geometry.KDTree.cppm for CXX dependencies
[208/346] Scanning /tmp/intrinsic-geometry-e2e.GJlhXS/src/geometry/Geometry.HalfedgeMesh.cppm for CXX dependencies
[209/346] Scanning /tmp/intrinsic-geometry-e2e.GJlhXS/src/geometry/Geometry.MarchingCubes.cppm for CXX dependencies
[210/346] Scanning /tmp/intrinsic-geometry-e2e.GJlhXS/src/geometry/Geometry.Mesh.Conversion.cppm for CXX dependencies
[211/346] Scanning /tmp/intrinsic-geometry-e2e.GJlhXS/src/geometry/Geometry.OBB.cppm for CXX dependencies
[212/346] Scanning /tmp/intrinsic-geometry-e2e.GJlhXS/src/geometry/Geometry.Overlap.cppm for CXX dependencies
[213/346] Scanning /tmp/intrinsic-geometry-e2e.GJlhXS/src/geometry/Geometry.Octree.cppm for CXX dependencies
[214/346] Scanning /tmp/intrinsic-geometry-e2e.GJlhXS/src/geometry/Geometry.MeshSoup.cppm for CXX dependencies
[215/346] Scanning /tmp/intrinsic-geometry-e2e.GJlhXS/src/geometry/Geometry.PCA.cppm for CXX dependencies
[216/346] Scanning /tmp/intrinsic-geometry-e2e.GJlhXS/src/geometry/Geometry.PointCloud.Conversion.cppm for CXX dependencies
[217/346] Scanning /tmp/intrinsic-geometry-e2e.GJlhXS/src/geometry/Geometry.Parameterization.Harmonic.cppm for CXX dependencies
[218/346] Scanning /tmp/intrinsic-geometry-e2e.GJlhXS/src/geometry/Geometry.Plane.cppm for CXX dependencies
[219/346] Scanning /tmp/intrinsic-geometry-e2e.GJlhXS/src/geometry/Geometry.PointCloud.SurfaceSampling.cppm for CXX dependencies
[220/346] Scanning /tmp/intrinsic-geometry-e2e.GJlhXS/src/geometry/Geometry.Parameterization.Diagnostics.cppm for CXX dependencies
[221/346] Scanning /tmp/intrinsic-geometry-e2e.GJlhXS/src/geometry/Geometry.PointCloud.Features.cppm for CXX dependencies
[222/346] Scanning /tmp/intrinsic-geometry-e2e.GJlhXS/src/geometry/Geometry.Linalg.cppm for CXX dependencies
[223/346] Scanning /tmp/intrinsic-geometry-e2e.GJlhXS/src/geometry/Geometry.PointCloud.IO.cppm for CXX dependencies
[224/346] Scanning /tmp/intrinsic-geometry-e2e.GJlhXS/src/geometry/Geometry.MeshClosestFace.cppm for CXX dependencies
[225/346] Scanning /tmp/intrinsic-geometry-e2e.GJlhXS/src/geometry/Geometry.PointCloud.QualityMetrics.cppm for CXX dependencies
[226/346] Scanning /tmp/intrinsic-geometry-e2e.GJlhXS/src/geometry/Geometry.Parameterization.Bff.cppm for CXX dependencies
[227/346] Scanning /tmp/intrinsic-geometry-e2e.GJlhXS/src/geometry/Geometry.PointCloud.Normals.cppm for CXX dependencies
[228/346] Scanning /tmp/intrinsic-geometry-e2e.GJlhXS/src/geometry/Geometry.PointCloud.Utils.cppm for CXX dependencies
[229/346] Scanning /tmp/intrinsic-geometry-e2e.GJlhXS/src/geometry/Geometry.Quadric.cppm for CXX dependencies
[230/346] Scanning /tmp/intrinsic-geometry-e2e.GJlhXS/src/geometry/Geometry.Robust.cppm for CXX dependencies
[231/346] Scanning /tmp/intrinsic-geometry-e2e.GJlhXS/src/geometry/Geometry.Raycast.cppm for CXX dependencies
[232/346] Scanning /tmp/intrinsic-geometry-e2e.GJlhXS/src/geometry/Geometry.Queries.cppm for CXX dependencies
[233/346] Scanning /tmp/intrinsic-geometry-e2e.GJlhXS/src/geometry/Geometry.Ray.cppm for CXX dependencies
[234/346] Scanning /tmp/intrinsic-geometry-e2e.GJlhXS/src/geometry/Geometry.Registration.cppm for CXX dependencies
[235/346] Scanning /tmp/intrinsic-geometry-e2e.GJlhXS/src/geometry/Geometry.SpatialQueries.cppm for CXX dependencies
[236/346] Scanning /tmp/intrinsic-geometry-e2e.GJlhXS/src/geometry/Geometry.PointCloud.cppm for CXX dependencies
[237/346] Scanning /tmp/intrinsic-geometry-e2e.GJlhXS/src/geometry/Geometry.RotationAveraging.cppm for CXX dependencies
[238/346] Scanning /tmp/intrinsic-geometry-e2e.GJlhXS/src/geometry/Geometry.Properties.cppm for CXX dependencies
[239/346] Scanning /tmp/intrinsic-geometry-e2e.GJlhXS/src/geometry/Geometry.RobustPredicates.cppm for CXX dependencies
[240/346] Scanning /tmp/intrinsic-geometry-e2e.GJlhXS/src/geometry/Geometry.Rotation.cppm for CXX dependencies
[241/346] Scanning /tmp/intrinsic-geometry-e2e.GJlhXS/src/geometry/Geometry.SDFContact.cppm for CXX dependencies
[242/346] Scanning /tmp/intrinsic-geometry-e2e.GJlhXS/src/geometry/Geometry.Segment.cppm for CXX dependencies
[243/346] Scanning /tmp/intrinsic-geometry-e2e.GJlhXS/src/geometry/Geometry.HalfedgeMesh.Fwd.cppm for CXX dependencies
[244/346] Scanning /tmp/intrinsic-geometry-e2e.GJlhXS/src/geometry/Geometry.PointCloud.Fwd.cppm for CXX dependencies
[245/346] Scanning /tmp/intrinsic-geometry-e2e.GJlhXS/src/geometry/Geometry.Graph.Fwd.cppm for CXX dependencies
[246/346] Scanning /tmp/intrinsic-geometry-e2e.GJlhXS/src/geometry/Geometry.Sphere.Sampling.cppm for CXX dependencies
[247/346] Scanning /tmp/intrinsic-geometry-e2e.GJlhXS/src/geometry/Geometry.Triangle.cppm for CXX dependencies
[248/346] Scanning /tmp/intrinsic-geometry-e2e.GJlhXS/src/geometry/Geometry.SurfaceReconstruction.cppm for CXX dependencies
[249/346] Scanning /tmp/intrinsic-geometry-e2e.GJlhXS/src/geometry/Geometry.Support.cppm for CXX dependencies
[250/346] Scanning /tmp/intrinsic-geometry-e2e.GJlhXS/src/geometry/Geometry.Validation.cppm for CXX dependencies
[251/346] Scanning /tmp/intrinsic-geometry-e2e.GJlhXS/src/geometry/Geometry.UvAtlas.cppm for CXX dependencies
[252/346] Scanning /tmp/intrinsic-geometry-e2e.GJlhXS/src/geometry/Geometry.Sampling.cppm for CXX dependencies
[253/346] Scanning /tmp/intrinsic-geometry-e2e.GJlhXS/src/geometry/Geometry.Sparse.cppm for CXX dependencies
[254/346] Scanning /tmp/intrinsic-geometry-e2e.GJlhXS/src/geometry/Geometry.SDF.cppm for CXX dependencies
[255/346] Scanning /tmp/intrinsic-geometry-e2e.GJlhXS/src/geometry/Geometry.Statistics.cppm for CXX dependencies
[256/346] Scanning /tmp/intrinsic-geometry-e2e.GJlhXS/src/geometry/Geometry.Sphere.cppm for CXX dependencies
[257/346] Scanning /tmp/intrinsic-geometry-e2e.GJlhXS/tests/unit/geometry/Test_Statistics.cpp for CXX dependencies
[258/346] Scanning /tmp/intrinsic-geometry-e2e.GJlhXS/tests/unit/geometry/Test_RobustKernels.cpp for CXX dependencies
[259/346] Scanning /tmp/intrinsic-geometry-e2e.GJlhXS/tests/unit/geometry/Test_AABBCubify.cpp for CXX dependencies
[260/346] Scanning /tmp/intrinsic-geometry-e2e.GJlhXS/tests/unit/geometry/Test_BezierCurve.cpp for CXX dependencies
[261/346] Scanning /tmp/intrinsic-geometry-e2e.GJlhXS/tests/unit/geometry/Test_Curve.cpp for CXX dependencies
[262/346] Scanning /tmp/intrinsic-geometry-e2e.GJlhXS/tests/unit/geometry/Test_Rotation.cpp for CXX dependencies
[263/346] Scanning /tmp/intrinsic-geometry-e2e.GJlhXS/tests/unit/geometry/Test_RotationAveraging.cpp for CXX dependencies
[264/346] Scanning /tmp/intrinsic-geometry-e2e.GJlhXS/tests/unit/geometry/Test_MeshQuantities.cpp for CXX dependencies
[265/346] Scanning /tmp/intrinsic-geometry-e2e.GJlhXS/tests/unit/geometry/Test_RuntimeGraph.cpp for CXX dependencies
[266/346] Scanning /tmp/intrinsic-geometry-e2e.GJlhXS/tests/unit/geometry/Test_MeshClosestFace.cpp for CXX dependencies
[267/346] Generating CXX dyndep file src/geometry/CMakeFiles/IntrinsicGeometry.dir/CXX.dd
[268/346] Scanning /tmp/intrinsic-geometry-e2e.GJlhXS/tests/unit/geometry/Test_LinalgEigenMap.cpp for CXX dependencies
[269/346] Scanning /tmp/intrinsic-geometry-e2e.GJlhXS/tests/unit/geometry/Test_RuntimeGraphKNN.cpp for CXX dependencies
[270/346] Scanning /tmp/intrinsic-geometry-e2e.GJlhXS/tests/unit/geometry/Test_KDTree.cpp for CXX dependencies
[271/346] Scanning /tmp/intrinsic-geometry-e2e.GJlhXS/tests/unit/geometry/Test_BVH.cpp for CXX dependencies
[272/346] Scanning /tmp/intrinsic-geometry-e2e.GJlhXS/tests/unit/geometry/Test.GeometryProperties.cpp for CXX dependencies
[273/346] Scanning /tmp/intrinsic-geometry-e2e.GJlhXS/tests/unit/geometry/Test_Octree.cpp for CXX dependencies
[274/346] Scanning /tmp/intrinsic-geometry-e2e.GJlhXS/tests/unit/geometry/Test_MeshOperations.cpp for CXX dependencies
[275/346] Scanning /tmp/intrinsic-geometry-e2e.GJlhXS/tests/unit/geometry/Test_DEC.cpp for CXX dependencies
[276/346] Scanning /tmp/intrinsic-geometry-e2e.GJlhXS/tests/unit/geometry/Test.GraphQueries.cpp for CXX dependencies
[277/346] Scanning /tmp/intrinsic-geometry-e2e.GJlhXS/tests/unit/geometry/Test.MeshSoup.cpp for CXX dependencies
[278/346] Scanning /tmp/intrinsic-geometry-e2e.GJlhXS/tests/unit/geometry/Test_MeshBuilder.cpp for CXX dependencies
[279/346] Scanning /tmp/intrinsic-geometry-e2e.GJlhXS/tests/unit/geometry/Test_GeometryProcessing.cpp for CXX dependencies
[280/346] Scanning /tmp/intrinsic-geometry-e2e.GJlhXS/tests/unit/geometry/Test.MeshConversion.cpp for CXX dependencies
[281/346] Scanning /tmp/intrinsic-geometry-e2e.GJlhXS/tests/unit/geometry/Test.GaussianMixture.cpp for CXX dependencies
[282/346] Scanning /tmp/intrinsic-geometry-e2e.GJlhXS/tests/unit/geometry/Test_MeshQuality.cpp for CXX dependencies
[283/346] Scanning /tmp/intrinsic-geometry-e2e.GJlhXS/tests/unit/geometry/Test.PointCloudConversion.cpp for CXX dependencies
[284/346] Scanning /tmp/intrinsic-geometry-e2e.GJlhXS/tests/unit/geometry/Test_Parameterization.cpp for CXX dependencies
[285/346] Scanning /tmp/intrinsic-geometry-e2e.GJlhXS/tests/unit/geometry/Test_SurfaceReconstruction.cpp for CXX dependencies
[286/346] Scanning /tmp/intrinsic-geometry-e2e.GJlhXS/tests/unit/geometry/Test.HarmonicParameterization.cpp for CXX dependencies
[287/346] Scanning /tmp/intrinsic-geometry-e2e.GJlhXS/tests/unit/geometry/Test_MeshAnalysis.cpp for CXX dependencies
[288/346] Scanning /tmp/intrinsic-geometry-e2e.GJlhXS/tests/unit/geometry/Test.ParameterizationDispatch.cpp for CXX dependencies
[289/346] Scanning /tmp/intrinsic-geometry-e2e.GJlhXS/tests/unit/geometry/Test.ParameterizationDiagnostics.cpp for CXX dependencies
[290/346] Scanning /tmp/intrinsic-geometry-e2e.GJlhXS/tests/unit/geometry/Test.BoundaryFirstFlattening.cpp for CXX dependencies
[291/346] Scanning /tmp/intrinsic-geometry-e2e.GJlhXS/tests/unit/geometry/Test.UvAtlas.cpp for CXX dependencies
[292/346] Scanning /tmp/intrinsic-geometry-e2e.GJlhXS/tests/unit/geometry/Test_PointCloud.cpp for CXX dependencies
[293/346] Scanning /tmp/intrinsic-geometry-e2e.GJlhXS/tests/unit/geometry/Test_SphereFitting.cpp for CXX dependencies
[294/346] Scanning /tmp/intrinsic-geometry-e2e.GJlhXS/tests/unit/geometry/Test_AdaptiveRemeshing.cpp for CXX dependencies
[295/346] Scanning /tmp/intrinsic-geometry-e2e.GJlhXS/tests/unit/geometry/Test_ConvexHull.cpp for CXX dependencies
[296/346] Scanning /tmp/intrinsic-geometry-e2e.GJlhXS/tests/unit/geometry/Test_GeometryAttributePropagation.cpp for CXX dependencies
[297/346] Scanning /tmp/intrinsic-geometry-e2e.GJlhXS/tests/unit/geometry/Test_TriangleMetrics.cpp for CXX dependencies
[298/346] Scanning /tmp/intrinsic-geometry-e2e.GJlhXS/tests/unit/geometry/Test_MeshBoundary.cpp for CXX dependencies
[299/346] Scanning /tmp/intrinsic-geometry-e2e.GJlhXS/tests/unit/geometry/Test_Boolean.cpp for CXX dependencies
[300/346] Scanning /tmp/intrinsic-geometry-e2e.GJlhXS/tests/unit/geometry/Test_HalfedgeMeshPropertyAccess.cpp for CXX dependencies
[301/346] Scanning /tmp/intrinsic-geometry-e2e.GJlhXS/tests/unit/geometry/Test.GraphVertexNormals.cpp for CXX dependencies
[302/346] Scanning /tmp/intrinsic-geometry-e2e.GJlhXS/tests/unit/geometry/Test.HalfedgeMeshVertexNormals.cpp for CXX dependencies
[303/346] Scanning /tmp/intrinsic-geometry-e2e.GJlhXS/tests/unit/geometry/Test_Curvature.cpp for CXX dependencies
[304/346] Scanning /tmp/intrinsic-geometry-e2e.GJlhXS/tests/unit/geometry/Test_Validation.cpp for CXX dependencies
[305/346] Scanning /tmp/intrinsic-geometry-e2e.GJlhXS/tests/unit/geometry/Test.CurvatureTensor.cpp for CXX dependencies
[306/346] Scanning /tmp/intrinsic-geometry-e2e.GJlhXS/tests/unit/geometry/Test_Raycast.cpp for CXX dependencies
[307/346] Scanning /tmp/intrinsic-geometry-e2e.GJlhXS/tests/unit/geometry/Test_GeometryQueries.cpp for CXX dependencies
[308/346] Scanning /tmp/intrinsic-geometry-e2e.GJlhXS/tests/unit/geometry/Test_Grid.cpp for CXX dependencies
[309/346] Scanning /tmp/intrinsic-geometry-e2e.GJlhXS/tests/unit/geometry/Test_PcaPrimitives.cpp for CXX dependencies
[310/346] Scanning /tmp/intrinsic-geometry-e2e.GJlhXS/tests/unit/geometry/Test_Overlap.cpp for CXX dependencies
[311/346] Scanning /tmp/intrinsic-geometry-e2e.GJlhXS/tests/unit/geometry/Test_HalfedgeMeshTopology.cpp for CXX dependencies
[312/346] Scanning /tmp/intrinsic-geometry-e2e.GJlhXS/tests/unit/geometry/Test_MarchingCubes.cpp for CXX dependencies
[313/346] Scanning /tmp/intrinsic-geometry-e2e.GJlhXS/tests/unit/geometry/Test.MeshTopologyUtilities.cpp for CXX dependencies
[314/346] Scanning /tmp/intrinsic-geometry-e2e.GJlhXS/tests/unit/geometry/Test_Support.cpp for CXX dependencies
[315/346] Scanning /tmp/intrinsic-geometry-e2e.GJlhXS/tests/unit/geometry/Test_Containment.cpp for CXX dependencies
[316/346] Scanning /tmp/intrinsic-geometry-e2e.GJlhXS/tests/unit/geometry/Test_ImplicitPlaneField.cpp for CXX dependencies
[317/346] Scanning /tmp/intrinsic-geometry-e2e.GJlhXS/tests/unit/geometry/Test_VectorHeatMethod.cpp for CXX dependencies
[318/346] Scanning /tmp/intrinsic-geometry-e2e.GJlhXS/tests/unit/geometry/Test_Subdivision.cpp for CXX dependencies
[319/346] Scanning /tmp/intrinsic-geometry-e2e.GJlhXS/tests/unit/geometry/Test_Simplification.cpp for CXX dependencies
[320/346] Scanning /tmp/intrinsic-geometry-e2e.GJlhXS/tests/unit/geometry/Test_Geodesic.cpp for CXX dependencies
[321/346] Scanning /tmp/intrinsic-geometry-e2e.GJlhXS/tests/unit/geometry/Test_ShortestPath.cpp for CXX dependencies
[322/346] Scanning /tmp/intrinsic-geometry-e2e.GJlhXS/tests/unit/geometry/Test_Smoothing.cpp for CXX dependencies
[323/346] Scanning /tmp/intrinsic-geometry-e2e.GJlhXS/tests/unit/geometry/Test.SurfaceSampling.cpp for CXX dependencies
[324/346] Scanning /tmp/intrinsic-geometry-e2e.GJlhXS/tests/unit/geometry/Test.PointCloudFeatures.cpp for CXX dependencies
[325/346] Scanning /tmp/intrinsic-geometry-e2e.GJlhXS/tests/unit/geometry/Test.Sampling.cpp for CXX dependencies
[326/346] Scanning /tmp/intrinsic-geometry-e2e.GJlhXS/tests/unit/geometry/Test_PointCloudRobustness.cpp for CXX dependencies
[327/346] Scanning /tmp/intrinsic-geometry-e2e.GJlhXS/tests/unit/geometry/Test.QualityMetrics.cpp for CXX dependencies
[328/346] Generating CXX dyndep file tests/CMakeFiles/TestSupportObjs.dir/CXX.dd
[329/346] Scanning /tmp/intrinsic-geometry-e2e.GJlhXS/tests/unit/geometry/Test.IntersectionClassification.cpp for CXX dependencies
[330/346] Scanning /tmp/intrinsic-geometry-e2e.GJlhXS/tests/unit/geometry/Test_Registration.cpp for CXX dependencies
[331/346] Scanning /tmp/intrinsic-geometry-e2e.GJlhXS/tests/unit/geometry/Test.RobustPredicates.cpp for CXX dependencies
[332/346] Scanning /tmp/intrinsic-geometry-e2e.GJlhXS/tests/unit/geometry/Test.PointCloudOutlierRemoval.cpp for CXX dependencies
[333/346] Scanning /tmp/intrinsic-geometry-e2e.GJlhXS/tests/unit/geometry/Test.PointCloudNormals.cpp for CXX dependencies
[334/346] Scanning /tmp/intrinsic-geometry-e2e.GJlhXS/tests/unit/geometry/Test.RaycastClassify.cpp for CXX dependencies
[335/346] Scanning /tmp/intrinsic-geometry-e2e.GJlhXS/tests/unit/geometry/Test.Sparse.cpp for CXX dependencies
[336/346] Scanning /tmp/intrinsic-geometry-e2e.GJlhXS/tests/unit/geometry/Test.LinearAlgebra.cpp for CXX dependencies
[337/346] Scanning /tmp/intrinsic-geometry-e2e.GJlhXS/tests/unit/geometry/Test.SignedHeatMethod.cpp for CXX dependencies
[338/346] Scanning /tmp/intrinsic-geometry-e2e.GJlhXS/tests/unit/geometry/Test.SparseNonsymmetric.cpp for CXX dependencies
[339/346] Scanning /tmp/intrinsic-geometry-e2e.GJlhXS/tests/unit/geometry/Test.SparseFactorization.cpp for CXX dependencies
[340/346] Scanning /tmp/intrinsic-geometry-e2e.GJlhXS/tests/unit/geometry/Test.SubmeshViewDomainBorrows.cpp for CXX dependencies
[341/346] Scanning /tmp/intrinsic-geometry-e2e.GJlhXS/tests/unit/geometry/Test_SubmeshView.cpp for CXX dependencies
[342/346] Generating CXX dyndep file tests/CMakeFiles/GeometryTestObjs.dir/CXX.dd
[343/346] Building CXX object src/geometry/CMakeFiles/IntrinsicGeometry.dir/Geometry.GaussianMixture.cpp.o
[344/346] Linking CXX static library lib/libIntrinsicGeometry.a
[345/346] Building CXX object tests/CMakeFiles/GeometryTestObjs.dir/unit/geometry/Test.GaussianMixture.cpp.o
[346/346] Linking CXX executable bin/IntrinsicGeometryTests
Internal ctest changing into directory: /tmp/intrinsic-geometry-e2e.GJlhXS/build/ci-ubsan
Test project /tmp/intrinsic-geometry-e2e.GJlhXS/build/ci-ubsan
      Start 370: AndersonAcceleration.ContractionUsesFiniteSafeguardedMix
 1/13 Test #370: AndersonAcceleration.ContractionUsesFiniteSafeguardedMix ...................   Passed    0.01 sec
      Start 371: AndersonAcceleration.DimensionChangesResetPrivateHistory
 2/13 Test #371: AndersonAcceleration.DimensionChangesResetPrivateHistory ...................   Passed    0.01 sec
      Start 372: AndersonAcceleration.ExtremeFiniteInputsFailClosedWithoutHistoryMutation
 3/13 Test #372: AndersonAcceleration.ExtremeFiniteInputsFailClosedWithoutHistoryMutation ...   Passed    0.01 sec
      Start 373: AndersonAcceleration.SafeguardAndSingularMixFallBackToPlainStep
 4/13 Test #373: AndersonAcceleration.SafeguardAndSingularMixFallBackToPlainStep ............   Passed    0.01 sec
      Start 374: AndersonAcceleration.ZeroDampingPublishesThePlainMappedValue
 5/13 Test #374: AndersonAcceleration.ZeroDampingPublishesThePlainMappedValue ...............   Passed    0.01 sec
      Start 375: GaussianMixture.KMeansPlusPlusInitializationIsSeedDeterministic
 6/13 Test #375: GaussianMixture.KMeansPlusPlusInitializationIsSeedDeterministic ............   Passed    0.01 sec
      Start 376: GaussianMixture.IdentityLogPdfAndSeededSampleAreDeterministic
 7/13 Test #376: GaussianMixture.IdentityLogPdfAndSeededSampleAreDeterministic ..............   Passed    0.01 sec
      Start 377: GaussianMixture.CovarianceSymmetryCheckIsScaleAware
 8/13 Test #377: GaussianMixture.CovarianceSymmetryCheckIsScaleAware ........................   Passed    0.01 sec
      Start 378: GaussianMixture.RecoversSeparatedComponentsAndMonotonicLikelihood
 9/13 Test #378: GaussianMixture.RecoversSeparatedComponentsAndMonotonicLikelihood ..........   Passed    0.01 sec
      Start 379: GaussianMixture.RecoversThreeSeparatedComponents
10/13 Test #379: GaussianMixture.RecoversThreeSeparatedComponents ...........................   Passed    0.01 sec
      Start 380: GaussianMixture.AndersonMatchesPlainEmWithoutMoreIterations
11/13 Test #380: GaussianMixture.AndersonMatchesPlainEmWithoutMoreIterations ................   Passed    0.07 sec
      Start 381: GaussianMixture.CoincidentPointsUseCovarianceFloorDeterministically
12/13 Test #381: GaussianMixture.CoincidentPointsUseCovarianceFloorDeterministically ........   Passed    0.01 sec
      Start 382: GaussianMixture.InvalidInputsFailClosed
13/13 Test #382: GaussianMixture.InvalidInputsFailClosed ....................................   Passed    0.01 sec

100% tests passed, 0 tests failed out of 13

Label Time Summary:
geometry    =   0.20 sec*proc (13 tests)
unit        =   0.20 sec*proc (13 tests)

Total Test time (real) =   0.38 sec
