[0/2] Re-checking globbed directories...
[1/114] Compiling GLSL -> SPV: debug_surface.frag
[2/114] Compiling GLSL -> SPV: cluster_grid_build.comp
[3/114] Compiling GLSL -> SPV: debug_surface.vert
[4/114] Compiling GLSL -> SPV: debug_view.comp
[5/114] Compiling GLSL -> SPV: debug_view.frag
[6/114] Compiling GLSL -> SPV: debug_view.vert
[7/114] Compiling GLSL -> SPV: deferred/default_debug_gbuffer.frag
[8/114] Compiling GLSL -> SPV: deferred/gbuffer.frag
[9/114] Compiling GLSL -> SPV: deferred/gbuffer.vert
[10/114] Compiling GLSL -> SPV: deferred/lighting.frag
[11/114] Compiling GLSL -> SPV: deferred_lighting.frag
[12/114] Compiling GLSL -> SPV: depth_prepass.vert
[13/114] Compiling GLSL -> SPV: forward/default_debug_surface.frag
[14/114] Compiling GLSL -> SPV: forward/default_debug_surface.vert
[15/114] Compiling GLSL -> SPV: forward/line.frag
[16/114] Compiling GLSL -> SPV: forward/line.vert
[17/114] Compiling GLSL -> SPV: forward/point.frag
[18/114] Compiling GLSL -> SPV: forward/point.vert
[19/114] Compiling GLSL -> SPV: hzb_build.comp
[20/114] Compiling GLSL -> SPV: imgui.frag
[21/114] Compiling GLSL -> SPV: imgui.vert
[22/114] Compiling GLSL -> SPV: instance_cull.comp
[23/114] Compiling GLSL -> SPV: instance_cull_multigeo.comp
[24/114] Compiling GLSL -> SPV: kmeans_assign.comp
[25/114] Compiling GLSL -> SPV: kmeans_reset.comp
[26/114] Compiling GLSL -> SPV: kmeans_update.comp
[27/114] Compiling GLSL -> SPV: lbvh_bounds.comp
[28/114] Compiling GLSL -> SPV: lbvh_build.comp
[29/114] Compiling GLSL -> SPV: lbvh_morton.comp
[30/114] Compiling GLSL -> SPV: lbvh_query.comp
[31/114] Compiling GLSL -> SPV: lbvh_sort.comp
[32/114] Compiling GLSL -> SPV: light_cluster_assign.comp
[33/114] Compiling GLSL -> SPV: line.frag
[34/114] Compiling GLSL -> SPV: line.vert
[35/114] Compiling GLSL -> SPV: lop_density.comp
[36/114] Compiling GLSL -> SPV: lop_final_reduce.comp
[37/114] Compiling GLSL -> SPV: lop_grid_count.comp
[38/114] Compiling GLSL -> SPV: lop_grid_scatter.comp
[39/114] Compiling GLSL -> SPV: lop_initialize.comp
[40/114] Compiling GLSL -> SPV: lop_iteration_finalize.comp
[41/114] Compiling GLSL -> SPV: lop_iteration_reset.comp
[42/114] Compiling GLSL -> SPV: lop_project.comp
[43/114] Compiling GLSL -> SPV: parallel_compact_by_flags.comp
[44/114] Compiling GLSL -> SPV: parallel_count_to_dispatch_args.comp
[45/114] Compiling GLSL -> SPV: parallel_prefix_scan.comp
[46/114] Compiling GLSL -> SPV: parallel_scan_add_offsets.comp
[47/114] Compiling GLSL -> SPV: parallel_segmented_float_reduce.comp
[48/114] Compiling GLSL -> SPV: pick_id.frag
[49/114] Compiling GLSL -> SPV: pick_id.vert
[50/114] Compiling GLSL -> SPV: pick_line.frag
[51/114] Compiling GLSL -> SPV: pick_line.vert
[52/114] Compiling GLSL -> SPV: pick_mesh.frag
[53/114] Compiling GLSL -> SPV: pick_mesh.vert
[54/114] Compiling GLSL -> SPV: pick_point.frag
[55/114] Compiling GLSL -> SPV: pick_point.vert
[56/114] Compiling GLSL -> SPV: point.frag
[57/114] Compiling GLSL -> SPV: point.vert
[58/114] Compiling GLSL -> SPV: point_flatdisc.frag
[59/114] Compiling GLSL -> SPV: point_flatdisc.vert
[60/114] Compiling GLSL -> SPV: point_keypoints.comp
[61/114] Compiling GLSL -> SPV: point_retained.frag
[62/114] Compiling GLSL -> SPV: point_retained.vert
[63/114] Compiling GLSL -> SPV: point_sphere.frag
[64/114] Compiling GLSL -> SPV: point_sphere.vert
[65/114] Compiling GLSL -> SPV: point_surfel.frag
[66/114] Compiling GLSL -> SPV: point_surfel.vert
[67/114] Compiling GLSL -> SPV: post_bloom_downsample.frag
[68/114] Compiling GLSL -> SPV: post_bloom_upsample.frag
[69/114] Compiling GLSL -> SPV: post_fullscreen.vert
[70/114] Compiling GLSL -> SPV: post_fxaa.frag
[71/114] Compiling GLSL -> SPV: post_histogram.comp
[72/114] Compiling GLSL -> SPV: post_smaa_blend.frag
[73/114] Compiling GLSL -> SPV: post_smaa_edge.frag
[74/114] Compiling GLSL -> SPV: post_smaa_resolve.frag
[75/114] Compiling GLSL -> SPV: post_tonemap.frag
[76/114] Compiling GLSL -> SPV: present.frag
[77/114] Compiling GLSL -> SPV: present.vert
[78/114] Compiling GLSL -> SPV: progressive_poisson_accept_phase.comp
[79/114] Compiling GLSL -> SPV: progressive_poisson_build_cells.comp
[80/114] Compiling GLSL -> SPV: property_texture_bake.frag
[81/114] Compiling GLSL -> SPV: property_texture_bake.vert
[82/114] Compiling GLSL -> SPV: scene_update.comp
[83/114] Compiling GLSL -> SPV: selection/edge_id.frag
[84/114] Compiling GLSL -> SPV: selection/edge_id.vert
[85/114] Compiling GLSL -> SPV: selection/entity_id.frag
[86/114] Compiling GLSL -> SPV: selection/entity_id.vert
[87/114] Compiling GLSL -> SPV: selection/entity_id_outline.frag
[88/114] Compiling GLSL -> SPV: selection/face_id.frag
[89/114] Compiling GLSL -> SPV: selection/face_id.vert
[90/114] Compiling GLSL -> SPV: selection/point_id.frag
[91/114] Compiling GLSL -> SPV: selection/point_id.vert
[92/114] Compiling GLSL -> SPV: selection_outline.frag
[93/114] Compiling GLSL -> SPV: shadow_depth.vert
[94/114] Compiling GLSL -> SPV: surface.frag
[95/114] Compiling GLSL -> SPV: surface.vert
[96/114] Compiling GLSL -> SPV: surface_gbuffer.frag
[97/114] Compiling GLSL -> SPV: tests/hzb_conservatism_smoke.comp
[98/114] Compiling GLSL -> SPV: transient_debug_line.frag
[99/114] Compiling GLSL -> SPV: transient_debug_line.vert
[100/114] Compiling GLSL -> SPV: transient_debug_point.frag
[101/114] Compiling GLSL -> SPV: transient_debug_point.vert
[102/114] Compiling GLSL -> SPV: transient_debug_triangle.frag
[103/114] Compiling GLSL -> SPV: transient_debug_triangle.vert
[104/114] Compiling GLSL -> SPV: triangle.frag
[105/114] Compiling GLSL -> SPV: triangle.vert
[106/114] Compiling GLSL -> SPV: uv_view/background.frag
[107/114] Compiling GLSL -> SPV: uv_view/background.vert
[108/114] Compiling GLSL -> SPV: uv_view/fill.frag
[109/114] Compiling GLSL -> SPV: uv_view/line.frag
[110/114] Compiling GLSL -> SPV: uv_view/mesh.vert
[111/114] Compiling GLSL -> SPV: visualization_isoline.frag
[112/114] Compiling GLSL -> SPV: visualization_isoline.vert
[113/114] Compiling GLSL -> SPV: visualization_vector_field.frag
[114/114] Compiling GLSL -> SPV: visualization_vector_field.vert
