[32m[INFO] Initialized Scheduler with 2 worker threads.[0m
[32m[INFO] Initialized Scheduler with 3 worker threads.[0m
[32m[INFO] Initialized Scheduler with 1 worker threads.[0m
[32m[INFO] Initialized Scheduler with 1 worker threads.[0m
Wrote benchmark smoke result: "build/ci/custody/METHOD-019/confirmation-raw/geometry.halfedge.smoke.json"
Wrote benchmark smoke result: "build/ci/custody/METHOD-019/confirmation-raw/geometry.parameterization.diagnostics.smoke.json"
Wrote benchmark smoke result: "build/ci/custody/METHOD-019/confirmation-raw/geometry.uv_atlas.fast_staged_vs_xatlas.smoke.json"
Wrote benchmark smoke result: "build/ci/custody/METHOD-019/confirmation-raw/geometry.uv_atlas.fast_staged_promotion.smoke.json"
Wrote benchmark smoke result: "build/ci/custody/METHOD-019/confirmation-raw/geometry.uv_atlas.fast_staged_edge_grouping.scaling.json"
Wrote benchmark smoke result: "build/ci/custody/METHOD-019/confirmation-raw/geometry.progressive_poisson.smoke.json"
Wrote benchmark smoke result: "build/ci/custody/METHOD-019/confirmation-raw/geometry.signed_heat.smoke.json"
Wrote benchmark smoke result: "build/ci/custody/METHOD-019/confirmation-raw/geometry.locally_optimal_projection.reference.smoke.json"
Wrote benchmark smoke result: "build/ci/custody/METHOD-019/confirmation-raw/geometry.lop_family.comparison.smoke.json"
Wrote benchmark smoke result: "build/ci/custody/METHOD-019/confirmation-raw/geometry.continuous_lop.reference.smoke.json"
Wrote benchmark smoke result: "build/ci/custody/METHOD-019/confirmation-raw/geometry.edge_aware_resampling.reference.smoke.json"
Wrote benchmark smoke result: "build/ci/custody/METHOD-019/confirmation-raw/geometry.boundary_first_flattening.smoke.json"
Wrote benchmark smoke result: "build/ci/custody/METHOD-019/confirmation-raw/geometry.simplification.fa_qem_quality.smoke.json"
Wrote benchmark smoke result: "build/ci/custody/METHOD-019/confirmation-raw/geometry.surface_sampling.smoke.json"
Wrote benchmark smoke result: "build/ci/custody/METHOD-019/confirmation-raw/geometry.pointcloud_quality_metrics.smoke.json"
Wrote benchmark smoke result: "build/ci/custody/METHOD-019/confirmation-raw/geometry.pointcloud_filtering.smoke.json"
Wrote benchmark smoke result: "build/ci/custody/METHOD-019/confirmation-raw/physics.rigid_body_reference.smoke.json"
Wrote benchmark smoke result: "build/ci/custody/METHOD-019/confirmation-raw/physics.particle_spring_reference.smoke.json"
Wrote benchmark smoke result: "build/ci/custody/METHOD-019/confirmation-raw/physics.xpbd_cloth_reference.smoke.json"
Wrote benchmark smoke result: "build/ci/custody/METHOD-019/confirmation-raw/physics.sph_fluid_reference.smoke.json"
Wrote benchmark smoke result: "build/ci/custody/METHOD-019/confirmation-raw/rendering.framegraph_barrier_emission.smoke.json"
Wrote benchmark smoke result: "build/ci/custody/METHOD-019/confirmation-raw/rendering.framegraph_compiler_indexing.smoke.json"
Wrote benchmark smoke result: "build/ci/custody/METHOD-019/confirmation-raw/rendering.framegraph_scratch_reuse.smoke.json"
Wrote benchmark smoke result: "build/ci/custody/METHOD-019/confirmation-raw/rendering.frame_recipe_compile_cache.smoke.json"
Wrote benchmark smoke result: "build/ci/custody/METHOD-019/confirmation-raw/rendering.rendergraph_parallel_recording.smoke.json"
Wrote benchmark smoke result: "build/ci/custody/METHOD-019/confirmation-raw/rendering.vertex_fetch_layout.smoke.json"
Wrote benchmark smoke result: "build/ci/custody/METHOD-019/confirmation-raw/core.scheduler_hardening.smoke.json"
Wrote benchmark smoke result: "build/ci/custody/METHOD-019/confirmation-raw/core.taskgraph_plan_reuse.ecs3.smoke.json"
Wrote benchmark smoke result: "build/ci/custody/METHOD-019/confirmation-raw/core.taskgraph_plan_reuse.renderprep9.smoke.json"
Sealed 29 benchmark result(s) as schema v2.
