Internal ctest changing into directory: /tmp/intrinsic-geometry-e2e.GJlhXS/build/ci-ubsan
Test project /tmp/intrinsic-geometry-e2e.GJlhXS/build/ci-ubsan
    Start 833: RuntimeSceneLifecycle.RetiredQueuedSceneSavePublishesTerminalEvent
    Test #833: RuntimeSceneLifecycle.RetiredQueuedSceneSavePublishesTerminalEvent ...   Passed    0.08 sec
    Start 833: RuntimeSceneLifecycle.RetiredQueuedSceneSavePublishesTerminalEvent
    Test #833: RuntimeSceneLifecycle.RetiredQueuedSceneSavePublishesTerminalEvent ...   Passed    0.08 sec
    Start 833: RuntimeSceneLifecycle.RetiredQueuedSceneSavePublishesTerminalEvent
    Test #833: RuntimeSceneLifecycle.RetiredQueuedSceneSavePublishesTerminalEvent ...   Passed    0.08 sec
    Start 833: RuntimeSceneLifecycle.RetiredQueuedSceneSavePublishesTerminalEvent
    Test #833: RuntimeSceneLifecycle.RetiredQueuedSceneSavePublishesTerminalEvent ...   Passed    0.08 sec
    Start 833: RuntimeSceneLifecycle.RetiredQueuedSceneSavePublishesTerminalEvent
    Test #833: RuntimeSceneLifecycle.RetiredQueuedSceneSavePublishesTerminalEvent ...   Passed    0.07 sec
    Start 833: RuntimeSceneLifecycle.RetiredQueuedSceneSavePublishesTerminalEvent
    Test #833: RuntimeSceneLifecycle.RetiredQueuedSceneSavePublishesTerminalEvent ...   Passed    0.08 sec
    Start 833: RuntimeSceneLifecycle.RetiredQueuedSceneSavePublishesTerminalEvent
    Test #833: RuntimeSceneLifecycle.RetiredQueuedSceneSavePublishesTerminalEvent ...   Passed    0.08 sec
    Start 833: RuntimeSceneLifecycle.RetiredQueuedSceneSavePublishesTerminalEvent
    Test #833: RuntimeSceneLifecycle.RetiredQueuedSceneSavePublishesTerminalEvent ...   Passed    0.08 sec
    Start 833: RuntimeSceneLifecycle.RetiredQueuedSceneSavePublishesTerminalEvent
    Test #833: RuntimeSceneLifecycle.RetiredQueuedSceneSavePublishesTerminalEvent ...   Passed    0.08 sec
    Start 833: RuntimeSceneLifecycle.RetiredQueuedSceneSavePublishesTerminalEvent
    Test #833: RuntimeSceneLifecycle.RetiredQueuedSceneSavePublishesTerminalEvent ...   Passed    0.08 sec
    Start 833: RuntimeSceneLifecycle.RetiredQueuedSceneSavePublishesTerminalEvent
    Test #833: RuntimeSceneLifecycle.RetiredQueuedSceneSavePublishesTerminalEvent ...   Passed    0.08 sec
    Start 833: RuntimeSceneLifecycle.RetiredQueuedSceneSavePublishesTerminalEvent
    Test #833: RuntimeSceneLifecycle.RetiredQueuedSceneSavePublishesTerminalEvent ...   Passed    0.08 sec
    Start 833: RuntimeSceneLifecycle.RetiredQueuedSceneSavePublishesTerminalEvent
    Test #833: RuntimeSceneLifecycle.RetiredQueuedSceneSavePublishesTerminalEvent ...   Passed    0.08 sec
    Start 833: RuntimeSceneLifecycle.RetiredQueuedSceneSavePublishesTerminalEvent
    Test #833: RuntimeSceneLifecycle.RetiredQueuedSceneSavePublishesTerminalEvent ...   Passed    0.08 sec
    Start 833: RuntimeSceneLifecycle.RetiredQueuedSceneSavePublishesTerminalEvent
    Test #833: RuntimeSceneLifecycle.RetiredQueuedSceneSavePublishesTerminalEvent ...   Passed    0.08 sec
    Start 833: RuntimeSceneLifecycle.RetiredQueuedSceneSavePublishesTerminalEvent
    Test #833: RuntimeSceneLifecycle.RetiredQueuedSceneSavePublishesTerminalEvent ...   Passed    0.08 sec
    Start 833: RuntimeSceneLifecycle.RetiredQueuedSceneSavePublishesTerminalEvent
    Test #833: RuntimeSceneLifecycle.RetiredQueuedSceneSavePublishesTerminalEvent ...   Passed    0.08 sec
    Start 833: RuntimeSceneLifecycle.RetiredQueuedSceneSavePublishesTerminalEvent
    Test #833: RuntimeSceneLifecycle.RetiredQueuedSceneSavePublishesTerminalEvent ...   Passed    0.08 sec
    Start 833: RuntimeSceneLifecycle.RetiredQueuedSceneSavePublishesTerminalEvent
    Test #833: RuntimeSceneLifecycle.RetiredQueuedSceneSavePublishesTerminalEvent ...   Passed    0.08 sec
    Start 833: RuntimeSceneLifecycle.RetiredQueuedSceneSavePublishesTerminalEvent
    Test #833: RuntimeSceneLifecycle.RetiredQueuedSceneSavePublishesTerminalEvent ...   Passed    0.08 sec
    Start 833: RuntimeSceneLifecycle.RetiredQueuedSceneSavePublishesTerminalEvent
    Test #833: RuntimeSceneLifecycle.RetiredQueuedSceneSavePublishesTerminalEvent ...   Passed    0.08 sec
    Start 833: RuntimeSceneLifecycle.RetiredQueuedSceneSavePublishesTerminalEvent
    Test #833: RuntimeSceneLifecycle.RetiredQueuedSceneSavePublishesTerminalEvent ...   Passed    0.08 sec
    Start 833: RuntimeSceneLifecycle.RetiredQueuedSceneSavePublishesTerminalEvent
    Test #833: RuntimeSceneLifecycle.RetiredQueuedSceneSavePublishesTerminalEvent ...   Passed    0.08 sec
    Start 833: RuntimeSceneLifecycle.RetiredQueuedSceneSavePublishesTerminalEvent
    Test #833: RuntimeSceneLifecycle.RetiredQueuedSceneSavePublishesTerminalEvent ...   Passed    0.07 sec
    Start 833: RuntimeSceneLifecycle.RetiredQueuedSceneSavePublishesTerminalEvent
    Test #833: RuntimeSceneLifecycle.RetiredQueuedSceneSavePublishesTerminalEvent ...   Passed    0.09 sec
    Start 833: RuntimeSceneLifecycle.RetiredQueuedSceneSavePublishesTerminalEvent
    Test #833: RuntimeSceneLifecycle.RetiredQueuedSceneSavePublishesTerminalEvent ...   Passed    0.08 sec
    Start 833: RuntimeSceneLifecycle.RetiredQueuedSceneSavePublishesTerminalEvent
    Test #833: RuntimeSceneLifecycle.RetiredQueuedSceneSavePublishesTerminalEvent ...   Passed    0.08 sec
    Start 833: RuntimeSceneLifecycle.RetiredQueuedSceneSavePublishesTerminalEvent
    Test #833: RuntimeSceneLifecycle.RetiredQueuedSceneSavePublishesTerminalEvent ...   Passed    0.08 sec
    Start 833: RuntimeSceneLifecycle.RetiredQueuedSceneSavePublishesTerminalEvent
    Test #833: RuntimeSceneLifecycle.RetiredQueuedSceneSavePublishesTerminalEvent ...   Passed    0.08 sec
    Start 833: RuntimeSceneLifecycle.RetiredQueuedSceneSavePublishesTerminalEvent
    Test #833: RuntimeSceneLifecycle.RetiredQueuedSceneSavePublishesTerminalEvent ...   Passed    0.08 sec
    Start 833: RuntimeSceneLifecycle.RetiredQueuedSceneSavePublishesTerminalEvent
    Test #833: RuntimeSceneLifecycle.RetiredQueuedSceneSavePublishesTerminalEvent ...   Passed    0.08 sec
    Start 833: RuntimeSceneLifecycle.RetiredQueuedSceneSavePublishesTerminalEvent
    Test #833: RuntimeSceneLifecycle.RetiredQueuedSceneSavePublishesTerminalEvent ...   Passed    0.08 sec
    Start 833: RuntimeSceneLifecycle.RetiredQueuedSceneSavePublishesTerminalEvent
    Test #833: RuntimeSceneLifecycle.RetiredQueuedSceneSavePublishesTerminalEvent ...   Passed    0.08 sec
    Start 833: RuntimeSceneLifecycle.RetiredQueuedSceneSavePublishesTerminalEvent
    Test #833: RuntimeSceneLifecycle.RetiredQueuedSceneSavePublishesTerminalEvent ...   Passed    0.08 sec
    Start 833: RuntimeSceneLifecycle.RetiredQueuedSceneSavePublishesTerminalEvent
    Test #833: RuntimeSceneLifecycle.RetiredQueuedSceneSavePublishesTerminalEvent ...   Passed    0.08 sec
    Start 833: RuntimeSceneLifecycle.RetiredQueuedSceneSavePublishesTerminalEvent
    Test #833: RuntimeSceneLifecycle.RetiredQueuedSceneSavePublishesTerminalEvent ...   Passed    0.08 sec
    Start 833: RuntimeSceneLifecycle.RetiredQueuedSceneSavePublishesTerminalEvent
    Test #833: RuntimeSceneLifecycle.RetiredQueuedSceneSavePublishesTerminalEvent ...   Passed    0.08 sec
    Start 833: RuntimeSceneLifecycle.RetiredQueuedSceneSavePublishesTerminalEvent
    Test #833: RuntimeSceneLifecycle.RetiredQueuedSceneSavePublishesTerminalEvent ...   Passed    0.08 sec
    Start 833: RuntimeSceneLifecycle.RetiredQueuedSceneSavePublishesTerminalEvent
    Test #833: RuntimeSceneLifecycle.RetiredQueuedSceneSavePublishesTerminalEvent ...   Passed    0.08 sec
    Start 833: RuntimeSceneLifecycle.RetiredQueuedSceneSavePublishesTerminalEvent
    Test #833: RuntimeSceneLifecycle.RetiredQueuedSceneSavePublishesTerminalEvent ...   Passed    0.08 sec
    Start 833: RuntimeSceneLifecycle.RetiredQueuedSceneSavePublishesTerminalEvent
    Test #833: RuntimeSceneLifecycle.RetiredQueuedSceneSavePublishesTerminalEvent ...   Passed    0.08 sec
    Start 833: RuntimeSceneLifecycle.RetiredQueuedSceneSavePublishesTerminalEvent
    Test #833: RuntimeSceneLifecycle.RetiredQueuedSceneSavePublishesTerminalEvent ...   Passed    0.07 sec
    Start 833: RuntimeSceneLifecycle.RetiredQueuedSceneSavePublishesTerminalEvent
    Test #833: RuntimeSceneLifecycle.RetiredQueuedSceneSavePublishesTerminalEvent ...   Passed    0.08 sec
    Start 833: RuntimeSceneLifecycle.RetiredQueuedSceneSavePublishesTerminalEvent
    Test #833: RuntimeSceneLifecycle.RetiredQueuedSceneSavePublishesTerminalEvent ...   Passed    0.08 sec
    Start 833: RuntimeSceneLifecycle.RetiredQueuedSceneSavePublishesTerminalEvent
    Test #833: RuntimeSceneLifecycle.RetiredQueuedSceneSavePublishesTerminalEvent ...   Passed    0.08 sec
    Start 833: RuntimeSceneLifecycle.RetiredQueuedSceneSavePublishesTerminalEvent
    Test #833: RuntimeSceneLifecycle.RetiredQueuedSceneSavePublishesTerminalEvent ...   Passed    0.08 sec
    Start 833: RuntimeSceneLifecycle.RetiredQueuedSceneSavePublishesTerminalEvent
    Test #833: RuntimeSceneLifecycle.RetiredQueuedSceneSavePublishesTerminalEvent ...   Passed    0.07 sec
    Start 833: RuntimeSceneLifecycle.RetiredQueuedSceneSavePublishesTerminalEvent
    Test #833: RuntimeSceneLifecycle.RetiredQueuedSceneSavePublishesTerminalEvent ...   Passed    0.08 sec
    Start 833: RuntimeSceneLifecycle.RetiredQueuedSceneSavePublishesTerminalEvent
    Test #833: RuntimeSceneLifecycle.RetiredQueuedSceneSavePublishesTerminalEvent ...   Passed    0.08 sec
    Start 833: RuntimeSceneLifecycle.RetiredQueuedSceneSavePublishesTerminalEvent
    Test #833: RuntimeSceneLifecycle.RetiredQueuedSceneSavePublishesTerminalEvent ...   Passed    0.07 sec
    Start 833: RuntimeSceneLifecycle.RetiredQueuedSceneSavePublishesTerminalEvent
    Test #833: RuntimeSceneLifecycle.RetiredQueuedSceneSavePublishesTerminalEvent ...   Passed    0.08 sec
    Start 833: RuntimeSceneLifecycle.RetiredQueuedSceneSavePublishesTerminalEvent
    Test #833: RuntimeSceneLifecycle.RetiredQueuedSceneSavePublishesTerminalEvent ...   Passed    0.08 sec
    Start 833: RuntimeSceneLifecycle.RetiredQueuedSceneSavePublishesTerminalEvent
    Test #833: RuntimeSceneLifecycle.RetiredQueuedSceneSavePublishesTerminalEvent ...   Passed    0.08 sec
    Start 833: RuntimeSceneLifecycle.RetiredQueuedSceneSavePublishesTerminalEvent
    Test #833: RuntimeSceneLifecycle.RetiredQueuedSceneSavePublishesTerminalEvent ...   Passed    0.08 sec
    Start 833: RuntimeSceneLifecycle.RetiredQueuedSceneSavePublishesTerminalEvent
    Test #833: RuntimeSceneLifecycle.RetiredQueuedSceneSavePublishesTerminalEvent ...   Passed    0.08 sec
    Start 833: RuntimeSceneLifecycle.RetiredQueuedSceneSavePublishesTerminalEvent
    Test #833: RuntimeSceneLifecycle.RetiredQueuedSceneSavePublishesTerminalEvent ...   Passed    0.08 sec
    Start 833: RuntimeSceneLifecycle.RetiredQueuedSceneSavePublishesTerminalEvent
    Test #833: RuntimeSceneLifecycle.RetiredQueuedSceneSavePublishesTerminalEvent ...   Passed    0.08 sec
    Start 833: RuntimeSceneLifecycle.RetiredQueuedSceneSavePublishesTerminalEvent
    Test #833: RuntimeSceneLifecycle.RetiredQueuedSceneSavePublishesTerminalEvent ...   Passed    0.08 sec
    Start 833: RuntimeSceneLifecycle.RetiredQueuedSceneSavePublishesTerminalEvent
    Test #833: RuntimeSceneLifecycle.RetiredQueuedSceneSavePublishesTerminalEvent ...   Passed    0.08 sec
    Start 833: RuntimeSceneLifecycle.RetiredQueuedSceneSavePublishesTerminalEvent
    Test #833: RuntimeSceneLifecycle.RetiredQueuedSceneSavePublishesTerminalEvent ...   Passed    0.08 sec
    Start 833: RuntimeSceneLifecycle.RetiredQueuedSceneSavePublishesTerminalEvent
    Test #833: RuntimeSceneLifecycle.RetiredQueuedSceneSavePublishesTerminalEvent ...   Passed    0.08 sec
    Start 833: RuntimeSceneLifecycle.RetiredQueuedSceneSavePublishesTerminalEvent
    Test #833: RuntimeSceneLifecycle.RetiredQueuedSceneSavePublishesTerminalEvent ...   Passed    0.07 sec
    Start 833: RuntimeSceneLifecycle.RetiredQueuedSceneSavePublishesTerminalEvent
    Test #833: RuntimeSceneLifecycle.RetiredQueuedSceneSavePublishesTerminalEvent ...   Passed    0.08 sec
    Start 833: RuntimeSceneLifecycle.RetiredQueuedSceneSavePublishesTerminalEvent
    Test #833: RuntimeSceneLifecycle.RetiredQueuedSceneSavePublishesTerminalEvent ...   Passed    0.08 sec
    Start 833: RuntimeSceneLifecycle.RetiredQueuedSceneSavePublishesTerminalEvent
    Test #833: RuntimeSceneLifecycle.RetiredQueuedSceneSavePublishesTerminalEvent ...   Passed    0.08 sec
    Start 833: RuntimeSceneLifecycle.RetiredQueuedSceneSavePublishesTerminalEvent
    Test #833: RuntimeSceneLifecycle.RetiredQueuedSceneSavePublishesTerminalEvent ...   Passed    0.08 sec
    Start 833: RuntimeSceneLifecycle.RetiredQueuedSceneSavePublishesTerminalEvent
    Test #833: RuntimeSceneLifecycle.RetiredQueuedSceneSavePublishesTerminalEvent ...   Passed    0.08 sec
    Start 833: RuntimeSceneLifecycle.RetiredQueuedSceneSavePublishesTerminalEvent
    Test #833: RuntimeSceneLifecycle.RetiredQueuedSceneSavePublishesTerminalEvent ...   Passed    0.08 sec
    Start 833: RuntimeSceneLifecycle.RetiredQueuedSceneSavePublishesTerminalEvent
    Test #833: RuntimeSceneLifecycle.RetiredQueuedSceneSavePublishesTerminalEvent ...   Passed    0.08 sec
    Start 833: RuntimeSceneLifecycle.RetiredQueuedSceneSavePublishesTerminalEvent
    Test #833: RuntimeSceneLifecycle.RetiredQueuedSceneSavePublishesTerminalEvent ...   Passed    0.07 sec
    Start 833: RuntimeSceneLifecycle.RetiredQueuedSceneSavePublishesTerminalEvent
    Test #833: RuntimeSceneLifecycle.RetiredQueuedSceneSavePublishesTerminalEvent ...   Passed    0.07 sec
    Start 833: RuntimeSceneLifecycle.RetiredQueuedSceneSavePublishesTerminalEvent
    Test #833: RuntimeSceneLifecycle.RetiredQueuedSceneSavePublishesTerminalEvent ...   Passed    0.08 sec
    Start 833: RuntimeSceneLifecycle.RetiredQueuedSceneSavePublishesTerminalEvent
    Test #833: RuntimeSceneLifecycle.RetiredQueuedSceneSavePublishesTerminalEvent ...   Passed    0.08 sec
    Start 833: RuntimeSceneLifecycle.RetiredQueuedSceneSavePublishesTerminalEvent
    Test #833: RuntimeSceneLifecycle.RetiredQueuedSceneSavePublishesTerminalEvent ...   Passed    0.08 sec
    Start 833: RuntimeSceneLifecycle.RetiredQueuedSceneSavePublishesTerminalEvent
    Test #833: RuntimeSceneLifecycle.RetiredQueuedSceneSavePublishesTerminalEvent ...   Passed    0.08 sec
    Start 833: RuntimeSceneLifecycle.RetiredQueuedSceneSavePublishesTerminalEvent
    Test #833: RuntimeSceneLifecycle.RetiredQueuedSceneSavePublishesTerminalEvent ...   Passed    0.08 sec
    Start 833: RuntimeSceneLifecycle.RetiredQueuedSceneSavePublishesTerminalEvent
    Test #833: RuntimeSceneLifecycle.RetiredQueuedSceneSavePublishesTerminalEvent ...   Passed    0.08 sec
    Start 833: RuntimeSceneLifecycle.RetiredQueuedSceneSavePublishesTerminalEvent
    Test #833: RuntimeSceneLifecycle.RetiredQueuedSceneSavePublishesTerminalEvent ...   Passed    0.08 sec
    Start 833: RuntimeSceneLifecycle.RetiredQueuedSceneSavePublishesTerminalEvent
    Test #833: RuntimeSceneLifecycle.RetiredQueuedSceneSavePublishesTerminalEvent ...   Passed    0.08 sec
    Start 833: RuntimeSceneLifecycle.RetiredQueuedSceneSavePublishesTerminalEvent
    Test #833: RuntimeSceneLifecycle.RetiredQueuedSceneSavePublishesTerminalEvent ...   Passed    0.08 sec
    Start 833: RuntimeSceneLifecycle.RetiredQueuedSceneSavePublishesTerminalEvent
    Test #833: RuntimeSceneLifecycle.RetiredQueuedSceneSavePublishesTerminalEvent ...   Passed    0.07 sec
    Start 833: RuntimeSceneLifecycle.RetiredQueuedSceneSavePublishesTerminalEvent
    Test #833: RuntimeSceneLifecycle.RetiredQueuedSceneSavePublishesTerminalEvent ...   Passed    0.08 sec
    Start 833: RuntimeSceneLifecycle.RetiredQueuedSceneSavePublishesTerminalEvent
    Test #833: RuntimeSceneLifecycle.RetiredQueuedSceneSavePublishesTerminalEvent ...   Passed    0.08 sec
    Start 833: RuntimeSceneLifecycle.RetiredQueuedSceneSavePublishesTerminalEvent
    Test #833: RuntimeSceneLifecycle.RetiredQueuedSceneSavePublishesTerminalEvent ...   Passed    0.08 sec
    Start 833: RuntimeSceneLifecycle.RetiredQueuedSceneSavePublishesTerminalEvent
    Test #833: RuntimeSceneLifecycle.RetiredQueuedSceneSavePublishesTerminalEvent ...   Passed    0.08 sec
    Start 833: RuntimeSceneLifecycle.RetiredQueuedSceneSavePublishesTerminalEvent
    Test #833: RuntimeSceneLifecycle.RetiredQueuedSceneSavePublishesTerminalEvent ...   Passed    0.08 sec
    Start 833: RuntimeSceneLifecycle.RetiredQueuedSceneSavePublishesTerminalEvent
    Test #833: RuntimeSceneLifecycle.RetiredQueuedSceneSavePublishesTerminalEvent ...   Passed    0.08 sec
    Start 833: RuntimeSceneLifecycle.RetiredQueuedSceneSavePublishesTerminalEvent
    Test #833: RuntimeSceneLifecycle.RetiredQueuedSceneSavePublishesTerminalEvent ...   Passed    0.08 sec
    Start 833: RuntimeSceneLifecycle.RetiredQueuedSceneSavePublishesTerminalEvent
    Test #833: RuntimeSceneLifecycle.RetiredQueuedSceneSavePublishesTerminalEvent ...   Passed    0.07 sec
    Start 833: RuntimeSceneLifecycle.RetiredQueuedSceneSavePublishesTerminalEvent
    Test #833: RuntimeSceneLifecycle.RetiredQueuedSceneSavePublishesTerminalEvent ...   Passed    0.08 sec
    Start 833: RuntimeSceneLifecycle.RetiredQueuedSceneSavePublishesTerminalEvent
    Test #833: RuntimeSceneLifecycle.RetiredQueuedSceneSavePublishesTerminalEvent ...   Passed    0.07 sec
    Start 833: RuntimeSceneLifecycle.RetiredQueuedSceneSavePublishesTerminalEvent
    Test #833: RuntimeSceneLifecycle.RetiredQueuedSceneSavePublishesTerminalEvent ...   Passed    0.08 sec
    Start 833: RuntimeSceneLifecycle.RetiredQueuedSceneSavePublishesTerminalEvent
    Test #833: RuntimeSceneLifecycle.RetiredQueuedSceneSavePublishesTerminalEvent ...   Passed    0.08 sec
    Start 833: RuntimeSceneLifecycle.RetiredQueuedSceneSavePublishesTerminalEvent
    Test #833: RuntimeSceneLifecycle.RetiredQueuedSceneSavePublishesTerminalEvent ...   Passed    0.08 sec
    Start 833: RuntimeSceneLifecycle.RetiredQueuedSceneSavePublishesTerminalEvent
    Test #833: RuntimeSceneLifecycle.RetiredQueuedSceneSavePublishesTerminalEvent ...   Passed    0.08 sec
    Start 833: RuntimeSceneLifecycle.RetiredQueuedSceneSavePublishesTerminalEvent
    Test #833: RuntimeSceneLifecycle.RetiredQueuedSceneSavePublishesTerminalEvent ...   Passed    0.08 sec
    Start 833: RuntimeSceneLifecycle.RetiredQueuedSceneSavePublishesTerminalEvent
    Test #833: RuntimeSceneLifecycle.RetiredQueuedSceneSavePublishesTerminalEvent ...   Passed    0.07 sec
    Start 833: RuntimeSceneLifecycle.RetiredQueuedSceneSavePublishesTerminalEvent
    Test #833: RuntimeSceneLifecycle.RetiredQueuedSceneSavePublishesTerminalEvent ...   Passed    0.08 sec
    Start 833: RuntimeSceneLifecycle.RetiredQueuedSceneSavePublishesTerminalEvent
    Test #833: RuntimeSceneLifecycle.RetiredQueuedSceneSavePublishesTerminalEvent ...   Passed    0.07 sec
    Start 833: RuntimeSceneLifecycle.RetiredQueuedSceneSavePublishesTerminalEvent
1/1 Test #833: RuntimeSceneLifecycle.RetiredQueuedSceneSavePublishesTerminalEvent ...   Passed    0.08 sec

100% tests passed, 0 tests failed out of 1

Label Time Summary:
contract    =   0.08 sec*proc (1 test)
runtime     =   0.08 sec*proc (1 test)

Total Test time (real) =   7.73 sec
