Internal ctest changing into directory: /home/alex/Documents/IntrinsicEngine/build/ci
Test project /home/alex/Documents/IntrinsicEngine/build/ci
        Start  155: GraphicsRenderer.NullRendererExecutesRenderGraphPath
  1/194 Test  #155: GraphicsRenderer.NullRendererExecutesRenderGraphPath ....................................................   Passed    0.11 sec
        Start  156: GraphicsRenderer.NullRendererReusesCompiledGraphForSteadyStateFrames
  2/194 Test  #156: GraphicsRenderer.NullRendererReusesCompiledGraphForSteadyStateFrames ....................................   Passed    0.11 sec
        Start  157: GraphicsRenderer.NullRendererRecompilesOnFeatureAndSizingChangesAndRebindsImports
  3/194 Test  #157: GraphicsRenderer.NullRendererRecompilesOnFeatureAndSizingChangesAndRebindsImports .......................   Passed    0.13 sec
        Start  158: GraphicsRenderer.NullRendererCachedDebugDumpMatchesInitialCompileWhenEnabled
  4/194 Test  #158: GraphicsRenderer.NullRendererCachedDebugDumpMatchesInitialCompileWhenEnabled ............................   Passed    0.10 sec
        Start  159: GraphicsRenderer.NullRendererForwardDebugDumpContainsCanonicalPassesAndDataflowOrder
  5/194 Test  #159: GraphicsRenderer.NullRendererForwardDebugDumpContainsCanonicalPassesAndDataflowOrder ....................   Passed    0.09 sec
        Start  160: GraphicsRenderer.NullRendererDeferredDebugDumpPlacesCompositionBetweenSurfaceAndLine
  6/194 Test  #160: GraphicsRenderer.NullRendererDeferredDebugDumpPlacesCompositionBetweenSurfaceAndLine ....................   Passed    0.09 sec
        Start  161: GraphicsRenderer.NullRendererEnablesDebugChainWhenRequested
  7/194 Test  #161: GraphicsRenderer.NullRendererEnablesDebugChainWhenRequested .............................................   Passed    0.09 sec
        Start  162: GraphicsRenderer.NullRendererAddsPickingPassWhenPickIsPending
  8/194 Test  #162: GraphicsRenderer.NullRendererAddsPickingPassWhenPickIsPending ...........................................   Passed    0.09 sec
        Start  163: GraphicsRenderer.NullRendererExecuteFrameRequiresPreparePhase
  9/194 Test  #163: GraphicsRenderer.NullRendererExecuteFrameRequiresPreparePhase ...........................................   Passed    0.04 sec
        Start  164: GraphicsRenderer.NullRendererPrepareBeforeExtractPreventsExecute
 10/194 Test  #164: GraphicsRenderer.NullRendererPrepareBeforeExtractPreventsExecute ........................................   Passed    0.03 sec
        Start  405: EditorUiModule.ReverseShutdownWithdrawsHostAndDetachesLiveRenderer
 11/194 Test  #405: EditorUiModule.ReverseShutdownWithdrawsHostAndDetachesLiveRenderer ......................................   Passed    0.05 sec
        Start  416: ImGuiAdapter.InitializeProducesZeroListFrameForEmptyWindow
 12/194 Test  #416: ImGuiAdapter.InitializeProducesZeroListFrameForEmptyWindow ..............................................   Passed    0.01 sec
        Start  417: ImGuiAdapter.InitializeRejectsDoubleInitialize
 13/194 Test  #417: ImGuiAdapter.InitializeRejectsDoubleInitialize ..........................................................   Passed    0.01 sec
        Start  418: ImGuiAdapter.InitializeLoadsBundledRobotoAndBuildsLegacyFontAtlas
 14/194 Test  #418: ImGuiAdapter.InitializeLoadsBundledRobotoAndBuildsLegacyFontAtlas .......................................   Passed    0.01 sec
        Start  419: ImGuiAdapter.HiDpiFontKeepsLogicalMetricsAndUsesRasterizerDensity
 15/194 Test  #419: ImGuiAdapter.HiDpiFontKeepsLogicalMetricsAndUsesRasterizerDensity .......................................   Passed    0.01 sec
        Start  420: ImGuiAdapter.FontAtlasPayloadIsCopiedOnlyWhenDirty
 16/194 Test  #420: ImGuiAdapter.FontAtlasPayloadIsCopiedOnlyWhenDirty ......................................................   Passed    0.01 sec
        Start  421: ImGuiAdapter.EditorPanelDrawProducesNonEmptyDrawList
 17/194 Test  #421: ImGuiAdapter.EditorPanelDrawProducesNonEmptyDrawList ....................................................   Passed    0.01 sec
        Start  422: ImGuiAdapter.ImageDrawPreservesUserTextureBindlessCommand
 18/194 Test  #422: ImGuiAdapter.ImageDrawPreservesUserTextureBindlessCommand ...............................................   Passed    0.01 sec
        Start  423: ImGuiAdapter.LargeDrawListPreservesNonZeroVertexOffset
 19/194 Test  #423: ImGuiAdapter.LargeDrawListPreservesNonZeroVertexOffset ..................................................   Passed    0.01 sec
        Start  424: ImGuiAdapter.NestedChildDrawPreservesFramebufferScissor
 20/194 Test  #424: ImGuiAdapter.NestedChildDrawPreservesFramebufferScissor .................................................   Passed    0.01 sec
        Start  425: ImGuiAdapter.ScalesClampsAndRejectsInvalidFramebufferClipRects
 21/194 Test  #425: ImGuiAdapter.ScalesClampsAndRejectsInvalidFramebufferClipRects ..........................................   Passed    0.02 sec
        Start  426: ImGuiAdapter.EditorCallbackInvokedOncePerFramePair
 22/194 Test  #426: ImGuiAdapter.EditorCallbackInvokedOncePerFramePair ......................................................   Passed    0.01 sec
        Start  427: ImGuiAdapter.PumpsInputAndResizeReportsFramebufferPixelsWithoutDoubleScaling
 23/194 Test  #427: ImGuiAdapter.PumpsInputAndResizeReportsFramebufferPixelsWithoutDoubleScaling ............................   Passed    0.01 sec
        Start  428: ImGuiAdapter.SnapshotsCaptureStateOncePerCompletedEditorFrame
 24/194 Test  #428: ImGuiAdapter.SnapshotsCaptureStateOncePerCompletedEditorFrame ...........................................   Passed    0.01 sec
        Start  429: ImGuiAdapter.HiddenEditorClearsStaleCaptureState
 25/194 Test  #429: ImGuiAdapter.HiddenEditorClearsStaleCaptureState ........................................................   Passed    0.01 sec
        Start  430: ImGuiAdapter.RebuildForDisplayChangeCyclesOverlayExactlyOnce
 26/194 Test  #430: ImGuiAdapter.RebuildForDisplayChangeCyclesOverlayExactlyOnce ............................................   Passed    0.01 sec
        Start  431: ImGuiAdapter.RebuildBeforeInitializeIsUncounted
 27/194 Test  #431: ImGuiAdapter.RebuildBeforeInitializeIsUncounted .........................................................   Passed    0.01 sec
        Start  432: ImGuiAdapterEngineWiring.AdapterInitializedAfterEngineInitialize
 28/194 Test  #432: ImGuiAdapterEngineWiring.AdapterInitializedAfterEngineInitialize ........................................   Passed    0.09 sec
        Start  433: ImGuiAdapterEngineWiring.RunProducesOneOverlayFramePerEngineFrame
 29/194 Test  #433: ImGuiAdapterEngineWiring.RunProducesOneOverlayFramePerEngineFrame .......................................   Passed    0.12 sec
        Start  434: ImGuiAdapterEngineWiring.EditorHookInvokedOncePerFrameAndProducesDrawLists
 30/194 Test  #434: ImGuiAdapterEngineWiring.EditorHookInvokedOncePerFrameAndProducesDrawLists ..............................   Passed    0.12 sec
        Start  435: ImGuiAdapterEngineWiring.FramePacingDiagnosticsPopulateOnNullBackend
 31/194 Test  #435: ImGuiAdapterEngineWiring.FramePacingDiagnosticsPopulateOnNullBackend ....................................   Passed    0.06 sec
        Start  436: ImGuiAdapterEngineWiring.EditorCallbackStaysBoundedAndRenderAdvancesWhileJobRuns
 32/194 Test  #436: ImGuiAdapterEngineWiring.EditorCallbackStaysBoundedAndRenderAdvancesWhileJobRuns ........................   Passed    0.30 sec
        Start  437: ImGuiAdapterEngineWiring.UiCaptureSuppressesRuntimeInputConsumers
 33/194 Test  #437: ImGuiAdapterEngineWiring.UiCaptureSuppressesRuntimeInputConsumers .......................................   Passed    0.05 sec
        Start  438: ImGuiAdapterEngineWiring.RunNormalizesNativeCloseBeforeFirstFrame
 34/194 Test  #438: ImGuiAdapterEngineWiring.RunNormalizesNativeCloseBeforeFirstFrame .......................................   Passed    0.10 sec
        Start  439: ImGuiAdapterEngineWiring.RunNormalizesNativeCloseAfterInteractiveInput
 35/194 Test  #439: ImGuiAdapterEngineWiring.RunNormalizesNativeCloseAfterInteractiveInput ..................................   Passed    0.11 sec
        Start  679: RuntimeConfigControl.BootGpuProfilingConfigReachesRendererWithoutControlOrEditor
 36/194 Test  #679: RuntimeConfigControl.BootGpuProfilingConfigReachesRendererWithoutControlOrEditor ........................   Passed    0.06 sec
        Start  694: RuntimeEngineLayering.RunFrameStopsAfterPlatformCloseBeforeRendererContract
 37/194 Test  #694: RuntimeEngineLayering.RunFrameStopsAfterPlatformCloseBeforeRendererContract .............................   Passed    0.01 sec
        Start  701: RuntimeEngineLayering.PromotedFrameLoopContractPreservesRendererAndMaintenanceOrder
 38/194 Test  #701: RuntimeEngineLayering.PromotedFrameLoopContractPreservesRendererAndMaintenanceOrder .....................   Passed    0.01 sec
        Start  717: RuntimeEngineLayering.EditorUiModulePrivatelyMirrorsImGuiFramePacingDiagnostics
 39/194 Test  #717: RuntimeEngineLayering.EditorUiModulePrivatelyMirrorsImGuiFramePacingDiagnostics .........................   Passed    0.01 sec
        Start  895: SandboxEditorUi.RenderGraphPanelModelCopiesRendererStats
 40/194 Test  #895: SandboxEditorUi.RenderGraphPanelModelCopiesRendererStats ................................................   Passed    0.01 sec
        Start 3474: GraphicsImGuiOverlaySystem.SubmitFrameAggregatesValidDrawData
 41/194 Test #3474: GraphicsImGuiOverlaySystem.SubmitFrameAggregatesValidDrawData ...........................................   Passed    0.00 sec
        Start 3475: GraphicsImGuiOverlaySystem.DisabledOrInvalidFramesHaveNoOverlayWork
 42/194 Test #3475: GraphicsImGuiOverlaySystem.DisabledOrInvalidFramesHaveNoOverlayWork .....................................   Passed    0.00 sec
        Start 3476: GraphicsImGuiOverlaySystem.UnchangedFontAtlasPayloadIsRetained
 43/194 Test #3476: GraphicsImGuiOverlaySystem.UnchangedFontAtlasPayloadIsRetained ..........................................   Passed    0.00 sec
        Start 3477: GraphicsImGuiOverlaySystem.DiagnosticsFormattingIsDeterministic
 44/194 Test #3477: GraphicsImGuiOverlaySystem.DiagnosticsFormattingIsDeterministic .........................................   Passed    0.00 sec
        Start 3478: GraphicsImGuiOverlaySystem.PresentFinalizationDiagnosticsRequireSourceBackbufferAndPass
 45/194 Test #3478: GraphicsImGuiOverlaySystem.PresentFinalizationDiagnosticsRequireSourceBackbufferAndPass .................   Passed    0.00 sec
        Start 3532: RendererRhiBoundary.RendererPublicSurfaceCompilesThroughRhiOnly
 46/194 Test #3532: RendererRhiBoundary.RendererPublicSurfaceCompilesThroughRhiOnly .........................................   Passed    0.00 sec
        Start 3533: RendererRhiBoundary.RendererDoesNotImportVulkanBackend
 47/194 Test #3533: RendererRhiBoundary.RendererDoesNotImportVulkanBackend ..................................................   Passed    0.01 sec
        Start 3534: RendererRhiBoundary.RendererDoesNotImportLiveEcsOwnership
 48/194 Test #3534: RendererRhiBoundary.RendererDoesNotImportLiveEcsOwnership ...............................................   Passed    0.01 sec
        Start 3535: RendererRhiBoundary.RhiLayerDoesNotImportVulkan
 49/194 Test #3535: RendererRhiBoundary.RhiLayerDoesNotImportVulkan .........................................................   Passed    0.00 sec
        Start 3536: RendererRhiBoundary.RetiredTimelineSemaphoreAbstractionStaysAbsent
 50/194 Test #3536: RendererRhiBoundary.RetiredTimelineSemaphoreAbstractionStaysAbsent ......................................   Passed    0.02 sec
        Start 3537: RendererRhiBoundary.RetiredPipelineRegistryStaysAbsent
 51/194 Test #3537: RendererRhiBoundary.RetiredPipelineRegistryStaysAbsent ..................................................   Passed    0.02 sec
        Start 3538: RendererRhiBoundary.RetiredReconstructorBaseStaysAbsent
 52/194 Test #3538: RendererRhiBoundary.RetiredReconstructorBaseStaysAbsent .................................................   Passed    0.02 sec
        Start 3539: RendererRhiBoundary.RetiredTransientDebugUploadHelperBaseStaysAbsent
 53/194 Test #3539: RendererRhiBoundary.RetiredTransientDebugUploadHelperBaseStaysAbsent ....................................   Passed    0.02 sec
        Start 3540: RendererRhiBoundary.RetiredVisualizationOverlayUploadHelperBaseStaysAbsent
 54/194 Test #3540: RendererRhiBoundary.RetiredVisualizationOverlayUploadHelperBaseStaysAbsent ..............................   Passed    0.01 sec
        Start 3541: RendererRhiBoundary.RetiredImGuiUploadHelperBaseStaysAbsent
 55/194 Test #3541: RendererRhiBoundary.RetiredImGuiUploadHelperBaseStaysAbsent .............................................   Passed    0.02 sec
        Start 3542: RendererRhiBoundary.PromotedGraphicsAndRuntimeDoNotImportCuda
 56/194 Test #3542: RendererRhiBoundary.PromotedGraphicsAndRuntimeDoNotImportCuda ...........................................   Passed    0.01 sec
        Start 3543: RendererRhiBoundary.SamplerBorderColorStaysBackendNeutralAndMapsInVulkanBackend
 57/194 Test #3543: RendererRhiBoundary.SamplerBorderColorStaysBackendNeutralAndMapsInVulkanBackend .........................   Passed    0.00 sec
        Start 3544: RendererRhiBoundary.VulkanBackendDefinesPromotedSymbols
 58/194 Test #3544: RendererRhiBoundary.VulkanBackendDefinesPromotedSymbols .................................................   Passed    0.00 sec
        Start 3637: CurrentRendererContractAdapter.DescriptorDeclaresCurrentRendererContractSurface
 59/194 Test #3637: CurrentRendererContractAdapter.DescriptorDeclaresCurrentRendererContractSurface .........................   Passed    0.00 sec
        Start 3638: CurrentRendererContractAdapter.BindingSetMapsCurrentMaterialGeometryAndVisualizationInputs
 60/194 Test #3638: CurrentRendererContractAdapter.BindingSetMapsCurrentMaterialGeometryAndVisualizationInputs ..............   Passed    0.00 sec
        Start 3639: CurrentRendererContractAdapter.FrameInputBuildsCompatibleSnapshotRecipeAndDiagnostics
 61/194 Test #3639: CurrentRendererContractAdapter.FrameInputBuildsCompatibleSnapshotRecipeAndDiagnostics ...................   Passed    0.00 sec
        Start 3640: CurrentRendererContractAdapter.RenderWorldKeepsCurrentFrameDiagnosticsNonBlocking
 62/194 Test #3640: CurrentRendererContractAdapter.RenderWorldKeepsCurrentFrameDiagnosticsNonBlocking .......................   Passed    0.00 sec
        Start 3641: CurrentRendererContractAdapter.RecipeDescriptorUsesOnlyDeclaredCurrentRendererSlots
 63/194 Test #3641: CurrentRendererContractAdapter.RecipeDescriptorUsesOnlyDeclaredCurrentRendererSlots .....................   Passed    0.00 sec
        Start 3678: DebugViewPassContract.RendererRoutesAndRecordsDebugViewPass
 64/194 Test #3678: DebugViewPassContract.RendererRoutesAndRecordsDebugViewPass .............................................   Passed    0.07 sec
        Start 3686: FrameRecipeContract.UvViewWritesRetainedImportBeforeImGuiSamplesIt
 65/194 Test #3686: FrameRecipeContract.UvViewWritesRetainedImportBeforeImGuiSamplesIt ......................................   Passed    0.00 sec
        Start 3729: FrameRecipeContract.PickingReadbackImportedFromRenderer
 66/194 Test #3729: FrameRecipeContract.PickingReadbackImportedFromRenderer .................................................   Passed    0.00 sec
        Start 3765: ImGuiPassContract.UploadHelperPacksTwoDrawListsAndPassRecordsPerList
 67/194 Test #3765: ImGuiPassContract.UploadHelperPacksTwoDrawListsAndPassRecordsPerList ....................................   Passed    0.00 sec
        Start 3766: ImGuiPassContract.UploadHelperPreservesPerCommandTextureBindlessIndices
 68/194 Test #3766: ImGuiPassContract.UploadHelperPreservesPerCommandTextureBindlessIndices .................................   Passed    0.00 sec
        Start 3767: ImGuiPassContract.InvalidCommandScissorsFailClosedAtUploadAndRecord
 69/194 Test #3767: ImGuiPassContract.InvalidCommandScissorsFailClosedAtUploadAndRecord .....................................   Passed    0.00 sec
        Start 3768: ImGuiPassContract.UploadHelperPartitionsStorageByFrameSlot
 70/194 Test #3768: ImGuiPassContract.UploadHelperPartitionsStorageByFrameSlot ..............................................   Passed    0.00 sec
        Start 3769: ImGuiPassContract.FontAtlasUploadSurvivesOperationalRebuildByteIdentical
 71/194 Test #3769: ImGuiPassContract.FontAtlasUploadSurvivesOperationalRebuildByteIdentical ................................   Passed    0.07 sec
        Start 3770: ImGuiPassContract.FontAtlasAllocatesAfterColdStartOperationalRebuild
 72/194 Test #3770: ImGuiPassContract.FontAtlasAllocatesAfterColdStartOperationalRebuild ....................................   Passed    0.07 sec
        Start 3771: ImGuiPassContract.AttachedOverlayWithWorkRecordsAfterInitialize
 73/194 Test #3771: ImGuiPassContract.AttachedOverlayWithWorkRecordsAfterInitialize .........................................   Passed    0.07 sec
        Start 3772: ImGuiPassContract.PipelineMatchesLegacyDearImGuiStraightAlphaBlend
 74/194 Test #3772: ImGuiPassContract.PipelineMatchesLegacyDearImGuiStraightAlphaBlend ......................................   Passed    0.04 sec
        Start 3773: ImGuiPassContract.DebugViewRgba8PresentSourceBindsRgba8PipelineVariant
 75/194 Test #3773: ImGuiPassContract.DebugViewRgba8PresentSourceBindsRgba8PipelineVariant ..................................   Passed    0.07 sec
        Start 3774: ImGuiPassContract.FontAtlasUploadFlushesBindlessHeapBeforeDraw
 76/194 Test #3774: ImGuiPassContract.FontAtlasUploadFlushesBindlessHeapBeforeDraw ..........................................   Passed    0.07 sec
        Start 3775: ImGuiPassContract.AttachedOverlayWithWorkRecordsWhenAttachedBeforeInitialize
 77/194 Test #3775: ImGuiPassContract.AttachedOverlayWithWorkRecordsWhenAttachedBeforeInitialize ............................   Passed    0.08 sec
        Start 3776: ImGuiPassContract.NoOverlaySystemAttachedSkipsUnavailable
 78/194 Test #3776: ImGuiPassContract.NoOverlaySystemAttachedSkipsUnavailable ...............................................   Passed    0.07 sec
        Start 3777: ImGuiPassContract.AttachedOverlayWithoutSubmittedWorkSkipsUnavailable
 79/194 Test #3777: ImGuiPassContract.AttachedOverlayWithoutSubmittedWorkSkipsUnavailable ...................................   Passed    0.07 sec
        Start 3778: ImGuiPassContract.DetachingOverlaySystemSkipsUnavailable
 80/194 Test #3778: ImGuiPassContract.DetachingOverlaySystemSkipsUnavailable ................................................   Passed    0.07 sec
        Start 3779: ImGuiPassContract.NonOperationalDeviceSkipsNonOperational
 81/194 Test #3779: ImGuiPassContract.NonOperationalDeviceSkipsNonOperational ...............................................   Passed    0.03 sec
        Start 3780: ImGuiPassContract.RouteRecordsAfterOperationalRebuild
 82/194 Test #3780: ImGuiPassContract.RouteRecordsAfterOperationalRebuild ...................................................   Passed    0.09 sec
        Start 3781: GraphicsImGuiPresentContract.FrameRecipeKeepsImGuiOffBackbufferAndPresentFinalizes
 83/194 Test #3781: GraphicsImGuiPresentContract.FrameRecipeKeepsImGuiOffBackbufferAndPresentFinalizes ......................   Passed    0.00 sec
        Start 3782: GraphicsImGuiPresentContract.RenderGraphRejectsNonPresentBackbufferWrites
 84/194 Test #3782: GraphicsImGuiPresentContract.RenderGraphRejectsNonPresentBackbufferWrites ...............................   Passed    0.00 sec
        Start 3783: GraphicsImGuiPresentContract.DefaultFrameRecipeBuildsPresentAsOnlyBackbufferUse
 85/194 Test #3783: GraphicsImGuiPresentContract.DefaultFrameRecipeBuildsPresentAsOnlyBackbufferUse .........................   Passed    0.00 sec
        Start 3784: GraphicsImGuiPresentContract.ImGuiPassRecordsOverlayDrawDataOnlyWhenReady
 86/194 Test #3784: GraphicsImGuiPresentContract.ImGuiPassRecordsOverlayDrawDataOnlyWhenReady ...............................   Passed    0.00 sec
        Start 3785: GraphicsImGuiPresentContract.PresentPassRecordsFullscreenFinalizationOnlyWithPipeline
 87/194 Test #3785: GraphicsImGuiPresentContract.PresentPassRecordsFullscreenFinalizationOnlyWithPipeline ...................   Passed    0.00 sec
        Start 3852: PresentPassContract.RendererRoutesAndRecordsPresentPass
 88/194 Test #3852: PresentPassContract.RendererRoutesAndRecordsPresentPass .................................................   Passed    0.07 sec
        Start 3885: RenderingContract.RendererDescriptorRequiresStableContractFields
 89/194 Test #3885: RenderingContract.RendererDescriptorRequiresStableContractFields ........................................   Passed    0.00 sec
        Start 3900: RenderRecipeConfig.FixedRendererCoreCannotBeReplacedByConfig
 90/194 Test #3900: RenderRecipeConfig.FixedRendererCoreCannotBeReplacedByConfig ............................................   Passed    0.00 sec
        Start 3910: RendererFrameLifecycle.ActiveGpuSceneVertexShadersUseSceneTableCameraViewProjection
 91/194 Test #3910: RendererFrameLifecycle.ActiveGpuSceneVertexShadersUseSceneTableCameraViewProjection .....................   Passed    0.00 sec
        Start 3911: RendererFrameLifecycle.FrameRecipeOverrideProjectionDisablesPostProcess
 92/194 Test #3911: RendererFrameLifecycle.FrameRecipeOverrideProjectionDisablesPostProcess .................................   Passed    0.00 sec
        Start 3912: RendererFrameLifecycle.FrameRecipeOverrideProjectionDisablesMappedFeatureSlots
 93/194 Test #3912: RendererFrameLifecycle.FrameRecipeOverrideProjectionDisablesMappedFeatureSlots ..........................   Passed    0.00 sec
        Start 3913: RendererFrameLifecycle.FrameRecipeOverrideProjectionFailsClosedForUnknownSlot
 94/194 Test #3913: RendererFrameLifecycle.FrameRecipeOverrideProjectionFailsClosedForUnknownSlot ...........................   Passed    0.01 sec
        Start 3914: RendererFrameLifecycle.FrameRecipeOverrideProjectionRejectsUnmappedExtensionDisable
 95/194 Test #3914: RendererFrameLifecycle.FrameRecipeOverrideProjectionRejectsUnmappedExtensionDisable .....................   Passed    0.00 sec
        Start 3915: RendererFrameLifecycle.FrameRecipeOverrideProjectionFailsClosedForFixedCoreChanges
 96/194 Test #3915: RendererFrameLifecycle.FrameRecipeOverrideProjectionFailsClosedForFixedCoreChanges ......................   Passed    0.00 sec
        Start 3916: RendererFrameLifecycle.PrepareFramePublishesCameraIntoGpuSceneTable
 97/194 Test #3916: RendererFrameLifecycle.PrepareFramePublishesCameraIntoGpuSceneTable .....................................   Passed    0.08 sec
        Start 3917: RendererFrameLifecycle.ActiveFrameRecipeOverrideOmitsPostProcessPasses
 98/194 Test #3917: RendererFrameLifecycle.ActiveFrameRecipeOverrideOmitsPostProcessPasses ..................................   Passed    0.08 sec
        Start 3918: RendererFrameLifecycle.ActiveFrameRecipeOverrideDiagnosticsLeaveDefaultsUntouched
 99/194 Test #3918: RendererFrameLifecycle.ActiveFrameRecipeOverrideDiagnosticsLeaveDefaultsUntouched .......................   Passed    0.08 sec
        Start 3919: RendererFrameLifecycle.UsesDeviceFrameLifecycleBackbufferAndCommandContext
100/194 Test #3919: RendererFrameLifecycle.UsesDeviceFrameLifecycleBackbufferAndCommandContext ..............................   Passed    0.07 sec
        Start 3920: RendererFrameLifecycle.PlacedTransientAliasingUsesMemoryBlocksAndAliasBarriers
101/194 Test #3920: RendererFrameLifecycle.PlacedTransientAliasingUsesMemoryBlocksAndAliasBarriers ..........................   Passed    0.08 sec
        Start 3921: RendererFrameLifecycle.PlacedTransientAliasingDefaultsToPerResourceFallback
102/194 Test #3921: RendererFrameLifecycle.PlacedTransientAliasingDefaultsToPerResourceFallback .............................   Passed    0.07 sec
        Start 3922: RendererFrameLifecycle.PlacedTransientAliasingFallsBackWhenMemoryBlocksUnavailable
103/194 Test #3922: RendererFrameLifecycle.PlacedTransientAliasingFallsBackWhenMemoryBlocksUnavailable ......................   Passed    0.09 sec
        Start 3923: RendererFrameLifecycle.RuntimeFrameCommandHooksRunInsideExecuteFrameCommandContext
104/194 Test #3923: RendererFrameLifecycle.RuntimeFrameCommandHooksRunInsideExecuteFrameCommandContext ......................   Passed    0.11 sec
        Start 3924: RendererFrameLifecycle.RenderGraphReportsCurrentRendererContractAndDeclaredArtifacts
105/194 Test #3924: RendererFrameLifecycle.RenderGraphReportsCurrentRendererContractAndDeclaredArtifacts ....................   Passed    0.08 sec
        Start 3925: RendererFrameLifecycle.AsyncComputeQueuePlanIncrementsUtilizationStat
106/194 Test #3925: RendererFrameLifecycle.AsyncComputeQueuePlanIncrementsUtilizationStat ...................................   Passed    0.08 sec
        Start 3926: RendererFrameLifecycle.ParallelRecordingFlagFallsBackWhenDeviceDeclinesContextPlan
107/194 Test #3926: RendererFrameLifecycle.ParallelRecordingFlagFallsBackWhenDeviceDeclinesContextPlan ......................   Passed    0.09 sec
        Start 3927: RendererFrameLifecycle.ParallelRecordingUsesAcceptedContextPlanInSerialSubmitOrder
108/194 Test #3927: RendererFrameLifecycle.ParallelRecordingUsesAcceptedContextPlanInSerialSubmitOrder ......................   Passed    0.08 sec
        Start 3928: RendererFrameLifecycle.ParallelRecordingUsesSchedulerWorkersWhenAvailable
109/194 Test #3928: RendererFrameLifecycle.ParallelRecordingUsesSchedulerWorkersWhenAvailable ...............................   Passed    0.11 sec
        Start 3929: RendererFrameLifecycle.ParallelRecordingUsesAcceptedContextsForAsyncComputeQueuePlan
110/194 Test #3929: RendererFrameLifecycle.ParallelRecordingUsesAcceptedContextsForAsyncComputeQueuePlan ....................   Passed    0.08 sec
        Start 3930: RendererFrameLifecycle.ParallelRecordingRecordsDynamicUploadPassesThroughAcceptedContexts
111/194 Test #3930: RendererFrameLifecycle.ParallelRecordingRecordsDynamicUploadPassesThroughAcceptedContexts ...............   Passed    0.07 sec
        Start 3931: RendererFrameLifecycle.InvalidDeviceBackbufferReportsRecipeDiagnostic
112/194 Test #3931: RendererFrameLifecycle.InvalidDeviceBackbufferReportsRecipeDiagnostic ...................................   Passed    0.07 sec
        Start 3932: RendererFrameLifecycle.PublishesRecipeGraphValidationOnSuccessfulCompile
113/194 Test #3932: RendererFrameLifecycle.PublishesRecipeGraphValidationOnSuccessfulCompile ................................   Passed    0.07 sec
        Start 3933: RendererFrameLifecycle.PublishesFailClosedRecipeValidationOnRecipeBuildFailure
114/194 Test #3933: RendererFrameLifecycle.PublishesFailClosedRecipeValidationOnRecipeBuildFailure ..........................   Passed    0.07 sec
        Start 3934: RendererFrameLifecycle.NonOperationalDeviceSkipsCullingCommandsButExecutesGraph
115/194 Test #3934: RendererFrameLifecycle.NonOperationalDeviceSkipsCullingCommandsButExecutesGraph .........................   Passed    0.04 sec
        Start 3935: RendererFrameLifecycle.OperationalRebuildAfterNonOperationalStartupRecordsRoutedCommands
116/194 Test #3935: RendererFrameLifecycle.OperationalRebuildAfterNonOperationalStartupRecordsRoutedCommands ................   Passed    0.11 sec
        Start 3936: RendererFrameLifecycle.DepthPrepassPipelineFailureSkipsUnavailableCommandPass
117/194 Test #3936: RendererFrameLifecycle.DepthPrepassPipelineFailureSkipsUnavailableCommandPass ...........................   Passed    0.09 sec
        Start 3937: RendererFrameLifecycle.CullingPipelineFailureSkipsRoutedCommandPassesUnavailable
118/194 Test #3937: RendererFrameLifecycle.CullingPipelineFailureSkipsRoutedCommandPassesUnavailable ........................   Passed    0.09 sec
        Start 3938: RendererFrameLifecycle.BeginFrameWithoutDeviceReportsLifecycleDiagnostic
119/194 Test #3938: RendererFrameLifecycle.BeginFrameWithoutDeviceReportsLifecycleDiagnostic ................................   Passed    0.00 sec
        Start 3939: RendererFrameLifecycle.BeginFrameSkipDoesNotRecordCommands
120/194 Test #3939: RendererFrameLifecycle.BeginFrameSkipDoesNotRecordCommands ..............................................   Passed    0.04 sec
        Start 3940: RendererFrameLifecycle.ExecuteFrameRejectsAfterRenderPrepFailure
121/194 Test #3940: RendererFrameLifecycle.ExecuteFrameRejectsAfterRenderPrepFailure ........................................   Passed    0.04 sec
        Start 3941: RendererFrameLifecycle.FrameRecipePassesAllProduceStructuredCommandRecordStatuses
122/194 Test #3941: RendererFrameLifecycle.FrameRecipePassesAllProduceStructuredCommandRecordStatuses .......................   Passed    0.09 sec
        Start 3942: RendererFrameLifecycle.DefaultDebugSurfacePipelineSurvivesOperationalRebuild
123/194 Test #3942: RendererFrameLifecycle.DefaultDebugSurfacePipelineSurvivesOperationalRebuild ............................   Passed    0.09 sec
        Start 3943: RendererFrameLifecycle.ForwardSurfacePipelineSurvivesOperationalRebuild
124/194 Test #3943: RendererFrameLifecycle.ForwardSurfacePipelineSurvivesOperationalRebuild .................................   Passed    0.09 sec
        Start 3944: RendererFrameLifecycle.ForwardLinePointPipelinesSurviveOperationalRebuild
125/194 Test #3944: RendererFrameLifecycle.ForwardLinePointPipelinesSurviveOperationalRebuild ...............................   Passed    0.09 sec
        Start 3945: RendererFrameLifecycle.ForwardPointSphereImpostorsWriteCorrectedDepth
126/194 Test #3945: RendererFrameLifecycle.ForwardPointSphereImpostorsWriteCorrectedDepth ...................................   Passed    0.00 sec
        Start 3946: RendererFrameLifecycle.ForwardLinePointShadersUseSharedVisualizationColorHelpers
127/194 Test #3946: RendererFrameLifecycle.ForwardLinePointShadersUseSharedVisualizationColorHelpers ........................   Passed    0.00 sec
        Start 3947: RendererFrameLifecycle.ShadowPipelineSurvivesOperationalRebuild
128/194 Test #3947: RendererFrameLifecycle.ShadowPipelineSurvivesOperationalRebuild .........................................   Passed    0.09 sec
        Start 3948: RendererFrameLifecycle.ShadowAtlasSurvivesOperationalRebuild
129/194 Test #3948: RendererFrameLifecycle.ShadowAtlasSurvivesOperationalRebuild ............................................   Passed    0.09 sec
        Start 3949: RendererFrameLifecycle.ForwardSurfacePassSkipsUnavailableWhenCullOutputMissing
130/194 Test #3949: RendererFrameLifecycle.ForwardSurfacePassSkipsUnavailableWhenCullOutputMissing ..........................   Passed    0.09 sec
        Start 3950: RendererFrameLifecycle.ForwardLinePointPassesSkipUnavailableWhenCullOutputMissing
131/194 Test #3950: RendererFrameLifecycle.ForwardLinePointPassesSkipUnavailableWhenCullOutputMissing .......................   Passed    0.09 sec
        Start 3951: RendererFrameLifecycle.DeferredGBufferPipelineSurvivesOperationalRebuild
132/194 Test #3951: RendererFrameLifecycle.DeferredGBufferPipelineSurvivesOperationalRebuild ................................   Passed    0.09 sec
        Start 3952: RendererFrameLifecycle.DeferredSurfacePassRecordsWhenLightingPathIsDeferred
133/194 Test #3952: RendererFrameLifecycle.DeferredSurfacePassRecordsWhenLightingPathIsDeferred .............................   Passed    0.09 sec
        Start 3953: RendererFrameLifecycle.DeferredSurfacePassSkipsUnavailableWhenPipelineMissing
134/194 Test #3953: RendererFrameLifecycle.DeferredSurfacePassSkipsUnavailableWhenPipelineMissing ...........................   Passed    0.08 sec
        Start 3954: RendererFrameLifecycle.DeferredLightingPipelineSurvivesOperationalRebuild
135/194 Test #3954: RendererFrameLifecycle.DeferredLightingPipelineSurvivesOperationalRebuild ...............................   Passed    0.08 sec
        Start 3955: RendererFrameLifecycle.DeferredLightingPassSkipsUnavailableWhenPipelineMissing
136/194 Test #3955: RendererFrameLifecycle.DeferredLightingPassSkipsUnavailableWhenPipelineMissing ..........................   Passed    0.08 sec
        Start 3956: RendererFrameLifecycle.DeferredGBufferToCompositionEmitsColorToShaderReadBarriers
137/194 Test #3956: RendererFrameLifecycle.DeferredGBufferToCompositionEmitsColorToShaderReadBarriers .......................   Passed    0.08 sec
        Start 3957: RendererFrameLifecycle.DeferredLightingShadowAtlasTransitionsDepthToShaderReadBeforeComposition
138/194 Test #3957: RendererFrameLifecycle.DeferredLightingShadowAtlasTransitionsDepthToShaderReadBeforeComposition .........   Passed    0.08 sec
        Start 3958: RendererFrameLifecycle.DeferredLightingPushConstantsCarryShadowAtlasBindlessIndex
139/194 Test #3958: RendererFrameLifecycle.DeferredLightingPushConstantsCarryShadowAtlasBindlessIndex .......................   Passed    0.08 sec
        Start 3959: RendererFrameLifecycle.EntityIdPickingPipelineSurvivesOperationalRebuild
140/194 Test #3959: RendererFrameLifecycle.EntityIdPickingPipelineSurvivesOperationalRebuild ................................   Passed    0.08 sec
        Start 3960: RendererFrameLifecycle.EntityIdOutlinePipelineUsesSingleTargetShape
141/194 Test #3960: RendererFrameLifecycle.EntityIdOutlinePipelineUsesSingleTargetShape .....................................   Passed    0.08 sec
        Start 3961: RendererFrameLifecycle.FaceIdPickingPipelineSurvivesOperationalRebuild
142/194 Test #3961: RendererFrameLifecycle.FaceIdPickingPipelineSurvivesOperationalRebuild ..................................   Passed    0.07 sec
        Start 3962: RendererFrameLifecycle.EdgeIdPickingPipelineSurvivesOperationalRebuild
143/194 Test #3962: RendererFrameLifecycle.EdgeIdPickingPipelineSurvivesOperationalRebuild ..................................   Passed    0.08 sec
        Start 3963: RendererFrameLifecycle.PointIdPickingPipelineSurvivesOperationalRebuild
144/194 Test #3963: RendererFrameLifecycle.PointIdPickingPipelineSurvivesOperationalRebuild .................................   Passed    0.08 sec
        Start 3964: RendererFrameLifecycle.SelectionOutlinePipelineSurvivesOperationalRebuild
145/194 Test #3964: RendererFrameLifecycle.SelectionOutlinePipelineSurvivesOperationalRebuild ...............................   Passed    0.08 sec
        Start 3965: RendererFrameLifecycle.PostProcessToneMapPipelineSurvivesOperationalRebuild
146/194 Test #3965: RendererFrameLifecycle.PostProcessToneMapPipelineSurvivesOperationalRebuild .............................   Passed    0.08 sec
        Start 3966: RendererFrameLifecycle.PostProcessBloomPipelinesSurviveOperationalRebuild
147/194 Test #3966: RendererFrameLifecycle.PostProcessBloomPipelinesSurviveOperationalRebuild ...............................   Passed    0.09 sec
        Start 3967: RendererFrameLifecycle.PostProcessFXAAPipelineSurvivesOperationalRebuild
148/194 Test #3967: RendererFrameLifecycle.PostProcessFXAAPipelineSurvivesOperationalRebuild ................................   Passed    0.08 sec
        Start 3968: RendererFrameLifecycle.PostProcessSMAAPipelinesSurviveOperationalRebuild
149/194 Test #3968: RendererFrameLifecycle.PostProcessSMAAPipelinesSurviveOperationalRebuild ................................   Passed    0.08 sec
        Start 3969: RendererFrameLifecycle.PostProcessHistogramPipelineSurvivesOperationalRebuild
150/194 Test #3969: RendererFrameLifecycle.PostProcessHistogramPipelineSurvivesOperationalRebuild ...........................   Passed    0.08 sec
        Start 3970: RendererFrameLifecycle.HZBBuildPipelineSurvivesOperationalRebuild
151/194 Test #3970: RendererFrameLifecycle.HZBBuildPipelineSurvivesOperationalRebuild .......................................   Passed    0.08 sec
        Start 3971: RendererFrameLifecycle.ClusterLightingPipelinesAndSceneTablePublishSurviveRebuild
152/194 Test #3971: RendererFrameLifecycle.ClusterLightingPipelinesAndSceneTablePublishSurviveRebuild .......................   Passed    0.11 sec
        Start 3972: RendererFrameLifecycle.HZBBuildPassRecordsFallbackDispatches
153/194 Test #3972: RendererFrameLifecycle.HZBBuildPassRecordsFallbackDispatches ............................................   Passed    0.07 sec
        Start 3973: RendererFrameLifecycle.PostProcessSMAALookupTexturesSurviveOperationalRebuild
154/194 Test #3973: RendererFrameLifecycle.PostProcessSMAALookupTexturesSurviveOperationalRebuild ...........................   Passed    0.07 sec
        Start 3974: RendererFrameLifecycle.PostProcessSMAALookupTexturesRetryAfterFailedUpload
155/194 Test #3974: RendererFrameLifecycle.PostProcessSMAALookupTexturesRetryAfterFailedUpload ..............................   Passed    0.08 sec
        Start 3975: RendererFrameLifecycle.TAARecordsReconstructionPassAndDiagnostics
156/194 Test #3975: RendererFrameLifecycle.TAARecordsReconstructionPassAndDiagnostics .......................................   Passed    0.09 sec
        Start 3976: RendererFrameLifecycle.FXAASelectedWithoutPipelineKeepsResolveSkippedAndPresentOnSceneColorLDR
157/194 Test #3976: RendererFrameLifecycle.FXAASelectedWithoutPipelineKeepsResolveSkippedAndPresentOnSceneColorLDR ..........   Passed    0.08 sec
        Start 3977: RendererFrameLifecycle.SMAASelectedWithoutResolvePipelineKeepsResolveSkippedAndPresentOnSceneColorLDR
158/194 Test #3977: RendererFrameLifecycle.SMAASelectedWithoutResolvePipelineKeepsResolveSkippedAndPresentOnSceneColorLDR ...   Passed    0.08 sec
        Start 3978: RendererFrameLifecycle.SelectionOutlinePassRecordsWhenSelectableEntityPresent
159/194 Test #3978: RendererFrameLifecycle.SelectionOutlinePassRecordsWhenSelectableEntityPresent ...........................   Passed    0.09 sec
        Start 3979: RendererFrameLifecycle.SelectionOutlineBindsEntityIdToDedicatedSampledSlot
160/194 Test #3979: RendererFrameLifecycle.SelectionOutlineBindsEntityIdToDedicatedSampledSlot ..............................   Passed    0.08 sec
        Start 3980: RendererFrameLifecycle.SelectionOutlinePushConstantsMatchRecipeInputs
161/194 Test #3980: RendererFrameLifecycle.SelectionOutlinePushConstantsMatchRecipeInputs ...................................   Passed    0.07 sec
        Start 3981: RendererFrameLifecycle.PickingReadbackBufferSurvivesOperationalRebuild
162/194 Test #3981: RendererFrameLifecycle.PickingReadbackBufferSurvivesOperationalRebuild ..................................   Passed    0.08 sec
        Start 3982: RendererFrameLifecycle.PickingReadbackBufferReallocatesWhenFramesInFlightChanges
163/194 Test #3982: RendererFrameLifecycle.PickingReadbackBufferReallocatesWhenFramesInFlightChanges ........................   Passed    0.12 sec
        Start 3983: RendererFrameLifecycle.PickingReadbackCopyRecordedWhenPickPending
164/194 Test #3983: RendererFrameLifecycle.PickingReadbackCopyRecordedWhenPickPending .......................................   Passed    0.07 sec
        Start 3984: RendererFrameLifecycle.PickingReadbackCopySkippedWhenNotPending
165/194 Test #3984: RendererFrameLifecycle.PickingReadbackCopySkippedWhenNotPending .........................................   Passed    0.08 sec
        Start 3985: RendererFrameLifecycle.PickingReadbackPublishesPickResultForHitPixel
166/194 Test #3985: RendererFrameLifecycle.PickingReadbackPublishesPickResultForHitPixel ....................................   Passed    0.08 sec
        Start 3986: RendererFrameLifecycle.PickingReadbackPreservesCorrelationSequence
167/194 Test #3986: RendererFrameLifecycle.PickingReadbackPreservesCorrelationSequence ......................................   Passed    0.08 sec
        Start 3987: RendererFrameLifecycle.PickingReadbackPublishesNoHitForMissPixel
168/194 Test #3987: RendererFrameLifecycle.PickingReadbackPublishesNoHitForMissPixel ........................................   Passed    0.07 sec
        Start 3988: RendererFrameLifecycle.PickingReadbackPublishesNoHitForInvalidatedRequest
169/194 Test #3988: RendererFrameLifecycle.PickingReadbackPublishesNoHitForInvalidatedRequest ...............................   Passed    0.12 sec
        Start 3989: RendererFrameLifecycle.PickingReadbackPublishesNoHitForTruncatedSlotOnFifShrink
170/194 Test #3989: RendererFrameLifecycle.PickingReadbackPublishesNoHitForTruncatedSlotOnFifShrink .........................   Passed    0.12 sec
        Start 3990: RendererFrameLifecycle.HistogramReadbackBufferSurvivesOperationalRebuild
171/194 Test #3990: RendererFrameLifecycle.HistogramReadbackBufferSurvivesOperationalRebuild ................................   Passed    0.07 sec
        Start 3991: RendererFrameLifecycle.HistogramReadbackCopyRecordedOnOperationalFrame
172/194 Test #3991: RendererFrameLifecycle.HistogramReadbackCopyRecordedOnOperationalFrame ..................................   Passed    0.08 sec
        Start 3992: RendererFrameLifecycle.HistogramReadbackDrainPublishesEachSlotExactlyOnce
173/194 Test #3992: RendererFrameLifecycle.HistogramReadbackDrainPublishesEachSlotExactlyOnce ...............................   Passed    0.07 sec
        Start 3993: RendererFrameLifecycle.HistogramReadbackCopySkippedWhenStageDisabled
174/194 Test #3993: RendererFrameLifecycle.HistogramReadbackCopySkippedWhenStageDisabled ....................................   Passed    0.07 sec
        Start 3994: RendererFrameLifecycle.PublishHistogramReadbackUpdatesExposureHistory
175/194 Test #3994: RendererFrameLifecycle.PublishHistogramReadbackUpdatesExposureHistory ...................................   Passed    0.03 sec
        Start 3995: RendererFrameLifecycle.NativeGpuProfilerSubmitsExactCompiledPlanAndPublishesOnlyRecordedPasses
176/194 Test #3995: RendererFrameLifecycle.NativeGpuProfilerSubmitsExactCompiledPlanAndPublishesOnlyRecordedPasses ..........   Passed    0.09 sec
        Start 3996: RendererFrameLifecycle.NativeGpuProfilerUsesAcceptedParallelMultiQueueAttribution
177/194 Test #3996: RendererFrameLifecycle.NativeGpuProfilerUsesAcceptedParallelMultiQueueAttribution .......................   Passed    0.08 sec
        Start 3997: RendererFrameLifecycle.NativeGpuProfilerLabelsRejectedAsyncPlanAsGraphicsFallback
178/194 Test #3997: RendererFrameLifecycle.NativeGpuProfilerLabelsRejectedAsyncPlanAsGraphicsFallback .......................   Passed    0.07 sec
        Start 3998: RendererFrameLifecycle.NativeGpuProfilerDiscardsWhenDeviceSubmissionDoesNotAdvance
179/194 Test #3998: RendererFrameLifecycle.NativeGpuProfilerDiscardsWhenDeviceSubmissionDoesNotAdvance ......................   Passed    0.07 sec
        Start 3999: RendererFrameLifecycle.DeviceLostAfterActiveProfileDeviceEndOverridesInvalidLifecycle
180/194 Test #3999: RendererFrameLifecycle.DeviceLostAfterActiveProfileDeviceEndOverridesInvalidLifecycle ...................   Passed    0.09 sec
        Start 4000: RendererFrameLifecycle.DeviceLostAfterHotDisabledDeviceEndOverridesDisabledProfile
181/194 Test #4000: RendererFrameLifecycle.DeviceLostAfterHotDisabledDeviceEndOverridesDisabledProfile ......................   Passed    0.11 sec
        Start 4001: RendererFrameLifecycle.GpuProfilerScopeFailureDoesNotAbortRenderingAndDiscardsWholeCandidate
182/194 Test #4001: RendererFrameLifecycle.GpuProfilerScopeFailureDoesNotAbortRenderingAndDiscardsWholeCandidate ............   Passed    0.09 sec
        Start 4002: RendererFrameLifecycle.GpuProfilerNoFreshBeginPathsClearPriorTelemetry
183/194 Test #4002: RendererFrameLifecycle.GpuProfilerNoFreshBeginPathsClearPriorTelemetry ..................................   Passed    0.09 sec
        Start 4003: RendererFrameLifecycle.GpuProfilerPerFrameUnsupportedPlanDoesNotAbortRendering
184/194 Test #4003: RendererFrameLifecycle.GpuProfilerPerFrameUnsupportedPlanDoesNotAbortRendering ..........................   Passed    0.09 sec
        Start 4004: RendererFrameLifecycle.HotDisabledGpuProfilerPreservesDeviceLostStaleLastGoodProfile
185/194 Test #4004: RendererFrameLifecycle.HotDisabledGpuProfilerPreservesDeviceLostStaleLastGoodProfile ....................   Passed    0.11 sec
        Start 4005: RendererFrameLifecycle.DeviceLostProfilerStatusMapsFailedDeviceBeginFrame
186/194 Test #4005: RendererFrameLifecycle.DeviceLostProfilerStatusMapsFailedDeviceBeginFrame ...............................   Passed    0.11 sec
        Start 4006: RendererFrameLifecycle.GpuProfilerHotDisableOmitsScopesAndReenableReusesAdapter
187/194 Test #4006: RendererFrameLifecycle.GpuProfilerHotDisableOmitsScopesAndReenableReusesAdapter .........................   Passed    0.12 sec
        Start 4007: RendererFrameLifecycle.GpuProfilerShutdownDiscardsActiveCandidateBeforeReinitialize
188/194 Test #4007: RendererFrameLifecycle.GpuProfilerShutdownDiscardsActiveCandidateBeforeReinitialize .....................   Passed    0.17 sec
        Start 4011: RenderWorldContract.ExposesRendererOwnedImmutableRuntimeSnapshots
189/194 Test #4011: RenderWorldContract.ExposesRendererOwnedImmutableRuntimeSnapshots .......................................   Passed    0.04 sec
        Start 4042: VisibilityRecipe.RendererProductCompatibilityUsesDeclaredCapabilitiesAndProducedProducts
190/194 Test #4042: VisibilityRecipe.RendererProductCompatibilityUsesDeclaredCapabilitiesAndProducedProducts ................   Passed    0.00 sec
        Start 4112: VisualizationPropertyBufferResidencyContract.RendererPublishesAddressBeforePacketValidation
191/194 Test #4112: VisualizationPropertyBufferResidencyContract.RendererPublishesAddressBeforePacketValidation .............   Passed    0.09 sec
        Start 4148: RuntimeFrameLoopContract.RenderFrameOrdersPromotedRendererPhases
192/194 Test #4148: RuntimeFrameLoopContract.RenderFrameOrdersPromotedRendererPhases ........................................   Passed    0.00 sec
        Start 4151: RuntimeFrameLoopContract.OperationalTransitionWaitsIdleThenRebuildsRendererOnce
193/194 Test #4151: RuntimeFrameLoopContract.OperationalTransitionWaitsIdleThenRebuildsRendererOnce .........................   Passed    0.00 sec
        Start 4153: RuntimeFrameLoopContract.OperationalTransitionDoesNotMarkRendererWhenRebuildFails
194/194 Test #4153: RuntimeFrameLoopContract.OperationalTransitionDoesNotMarkRendererWhenRebuildFails .......................   Passed    0.00 sec

100% tests passed, 0 tests failed out of 194

Label Time Summary:
contract       =  10.78 sec*proc (176 tests)
graphics       =  10.46 sec*proc (164 tests)
integration    =   0.89 sec*proc (13 tests)
runtime        =   1.23 sec*proc (33 tests)
unit           =   0.01 sec*proc (5 tests)

Total Test time (real) =  11.86 sec
