Test project /home/alex/Documents/IntrinsicEngine/build/ci-vulkan
    Start 5202: ExtrinsicSandbox.VulkanShutdownLsanContract
1/1 Test #5202: ExtrinsicSandbox.VulkanShutdownLsanContract ...***Failed    3.82 sec
-- Vulkan shutdown LSan ICD: /usr/share/vulkan/icd.d/nvidia_icd.json; DISPLAY=:9
CMake Error at /home/alex/Documents/IntrinsicEngine/tests/regression/graphics/Run.VulkanShutdownLsanContract.cmake:127 (message):
  BUG-083 five-frame Sandbox process exited 86; the narrow leak policy is not
  clean.

  [32m[INFO] Initialized Scheduler with 31 worker threads.[0m

  [33m[WARN] [Runtime] Promoted Vulkan device selected; backend remains
  fail-closed until the first clean default-recipe validation promotes
  it.[0m

  [33m[WARN] [VulkanDevice::Initialize] Vulkan bootstrap created
  logical-device, queue, VMA, per-frame command/sync, swapchain
  image/view/handle, bindless heap, transfer queue, and global
  pipeline-layout state; canonical frame execution waits for the first clean
  recipe validation publish, so device remains non-operational during cold
  start.[0m

  [33m[WARN] [Runtime] VulkanRequestedButNotOperational
  status=RequestedButIncompleteGate reason=BarrierValidationFailed[0m



  =================================================================

  ==1349160==ERROR: LeakSanitizer: detected memory leaks



  Direct leak of 1392 byte(s) in 1 object(s) allocated from:

      #0 0x5adb2844a0f4 in malloc (/home/alex/Documents/IntrinsicEngine/build/ci-vulkan/bin/ExtrinsicSandbox+0x4d360f4) (BuildId: 4008a95a817fc57898ffe7d380ba2147a943be7d)
      #1 0x73dcb800c0d1  (<unknown module>)
      #2 0x73dcb7fef518  (<unknown module>)
      #3 0x73dcb7ffc7e9  (<unknown module>)
      #4 0x73dcba0e7b53  (<unknown module>)
      #5 0x73dcba0e874e  (<unknown module>)
      #6 0x73dcb8002d78  (<unknown module>)
      #7 0x73dcb7ffdc9c  (<unknown module>)
      #8 0x73dcb831eca8  (<unknown module>)
      #9 0x73dcb8317fd4  (<unknown module>)
      #10 0x73dcb8326b9e  (<unknown module>)
      #11 0x73dcb836a915  (<unknown module>)
      #12 0x73dca1062e2f  (<unknown module>)
      #13 0x73dca1350d9d  (<unknown module>)
      #14 0x5adb2c62b8eb in Extrinsic::Backends::Vulkan::VulkanDevice@Extrinsic.Backends.Vulkan::Shutdown() /home/alex/Documents/IntrinsicEngine/src/graphics/vulkan/Backends.Vulkan.Device.cpp:2387:13
      #15 0x5adb28e4a4dc in Extrinsic::Runtime::Engine@Extrinsic.Runtime.Engine::Shutdown() /home/alex/Documents/IntrinsicEngine/src/runtime/Kernel/Runtime.Engine.cpp:675:31
      #16 0x5adb2848f55b in main /home/alex/Documents/IntrinsicEngine/src/app/Sandbox/main.cpp:495:12
      #17 0x77dce4029d8f in __libc_start_call_main csu/../sysdeps/nptl/libc_start_call_main.h:58:16
      #18 0x77dce4029e3f in __libc_start_main csu/../csu/libc-start.c:392:3
      #19 0x5adb283a5b94 in _start (/home/alex/Documents/IntrinsicEngine/build/ci-vulkan/bin/ExtrinsicSandbox+0x4c91b94) (BuildId: 4008a95a817fc57898ffe7d380ba2147a943be7d)



  Direct leak of 1392 byte(s) in 1 object(s) allocated from:

      #0 0x5adb2844a0f4 in malloc (/home/alex/Documents/IntrinsicEngine/build/ci-vulkan/bin/ExtrinsicSandbox+0x4d360f4) (BuildId: 4008a95a817fc57898ffe7d380ba2147a943be7d)
      #1 0x73dcb800c0d1  (<unknown module>)
      #2 0x73dcb7fef518  (<unknown module>)
      #3 0x73dcb7ffc733  (<unknown module>)
      #4 0x73dcba0e7b53  (<unknown module>)
      #5 0x73dcba0e874e  (<unknown module>)
      #6 0x73dcb8002d78  (<unknown module>)
      #7 0x73dcb7ffdc9c  (<unknown module>)
      #8 0x73dcb831eca8  (<unknown module>)
      #9 0x73dcb8317fd4  (<unknown module>)
      #10 0x73dcb8326b9e  (<unknown module>)
      #11 0x73dcb836a915  (<unknown module>)
      #12 0x73dca1062e2f  (<unknown module>)
      #13 0x73dca1350d9d  (<unknown module>)
      #14 0x5adb2c62b8eb in Extrinsic::Backends::Vulkan::VulkanDevice@Extrinsic.Backends.Vulkan::Shutdown() /home/alex/Documents/IntrinsicEngine/src/graphics/vulkan/Backends.Vulkan.Device.cpp:2387:13
      #15 0x5adb28e4a4dc in Extrinsic::Runtime::Engine@Extrinsic.Runtime.Engine::Shutdown() /home/alex/Documents/IntrinsicEngine/src/runtime/Kernel/Runtime.Engine.cpp:675:31
      #16 0x5adb2848f55b in main /home/alex/Documents/IntrinsicEngine/src/app/Sandbox/main.cpp:495:12
      #17 0x77dce4029d8f in __libc_start_call_main csu/../sysdeps/nptl/libc_start_call_main.h:58:16
      #18 0x77dce4029e3f in __libc_start_main csu/../csu/libc-start.c:392:3
      #19 0x5adb283a5b94 in _start (/home/alex/Documents/IntrinsicEngine/build/ci-vulkan/bin/ExtrinsicSandbox+0x4c91b94) (BuildId: 4008a95a817fc57898ffe7d380ba2147a943be7d)



  Direct leak of 192 byte(s) in 6 object(s) allocated from:

      #0 0x5adb2844a0f4 in malloc (/home/alex/Documents/IntrinsicEngine/build/ci-vulkan/bin/ExtrinsicSandbox+0x4d360f4) (BuildId: 4008a95a817fc57898ffe7d380ba2147a943be7d)
      #1 0x73dce1d891b7  (/lib/x86_64-linux-gnu/libxcb.so.1+0xc1b7) (BuildId: 1bef862a339557aa16c34c7a4b27f8f3aea90517)
      #2 0x73dce1d89a08  (/lib/x86_64-linux-gnu/libxcb.so.1+0xca08) (BuildId: 1bef862a339557aa16c34c7a4b27f8f3aea90517)
      #3 0x73dce1d89eb0  (/lib/x86_64-linux-gnu/libxcb.so.1+0xceb0) (BuildId: 1bef862a339557aa16c34c7a4b27f8f3aea90517)
      #4 0x73dce1d8ae44 in xcb_wait_for_reply (/lib/x86_64-linux-gnu/libxcb.so.1+0xde44) (BuildId: 1bef862a339557aa16c34c7a4b27f8f3aea90517)
      #5 0x73dcba13e299  (<unknown module>)
      #6 0x73dcba131110  (<unknown module>)
      #7 0x73dcb8312bf8  (<unknown module>)
      #8 0x73dcb832bd26  (<unknown module>)
      #9 0x73dcb836a6b9  (<unknown module>)
      #10 0x73dca134fa92  (<unknown module>)
      #11 0x5adb2c6301ca in Extrinsic::Backends::Vulkan::(anonymous namespace)::ProbeQueueFamilies(VkPhysicalDevice_T*, VkSurfaceKHR_T*) /home/alex/Documents/IntrinsicEngine/src/graphics/vulkan/Backends.Vulkan.Device.cpp:253:17
      #12 0x5adb2c6210af in Extrinsic::Backends::Vulkan::VulkanDevice@Extrinsic.Backends.Vulkan::Initialize(Extrinsic::RHI::DeviceCreateDesc@Extrinsic.RHI.Device const&) /home/alex/Documents/IntrinsicEngine/src/graphics/vulkan/Backends.Vulkan.Device.cpp:1600:45
      #13 0x5adb28e52c20 in Extrinsic::Runtime::Engine@Extrinsic.Runtime.Engine::Initialize() /home/alex/Documents/IntrinsicEngine/src/runtime/Kernel/Runtime.Engine.cpp:520:27
      #14 0x5adb2848f43a in main /home/alex/Documents/IntrinsicEngine/src/app/Sandbox/main.cpp:485:12
      #15 0x77dce4029d8f in __libc_start_call_main csu/../sysdeps/nptl/libc_start_call_main.h:58:16
      #16 0x77dce4029e3f in __libc_start_main csu/../csu/libc-start.c:392:3
      #17 0x5adb283a5b94 in _start (/home/alex/Documents/IntrinsicEngine/build/ci-vulkan/bin/ExtrinsicSandbox+0x4c91b94) (BuildId: 4008a95a817fc57898ffe7d380ba2147a943be7d)



  Direct leak of 32 byte(s) in 1 object(s) allocated from:

      #0 0x5adb2844a0f4 in malloc (/home/alex/Documents/IntrinsicEngine/build/ci-vulkan/bin/ExtrinsicSandbox+0x4d360f4) (BuildId: 4008a95a817fc57898ffe7d380ba2147a943be7d)
      #1 0x73dce1d891b7  (/lib/x86_64-linux-gnu/libxcb.so.1+0xc1b7) (BuildId: 1bef862a339557aa16c34c7a4b27f8f3aea90517)
      #2 0x73dce1d89a08  (/lib/x86_64-linux-gnu/libxcb.so.1+0xca08) (BuildId: 1bef862a339557aa16c34c7a4b27f8f3aea90517)
      #3 0x73dce1d89eb0  (/lib/x86_64-linux-gnu/libxcb.so.1+0xceb0) (BuildId: 1bef862a339557aa16c34c7a4b27f8f3aea90517)
      #4 0x73dce1d8ae44 in xcb_wait_for_reply (/lib/x86_64-linux-gnu/libxcb.so.1+0xde44) (BuildId: 1bef862a339557aa16c34c7a4b27f8f3aea90517)
      #5 0x73dcba13e299  (<unknown module>)
      #6 0x73dcba131110  (<unknown module>)
      #7 0x73dcba13115e  (<unknown module>)
      #8 0x73dcb83184a4  (<unknown module>)
      #9 0x73dcb8324afb  (<unknown module>)
      #10 0x73dcb832843e  (<unknown module>)
      #11 0x73dcb8328f61  (<unknown module>)
      #12 0x77dce4715b50  (/lib/x86_64-linux-gnu/libvulkan.so.1+0x3cb50) (BuildId: 26e66a54095520793b4bcde7a38d2da7f48efc88)
      #13 0x73dca141e198  (<unknown module>)
      #14 0x73dca13509d3  (<unknown module>)
      #15 0x5adb2c627252 in Extrinsic::Backends::Vulkan::VulkanDevice@Extrinsic.Backends.Vulkan::Initialize(Extrinsic::RHI::DeviceCreateDesc@Extrinsic.RHI.Device const&) /home/alex/Documents/IntrinsicEngine/src/graphics/vulkan/Backends.Vulkan.Device.cpp:2029:18
      #16 0x5adb28e52c20 in Extrinsic::Runtime::Engine@Extrinsic.Runtime.Engine::Initialize() /home/alex/Documents/IntrinsicEngine/src/runtime/Kernel/Runtime.Engine.cpp:520:27
      #17 0x5adb2848f43a in main /home/alex/Documents/IntrinsicEngine/src/app/Sandbox/main.cpp:485:12
      #18 0x77dce4029d8f in __libc_start_call_main csu/../sysdeps/nptl/libc_start_call_main.h:58:16
      #19 0x77dce4029e3f in __libc_start_main csu/../csu/libc-start.c:392:3
      #20 0x5adb283a5b94 in _start (/home/alex/Documents/IntrinsicEngine/build/ci-vulkan/bin/ExtrinsicSandbox+0x4c91b94) (BuildId: 4008a95a817fc57898ffe7d380ba2147a943be7d)



  Direct leak of 32 byte(s) in 1 object(s) allocated from:

      #0 0x5adb2844a0f4 in malloc (/home/alex/Documents/IntrinsicEngine/build/ci-vulkan/bin/ExtrinsicSandbox+0x4d360f4) (BuildId: 4008a95a817fc57898ffe7d380ba2147a943be7d)
      #1 0x73dce1d891b7  (/lib/x86_64-linux-gnu/libxcb.so.1+0xc1b7) (BuildId: 1bef862a339557aa16c34c7a4b27f8f3aea90517)
      #2 0x73dce1d89a08  (/lib/x86_64-linux-gnu/libxcb.so.1+0xca08) (BuildId: 1bef862a339557aa16c34c7a4b27f8f3aea90517)
      #3 0x73dce1d89eb0  (/lib/x86_64-linux-gnu/libxcb.so.1+0xceb0) (BuildId: 1bef862a339557aa16c34c7a4b27f8f3aea90517)
      #4 0x73dce1d8ae44 in xcb_wait_for_reply (/lib/x86_64-linux-gnu/libxcb.so.1+0xde44) (BuildId: 1bef862a339557aa16c34c7a4b27f8f3aea90517)
      #5 0x73dcba13e299  (<unknown module>)
      #6 0x73dcba131110  (<unknown module>)
      #7 0x73dcb83129d3  (<unknown module>)
      #8 0x73dcb836a5e0  (<unknown module>)
      #9 0x73dca16a4bed  (<unknown module>)
      #10 0x73dca12cb25f  (<unknown module>)
      #11 0x73dca12cdec0  (<unknown module>)
      #12 0x73dca1350919  (<unknown module>)
      #13 0x5adb2c627252 in Extrinsic::Backends::Vulkan::VulkanDevice@Extrinsic.Backends.Vulkan::Initialize(Extrinsic::RHI::DeviceCreateDesc@Extrinsic.RHI.Device const&) /home/alex/Documents/IntrinsicEngine/src/graphics/vulkan/Backends.Vulkan.Device.cpp:2029:18
      #14 0x5adb28e52c20 in Extrinsic::Runtime::Engine@Extrinsic.Runtime.Engine::Initialize() /home/alex/Documents/IntrinsicEngine/src/runtime/Kernel/Runtime.Engine.cpp:520:27
      #15 0x5adb2848f43a in main /home/alex/Documents/IntrinsicEngine/src/app/Sandbox/main.cpp:485:12
      #16 0x77dce4029d8f in __libc_start_call_main csu/../sysdeps/nptl/libc_start_call_main.h:58:16
      #17 0x77dce4029e3f in __libc_start_main csu/../csu/libc-start.c:392:3
      #18 0x5adb283a5b94 in _start (/home/alex/Documents/IntrinsicEngine/build/ci-vulkan/bin/ExtrinsicSandbox+0x4c91b94) (BuildId: 4008a95a817fc57898ffe7d380ba2147a943be7d)



  Direct leak of 32 byte(s) in 1 object(s) allocated from:

      #0 0x5adb2844a0f4 in malloc (/home/alex/Documents/IntrinsicEngine/build/ci-vulkan/bin/ExtrinsicSandbox+0x4d360f4) (BuildId: 4008a95a817fc57898ffe7d380ba2147a943be7d)
      #1 0x73dce1d891b7  (/lib/x86_64-linux-gnu/libxcb.so.1+0xc1b7) (BuildId: 1bef862a339557aa16c34c7a4b27f8f3aea90517)
      #2 0x73dce1d89a08  (/lib/x86_64-linux-gnu/libxcb.so.1+0xca08) (BuildId: 1bef862a339557aa16c34c7a4b27f8f3aea90517)
      #3 0x73dce1d89eb0  (/lib/x86_64-linux-gnu/libxcb.so.1+0xceb0) (BuildId: 1bef862a339557aa16c34c7a4b27f8f3aea90517)
      #4 0x73dce1d8ae44 in xcb_wait_for_reply (/lib/x86_64-linux-gnu/libxcb.so.1+0xde44) (BuildId: 1bef862a339557aa16c34c7a4b27f8f3aea90517)
      #5 0x73dcba13e299  (<unknown module>)
      #6 0x73dcba131110  (<unknown module>)
      #7 0x73dcb8312bf8  (<unknown module>)
      #8 0x73dcb832bce4  (<unknown module>)
      #9 0x73dcb8327ff0  (<unknown module>)
      #10 0x73dcb8328f61  (<unknown module>)
      #11 0x77dce4715b50  (/lib/x86_64-linux-gnu/libvulkan.so.1+0x3cb50) (BuildId: 26e66a54095520793b4bcde7a38d2da7f48efc88)
      #12 0x73dca141e198  (<unknown module>)
      #13 0x73dca13509d3  (<unknown module>)
      #14 0x5adb2c627252 in Extrinsic::Backends::Vulkan::VulkanDevice@Extrinsic.Backends.Vulkan::Initialize(Extrinsic::RHI::DeviceCreateDesc@Extrinsic.RHI.Device const&) /home/alex/Documents/IntrinsicEngine/src/graphics/vulkan/Backends.Vulkan.Device.cpp:2029:18
      #15 0x5adb28e52c20 in Extrinsic::Runtime::Engine@Extrinsic.Runtime.Engine::Initialize() /home/alex/Documents/IntrinsicEngine/src/runtime/Kernel/Runtime.Engine.cpp:520:27
      #16 0x5adb2848f43a in main /home/alex/Documents/IntrinsicEngine/src/app/Sandbox/main.cpp:485:12
      #17 0x77dce4029d8f in __libc_start_call_main csu/../sysdeps/nptl/libc_start_call_main.h:58:16
      #18 0x77dce4029e3f in __libc_start_main csu/../csu/libc-start.c:392:3
      #19 0x5adb283a5b94 in _start (/home/alex/Documents/IntrinsicEngine/build/ci-vulkan/bin/ExtrinsicSandbox+0x4c91b94) (BuildId: 4008a95a817fc57898ffe7d380ba2147a943be7d)



  Direct leak of 32 byte(s) in 1 object(s) allocated from:

      #0 0x5adb2844a0f4 in malloc (/home/alex/Documents/IntrinsicEngine/build/ci-vulkan/bin/ExtrinsicSandbox+0x4d360f4) (BuildId: 4008a95a817fc57898ffe7d380ba2147a943be7d)
      #1 0x73dce1d891b7  (/lib/x86_64-linux-gnu/libxcb.so.1+0xc1b7) (BuildId: 1bef862a339557aa16c34c7a4b27f8f3aea90517)
      #2 0x73dce1d89a08  (/lib/x86_64-linux-gnu/libxcb.so.1+0xca08) (BuildId: 1bef862a339557aa16c34c7a4b27f8f3aea90517)
      #3 0x73dce1d89eb0  (/lib/x86_64-linux-gnu/libxcb.so.1+0xceb0) (BuildId: 1bef862a339557aa16c34c7a4b27f8f3aea90517)
      #4 0x73dce1d8ae44 in xcb_wait_for_reply (/lib/x86_64-linux-gnu/libxcb.so.1+0xde44) (BuildId: 1bef862a339557aa16c34c7a4b27f8f3aea90517)
      #5 0x73dcba13e299  (<unknown module>)
      #6 0x73dcba131110  (<unknown module>)
      #7 0x73dcb83129d3  (<unknown module>)
      #8 0x73dcb836a5e0  (<unknown module>)
      #9 0x73dca1350252  (<unknown module>)
      #10 0x5adb2c626297 in Extrinsic::Backends::Vulkan::VulkanDevice@Extrinsic.Backends.Vulkan::Initialize(Extrinsic::RHI::DeviceCreateDesc@Extrinsic.RHI.Device const&) /home/alex/Documents/IntrinsicEngine/src/graphics/vulkan/Backends.Vulkan.Device.cpp:1962:18
      #11 0x5adb28e52c20 in Extrinsic::Runtime::Engine@Extrinsic.Runtime.Engine::Initialize() /home/alex/Documents/IntrinsicEngine/src/runtime/Kernel/Runtime.Engine.cpp:520:27
      #12 0x5adb2848f43a in main /home/alex/Documents/IntrinsicEngine/src/app/Sandbox/main.cpp:485:12
      #13 0x77dce4029d8f in __libc_start_call_main csu/../sysdeps/nptl/libc_start_call_main.h:58:16
      #14 0x77dce4029e3f in __libc_start_main csu/../csu/libc-start.c:392:3
      #15 0x5adb283a5b94 in _start (/home/alex/Documents/IntrinsicEngine/build/ci-vulkan/bin/ExtrinsicSandbox+0x4c91b94) (BuildId: 4008a95a817fc57898ffe7d380ba2147a943be7d)



  Direct leak of 32 byte(s) in 1 object(s) allocated from:

      #0 0x5adb2844a0f4 in malloc (/home/alex/Documents/IntrinsicEngine/build/ci-vulkan/bin/ExtrinsicSandbox+0x4d360f4) (BuildId: 4008a95a817fc57898ffe7d380ba2147a943be7d)
      #1 0x73dce1d891b7  (/lib/x86_64-linux-gnu/libxcb.so.1+0xc1b7) (BuildId: 1bef862a339557aa16c34c7a4b27f8f3aea90517)
      #2 0x73dce1d89a08  (/lib/x86_64-linux-gnu/libxcb.so.1+0xca08) (BuildId: 1bef862a339557aa16c34c7a4b27f8f3aea90517)
      #3 0x73dce1d89eb0  (/lib/x86_64-linux-gnu/libxcb.so.1+0xceb0) (BuildId: 1bef862a339557aa16c34c7a4b27f8f3aea90517)
      #4 0x73dce1d8ae44 in xcb_wait_for_reply (/lib/x86_64-linux-gnu/libxcb.so.1+0xde44) (BuildId: 1bef862a339557aa16c34c7a4b27f8f3aea90517)
      #5 0x73dcba13e299  (<unknown module>)
      #6 0x73dcba131110  (<unknown module>)
      #7 0x73dcb8312ace  (<unknown module>)
      #8 0x73dcb831280b  (<unknown module>)
      #9 0x73dca134fe6d  (<unknown module>)
      #10 0x5adb2c626039 in Extrinsic::Backends::Vulkan::VulkanDevice@Extrinsic.Backends.Vulkan::Initialize(Extrinsic::RHI::DeviceCreateDesc@Extrinsic.RHI.Device const&) /home/alex/Documents/IntrinsicEngine/src/graphics/vulkan/Backends.Vulkan.Device.cpp:1950:18
      #11 0x5adb28e52c20 in Extrinsic::Runtime::Engine@Extrinsic.Runtime.Engine::Initialize() /home/alex/Documents/IntrinsicEngine/src/runtime/Kernel/Runtime.Engine.cpp:520:27
      #12 0x5adb2848f43a in main /home/alex/Documents/IntrinsicEngine/src/app/Sandbox/main.cpp:485:12
      #13 0x77dce4029d8f in __libc_start_call_main csu/../sysdeps/nptl/libc_start_call_main.h:58:16
      #14 0x77dce4029e3f in __libc_start_main csu/../csu/libc-start.c:392:3
      #15 0x5adb283a5b94 in _start (/home/alex/Documents/IntrinsicEngine/build/ci-vulkan/bin/ExtrinsicSandbox+0x4c91b94) (BuildId: 4008a95a817fc57898ffe7d380ba2147a943be7d)



  Direct leak of 32 byte(s) in 1 object(s) allocated from:

      #0 0x5adb2844a0f4 in malloc (/home/alex/Documents/IntrinsicEngine/build/ci-vulkan/bin/ExtrinsicSandbox+0x4d360f4) (BuildId: 4008a95a817fc57898ffe7d380ba2147a943be7d)
      #1 0x73dce1d891b7  (/lib/x86_64-linux-gnu/libxcb.so.1+0xc1b7) (BuildId: 1bef862a339557aa16c34c7a4b27f8f3aea90517)
      #2 0x73dce1d89a08  (/lib/x86_64-linux-gnu/libxcb.so.1+0xca08) (BuildId: 1bef862a339557aa16c34c7a4b27f8f3aea90517)
      #3 0x73dce1d89eb0  (/lib/x86_64-linux-gnu/libxcb.so.1+0xceb0) (BuildId: 1bef862a339557aa16c34c7a4b27f8f3aea90517)
      #4 0x73dce1d8ae44 in xcb_wait_for_reply (/lib/x86_64-linux-gnu/libxcb.so.1+0xde44) (BuildId: 1bef862a339557aa16c34c7a4b27f8f3aea90517)
      #5 0x73dcba13e299  (<unknown module>)
      #6 0x73dcba131110  (<unknown module>)
      #7 0x73dcb8312ace  (<unknown module>)
      #8 0x73dcb831280b  (<unknown module>)
      #9 0x73dca134fe6d  (<unknown module>)
      #10 0x5adb2c6319c6 in Extrinsic::Backends::Vulkan::(anonymous namespace)::HasSwapchainSurfaceSupport(VkPhysicalDevice_T*, VkSurfaceKHR_T*) /home/alex/Documents/IntrinsicEngine/src/graphics/vulkan/Backends.Vulkan.Device.cpp:304:13
      #11 0x5adb2c621153 in Extrinsic::Backends::Vulkan::VulkanDevice@Extrinsic.Backends.Vulkan::Initialize(Extrinsic::RHI::DeviceCreateDesc@Extrinsic.RHI.Device const&) /home/alex/Documents/IntrinsicEngine/src/graphics/vulkan/Backends.Vulkan.Device.cpp:1603:48
      #12 0x5adb28e52c20 in Extrinsic::Runtime::Engine@Extrinsic.Runtime.Engine::Initialize() /home/alex/Documents/IntrinsicEngine/src/runtime/Kernel/Runtime.Engine.cpp:520:27
      #13 0x5adb2848f43a in main /home/alex/Documents/IntrinsicEngine/src/app/Sandbox/main.cpp:485:12
      #14 0x77dce4029d8f in __libc_start_call_main csu/../sysdeps/nptl/libc_start_call_main.h:58:16
      #15 0x77dce4029e3f in __libc_start_main csu/../csu/libc-start.c:392:3
      #16 0x5adb283a5b94 in _start (/home/alex/Documents/IntrinsicEngine/build/ci-vulkan/bin/ExtrinsicSandbox+0x4c91b94) (BuildId: 4008a95a817fc57898ffe7d380ba2147a943be7d)



  Direct leak of 32 byte(s) in 1 object(s) allocated from:

      #0 0x5adb2844a0f4 in malloc (/home/alex/Documents/IntrinsicEngine/build/ci-vulkan/bin/ExtrinsicSandbox+0x4d360f4) (BuildId: 4008a95a817fc57898ffe7d380ba2147a943be7d)
      #1 0x73dce1d891b7  (/lib/x86_64-linux-gnu/libxcb.so.1+0xc1b7) (BuildId: 1bef862a339557aa16c34c7a4b27f8f3aea90517)
      #2 0x73dce1d89a08  (/lib/x86_64-linux-gnu/libxcb.so.1+0xca08) (BuildId: 1bef862a339557aa16c34c7a4b27f8f3aea90517)
      #3 0x73dce1d89eb0  (/lib/x86_64-linux-gnu/libxcb.so.1+0xceb0) (BuildId: 1bef862a339557aa16c34c7a4b27f8f3aea90517)
      #4 0x73dce1d8ae44 in xcb_wait_for_reply (/lib/x86_64-linux-gnu/libxcb.so.1+0xde44) (BuildId: 1bef862a339557aa16c34c7a4b27f8f3aea90517)
      #5 0x73dcba13e299  (<unknown module>)
      #6 0x73dcba131110  (<unknown module>)
      #7 0x73dcb83128c9  (<unknown module>)
      #8 0x73dca134fe6d  (<unknown module>)
      #9 0x5adb2c6319c6 in Extrinsic::Backends::Vulkan::(anonymous namespace)::HasSwapchainSurfaceSupport(VkPhysicalDevice_T*, VkSurfaceKHR_T*) /home/alex/Documents/IntrinsicEngine/src/graphics/vulkan/Backends.Vulkan.Device.cpp:304:13
      #10 0x5adb2c621153 in Extrinsic::Backends::Vulkan::VulkanDevice@Extrinsic.Backends.Vulkan::Initialize(Extrinsic::RHI::DeviceCreateDesc@Extrinsic.RHI.Device const&) /home/alex/Documents/IntrinsicEngine/src/graphics/vulkan/Backends.Vulkan.Device.cpp:1603:48
      #11 0x5adb28e52c20 in Extrinsic::Runtime::Engine@Extrinsic.Runtime.Engine::Initialize() /home/alex/Documents/IntrinsicEngine/src/runtime/Kernel/Runtime.Engine.cpp:520:27
      #12 0x5adb2848f43a in main /home/alex/Documents/IntrinsicEngine/src/app/Sandbox/main.cpp:485:12
      #13 0x77dce4029d8f in __libc_start_call_main csu/../sysdeps/nptl/libc_start_call_main.h:58:16
      #14 0x77dce4029e3f in __libc_start_main csu/../csu/libc-start.c:392:3
      #15 0x5adb283a5b94 in _start (/home/alex/Documents/IntrinsicEngine/build/ci-vulkan/bin/ExtrinsicSandbox+0x4c91b94) (BuildId: 4008a95a817fc57898ffe7d380ba2147a943be7d)



  Direct leak of 32 byte(s) in 1 object(s) allocated from:

      #0 0x5adb2844a0f4 in malloc (/home/alex/Documents/IntrinsicEngine/build/ci-vulkan/bin/ExtrinsicSandbox+0x4d360f4) (BuildId: 4008a95a817fc57898ffe7d380ba2147a943be7d)
      #1 0x73dce1d891b7  (/lib/x86_64-linux-gnu/libxcb.so.1+0xc1b7) (BuildId: 1bef862a339557aa16c34c7a4b27f8f3aea90517)
      #2 0x73dce1d89a08  (/lib/x86_64-linux-gnu/libxcb.so.1+0xca08) (BuildId: 1bef862a339557aa16c34c7a4b27f8f3aea90517)
      #3 0x73dce1d89eb0  (/lib/x86_64-linux-gnu/libxcb.so.1+0xceb0) (BuildId: 1bef862a339557aa16c34c7a4b27f8f3aea90517)
      #4 0x73dce1d8ae44 in xcb_wait_for_reply (/lib/x86_64-linux-gnu/libxcb.so.1+0xde44) (BuildId: 1bef862a339557aa16c34c7a4b27f8f3aea90517)
      #5 0x73dcba13e299  (<unknown module>)
      #6 0x73dcba131110  (<unknown module>)
      #7 0x73dcb83129d3  (<unknown module>)
      #8 0x73dcb836a5e0  (<unknown module>)
      #9 0x73dca1350252  (<unknown module>)
      #10 0x5adb2c631a5a in Extrinsic::Backends::Vulkan::(anonymous namespace)::HasSwapchainSurfaceSupport(VkPhysicalDevice_T*, VkSurfaceKHR_T*) /home/alex/Documents/IntrinsicEngine/src/graphics/vulkan/Backends.Vulkan.Device.cpp:308:13
      #11 0x5adb2c621153 in Extrinsic::Backends::Vulkan::VulkanDevice@Extrinsic.Backends.Vulkan::Initialize(Extrinsic::RHI::DeviceCreateDesc@Extrinsic.RHI.Device const&) /home/alex/Documents/IntrinsicEngine/src/graphics/vulkan/Backends.Vulkan.Device.cpp:1603:48
      #12 0x5adb28e52c20 in Extrinsic::Runtime::Engine@Extrinsic.Runtime.Engine::Initialize() /home/alex/Documents/IntrinsicEngine/src/runtime/Kernel/Runtime.Engine.cpp:520:27
      #13 0x5adb2848f43a in main /home/alex/Documents/IntrinsicEngine/src/app/Sandbox/main.cpp:485:12
      #14 0x77dce4029d8f in __libc_start_call_main csu/../sysdeps/nptl/libc_start_call_main.h:58:16
      #15 0x77dce4029e3f in __libc_start_main csu/../csu/libc-start.c:392:3
      #16 0x5adb283a5b94 in _start (/home/alex/Documents/IntrinsicEngine/build/ci-vulkan/bin/ExtrinsicSandbox+0x4c91b94) (BuildId: 4008a95a817fc57898ffe7d380ba2147a943be7d)



  Direct leak of 32 byte(s) in 1 object(s) allocated from:

      #0 0x5adb2844a0f4 in malloc (/home/alex/Documents/IntrinsicEngine/build/ci-vulkan/bin/ExtrinsicSandbox+0x4d360f4) (BuildId: 4008a95a817fc57898ffe7d380ba2147a943be7d)
      #1 0x73dce1d891b7  (/lib/x86_64-linux-gnu/libxcb.so.1+0xc1b7) (BuildId: 1bef862a339557aa16c34c7a4b27f8f3aea90517)
      #2 0x73dce1d89a08  (/lib/x86_64-linux-gnu/libxcb.so.1+0xca08) (BuildId: 1bef862a339557aa16c34c7a4b27f8f3aea90517)
      #3 0x73dce1d89eb0  (/lib/x86_64-linux-gnu/libxcb.so.1+0xceb0) (BuildId: 1bef862a339557aa16c34c7a4b27f8f3aea90517)
      #4 0x73dce1d8ae44 in xcb_wait_for_reply (/lib/x86_64-linux-gnu/libxcb.so.1+0xde44) (BuildId: 1bef862a339557aa16c34c7a4b27f8f3aea90517)
      #5 0x73dcba13e299  (<unknown module>)
      #6 0x73dcba131110  (<unknown module>)
      #7 0x73dcb83129d3  (<unknown module>)
      #8 0x73dcb836a5e0  (<unknown module>)
      #9 0x73dca16a4c2b  (<unknown module>)
      #10 0x73dca12cb25f  (<unknown module>)
      #11 0x73dca12cdec0  (<unknown module>)
      #12 0x73dca1350919  (<unknown module>)
      #13 0x5adb2c627252 in Extrinsic::Backends::Vulkan::VulkanDevice@Extrinsic.Backends.Vulkan::Initialize(Extrinsic::RHI::DeviceCreateDesc@Extrinsic.RHI.Device const&) /home/alex/Documents/IntrinsicEngine/src/graphics/vulkan/Backends.Vulkan.Device.cpp:2029:18
      #14 0x5adb28e52c20 in Extrinsic::Runtime::Engine@Extrinsic.Runtime.Engine::Initialize() /home/alex/Documents/IntrinsicEngine/src/runtime/Kernel/Runtime.Engine.cpp:520:27
      #15 0x5adb2848f43a in main /home/alex/Documents/IntrinsicEngine/src/app/Sandbox/main.cpp:485:12
      #16 0x77dce4029d8f in __libc_start_call_main csu/../sysdeps/nptl/libc_start_call_main.h:58:16
      #17 0x77dce4029e3f in __libc_start_main csu/../csu/libc-start.c:392:3
      #18 0x5adb283a5b94 in _start (/home/alex/Documents/IntrinsicEngine/build/ci-vulkan/bin/ExtrinsicSandbox+0x4c91b94) (BuildId: 4008a95a817fc57898ffe7d380ba2147a943be7d)



  Direct leak of 32 byte(s) in 1 object(s) allocated from:

      #0 0x5adb2844a0f4 in malloc (/home/alex/Documents/IntrinsicEngine/build/ci-vulkan/bin/ExtrinsicSandbox+0x4d360f4) (BuildId: 4008a95a817fc57898ffe7d380ba2147a943be7d)
      #1 0x73dce1d891b7  (/lib/x86_64-linux-gnu/libxcb.so.1+0xc1b7) (BuildId: 1bef862a339557aa16c34c7a4b27f8f3aea90517)
      #2 0x73dce1d89a08  (/lib/x86_64-linux-gnu/libxcb.so.1+0xca08) (BuildId: 1bef862a339557aa16c34c7a4b27f8f3aea90517)
      #3 0x73dce1d89eb0  (/lib/x86_64-linux-gnu/libxcb.so.1+0xceb0) (BuildId: 1bef862a339557aa16c34c7a4b27f8f3aea90517)
      #4 0x73dce1d8ae44 in xcb_wait_for_reply (/lib/x86_64-linux-gnu/libxcb.so.1+0xde44) (BuildId: 1bef862a339557aa16c34c7a4b27f8f3aea90517)
      #5 0x73dcba13e299  (<unknown module>)
      #6 0x73dcba131110  (<unknown module>)
      #7 0x73dcb83129d3  (<unknown module>)
      #8 0x73dcb836a5e0  (<unknown module>)
      #9 0x73dca1350252  (<unknown module>)
      #10 0x5adb2c626659 in Extrinsic::Backends::Vulkan::VulkanDevice@Extrinsic.Backends.Vulkan::Initialize(Extrinsic::RHI::DeviceCreateDesc@Extrinsic.RHI.Device const&) /home/alex/Documents/IntrinsicEngine/src/graphics/vulkan/Backends.Vulkan.Device.cpp:1976:18
      #11 0x5adb28e52c20 in Extrinsic::Runtime::Engine@Extrinsic.Runtime.Engine::Initialize() /home/alex/Documents/IntrinsicEngine/src/runtime/Kernel/Runtime.Engine.cpp:520:27
      #12 0x5adb2848f43a in main /home/alex/Documents/IntrinsicEngine/src/app/Sandbox/main.cpp:485:12
      #13 0x77dce4029d8f in __libc_start_call_main csu/../sysdeps/nptl/libc_start_call_main.h:58:16
      #14 0x77dce4029e3f in __libc_start_main csu/../csu/libc-start.c:392:3
      #15 0x5adb283a5b94 in _start (/home/alex/Documents/IntrinsicEngine/build/ci-vulkan/bin/ExtrinsicSandbox+0x4c91b94) (BuildId: 4008a95a817fc57898ffe7d380ba2147a943be7d)



  Direct leak of 32 byte(s) in 1 object(s) allocated from:

      #0 0x5adb2844a0f4 in malloc (/home/alex/Documents/IntrinsicEngine/build/ci-vulkan/bin/ExtrinsicSandbox+0x4d360f4) (BuildId: 4008a95a817fc57898ffe7d380ba2147a943be7d)
      #1 0x73dce1d891b7  (/lib/x86_64-linux-gnu/libxcb.so.1+0xc1b7) (BuildId: 1bef862a339557aa16c34c7a4b27f8f3aea90517)
      #2 0x73dce1d89a08  (/lib/x86_64-linux-gnu/libxcb.so.1+0xca08) (BuildId: 1bef862a339557aa16c34c7a4b27f8f3aea90517)
      #3 0x73dce1d89eb0  (/lib/x86_64-linux-gnu/libxcb.so.1+0xceb0) (BuildId: 1bef862a339557aa16c34c7a4b27f8f3aea90517)
      #4 0x73dce1d8ae44 in xcb_wait_for_reply (/lib/x86_64-linux-gnu/libxcb.so.1+0xde44) (BuildId: 1bef862a339557aa16c34c7a4b27f8f3aea90517)
      #5 0x73dcba13e299  (<unknown module>)
      #6 0x73dcba131110  (<unknown module>)
      #7 0x73dcb83128c9  (<unknown module>)
      #8 0x73dca134fe6d  (<unknown module>)
      #9 0x5adb2c626039 in Extrinsic::Backends::Vulkan::VulkanDevice@Extrinsic.Backends.Vulkan::Initialize(Extrinsic::RHI::DeviceCreateDesc@Extrinsic.RHI.Device const&) /home/alex/Documents/IntrinsicEngine/src/graphics/vulkan/Backends.Vulkan.Device.cpp:1950:18
      #10 0x5adb28e52c20 in Extrinsic::Runtime::Engine@Extrinsic.Runtime.Engine::Initialize() /home/alex/Documents/IntrinsicEngine/src/runtime/Kernel/Runtime.Engine.cpp:520:27
      #11 0x5adb2848f43a in main /home/alex/Documents/IntrinsicEngine/src/app/Sandbox/main.cpp:485:12
      #12 0x77dce4029d8f in __libc_start_call_main csu/../sysdeps/nptl/libc_start_call_main.h:58:16
      #13 0x77dce4029e3f in __libc_start_main csu/../csu/libc-start.c:392:3
      #14 0x5adb283a5b94 in _start (/home/alex/Documents/IntrinsicEngine/build/ci-vulkan/bin/ExtrinsicSandbox+0x4c91b94) (BuildId: 4008a95a817fc57898ffe7d380ba2147a943be7d)



  Indirect leak of 2800 byte(s) in 1 object(s) allocated from:

      #0 0x5adb2844a2d2 in calloc (/home/alex/Documents/IntrinsicEngine/build/ci-vulkan/bin/ExtrinsicSandbox+0x4d362d2) (BuildId: 4008a95a817fc57898ffe7d380ba2147a943be7d)
      #1 0x73dcb800c38d  (<unknown module>)
      #2 0x73dcb7ffc683  (<unknown module>)
      #3 0x73dcba0e7b53  (<unknown module>)
      #4 0x73dcba0e874e  (<unknown module>)
      #5 0x73dcb8002d78  (<unknown module>)
      #6 0x73dcb7ffdc9c  (<unknown module>)
      #7 0x73dcb831eca8  (<unknown module>)
      #8 0x73dcb8317fd4  (<unknown module>)
      #9 0x73dcb8326b9e  (<unknown module>)
      #10 0x73dcb836a915  (<unknown module>)
      #11 0x73dca1062e2f  (<unknown module>)
      #12 0x73dca1350d9d  (<unknown module>)
      #13 0x5adb2c62b8eb in Extrinsic::Backends::Vulkan::VulkanDevice@Extrinsic.Backends.Vulkan::Shutdown() /home/alex/Documents/IntrinsicEngine/src/graphics/vulkan/Backends.Vulkan.Device.cpp:2387:13
      #14 0x5adb28e4a4dc in Extrinsic::Runtime::Engine@Extrinsic.Runtime.Engine::Shutdown() /home/alex/Documents/IntrinsicEngine/src/runtime/Kernel/Runtime.Engine.cpp:675:31
      #15 0x5adb2848f55b in main /home/alex/Documents/IntrinsicEngine/src/app/Sandbox/main.cpp:495:12
      #16 0x77dce4029d8f in __libc_start_call_main csu/../sysdeps/nptl/libc_start_call_main.h:58:16
      #17 0x77dce4029e3f in __libc_start_main csu/../csu/libc-start.c:392:3
      #18 0x5adb283a5b94 in _start (/home/alex/Documents/IntrinsicEngine/build/ci-vulkan/bin/ExtrinsicSandbox+0x4c91b94) (BuildId: 4008a95a817fc57898ffe7d380ba2147a943be7d)



  -----------------------------------------------------

  Suppressions used:

    count      bytes template
       18     113760 VulkanCommandContext@Extrinsic.Backends.Vulkan::PushConstants
        3       1986 dbus_connection_send_with_reply_and_block

  -----------------------------------------------------



  SUMMARY: AddressSanitizer: 6128 byte(s) leaked in 20 allocation(s).





0% tests passed, 1 tests failed out of 1

Label Time Summary:
gpu           =   3.82 sec*proc (1 test)
graphics      =   3.82 sec*proc (1 test)
regression    =   3.82 sec*proc (1 test)
runtime       =   3.82 sec*proc (1 test)
vulkan        =   3.82 sec*proc (1 test)

Total Test time (real) =   3.99 sec

The following tests FAILED:
	5202 - ExtrinsicSandbox.VulkanShutdownLsanContract (Failed) gpu graphics regression runtime vulkan
Errors while running CTest
