WSI_PROBE_COMPLETED stage=2 repeats=10

=================================================================
==1349656==ERROR: LeakSanitizer: detected memory leaks

Direct leak of 320 byte(s) in 10 object(s) allocated from:
    #0 0x5806524cea34 in malloc (/tmp/intrinsic-bug229/wsi+0xd2a34) (BuildId: ef2c5f9da2f184ce65def9f7c06249778ca76554)
    #1 0x78b1c2ee81b7  (/lib/x86_64-linux-gnu/libxcb.so.1+0xc1b7) (BuildId: 1bef862a339557aa16c34c7a4b27f8f3aea90517)
    #2 0x78b1c2ee8a08  (/lib/x86_64-linux-gnu/libxcb.so.1+0xca08) (BuildId: 1bef862a339557aa16c34c7a4b27f8f3aea90517)
    #3 0x78b1c2ee8eb0  (/lib/x86_64-linux-gnu/libxcb.so.1+0xceb0) (BuildId: 1bef862a339557aa16c34c7a4b27f8f3aea90517)
    #4 0x78b1c2ee9e44 in xcb_wait_for_reply (/lib/x86_64-linux-gnu/libxcb.so.1+0xde44) (BuildId: 1bef862a339557aa16c34c7a4b27f8f3aea90517)
    #5 0x78b1c25ca299  (<unknown module>)
    #6 0x78b1c25bd110  (<unknown module>)
    #7 0x74b1be3128c9  (<unknown module>)
    #8 0x580652512074 in main /tmp/intrinsic-bug229/wsi.c:21:79
    #9 0x78b1c2a29d8f in __libc_start_call_main csu/../sysdeps/nptl/libc_start_call_main.h:58:16
    #10 0x78b1c2a29e3f in __libc_start_main csu/../csu/libc-start.c:392:3
    #11 0x58065242a4d4 in _start (/tmp/intrinsic-bug229/wsi+0x2e4d4) (BuildId: ef2c5f9da2f184ce65def9f7c06249778ca76554)

Direct leak of 320 byte(s) in 10 object(s) allocated from:
    #0 0x5806524cea34 in malloc (/tmp/intrinsic-bug229/wsi+0xd2a34) (BuildId: ef2c5f9da2f184ce65def9f7c06249778ca76554)
    #1 0x78b1c2ee81b7  (/lib/x86_64-linux-gnu/libxcb.so.1+0xc1b7) (BuildId: 1bef862a339557aa16c34c7a4b27f8f3aea90517)
    #2 0x78b1c2ee8a08  (/lib/x86_64-linux-gnu/libxcb.so.1+0xca08) (BuildId: 1bef862a339557aa16c34c7a4b27f8f3aea90517)
    #3 0x78b1c2ee8eb0  (/lib/x86_64-linux-gnu/libxcb.so.1+0xceb0) (BuildId: 1bef862a339557aa16c34c7a4b27f8f3aea90517)
    #4 0x78b1c2ee9e44 in xcb_wait_for_reply (/lib/x86_64-linux-gnu/libxcb.so.1+0xde44) (BuildId: 1bef862a339557aa16c34c7a4b27f8f3aea90517)
    #5 0x78b1c25ca299  (<unknown module>)
    #6 0x78b1c25bd110  (<unknown module>)
    #7 0x74b1be312ace  (<unknown module>)
    #8 0x74b1be31280b  (<unknown module>)
    #9 0x580652512074 in main /tmp/intrinsic-bug229/wsi.c:21:79
    #10 0x78b1c2a29d8f in __libc_start_call_main csu/../sysdeps/nptl/libc_start_call_main.h:58:16
    #11 0x78b1c2a29e3f in __libc_start_main csu/../csu/libc-start.c:392:3
    #12 0x58065242a4d4 in _start (/tmp/intrinsic-bug229/wsi+0x2e4d4) (BuildId: ef2c5f9da2f184ce65def9f7c06249778ca76554)

-----------------------------------------------------
Suppressions used:
  count      bytes template
      3       2018 dbus_connection_send_with_reply_and_block
-----------------------------------------------------

SUMMARY: AddressSanitizer: 640 byte(s) leaked in 20 allocation(s).
