WSI_PROBE_COMPLETED stage=3 repeats=1

=================================================================
==1349528==ERROR: LeakSanitizer: detected memory leaks

Direct leak of 1392 byte(s) in 1 object(s) allocated from:
    #0 0x5e7141f0da34 in malloc (/tmp/intrinsic-bug229/wsi+0xd2a34) (BuildId: ef2c5f9da2f184ce65def9f7c06249778ca76554)
    #1 0x7a8366c0c0d1  (<unknown module>)
    #2 0x7a8366bef518  (<unknown module>)
    #3 0x7a8366bfc7e9  (<unknown module>)
    #4 0x7a836a908b53  (<unknown module>)
    #5 0x7a836a90974e  (<unknown module>)
    #6 0x7a8366c02d78  (<unknown module>)
    #7 0x7a8366bfdc9c  (<unknown module>)
    #8 0x7a8366f1eca8  (<unknown module>)
    #9 0x7a8366f17fd4  (<unknown module>)
    #10 0x7a8366f26b9e  (<unknown module>)
    #11 0x7a8366f6a915  (<unknown module>)
    #12 0x5e7141f518ce in main /tmp/intrinsic-bug229/wsi.c:29:82
    #13 0x7e836b629d8f in __libc_start_call_main csu/../sysdeps/nptl/libc_start_call_main.h:58:16
    #14 0x7e836b629e3f in __libc_start_main csu/../csu/libc-start.c:392:3
    #15 0x5e7141e694d4 in _start (/tmp/intrinsic-bug229/wsi+0x2e4d4) (BuildId: ef2c5f9da2f184ce65def9f7c06249778ca76554)

Direct leak of 1392 byte(s) in 1 object(s) allocated from:
    #0 0x5e7141f0da34 in malloc (/tmp/intrinsic-bug229/wsi+0xd2a34) (BuildId: ef2c5f9da2f184ce65def9f7c06249778ca76554)
    #1 0x7a8366c0c0d1  (<unknown module>)
    #2 0x7a8366bef518  (<unknown module>)
    #3 0x7a8366bfc733  (<unknown module>)
    #4 0x7a836a908b53  (<unknown module>)
    #5 0x7a836a90974e  (<unknown module>)
    #6 0x7a8366c02d78  (<unknown module>)
    #7 0x7a8366bfdc9c  (<unknown module>)
    #8 0x7a8366f1eca8  (<unknown module>)
    #9 0x7a8366f17fd4  (<unknown module>)
    #10 0x7a8366f26b9e  (<unknown module>)
    #11 0x7a8366f6a915  (<unknown module>)
    #12 0x5e7141f518ce in main /tmp/intrinsic-bug229/wsi.c:29:82
    #13 0x7e836b629d8f in __libc_start_call_main csu/../sysdeps/nptl/libc_start_call_main.h:58:16
    #14 0x7e836b629e3f in __libc_start_main csu/../csu/libc-start.c:392:3
    #15 0x5e7141e694d4 in _start (/tmp/intrinsic-bug229/wsi+0x2e4d4) (BuildId: ef2c5f9da2f184ce65def9f7c06249778ca76554)

Direct leak of 32 byte(s) in 1 object(s) allocated from:
    #0 0x5e7141f0da34 in malloc (/tmp/intrinsic-bug229/wsi+0xd2a34) (BuildId: ef2c5f9da2f184ce65def9f7c06249778ca76554)
    #1 0x7e836b9f51b7  (/lib/x86_64-linux-gnu/libxcb.so.1+0xc1b7) (BuildId: 1bef862a339557aa16c34c7a4b27f8f3aea90517)
    #2 0x7e836b9f5a08  (/lib/x86_64-linux-gnu/libxcb.so.1+0xca08) (BuildId: 1bef862a339557aa16c34c7a4b27f8f3aea90517)
    #3 0x7e836b9f5eb0  (/lib/x86_64-linux-gnu/libxcb.so.1+0xceb0) (BuildId: 1bef862a339557aa16c34c7a4b27f8f3aea90517)
    #4 0x7e836b9f6e44 in xcb_wait_for_reply (/lib/x86_64-linux-gnu/libxcb.so.1+0xde44) (BuildId: 1bef862a339557aa16c34c7a4b27f8f3aea90517)
    #5 0x7a836a95f299  (<unknown module>)
    #6 0x7a836a952110  (<unknown module>)
    #7 0x7a8366f129d3  (<unknown module>)
    #8 0x7a8366f6a5e0  (<unknown module>)
    #9 0x5e7141f51648 in main /tmp/intrinsic-bug229/wsi.c:27:160
    #10 0x7e836b629d8f in __libc_start_call_main csu/../sysdeps/nptl/libc_start_call_main.h:58:16
    #11 0x7e836b629e3f in __libc_start_main csu/../csu/libc-start.c:392:3
    #12 0x5e7141e694d4 in _start (/tmp/intrinsic-bug229/wsi+0x2e4d4) (BuildId: ef2c5f9da2f184ce65def9f7c06249778ca76554)

Direct leak of 32 byte(s) in 1 object(s) allocated from:
    #0 0x5e7141f0da34 in malloc (/tmp/intrinsic-bug229/wsi+0xd2a34) (BuildId: ef2c5f9da2f184ce65def9f7c06249778ca76554)
    #1 0x7e836b9f51b7  (/lib/x86_64-linux-gnu/libxcb.so.1+0xc1b7) (BuildId: 1bef862a339557aa16c34c7a4b27f8f3aea90517)
    #2 0x7e836b9f5a08  (/lib/x86_64-linux-gnu/libxcb.so.1+0xca08) (BuildId: 1bef862a339557aa16c34c7a4b27f8f3aea90517)
    #3 0x7e836b9f5eb0  (/lib/x86_64-linux-gnu/libxcb.so.1+0xceb0) (BuildId: 1bef862a339557aa16c34c7a4b27f8f3aea90517)
    #4 0x7e836b9f6e44 in xcb_wait_for_reply (/lib/x86_64-linux-gnu/libxcb.so.1+0xde44) (BuildId: 1bef862a339557aa16c34c7a4b27f8f3aea90517)
    #5 0x7a836a95f299  (<unknown module>)
    #6 0x7a836a952110  (<unknown module>)
    #7 0x7a8366f12bf8  (<unknown module>)
    #8 0x7a8366f2bce4  (<unknown module>)
    #9 0x7a8366f27ff0  (<unknown module>)
    #10 0x7a8366f28f61  (<unknown module>)
    #11 0x7e836ba4fb50  (/lib/x86_64-linux-gnu/libvulkan.so.1+0x3cb50) (BuildId: 26e66a54095520793b4bcde7a38d2da7f48efc88)
    #12 0x5e7141f517e0 in main /tmp/intrinsic-bug229/wsi.c:29:8
    #13 0x7e836b629d8f in __libc_start_call_main csu/../sysdeps/nptl/libc_start_call_main.h:58:16
    #14 0x7e836b629e3f in __libc_start_main csu/../csu/libc-start.c:392:3
    #15 0x5e7141e694d4 in _start (/tmp/intrinsic-bug229/wsi+0x2e4d4) (BuildId: ef2c5f9da2f184ce65def9f7c06249778ca76554)

Direct leak of 32 byte(s) in 1 object(s) allocated from:
    #0 0x5e7141f0da34 in malloc (/tmp/intrinsic-bug229/wsi+0xd2a34) (BuildId: ef2c5f9da2f184ce65def9f7c06249778ca76554)
    #1 0x7e836b9f51b7  (/lib/x86_64-linux-gnu/libxcb.so.1+0xc1b7) (BuildId: 1bef862a339557aa16c34c7a4b27f8f3aea90517)
    #2 0x7e836b9f5a08  (/lib/x86_64-linux-gnu/libxcb.so.1+0xca08) (BuildId: 1bef862a339557aa16c34c7a4b27f8f3aea90517)
    #3 0x7e836b9f5eb0  (/lib/x86_64-linux-gnu/libxcb.so.1+0xceb0) (BuildId: 1bef862a339557aa16c34c7a4b27f8f3aea90517)
    #4 0x7e836b9f6e44 in xcb_wait_for_reply (/lib/x86_64-linux-gnu/libxcb.so.1+0xde44) (BuildId: 1bef862a339557aa16c34c7a4b27f8f3aea90517)
    #5 0x7a836a95f299  (<unknown module>)
    #6 0x7a836a952110  (<unknown module>)
    #7 0x7a8366f12bf8  (<unknown module>)
    #8 0x7a8366f2bd26  (<unknown module>)
    #9 0x7a8366f6a6b9  (<unknown module>)
    #10 0x5e7141f511b2 in main /tmp/intrinsic-bug229/wsi.c:24:42
    #11 0x7e836b629d8f in __libc_start_call_main csu/../sysdeps/nptl/libc_start_call_main.h:58:16
    #12 0x7e836b629e3f in __libc_start_main csu/../csu/libc-start.c:392:3
    #13 0x5e7141e694d4 in _start (/tmp/intrinsic-bug229/wsi+0x2e4d4) (BuildId: ef2c5f9da2f184ce65def9f7c06249778ca76554)

Direct leak of 32 byte(s) in 1 object(s) allocated from:
    #0 0x5e7141f0da34 in malloc (/tmp/intrinsic-bug229/wsi+0xd2a34) (BuildId: ef2c5f9da2f184ce65def9f7c06249778ca76554)
    #1 0x7e836b9f51b7  (/lib/x86_64-linux-gnu/libxcb.so.1+0xc1b7) (BuildId: 1bef862a339557aa16c34c7a4b27f8f3aea90517)
    #2 0x7e836b9f5a08  (/lib/x86_64-linux-gnu/libxcb.so.1+0xca08) (BuildId: 1bef862a339557aa16c34c7a4b27f8f3aea90517)
    #3 0x7e836b9f5eb0  (/lib/x86_64-linux-gnu/libxcb.so.1+0xceb0) (BuildId: 1bef862a339557aa16c34c7a4b27f8f3aea90517)
    #4 0x7e836b9f6e44 in xcb_wait_for_reply (/lib/x86_64-linux-gnu/libxcb.so.1+0xde44) (BuildId: 1bef862a339557aa16c34c7a4b27f8f3aea90517)
    #5 0x7a836a95f299  (<unknown module>)
    #6 0x7a836a952110  (<unknown module>)
    #7 0x7a8366f128c9  (<unknown module>)
    #8 0x5e7141f51074 in main /tmp/intrinsic-bug229/wsi.c:21:79
    #9 0x7e836b629d8f in __libc_start_call_main csu/../sysdeps/nptl/libc_start_call_main.h:58:16
    #10 0x7e836b629e3f in __libc_start_main csu/../csu/libc-start.c:392:3
    #11 0x5e7141e694d4 in _start (/tmp/intrinsic-bug229/wsi+0x2e4d4) (BuildId: ef2c5f9da2f184ce65def9f7c06249778ca76554)

Direct leak of 32 byte(s) in 1 object(s) allocated from:
    #0 0x5e7141f0da34 in malloc (/tmp/intrinsic-bug229/wsi+0xd2a34) (BuildId: ef2c5f9da2f184ce65def9f7c06249778ca76554)
    #1 0x7e836b9f51b7  (/lib/x86_64-linux-gnu/libxcb.so.1+0xc1b7) (BuildId: 1bef862a339557aa16c34c7a4b27f8f3aea90517)
    #2 0x7e836b9f5a08  (/lib/x86_64-linux-gnu/libxcb.so.1+0xca08) (BuildId: 1bef862a339557aa16c34c7a4b27f8f3aea90517)
    #3 0x7e836b9f5eb0  (/lib/x86_64-linux-gnu/libxcb.so.1+0xceb0) (BuildId: 1bef862a339557aa16c34c7a4b27f8f3aea90517)
    #4 0x7e836b9f6e44 in xcb_wait_for_reply (/lib/x86_64-linux-gnu/libxcb.so.1+0xde44) (BuildId: 1bef862a339557aa16c34c7a4b27f8f3aea90517)
    #5 0x7a836a95f299  (<unknown module>)
    #6 0x7a836a952110  (<unknown module>)
    #7 0x7a8366f12ace  (<unknown module>)
    #8 0x7a8366f1280b  (<unknown module>)
    #9 0x5e7141f51074 in main /tmp/intrinsic-bug229/wsi.c:21:79
    #10 0x7e836b629d8f in __libc_start_call_main csu/../sysdeps/nptl/libc_start_call_main.h:58:16
    #11 0x7e836b629e3f in __libc_start_main csu/../csu/libc-start.c:392:3
    #12 0x5e7141e694d4 in _start (/tmp/intrinsic-bug229/wsi+0x2e4d4) (BuildId: ef2c5f9da2f184ce65def9f7c06249778ca76554)

Direct leak of 32 byte(s) in 1 object(s) allocated from:
    #0 0x5e7141f0da34 in malloc (/tmp/intrinsic-bug229/wsi+0xd2a34) (BuildId: ef2c5f9da2f184ce65def9f7c06249778ca76554)
    #1 0x7e836b9f51b7  (/lib/x86_64-linux-gnu/libxcb.so.1+0xc1b7) (BuildId: 1bef862a339557aa16c34c7a4b27f8f3aea90517)
    #2 0x7e836b9f5a08  (/lib/x86_64-linux-gnu/libxcb.so.1+0xca08) (BuildId: 1bef862a339557aa16c34c7a4b27f8f3aea90517)
    #3 0x7e836b9f5eb0  (/lib/x86_64-linux-gnu/libxcb.so.1+0xceb0) (BuildId: 1bef862a339557aa16c34c7a4b27f8f3aea90517)
    #4 0x7e836b9f6e44 in xcb_wait_for_reply (/lib/x86_64-linux-gnu/libxcb.so.1+0xde44) (BuildId: 1bef862a339557aa16c34c7a4b27f8f3aea90517)
    #5 0x7a836a95f299  (<unknown module>)
    #6 0x7a836a952110  (<unknown module>)
    #7 0x7a8366f128c9  (<unknown module>)
    #8 0x5e7141f5157a in main /tmp/intrinsic-bug229/wsi.c:27:38
    #9 0x7e836b629d8f in __libc_start_call_main csu/../sysdeps/nptl/libc_start_call_main.h:58:16
    #10 0x7e836b629e3f in __libc_start_main csu/../csu/libc-start.c:392:3
    #11 0x5e7141e694d4 in _start (/tmp/intrinsic-bug229/wsi+0x2e4d4) (BuildId: ef2c5f9da2f184ce65def9f7c06249778ca76554)

Direct leak of 32 byte(s) in 1 object(s) allocated from:
    #0 0x5e7141f0da34 in malloc (/tmp/intrinsic-bug229/wsi+0xd2a34) (BuildId: ef2c5f9da2f184ce65def9f7c06249778ca76554)
    #1 0x7e836b9f51b7  (/lib/x86_64-linux-gnu/libxcb.so.1+0xc1b7) (BuildId: 1bef862a339557aa16c34c7a4b27f8f3aea90517)
    #2 0x7e836b9f5a08  (/lib/x86_64-linux-gnu/libxcb.so.1+0xca08) (BuildId: 1bef862a339557aa16c34c7a4b27f8f3aea90517)
    #3 0x7e836b9f5eb0  (/lib/x86_64-linux-gnu/libxcb.so.1+0xceb0) (BuildId: 1bef862a339557aa16c34c7a4b27f8f3aea90517)
    #4 0x7e836b9f6e44 in xcb_wait_for_reply (/lib/x86_64-linux-gnu/libxcb.so.1+0xde44) (BuildId: 1bef862a339557aa16c34c7a4b27f8f3aea90517)
    #5 0x7a836a95f299  (<unknown module>)
    #6 0x7a836a952110  (<unknown module>)
    #7 0x7a836a95215e  (<unknown module>)
    #8 0x7a8366f184a4  (<unknown module>)
    #9 0x7a8366f24afb  (<unknown module>)
    #10 0x7a8366f2843e  (<unknown module>)
    #11 0x7a8366f28f61  (<unknown module>)
    #12 0x7e836ba4fb50  (/lib/x86_64-linux-gnu/libvulkan.so.1+0x3cb50) (BuildId: 26e66a54095520793b4bcde7a38d2da7f48efc88)
    #13 0x5e7141f517e0 in main /tmp/intrinsic-bug229/wsi.c:29:8
    #14 0x7e836b629d8f in __libc_start_call_main csu/../sysdeps/nptl/libc_start_call_main.h:58:16
    #15 0x7e836b629e3f in __libc_start_main csu/../csu/libc-start.c:392:3
    #16 0x5e7141e694d4 in _start (/tmp/intrinsic-bug229/wsi+0x2e4d4) (BuildId: ef2c5f9da2f184ce65def9f7c06249778ca76554)

Direct leak of 32 byte(s) in 1 object(s) allocated from:
    #0 0x5e7141f0da34 in malloc (/tmp/intrinsic-bug229/wsi+0xd2a34) (BuildId: ef2c5f9da2f184ce65def9f7c06249778ca76554)
    #1 0x7e836b9f51b7  (/lib/x86_64-linux-gnu/libxcb.so.1+0xc1b7) (BuildId: 1bef862a339557aa16c34c7a4b27f8f3aea90517)
    #2 0x7e836b9f5a08  (/lib/x86_64-linux-gnu/libxcb.so.1+0xca08) (BuildId: 1bef862a339557aa16c34c7a4b27f8f3aea90517)
    #3 0x7e836b9f5eb0  (/lib/x86_64-linux-gnu/libxcb.so.1+0xceb0) (BuildId: 1bef862a339557aa16c34c7a4b27f8f3aea90517)
    #4 0x7e836b9f6e44 in xcb_wait_for_reply (/lib/x86_64-linux-gnu/libxcb.so.1+0xde44) (BuildId: 1bef862a339557aa16c34c7a4b27f8f3aea90517)
    #5 0x7a836a95f299  (<unknown module>)
    #6 0x7a836a952110  (<unknown module>)
    #7 0x7a8366f12ace  (<unknown module>)
    #8 0x7a8366f1280b  (<unknown module>)
    #9 0x5e7141f5157a in main /tmp/intrinsic-bug229/wsi.c:27:38
    #10 0x7e836b629d8f in __libc_start_call_main csu/../sysdeps/nptl/libc_start_call_main.h:58:16
    #11 0x7e836b629e3f in __libc_start_main csu/../csu/libc-start.c:392:3
    #12 0x5e7141e694d4 in _start (/tmp/intrinsic-bug229/wsi+0x2e4d4) (BuildId: ef2c5f9da2f184ce65def9f7c06249778ca76554)

Indirect leak of 2800 byte(s) in 1 object(s) allocated from:
    #0 0x5e7141f0dc12 in calloc (/tmp/intrinsic-bug229/wsi+0xd2c12) (BuildId: ef2c5f9da2f184ce65def9f7c06249778ca76554)
    #1 0x7a8366c0c38d  (<unknown module>)
    #2 0x7a8366bfc683  (<unknown module>)
    #3 0x7a836a908b53  (<unknown module>)
    #4 0x7a836a90974e  (<unknown module>)
    #5 0x7a8366c02d78  (<unknown module>)
    #6 0x7a8366bfdc9c  (<unknown module>)
    #7 0x7a8366f1eca8  (<unknown module>)
    #8 0x7a8366f17fd4  (<unknown module>)
    #9 0x7a8366f26b9e  (<unknown module>)
    #10 0x7a8366f6a915  (<unknown module>)
    #11 0x5e7141f518ce in main /tmp/intrinsic-bug229/wsi.c:29:82
    #12 0x7e836b629d8f in __libc_start_call_main csu/../sysdeps/nptl/libc_start_call_main.h:58:16
    #13 0x7e836b629e3f in __libc_start_main csu/../csu/libc-start.c:392:3
    #14 0x5e7141e694d4 in _start (/tmp/intrinsic-bug229/wsi+0x2e4d4) (BuildId: ef2c5f9da2f184ce65def9f7c06249778ca76554)

-----------------------------------------------------
Suppressions used:
  count      bytes template
      3       2002 dbus_connection_send_with_reply_and_block
-----------------------------------------------------

SUMMARY: AddressSanitizer: 5840 byte(s) leaked in 11 allocation(s).
