DISPLAY=:9 XCB stage=0
WSI_PROBE_COMPLETED stage=0 repeats=1
-----------------------------------------------------
Suppressions used:
  count      bytes template
      3       2018 dbus_connection_send_with_reply_and_block
-----------------------------------------------------

DISPLAY=:9 XCB stage=1
WSI_PROBE_COMPLETED stage=1 repeats=1
-----------------------------------------------------
Suppressions used:
  count      bytes template
      3       2018 dbus_connection_send_with_reply_and_block
-----------------------------------------------------

DISPLAY=:9 XCB stage=2
WSI_PROBE_COMPLETED stage=2 repeats=1

=================================================================
==1350478==ERROR: LeakSanitizer: detected memory leaks

Direct leak of 32 byte(s) in 1 object(s) allocated from:
    #0 0x640fa9e67a34 in malloc (/tmp/tmp.wVsYGEYBxE/wsi+0xd2a34) (BuildId: 840197184bcd139fb921cc4678278d0952d6c471)
    #1 0x72fa4979d1b7  (/lib/x86_64-linux-gnu/libxcb.so.1+0xc1b7) (BuildId: 1bef862a339557aa16c34c7a4b27f8f3aea90517)
    #2 0x72fa4979da08  (/lib/x86_64-linux-gnu/libxcb.so.1+0xca08) (BuildId: 1bef862a339557aa16c34c7a4b27f8f3aea90517)
    #3 0x72fa4979deb0  (/lib/x86_64-linux-gnu/libxcb.so.1+0xceb0) (BuildId: 1bef862a339557aa16c34c7a4b27f8f3aea90517)
    #4 0x72fa4979ee44 in xcb_wait_for_reply (/lib/x86_64-linux-gnu/libxcb.so.1+0xde44) (BuildId: 1bef862a339557aa16c34c7a4b27f8f3aea90517)
    #5 0x6efa4875f299  (<unknown module>)
    #6 0x6efa48752110  (<unknown module>)
    #7 0x6efa44d12ace  (<unknown module>)
    #8 0x6efa44d1280b  (<unknown module>)
    #9 0x640fa9eab074 in main /home/alex/Documents/IntrinsicEngine/tasks/evidence/BUG-229/wsi.c:21:79
    #10 0x72fa49429d8f in __libc_start_call_main csu/../sysdeps/nptl/libc_start_call_main.h:58:16
    #11 0x72fa49429e3f in __libc_start_main csu/../csu/libc-start.c:392:3
    #12 0x640fa9dc34d4 in _start (/tmp/tmp.wVsYGEYBxE/wsi+0x2e4d4) (BuildId: 840197184bcd139fb921cc4678278d0952d6c471)

Direct leak of 32 byte(s) in 1 object(s) allocated from:
    #0 0x640fa9e67a34 in malloc (/tmp/tmp.wVsYGEYBxE/wsi+0xd2a34) (BuildId: 840197184bcd139fb921cc4678278d0952d6c471)
    #1 0x72fa4979d1b7  (/lib/x86_64-linux-gnu/libxcb.so.1+0xc1b7) (BuildId: 1bef862a339557aa16c34c7a4b27f8f3aea90517)
    #2 0x72fa4979da08  (/lib/x86_64-linux-gnu/libxcb.so.1+0xca08) (BuildId: 1bef862a339557aa16c34c7a4b27f8f3aea90517)
    #3 0x72fa4979deb0  (/lib/x86_64-linux-gnu/libxcb.so.1+0xceb0) (BuildId: 1bef862a339557aa16c34c7a4b27f8f3aea90517)
    #4 0x72fa4979ee44 in xcb_wait_for_reply (/lib/x86_64-linux-gnu/libxcb.so.1+0xde44) (BuildId: 1bef862a339557aa16c34c7a4b27f8f3aea90517)
    #5 0x6efa4875f299  (<unknown module>)
    #6 0x6efa48752110  (<unknown module>)
    #7 0x6efa44d128c9  (<unknown module>)
    #8 0x640fa9eab074 in main /home/alex/Documents/IntrinsicEngine/tasks/evidence/BUG-229/wsi.c:21:79
    #9 0x72fa49429d8f in __libc_start_call_main csu/../sysdeps/nptl/libc_start_call_main.h:58:16
    #10 0x72fa49429e3f in __libc_start_main csu/../csu/libc-start.c:392:3
    #11 0x640fa9dc34d4 in _start (/tmp/tmp.wVsYGEYBxE/wsi+0x2e4d4) (BuildId: 840197184bcd139fb921cc4678278d0952d6c471)

-----------------------------------------------------
Suppressions used:
  count      bytes template
      3       2018 dbus_connection_send_with_reply_and_block
-----------------------------------------------------

SUMMARY: AddressSanitizer: 64 byte(s) leaked in 2 allocation(s).
DISPLAY=:9 XCB stage=3
WSI_PROBE_COMPLETED stage=3 repeats=1

=================================================================
==1350484==ERROR: LeakSanitizer: detected memory leaks

Direct leak of 1392 byte(s) in 1 object(s) allocated from:
    #0 0x5ca3bffa1a34 in malloc (/tmp/tmp.wVsYGEYBxE/wsi+0xd2a34) (BuildId: 840197184bcd139fb921cc4678278d0952d6c471)
    #1 0x745b52a0c0d1  (<unknown module>)
    #2 0x745b529ef518  (<unknown module>)
    #3 0x745b529fc7e9  (<unknown module>)
    #4 0x745b56708b53  (<unknown module>)
    #5 0x745b5670974e  (<unknown module>)
    #6 0x745b52a02d78  (<unknown module>)
    #7 0x745b529fdc9c  (<unknown module>)
    #8 0x745b52d1eca8  (<unknown module>)
    #9 0x745b52d17fd4  (<unknown module>)
    #10 0x745b52d26b9e  (<unknown module>)
    #11 0x745b52d6a915  (<unknown module>)
    #12 0x5ca3bffe58ce in main /home/alex/Documents/IntrinsicEngine/tasks/evidence/BUG-229/wsi.c:29:82
    #13 0x785b57429d8f in __libc_start_call_main csu/../sysdeps/nptl/libc_start_call_main.h:58:16
    #14 0x785b57429e3f in __libc_start_main csu/../csu/libc-start.c:392:3
    #15 0x5ca3bfefd4d4 in _start (/tmp/tmp.wVsYGEYBxE/wsi+0x2e4d4) (BuildId: 840197184bcd139fb921cc4678278d0952d6c471)

Direct leak of 1392 byte(s) in 1 object(s) allocated from:
    #0 0x5ca3bffa1a34 in malloc (/tmp/tmp.wVsYGEYBxE/wsi+0xd2a34) (BuildId: 840197184bcd139fb921cc4678278d0952d6c471)
    #1 0x745b52a0c0d1  (<unknown module>)
    #2 0x745b529ef518  (<unknown module>)
    #3 0x745b529fc733  (<unknown module>)
    #4 0x745b56708b53  (<unknown module>)
    #5 0x745b5670974e  (<unknown module>)
    #6 0x745b52a02d78  (<unknown module>)
    #7 0x745b529fdc9c  (<unknown module>)
    #8 0x745b52d1eca8  (<unknown module>)
    #9 0x745b52d17fd4  (<unknown module>)
    #10 0x745b52d26b9e  (<unknown module>)
    #11 0x745b52d6a915  (<unknown module>)
    #12 0x5ca3bffe58ce in main /home/alex/Documents/IntrinsicEngine/tasks/evidence/BUG-229/wsi.c:29:82
    #13 0x785b57429d8f in __libc_start_call_main csu/../sysdeps/nptl/libc_start_call_main.h:58:16
    #14 0x785b57429e3f in __libc_start_main csu/../csu/libc-start.c:392:3
    #15 0x5ca3bfefd4d4 in _start (/tmp/tmp.wVsYGEYBxE/wsi+0x2e4d4) (BuildId: 840197184bcd139fb921cc4678278d0952d6c471)

Direct leak of 32 byte(s) in 1 object(s) allocated from:
    #0 0x5ca3bffa1a34 in malloc (/tmp/tmp.wVsYGEYBxE/wsi+0xd2a34) (BuildId: 840197184bcd139fb921cc4678278d0952d6c471)
    #1 0x785b577b31b7  (/lib/x86_64-linux-gnu/libxcb.so.1+0xc1b7) (BuildId: 1bef862a339557aa16c34c7a4b27f8f3aea90517)
    #2 0x785b577b3a08  (/lib/x86_64-linux-gnu/libxcb.so.1+0xca08) (BuildId: 1bef862a339557aa16c34c7a4b27f8f3aea90517)
    #3 0x785b577b3eb0  (/lib/x86_64-linux-gnu/libxcb.so.1+0xceb0) (BuildId: 1bef862a339557aa16c34c7a4b27f8f3aea90517)
    #4 0x785b577b4e44 in xcb_wait_for_reply (/lib/x86_64-linux-gnu/libxcb.so.1+0xde44) (BuildId: 1bef862a339557aa16c34c7a4b27f8f3aea90517)
    #5 0x745b5675f299  (<unknown module>)
    #6 0x745b56752110  (<unknown module>)
    #7 0x745b52d129d3  (<unknown module>)
    #8 0x745b52d6a5e0  (<unknown module>)
    #9 0x5ca3bffe5648 in main /home/alex/Documents/IntrinsicEngine/tasks/evidence/BUG-229/wsi.c:27:160
    #10 0x785b57429d8f in __libc_start_call_main csu/../sysdeps/nptl/libc_start_call_main.h:58:16
    #11 0x785b57429e3f in __libc_start_main csu/../csu/libc-start.c:392:3
    #12 0x5ca3bfefd4d4 in _start (/tmp/tmp.wVsYGEYBxE/wsi+0x2e4d4) (BuildId: 840197184bcd139fb921cc4678278d0952d6c471)

Direct leak of 32 byte(s) in 1 object(s) allocated from:
    #0 0x5ca3bffa1a34 in malloc (/tmp/tmp.wVsYGEYBxE/wsi+0xd2a34) (BuildId: 840197184bcd139fb921cc4678278d0952d6c471)
    #1 0x785b577b31b7  (/lib/x86_64-linux-gnu/libxcb.so.1+0xc1b7) (BuildId: 1bef862a339557aa16c34c7a4b27f8f3aea90517)
    #2 0x785b577b3a08  (/lib/x86_64-linux-gnu/libxcb.so.1+0xca08) (BuildId: 1bef862a339557aa16c34c7a4b27f8f3aea90517)
    #3 0x785b577b3eb0  (/lib/x86_64-linux-gnu/libxcb.so.1+0xceb0) (BuildId: 1bef862a339557aa16c34c7a4b27f8f3aea90517)
    #4 0x785b577b4e44 in xcb_wait_for_reply (/lib/x86_64-linux-gnu/libxcb.so.1+0xde44) (BuildId: 1bef862a339557aa16c34c7a4b27f8f3aea90517)
    #5 0x745b5675f299  (<unknown module>)
    #6 0x745b56752110  (<unknown module>)
    #7 0x745b52d12bf8  (<unknown module>)
    #8 0x745b52d2bce4  (<unknown module>)
    #9 0x745b52d27ff0  (<unknown module>)
    #10 0x745b52d28f61  (<unknown module>)
    #11 0x785b5780db50  (/lib/x86_64-linux-gnu/libvulkan.so.1+0x3cb50) (BuildId: 26e66a54095520793b4bcde7a38d2da7f48efc88)
    #12 0x5ca3bffe57e0 in main /home/alex/Documents/IntrinsicEngine/tasks/evidence/BUG-229/wsi.c:29:8
    #13 0x785b57429d8f in __libc_start_call_main csu/../sysdeps/nptl/libc_start_call_main.h:58:16
    #14 0x785b57429e3f in __libc_start_main csu/../csu/libc-start.c:392:3
    #15 0x5ca3bfefd4d4 in _start (/tmp/tmp.wVsYGEYBxE/wsi+0x2e4d4) (BuildId: 840197184bcd139fb921cc4678278d0952d6c471)

Direct leak of 32 byte(s) in 1 object(s) allocated from:
    #0 0x5ca3bffa1a34 in malloc (/tmp/tmp.wVsYGEYBxE/wsi+0xd2a34) (BuildId: 840197184bcd139fb921cc4678278d0952d6c471)
    #1 0x785b577b31b7  (/lib/x86_64-linux-gnu/libxcb.so.1+0xc1b7) (BuildId: 1bef862a339557aa16c34c7a4b27f8f3aea90517)
    #2 0x785b577b3a08  (/lib/x86_64-linux-gnu/libxcb.so.1+0xca08) (BuildId: 1bef862a339557aa16c34c7a4b27f8f3aea90517)
    #3 0x785b577b3eb0  (/lib/x86_64-linux-gnu/libxcb.so.1+0xceb0) (BuildId: 1bef862a339557aa16c34c7a4b27f8f3aea90517)
    #4 0x785b577b4e44 in xcb_wait_for_reply (/lib/x86_64-linux-gnu/libxcb.so.1+0xde44) (BuildId: 1bef862a339557aa16c34c7a4b27f8f3aea90517)
    #5 0x745b5675f299  (<unknown module>)
    #6 0x745b56752110  (<unknown module>)
    #7 0x745b52d12bf8  (<unknown module>)
    #8 0x745b52d2bd26  (<unknown module>)
    #9 0x745b52d6a6b9  (<unknown module>)
    #10 0x5ca3bffe51b2 in main /home/alex/Documents/IntrinsicEngine/tasks/evidence/BUG-229/wsi.c:24:42
    #11 0x785b57429d8f in __libc_start_call_main csu/../sysdeps/nptl/libc_start_call_main.h:58:16
    #12 0x785b57429e3f in __libc_start_main csu/../csu/libc-start.c:392:3
    #13 0x5ca3bfefd4d4 in _start (/tmp/tmp.wVsYGEYBxE/wsi+0x2e4d4) (BuildId: 840197184bcd139fb921cc4678278d0952d6c471)

Direct leak of 32 byte(s) in 1 object(s) allocated from:
    #0 0x5ca3bffa1a34 in malloc (/tmp/tmp.wVsYGEYBxE/wsi+0xd2a34) (BuildId: 840197184bcd139fb921cc4678278d0952d6c471)
    #1 0x785b577b31b7  (/lib/x86_64-linux-gnu/libxcb.so.1+0xc1b7) (BuildId: 1bef862a339557aa16c34c7a4b27f8f3aea90517)
    #2 0x785b577b3a08  (/lib/x86_64-linux-gnu/libxcb.so.1+0xca08) (BuildId: 1bef862a339557aa16c34c7a4b27f8f3aea90517)
    #3 0x785b577b3eb0  (/lib/x86_64-linux-gnu/libxcb.so.1+0xceb0) (BuildId: 1bef862a339557aa16c34c7a4b27f8f3aea90517)
    #4 0x785b577b4e44 in xcb_wait_for_reply (/lib/x86_64-linux-gnu/libxcb.so.1+0xde44) (BuildId: 1bef862a339557aa16c34c7a4b27f8f3aea90517)
    #5 0x745b5675f299  (<unknown module>)
    #6 0x745b56752110  (<unknown module>)
    #7 0x745b52d128c9  (<unknown module>)
    #8 0x5ca3bffe5074 in main /home/alex/Documents/IntrinsicEngine/tasks/evidence/BUG-229/wsi.c:21:79
    #9 0x785b57429d8f in __libc_start_call_main csu/../sysdeps/nptl/libc_start_call_main.h:58:16
    #10 0x785b57429e3f in __libc_start_main csu/../csu/libc-start.c:392:3
    #11 0x5ca3bfefd4d4 in _start (/tmp/tmp.wVsYGEYBxE/wsi+0x2e4d4) (BuildId: 840197184bcd139fb921cc4678278d0952d6c471)

Direct leak of 32 byte(s) in 1 object(s) allocated from:
    #0 0x5ca3bffa1a34 in malloc (/tmp/tmp.wVsYGEYBxE/wsi+0xd2a34) (BuildId: 840197184bcd139fb921cc4678278d0952d6c471)
    #1 0x785b577b31b7  (/lib/x86_64-linux-gnu/libxcb.so.1+0xc1b7) (BuildId: 1bef862a339557aa16c34c7a4b27f8f3aea90517)
    #2 0x785b577b3a08  (/lib/x86_64-linux-gnu/libxcb.so.1+0xca08) (BuildId: 1bef862a339557aa16c34c7a4b27f8f3aea90517)
    #3 0x785b577b3eb0  (/lib/x86_64-linux-gnu/libxcb.so.1+0xceb0) (BuildId: 1bef862a339557aa16c34c7a4b27f8f3aea90517)
    #4 0x785b577b4e44 in xcb_wait_for_reply (/lib/x86_64-linux-gnu/libxcb.so.1+0xde44) (BuildId: 1bef862a339557aa16c34c7a4b27f8f3aea90517)
    #5 0x745b5675f299  (<unknown module>)
    #6 0x745b56752110  (<unknown module>)
    #7 0x745b52d12ace  (<unknown module>)
    #8 0x745b52d1280b  (<unknown module>)
    #9 0x5ca3bffe5074 in main /home/alex/Documents/IntrinsicEngine/tasks/evidence/BUG-229/wsi.c:21:79
    #10 0x785b57429d8f in __libc_start_call_main csu/../sysdeps/nptl/libc_start_call_main.h:58:16
    #11 0x785b57429e3f in __libc_start_main csu/../csu/libc-start.c:392:3
    #12 0x5ca3bfefd4d4 in _start (/tmp/tmp.wVsYGEYBxE/wsi+0x2e4d4) (BuildId: 840197184bcd139fb921cc4678278d0952d6c471)

Direct leak of 32 byte(s) in 1 object(s) allocated from:
    #0 0x5ca3bffa1a34 in malloc (/tmp/tmp.wVsYGEYBxE/wsi+0xd2a34) (BuildId: 840197184bcd139fb921cc4678278d0952d6c471)
    #1 0x785b577b31b7  (/lib/x86_64-linux-gnu/libxcb.so.1+0xc1b7) (BuildId: 1bef862a339557aa16c34c7a4b27f8f3aea90517)
    #2 0x785b577b3a08  (/lib/x86_64-linux-gnu/libxcb.so.1+0xca08) (BuildId: 1bef862a339557aa16c34c7a4b27f8f3aea90517)
    #3 0x785b577b3eb0  (/lib/x86_64-linux-gnu/libxcb.so.1+0xceb0) (BuildId: 1bef862a339557aa16c34c7a4b27f8f3aea90517)
    #4 0x785b577b4e44 in xcb_wait_for_reply (/lib/x86_64-linux-gnu/libxcb.so.1+0xde44) (BuildId: 1bef862a339557aa16c34c7a4b27f8f3aea90517)
    #5 0x745b5675f299  (<unknown module>)
    #6 0x745b56752110  (<unknown module>)
    #7 0x745b52d128c9  (<unknown module>)
    #8 0x5ca3bffe557a in main /home/alex/Documents/IntrinsicEngine/tasks/evidence/BUG-229/wsi.c:27:38
    #9 0x785b57429d8f in __libc_start_call_main csu/../sysdeps/nptl/libc_start_call_main.h:58:16
    #10 0x785b57429e3f in __libc_start_main csu/../csu/libc-start.c:392:3
    #11 0x5ca3bfefd4d4 in _start (/tmp/tmp.wVsYGEYBxE/wsi+0x2e4d4) (BuildId: 840197184bcd139fb921cc4678278d0952d6c471)

Direct leak of 32 byte(s) in 1 object(s) allocated from:
    #0 0x5ca3bffa1a34 in malloc (/tmp/tmp.wVsYGEYBxE/wsi+0xd2a34) (BuildId: 840197184bcd139fb921cc4678278d0952d6c471)
    #1 0x785b577b31b7  (/lib/x86_64-linux-gnu/libxcb.so.1+0xc1b7) (BuildId: 1bef862a339557aa16c34c7a4b27f8f3aea90517)
    #2 0x785b577b3a08  (/lib/x86_64-linux-gnu/libxcb.so.1+0xca08) (BuildId: 1bef862a339557aa16c34c7a4b27f8f3aea90517)
    #3 0x785b577b3eb0  (/lib/x86_64-linux-gnu/libxcb.so.1+0xceb0) (BuildId: 1bef862a339557aa16c34c7a4b27f8f3aea90517)
    #4 0x785b577b4e44 in xcb_wait_for_reply (/lib/x86_64-linux-gnu/libxcb.so.1+0xde44) (BuildId: 1bef862a339557aa16c34c7a4b27f8f3aea90517)
    #5 0x745b5675f299  (<unknown module>)
    #6 0x745b56752110  (<unknown module>)
    #7 0x745b5675215e  (<unknown module>)
    #8 0x745b52d184a4  (<unknown module>)
    #9 0x745b52d24afb  (<unknown module>)
    #10 0x745b52d2843e  (<unknown module>)
    #11 0x745b52d28f61  (<unknown module>)
    #12 0x785b5780db50  (/lib/x86_64-linux-gnu/libvulkan.so.1+0x3cb50) (BuildId: 26e66a54095520793b4bcde7a38d2da7f48efc88)
    #13 0x5ca3bffe57e0 in main /home/alex/Documents/IntrinsicEngine/tasks/evidence/BUG-229/wsi.c:29:8
    #14 0x785b57429d8f in __libc_start_call_main csu/../sysdeps/nptl/libc_start_call_main.h:58:16
    #15 0x785b57429e3f in __libc_start_main csu/../csu/libc-start.c:392:3
    #16 0x5ca3bfefd4d4 in _start (/tmp/tmp.wVsYGEYBxE/wsi+0x2e4d4) (BuildId: 840197184bcd139fb921cc4678278d0952d6c471)

Direct leak of 32 byte(s) in 1 object(s) allocated from:
    #0 0x5ca3bffa1a34 in malloc (/tmp/tmp.wVsYGEYBxE/wsi+0xd2a34) (BuildId: 840197184bcd139fb921cc4678278d0952d6c471)
    #1 0x785b577b31b7  (/lib/x86_64-linux-gnu/libxcb.so.1+0xc1b7) (BuildId: 1bef862a339557aa16c34c7a4b27f8f3aea90517)
    #2 0x785b577b3a08  (/lib/x86_64-linux-gnu/libxcb.so.1+0xca08) (BuildId: 1bef862a339557aa16c34c7a4b27f8f3aea90517)
    #3 0x785b577b3eb0  (/lib/x86_64-linux-gnu/libxcb.so.1+0xceb0) (BuildId: 1bef862a339557aa16c34c7a4b27f8f3aea90517)
    #4 0x785b577b4e44 in xcb_wait_for_reply (/lib/x86_64-linux-gnu/libxcb.so.1+0xde44) (BuildId: 1bef862a339557aa16c34c7a4b27f8f3aea90517)
    #5 0x745b5675f299  (<unknown module>)
    #6 0x745b56752110  (<unknown module>)
    #7 0x745b52d12ace  (<unknown module>)
    #8 0x745b52d1280b  (<unknown module>)
    #9 0x5ca3bffe557a in main /home/alex/Documents/IntrinsicEngine/tasks/evidence/BUG-229/wsi.c:27:38
    #10 0x785b57429d8f in __libc_start_call_main csu/../sysdeps/nptl/libc_start_call_main.h:58:16
    #11 0x785b57429e3f in __libc_start_main csu/../csu/libc-start.c:392:3
    #12 0x5ca3bfefd4d4 in _start (/tmp/tmp.wVsYGEYBxE/wsi+0x2e4d4) (BuildId: 840197184bcd139fb921cc4678278d0952d6c471)

Indirect leak of 2800 byte(s) in 1 object(s) allocated from:
    #0 0x5ca3bffa1c12 in calloc (/tmp/tmp.wVsYGEYBxE/wsi+0xd2c12) (BuildId: 840197184bcd139fb921cc4678278d0952d6c471)
    #1 0x745b52a0c38d  (<unknown module>)
    #2 0x745b529fc683  (<unknown module>)
    #3 0x745b56708b53  (<unknown module>)
    #4 0x745b5670974e  (<unknown module>)
    #5 0x745b52a02d78  (<unknown module>)
    #6 0x745b529fdc9c  (<unknown module>)
    #7 0x745b52d1eca8  (<unknown module>)
    #8 0x745b52d17fd4  (<unknown module>)
    #9 0x745b52d26b9e  (<unknown module>)
    #10 0x745b52d6a915  (<unknown module>)
    #11 0x5ca3bffe58ce in main /home/alex/Documents/IntrinsicEngine/tasks/evidence/BUG-229/wsi.c:29:82
    #12 0x785b57429d8f in __libc_start_call_main csu/../sysdeps/nptl/libc_start_call_main.h:58:16
    #13 0x785b57429e3f in __libc_start_main csu/../csu/libc-start.c:392:3
    #14 0x5ca3bfefd4d4 in _start (/tmp/tmp.wVsYGEYBxE/wsi+0x2e4d4) (BuildId: 840197184bcd139fb921cc4678278d0952d6c471)

-----------------------------------------------------
Suppressions used:
  count      bytes template
      3       2018 dbus_connection_send_with_reply_and_block
-----------------------------------------------------

SUMMARY: AddressSanitizer: 5840 byte(s) leaked in 11 allocation(s).
DISPLAY=:9 XCB repeated capability queries
WSI_PROBE_COMPLETED stage=2 repeats=10

=================================================================
==1350498==ERROR: LeakSanitizer: detected memory leaks

Direct leak of 320 byte(s) in 10 object(s) allocated from:
    #0 0x626a03e66a34 in malloc (/tmp/tmp.wVsYGEYBxE/wsi+0xd2a34) (BuildId: 840197184bcd139fb921cc4678278d0952d6c471)
    #1 0x78f4b65191b7  (/lib/x86_64-linux-gnu/libxcb.so.1+0xc1b7) (BuildId: 1bef862a339557aa16c34c7a4b27f8f3aea90517)
    #2 0x78f4b6519a08  (/lib/x86_64-linux-gnu/libxcb.so.1+0xca08) (BuildId: 1bef862a339557aa16c34c7a4b27f8f3aea90517)
    #3 0x78f4b6519eb0  (/lib/x86_64-linux-gnu/libxcb.so.1+0xceb0) (BuildId: 1bef862a339557aa16c34c7a4b27f8f3aea90517)
    #4 0x78f4b651ae44 in xcb_wait_for_reply (/lib/x86_64-linux-gnu/libxcb.so.1+0xde44) (BuildId: 1bef862a339557aa16c34c7a4b27f8f3aea90517)
    #5 0x78f4b5bf3299  (<unknown module>)
    #6 0x78f4b5be6110  (<unknown module>)
    #7 0x74f4b19128c9  (<unknown module>)
    #8 0x626a03eaa074 in main /home/alex/Documents/IntrinsicEngine/tasks/evidence/BUG-229/wsi.c:21:79
    #9 0x78f4b6029d8f in __libc_start_call_main csu/../sysdeps/nptl/libc_start_call_main.h:58:16
    #10 0x78f4b6029e3f in __libc_start_main csu/../csu/libc-start.c:392:3
    #11 0x626a03dc24d4 in _start (/tmp/tmp.wVsYGEYBxE/wsi+0x2e4d4) (BuildId: 840197184bcd139fb921cc4678278d0952d6c471)

Direct leak of 320 byte(s) in 10 object(s) allocated from:
    #0 0x626a03e66a34 in malloc (/tmp/tmp.wVsYGEYBxE/wsi+0xd2a34) (BuildId: 840197184bcd139fb921cc4678278d0952d6c471)
    #1 0x78f4b65191b7  (/lib/x86_64-linux-gnu/libxcb.so.1+0xc1b7) (BuildId: 1bef862a339557aa16c34c7a4b27f8f3aea90517)
    #2 0x78f4b6519a08  (/lib/x86_64-linux-gnu/libxcb.so.1+0xca08) (BuildId: 1bef862a339557aa16c34c7a4b27f8f3aea90517)
    #3 0x78f4b6519eb0  (/lib/x86_64-linux-gnu/libxcb.so.1+0xceb0) (BuildId: 1bef862a339557aa16c34c7a4b27f8f3aea90517)
    #4 0x78f4b651ae44 in xcb_wait_for_reply (/lib/x86_64-linux-gnu/libxcb.so.1+0xde44) (BuildId: 1bef862a339557aa16c34c7a4b27f8f3aea90517)
    #5 0x78f4b5bf3299  (<unknown module>)
    #6 0x78f4b5be6110  (<unknown module>)
    #7 0x74f4b1912ace  (<unknown module>)
    #8 0x74f4b191280b  (<unknown module>)
    #9 0x626a03eaa074 in main /home/alex/Documents/IntrinsicEngine/tasks/evidence/BUG-229/wsi.c:21:79
    #10 0x78f4b6029d8f in __libc_start_call_main csu/../sysdeps/nptl/libc_start_call_main.h:58:16
    #11 0x78f4b6029e3f in __libc_start_main csu/../csu/libc-start.c:392:3
    #12 0x626a03dc24d4 in _start (/tmp/tmp.wVsYGEYBxE/wsi+0x2e4d4) (BuildId: 840197184bcd139fb921cc4678278d0952d6c471)

-----------------------------------------------------
Suppressions used:
  count      bytes template
      3       2018 dbus_connection_send_with_reply_and_block
-----------------------------------------------------

SUMMARY: AddressSanitizer: 640 byte(s) leaked in 20 allocation(s).
DISPLAY=:9 Xlib swapchain
WSI_PROBE_COMPLETED stage=3 repeats=1

=================================================================
==1350505==ERROR: LeakSanitizer: detected memory leaks

Direct leak of 1392 byte(s) in 1 object(s) allocated from:
    #0 0x5b3ed11e99f4 in malloc (/tmp/tmp.wVsYGEYBxE/wsi-xlib+0xd29f4) (BuildId: 9e0d74a2230919f9da0e84a8645ede47119643d5)
    #1 0x6c5b2ec0c0d1  (<unknown module>)
    #2 0x6c5b2ebef518  (<unknown module>)
    #3 0x6c5b2ebfc7e9  (<unknown module>)
    #4 0x705b33173b53  (<unknown module>)
    #5 0x705b3317474e  (<unknown module>)
    #6 0x6c5b2ec02d78  (<unknown module>)
    #7 0x6c5b2ebfdc9c  (<unknown module>)
    #8 0x6c5b2ef1eca8  (<unknown module>)
    #9 0x6c5b2ef17fd4  (<unknown module>)
    #10 0x6c5b2ef26b9e  (<unknown module>)
    #11 0x6c5b2ef6a915  (<unknown module>)
    #12 0x5b3ed122d82e in main /home/alex/Documents/IntrinsicEngine/tasks/evidence/BUG-229/wsi-xlib.c:27:82
    #13 0x705b33629d8f in __libc_start_call_main csu/../sysdeps/nptl/libc_start_call_main.h:58:16
    #14 0x705b33629e3f in __libc_start_main csu/../csu/libc-start.c:392:3
    #15 0x5b3ed1145494 in _start (/tmp/tmp.wVsYGEYBxE/wsi-xlib+0x2e494) (BuildId: 9e0d74a2230919f9da0e84a8645ede47119643d5)

Direct leak of 1392 byte(s) in 1 object(s) allocated from:
    #0 0x5b3ed11e99f4 in malloc (/tmp/tmp.wVsYGEYBxE/wsi-xlib+0xd29f4) (BuildId: 9e0d74a2230919f9da0e84a8645ede47119643d5)
    #1 0x6c5b2ec0c0d1  (<unknown module>)
    #2 0x6c5b2ebef518  (<unknown module>)
    #3 0x6c5b2ebfc733  (<unknown module>)
    #4 0x705b33173b53  (<unknown module>)
    #5 0x705b3317474e  (<unknown module>)
    #6 0x6c5b2ec02d78  (<unknown module>)
    #7 0x6c5b2ebfdc9c  (<unknown module>)
    #8 0x6c5b2ef1eca8  (<unknown module>)
    #9 0x6c5b2ef17fd4  (<unknown module>)
    #10 0x6c5b2ef26b9e  (<unknown module>)
    #11 0x6c5b2ef6a915  (<unknown module>)
    #12 0x5b3ed122d82e in main /home/alex/Documents/IntrinsicEngine/tasks/evidence/BUG-229/wsi-xlib.c:27:82
    #13 0x705b33629d8f in __libc_start_call_main csu/../sysdeps/nptl/libc_start_call_main.h:58:16
    #14 0x705b33629e3f in __libc_start_main csu/../csu/libc-start.c:392:3
    #15 0x5b3ed1145494 in _start (/tmp/tmp.wVsYGEYBxE/wsi-xlib+0x2e494) (BuildId: 9e0d74a2230919f9da0e84a8645ede47119643d5)

Indirect leak of 2800 byte(s) in 1 object(s) allocated from:
    #0 0x5b3ed11e9bd2 in calloc (/tmp/tmp.wVsYGEYBxE/wsi-xlib+0xd2bd2) (BuildId: 9e0d74a2230919f9da0e84a8645ede47119643d5)
    #1 0x6c5b2ec0c38d  (<unknown module>)
    #2 0x6c5b2ebfc683  (<unknown module>)
    #3 0x705b33173b53  (<unknown module>)
    #4 0x705b3317474e  (<unknown module>)
    #5 0x6c5b2ec02d78  (<unknown module>)
    #6 0x6c5b2ebfdc9c  (<unknown module>)
    #7 0x6c5b2ef1eca8  (<unknown module>)
    #8 0x6c5b2ef17fd4  (<unknown module>)
    #9 0x6c5b2ef26b9e  (<unknown module>)
    #10 0x6c5b2ef6a915  (<unknown module>)
    #11 0x5b3ed122d82e in main /home/alex/Documents/IntrinsicEngine/tasks/evidence/BUG-229/wsi-xlib.c:27:82
    #12 0x705b33629d8f in __libc_start_call_main csu/../sysdeps/nptl/libc_start_call_main.h:58:16
    #13 0x705b33629e3f in __libc_start_main csu/../csu/libc-start.c:392:3
    #14 0x5b3ed1145494 in _start (/tmp/tmp.wVsYGEYBxE/wsi-xlib+0x2e494) (BuildId: 9e0d74a2230919f9da0e84a8645ede47119643d5)

-----------------------------------------------------
Suppressions used:
  count      bytes template
      3       2018 dbus_connection_send_with_reply_and_block
-----------------------------------------------------

SUMMARY: AddressSanitizer: 5584 byte(s) leaked in 3 allocation(s).
DISPLAY=:1 XCB stage=0
WSI_PROBE_COMPLETED stage=0 repeats=1
-----------------------------------------------------
Suppressions used:
  count      bytes template
      3       2018 dbus_connection_send_with_reply_and_block
-----------------------------------------------------

DISPLAY=:1 XCB stage=1
WSI_PROBE_COMPLETED stage=1 repeats=1
-----------------------------------------------------
Suppressions used:
  count      bytes template
      3       2018 dbus_connection_send_with_reply_and_block
-----------------------------------------------------

DISPLAY=:1 XCB stage=2
WSI_PROBE_COMPLETED stage=2 repeats=1
-----------------------------------------------------
Suppressions used:
  count      bytes template
      3       2018 dbus_connection_send_with_reply_and_block
-----------------------------------------------------

DISPLAY=:1 XCB stage=3
WSI_PROBE_COMPLETED stage=3 repeats=1
-----------------------------------------------------
Suppressions used:
  count      bytes template
      3       2018 dbus_connection_send_with_reply_and_block
-----------------------------------------------------

DISPLAY=:1 XCB repeated capability queries
WSI_PROBE_COMPLETED stage=2 repeats=10
-----------------------------------------------------
Suppressions used:
  count      bytes template
      3       2018 dbus_connection_send_with_reply_and_block
-----------------------------------------------------

DISPLAY=:1 Xlib swapchain
AddressSanitizer:DEADLYSIGNAL
=================================================================
==1350552==ERROR: AddressSanitizer: SEGV on unknown address 0x7771d4b63550 (pc 0x7771d4b63550 bp 0x7581d43e0100 sp 0x7ffdbd0d0598 T0)
==1350552==The signal is caused by a READ memory access.
AddressSanitizer:DEADLYSIGNAL
AddressSanitizer: nested bug in the same thread, aborting.
