DISPLAY=:9 XCB stage=0
WSI_PROBE_COMPLETED stage=0 repeats=1
-----------------------------------------------------
Suppressions used:
  count      bytes template
      3       2002 dbus_connection_send_with_reply_and_block
-----------------------------------------------------

DISPLAY=:9 XCB stage=1
WSI_PROBE_COMPLETED stage=1 repeats=1
-----------------------------------------------------
Suppressions used:
  count      bytes template
      3       2002 dbus_connection_send_with_reply_and_block
-----------------------------------------------------

DISPLAY=:9 XCB stage=2
WSI_PROBE_COMPLETED stage=2 repeats=1

=================================================================
==1351396==ERROR: LeakSanitizer: detected memory leaks

Direct leak of 32 byte(s) in 1 object(s) allocated from:
    #0 0x55fdbb9e9a34 in malloc (/tmp/tmp.MY7HBvsVrI/wsi+0xd2a34) (BuildId: 7af1f917c20ddaf2b5e7b160987d7ae35ce04641)
    #1 0x7bac479941b7  (/lib/x86_64-linux-gnu/libxcb.so.1+0xc1b7) (BuildId: 1bef862a339557aa16c34c7a4b27f8f3aea90517)
    #2 0x7bac47994a08  (/lib/x86_64-linux-gnu/libxcb.so.1+0xca08) (BuildId: 1bef862a339557aa16c34c7a4b27f8f3aea90517)
    #3 0x7bac47994eb0  (/lib/x86_64-linux-gnu/libxcb.so.1+0xceb0) (BuildId: 1bef862a339557aa16c34c7a4b27f8f3aea90517)
    #4 0x7bac47995e44 in xcb_wait_for_reply (/lib/x86_64-linux-gnu/libxcb.so.1+0xde44) (BuildId: 1bef862a339557aa16c34c7a4b27f8f3aea90517)
    #5 0x77ac4695f299  (<unknown module>)
    #6 0x77ac46952110  (<unknown module>)
    #7 0x77ac42f12ace  (<unknown module>)
    #8 0x77ac42f1280b  (<unknown module>)
    #9 0x55fdbba2d074 in main /home/alex/Documents/IntrinsicEngine/tasks/evidence/BUG-229/wsi-closefirst.c:21:79
    #10 0x7bac47629d8f in __libc_start_call_main csu/../sysdeps/nptl/libc_start_call_main.h:58:16
    #11 0x7bac47629e3f in __libc_start_main csu/../csu/libc-start.c:392:3
    #12 0x55fdbb9454d4 in _start (/tmp/tmp.MY7HBvsVrI/wsi+0x2e4d4) (BuildId: 7af1f917c20ddaf2b5e7b160987d7ae35ce04641)

Direct leak of 32 byte(s) in 1 object(s) allocated from:
    #0 0x55fdbb9e9a34 in malloc (/tmp/tmp.MY7HBvsVrI/wsi+0xd2a34) (BuildId: 7af1f917c20ddaf2b5e7b160987d7ae35ce04641)
    #1 0x7bac479941b7  (/lib/x86_64-linux-gnu/libxcb.so.1+0xc1b7) (BuildId: 1bef862a339557aa16c34c7a4b27f8f3aea90517)
    #2 0x7bac47994a08  (/lib/x86_64-linux-gnu/libxcb.so.1+0xca08) (BuildId: 1bef862a339557aa16c34c7a4b27f8f3aea90517)
    #3 0x7bac47994eb0  (/lib/x86_64-linux-gnu/libxcb.so.1+0xceb0) (BuildId: 1bef862a339557aa16c34c7a4b27f8f3aea90517)
    #4 0x7bac47995e44 in xcb_wait_for_reply (/lib/x86_64-linux-gnu/libxcb.so.1+0xde44) (BuildId: 1bef862a339557aa16c34c7a4b27f8f3aea90517)
    #5 0x77ac4695f299  (<unknown module>)
    #6 0x77ac46952110  (<unknown module>)
    #7 0x77ac42f128c9  (<unknown module>)
    #8 0x55fdbba2d074 in main /home/alex/Documents/IntrinsicEngine/tasks/evidence/BUG-229/wsi-closefirst.c:21:79
    #9 0x7bac47629d8f in __libc_start_call_main csu/../sysdeps/nptl/libc_start_call_main.h:58:16
    #10 0x7bac47629e3f in __libc_start_main csu/../csu/libc-start.c:392:3
    #11 0x55fdbb9454d4 in _start (/tmp/tmp.MY7HBvsVrI/wsi+0x2e4d4) (BuildId: 7af1f917c20ddaf2b5e7b160987d7ae35ce04641)

-----------------------------------------------------
Suppressions used:
  count      bytes template
      3       2002 dbus_connection_send_with_reply_and_block
-----------------------------------------------------

SUMMARY: AddressSanitizer: 64 byte(s) leaked in 2 allocation(s).
DISPLAY=:9 XCB stage=3
WSI_PROBE_COMPLETED stage=3 repeats=1

=================================================================
==1351400==ERROR: LeakSanitizer: detected memory leaks

Direct leak of 1392 byte(s) in 1 object(s) allocated from:
    #0 0x561be1fd7a34 in malloc (/tmp/tmp.MY7HBvsVrI/wsi+0xd2a34) (BuildId: 7af1f917c20ddaf2b5e7b160987d7ae35ce04641)
    #1 0x75dd1180c0d1  (<unknown module>)
    #2 0x75dd117ef518  (<unknown module>)
    #3 0x75dd117fc7e9  (<unknown module>)
    #4 0x75dd15508b53  (<unknown module>)
    #5 0x75dd1550974e  (<unknown module>)
    #6 0x75dd11802d78  (<unknown module>)
    #7 0x75dd117fdc9c  (<unknown module>)
    #8 0x75dd11b1eca8  (<unknown module>)
    #9 0x75dd11b17fd4  (<unknown module>)
    #10 0x75dd11b26b9e  (<unknown module>)
    #11 0x75dd11b6a915  (<unknown module>)
    #12 0x561be201b8ce in main /home/alex/Documents/IntrinsicEngine/tasks/evidence/BUG-229/wsi-closefirst.c:29:82
    #13 0x79dd16229d8f in __libc_start_call_main csu/../sysdeps/nptl/libc_start_call_main.h:58:16
    #14 0x79dd16229e3f in __libc_start_main csu/../csu/libc-start.c:392:3
    #15 0x561be1f334d4 in _start (/tmp/tmp.MY7HBvsVrI/wsi+0x2e4d4) (BuildId: 7af1f917c20ddaf2b5e7b160987d7ae35ce04641)

Direct leak of 1392 byte(s) in 1 object(s) allocated from:
    #0 0x561be1fd7a34 in malloc (/tmp/tmp.MY7HBvsVrI/wsi+0xd2a34) (BuildId: 7af1f917c20ddaf2b5e7b160987d7ae35ce04641)
    #1 0x75dd1180c0d1  (<unknown module>)
    #2 0x75dd117ef518  (<unknown module>)
    #3 0x75dd117fc733  (<unknown module>)
    #4 0x75dd15508b53  (<unknown module>)
    #5 0x75dd1550974e  (<unknown module>)
    #6 0x75dd11802d78  (<unknown module>)
    #7 0x75dd117fdc9c  (<unknown module>)
    #8 0x75dd11b1eca8  (<unknown module>)
    #9 0x75dd11b17fd4  (<unknown module>)
    #10 0x75dd11b26b9e  (<unknown module>)
    #11 0x75dd11b6a915  (<unknown module>)
    #12 0x561be201b8ce in main /home/alex/Documents/IntrinsicEngine/tasks/evidence/BUG-229/wsi-closefirst.c:29:82
    #13 0x79dd16229d8f in __libc_start_call_main csu/../sysdeps/nptl/libc_start_call_main.h:58:16
    #14 0x79dd16229e3f in __libc_start_main csu/../csu/libc-start.c:392:3
    #15 0x561be1f334d4 in _start (/tmp/tmp.MY7HBvsVrI/wsi+0x2e4d4) (BuildId: 7af1f917c20ddaf2b5e7b160987d7ae35ce04641)

Direct leak of 32 byte(s) in 1 object(s) allocated from:
    #0 0x561be1fd7a34 in malloc (/tmp/tmp.MY7HBvsVrI/wsi+0xd2a34) (BuildId: 7af1f917c20ddaf2b5e7b160987d7ae35ce04641)
    #1 0x79dd166101b7  (/lib/x86_64-linux-gnu/libxcb.so.1+0xc1b7) (BuildId: 1bef862a339557aa16c34c7a4b27f8f3aea90517)
    #2 0x79dd16610a08  (/lib/x86_64-linux-gnu/libxcb.so.1+0xca08) (BuildId: 1bef862a339557aa16c34c7a4b27f8f3aea90517)
    #3 0x79dd16610eb0  (/lib/x86_64-linux-gnu/libxcb.so.1+0xceb0) (BuildId: 1bef862a339557aa16c34c7a4b27f8f3aea90517)
    #4 0x79dd16611e44 in xcb_wait_for_reply (/lib/x86_64-linux-gnu/libxcb.so.1+0xde44) (BuildId: 1bef862a339557aa16c34c7a4b27f8f3aea90517)
    #5 0x75dd1555f299  (<unknown module>)
    #6 0x75dd15552110  (<unknown module>)
    #7 0x75dd11b129d3  (<unknown module>)
    #8 0x75dd11b6a5e0  (<unknown module>)
    #9 0x561be201b648 in main /home/alex/Documents/IntrinsicEngine/tasks/evidence/BUG-229/wsi-closefirst.c:27:160
    #10 0x79dd16229d8f in __libc_start_call_main csu/../sysdeps/nptl/libc_start_call_main.h:58:16
    #11 0x79dd16229e3f in __libc_start_main csu/../csu/libc-start.c:392:3
    #12 0x561be1f334d4 in _start (/tmp/tmp.MY7HBvsVrI/wsi+0x2e4d4) (BuildId: 7af1f917c20ddaf2b5e7b160987d7ae35ce04641)

Direct leak of 32 byte(s) in 1 object(s) allocated from:
    #0 0x561be1fd7a34 in malloc (/tmp/tmp.MY7HBvsVrI/wsi+0xd2a34) (BuildId: 7af1f917c20ddaf2b5e7b160987d7ae35ce04641)
    #1 0x79dd166101b7  (/lib/x86_64-linux-gnu/libxcb.so.1+0xc1b7) (BuildId: 1bef862a339557aa16c34c7a4b27f8f3aea90517)
    #2 0x79dd16610a08  (/lib/x86_64-linux-gnu/libxcb.so.1+0xca08) (BuildId: 1bef862a339557aa16c34c7a4b27f8f3aea90517)
    #3 0x79dd16610eb0  (/lib/x86_64-linux-gnu/libxcb.so.1+0xceb0) (BuildId: 1bef862a339557aa16c34c7a4b27f8f3aea90517)
    #4 0x79dd16611e44 in xcb_wait_for_reply (/lib/x86_64-linux-gnu/libxcb.so.1+0xde44) (BuildId: 1bef862a339557aa16c34c7a4b27f8f3aea90517)
    #5 0x75dd1555f299  (<unknown module>)
    #6 0x75dd15552110  (<unknown module>)
    #7 0x75dd11b12bf8  (<unknown module>)
    #8 0x75dd11b2bce4  (<unknown module>)
    #9 0x75dd11b27ff0  (<unknown module>)
    #10 0x75dd11b28f61  (<unknown module>)
    #11 0x79dd1666ab50  (/lib/x86_64-linux-gnu/libvulkan.so.1+0x3cb50) (BuildId: 26e66a54095520793b4bcde7a38d2da7f48efc88)
    #12 0x561be201b7e0 in main /home/alex/Documents/IntrinsicEngine/tasks/evidence/BUG-229/wsi-closefirst.c:29:8
    #13 0x79dd16229d8f in __libc_start_call_main csu/../sysdeps/nptl/libc_start_call_main.h:58:16
    #14 0x79dd16229e3f in __libc_start_main csu/../csu/libc-start.c:392:3
    #15 0x561be1f334d4 in _start (/tmp/tmp.MY7HBvsVrI/wsi+0x2e4d4) (BuildId: 7af1f917c20ddaf2b5e7b160987d7ae35ce04641)

Direct leak of 32 byte(s) in 1 object(s) allocated from:
    #0 0x561be1fd7a34 in malloc (/tmp/tmp.MY7HBvsVrI/wsi+0xd2a34) (BuildId: 7af1f917c20ddaf2b5e7b160987d7ae35ce04641)
    #1 0x79dd166101b7  (/lib/x86_64-linux-gnu/libxcb.so.1+0xc1b7) (BuildId: 1bef862a339557aa16c34c7a4b27f8f3aea90517)
    #2 0x79dd16610a08  (/lib/x86_64-linux-gnu/libxcb.so.1+0xca08) (BuildId: 1bef862a339557aa16c34c7a4b27f8f3aea90517)
    #3 0x79dd16610eb0  (/lib/x86_64-linux-gnu/libxcb.so.1+0xceb0) (BuildId: 1bef862a339557aa16c34c7a4b27f8f3aea90517)
    #4 0x79dd16611e44 in xcb_wait_for_reply (/lib/x86_64-linux-gnu/libxcb.so.1+0xde44) (BuildId: 1bef862a339557aa16c34c7a4b27f8f3aea90517)
    #5 0x75dd1555f299  (<unknown module>)
    #6 0x75dd15552110  (<unknown module>)
    #7 0x75dd11b12bf8  (<unknown module>)
    #8 0x75dd11b2bd26  (<unknown module>)
    #9 0x75dd11b6a6b9  (<unknown module>)
    #10 0x561be201b1b2 in main /home/alex/Documents/IntrinsicEngine/tasks/evidence/BUG-229/wsi-closefirst.c:24:42
    #11 0x79dd16229d8f in __libc_start_call_main csu/../sysdeps/nptl/libc_start_call_main.h:58:16
    #12 0x79dd16229e3f in __libc_start_main csu/../csu/libc-start.c:392:3
    #13 0x561be1f334d4 in _start (/tmp/tmp.MY7HBvsVrI/wsi+0x2e4d4) (BuildId: 7af1f917c20ddaf2b5e7b160987d7ae35ce04641)

Direct leak of 32 byte(s) in 1 object(s) allocated from:
    #0 0x561be1fd7a34 in malloc (/tmp/tmp.MY7HBvsVrI/wsi+0xd2a34) (BuildId: 7af1f917c20ddaf2b5e7b160987d7ae35ce04641)
    #1 0x79dd166101b7  (/lib/x86_64-linux-gnu/libxcb.so.1+0xc1b7) (BuildId: 1bef862a339557aa16c34c7a4b27f8f3aea90517)
    #2 0x79dd16610a08  (/lib/x86_64-linux-gnu/libxcb.so.1+0xca08) (BuildId: 1bef862a339557aa16c34c7a4b27f8f3aea90517)
    #3 0x79dd16610eb0  (/lib/x86_64-linux-gnu/libxcb.so.1+0xceb0) (BuildId: 1bef862a339557aa16c34c7a4b27f8f3aea90517)
    #4 0x79dd16611e44 in xcb_wait_for_reply (/lib/x86_64-linux-gnu/libxcb.so.1+0xde44) (BuildId: 1bef862a339557aa16c34c7a4b27f8f3aea90517)
    #5 0x75dd1555f299  (<unknown module>)
    #6 0x75dd15552110  (<unknown module>)
    #7 0x75dd11b128c9  (<unknown module>)
    #8 0x561be201b074 in main /home/alex/Documents/IntrinsicEngine/tasks/evidence/BUG-229/wsi-closefirst.c:21:79
    #9 0x79dd16229d8f in __libc_start_call_main csu/../sysdeps/nptl/libc_start_call_main.h:58:16
    #10 0x79dd16229e3f in __libc_start_main csu/../csu/libc-start.c:392:3
    #11 0x561be1f334d4 in _start (/tmp/tmp.MY7HBvsVrI/wsi+0x2e4d4) (BuildId: 7af1f917c20ddaf2b5e7b160987d7ae35ce04641)

Direct leak of 32 byte(s) in 1 object(s) allocated from:
    #0 0x561be1fd7a34 in malloc (/tmp/tmp.MY7HBvsVrI/wsi+0xd2a34) (BuildId: 7af1f917c20ddaf2b5e7b160987d7ae35ce04641)
    #1 0x79dd166101b7  (/lib/x86_64-linux-gnu/libxcb.so.1+0xc1b7) (BuildId: 1bef862a339557aa16c34c7a4b27f8f3aea90517)
    #2 0x79dd16610a08  (/lib/x86_64-linux-gnu/libxcb.so.1+0xca08) (BuildId: 1bef862a339557aa16c34c7a4b27f8f3aea90517)
    #3 0x79dd16610eb0  (/lib/x86_64-linux-gnu/libxcb.so.1+0xceb0) (BuildId: 1bef862a339557aa16c34c7a4b27f8f3aea90517)
    #4 0x79dd16611e44 in xcb_wait_for_reply (/lib/x86_64-linux-gnu/libxcb.so.1+0xde44) (BuildId: 1bef862a339557aa16c34c7a4b27f8f3aea90517)
    #5 0x75dd1555f299  (<unknown module>)
    #6 0x75dd15552110  (<unknown module>)
    #7 0x75dd11b12ace  (<unknown module>)
    #8 0x75dd11b1280b  (<unknown module>)
    #9 0x561be201b074 in main /home/alex/Documents/IntrinsicEngine/tasks/evidence/BUG-229/wsi-closefirst.c:21:79
    #10 0x79dd16229d8f in __libc_start_call_main csu/../sysdeps/nptl/libc_start_call_main.h:58:16
    #11 0x79dd16229e3f in __libc_start_main csu/../csu/libc-start.c:392:3
    #12 0x561be1f334d4 in _start (/tmp/tmp.MY7HBvsVrI/wsi+0x2e4d4) (BuildId: 7af1f917c20ddaf2b5e7b160987d7ae35ce04641)

Direct leak of 32 byte(s) in 1 object(s) allocated from:
    #0 0x561be1fd7a34 in malloc (/tmp/tmp.MY7HBvsVrI/wsi+0xd2a34) (BuildId: 7af1f917c20ddaf2b5e7b160987d7ae35ce04641)
    #1 0x79dd166101b7  (/lib/x86_64-linux-gnu/libxcb.so.1+0xc1b7) (BuildId: 1bef862a339557aa16c34c7a4b27f8f3aea90517)
    #2 0x79dd16610a08  (/lib/x86_64-linux-gnu/libxcb.so.1+0xca08) (BuildId: 1bef862a339557aa16c34c7a4b27f8f3aea90517)
    #3 0x79dd16610eb0  (/lib/x86_64-linux-gnu/libxcb.so.1+0xceb0) (BuildId: 1bef862a339557aa16c34c7a4b27f8f3aea90517)
    #4 0x79dd16611e44 in xcb_wait_for_reply (/lib/x86_64-linux-gnu/libxcb.so.1+0xde44) (BuildId: 1bef862a339557aa16c34c7a4b27f8f3aea90517)
    #5 0x75dd1555f299  (<unknown module>)
    #6 0x75dd15552110  (<unknown module>)
    #7 0x75dd11b128c9  (<unknown module>)
    #8 0x561be201b57a in main /home/alex/Documents/IntrinsicEngine/tasks/evidence/BUG-229/wsi-closefirst.c:27:38
    #9 0x79dd16229d8f in __libc_start_call_main csu/../sysdeps/nptl/libc_start_call_main.h:58:16
    #10 0x79dd16229e3f in __libc_start_main csu/../csu/libc-start.c:392:3
    #11 0x561be1f334d4 in _start (/tmp/tmp.MY7HBvsVrI/wsi+0x2e4d4) (BuildId: 7af1f917c20ddaf2b5e7b160987d7ae35ce04641)

Direct leak of 32 byte(s) in 1 object(s) allocated from:
    #0 0x561be1fd7a34 in malloc (/tmp/tmp.MY7HBvsVrI/wsi+0xd2a34) (BuildId: 7af1f917c20ddaf2b5e7b160987d7ae35ce04641)
    #1 0x79dd166101b7  (/lib/x86_64-linux-gnu/libxcb.so.1+0xc1b7) (BuildId: 1bef862a339557aa16c34c7a4b27f8f3aea90517)
    #2 0x79dd16610a08  (/lib/x86_64-linux-gnu/libxcb.so.1+0xca08) (BuildId: 1bef862a339557aa16c34c7a4b27f8f3aea90517)
    #3 0x79dd16610eb0  (/lib/x86_64-linux-gnu/libxcb.so.1+0xceb0) (BuildId: 1bef862a339557aa16c34c7a4b27f8f3aea90517)
    #4 0x79dd16611e44 in xcb_wait_for_reply (/lib/x86_64-linux-gnu/libxcb.so.1+0xde44) (BuildId: 1bef862a339557aa16c34c7a4b27f8f3aea90517)
    #5 0x75dd1555f299  (<unknown module>)
    #6 0x75dd15552110  (<unknown module>)
    #7 0x75dd1555215e  (<unknown module>)
    #8 0x75dd11b184a4  (<unknown module>)
    #9 0x75dd11b24afb  (<unknown module>)
    #10 0x75dd11b2843e  (<unknown module>)
    #11 0x75dd11b28f61  (<unknown module>)
    #12 0x79dd1666ab50  (/lib/x86_64-linux-gnu/libvulkan.so.1+0x3cb50) (BuildId: 26e66a54095520793b4bcde7a38d2da7f48efc88)
    #13 0x561be201b7e0 in main /home/alex/Documents/IntrinsicEngine/tasks/evidence/BUG-229/wsi-closefirst.c:29:8
    #14 0x79dd16229d8f in __libc_start_call_main csu/../sysdeps/nptl/libc_start_call_main.h:58:16
    #15 0x79dd16229e3f in __libc_start_main csu/../csu/libc-start.c:392:3
    #16 0x561be1f334d4 in _start (/tmp/tmp.MY7HBvsVrI/wsi+0x2e4d4) (BuildId: 7af1f917c20ddaf2b5e7b160987d7ae35ce04641)

Direct leak of 32 byte(s) in 1 object(s) allocated from:
    #0 0x561be1fd7a34 in malloc (/tmp/tmp.MY7HBvsVrI/wsi+0xd2a34) (BuildId: 7af1f917c20ddaf2b5e7b160987d7ae35ce04641)
    #1 0x79dd166101b7  (/lib/x86_64-linux-gnu/libxcb.so.1+0xc1b7) (BuildId: 1bef862a339557aa16c34c7a4b27f8f3aea90517)
    #2 0x79dd16610a08  (/lib/x86_64-linux-gnu/libxcb.so.1+0xca08) (BuildId: 1bef862a339557aa16c34c7a4b27f8f3aea90517)
    #3 0x79dd16610eb0  (/lib/x86_64-linux-gnu/libxcb.so.1+0xceb0) (BuildId: 1bef862a339557aa16c34c7a4b27f8f3aea90517)
    #4 0x79dd16611e44 in xcb_wait_for_reply (/lib/x86_64-linux-gnu/libxcb.so.1+0xde44) (BuildId: 1bef862a339557aa16c34c7a4b27f8f3aea90517)
    #5 0x75dd1555f299  (<unknown module>)
    #6 0x75dd15552110  (<unknown module>)
    #7 0x75dd11b12ace  (<unknown module>)
    #8 0x75dd11b1280b  (<unknown module>)
    #9 0x561be201b57a in main /home/alex/Documents/IntrinsicEngine/tasks/evidence/BUG-229/wsi-closefirst.c:27:38
    #10 0x79dd16229d8f in __libc_start_call_main csu/../sysdeps/nptl/libc_start_call_main.h:58:16
    #11 0x79dd16229e3f in __libc_start_main csu/../csu/libc-start.c:392:3
    #12 0x561be1f334d4 in _start (/tmp/tmp.MY7HBvsVrI/wsi+0x2e4d4) (BuildId: 7af1f917c20ddaf2b5e7b160987d7ae35ce04641)

Indirect leak of 2800 byte(s) in 1 object(s) allocated from:
    #0 0x561be1fd7c12 in calloc (/tmp/tmp.MY7HBvsVrI/wsi+0xd2c12) (BuildId: 7af1f917c20ddaf2b5e7b160987d7ae35ce04641)
    #1 0x75dd1180c38d  (<unknown module>)
    #2 0x75dd117fc683  (<unknown module>)
    #3 0x75dd15508b53  (<unknown module>)
    #4 0x75dd1550974e  (<unknown module>)
    #5 0x75dd11802d78  (<unknown module>)
    #6 0x75dd117fdc9c  (<unknown module>)
    #7 0x75dd11b1eca8  (<unknown module>)
    #8 0x75dd11b17fd4  (<unknown module>)
    #9 0x75dd11b26b9e  (<unknown module>)
    #10 0x75dd11b6a915  (<unknown module>)
    #11 0x561be201b8ce in main /home/alex/Documents/IntrinsicEngine/tasks/evidence/BUG-229/wsi-closefirst.c:29:82
    #12 0x79dd16229d8f in __libc_start_call_main csu/../sysdeps/nptl/libc_start_call_main.h:58:16
    #13 0x79dd16229e3f in __libc_start_main csu/../csu/libc-start.c:392:3
    #14 0x561be1f334d4 in _start (/tmp/tmp.MY7HBvsVrI/wsi+0x2e4d4) (BuildId: 7af1f917c20ddaf2b5e7b160987d7ae35ce04641)

-----------------------------------------------------
Suppressions used:
  count      bytes template
      3       2002 dbus_connection_send_with_reply_and_block
-----------------------------------------------------

SUMMARY: AddressSanitizer: 5840 byte(s) leaked in 11 allocation(s).
DISPLAY=:9 XCB repeated capability queries
WSI_PROBE_COMPLETED stage=2 repeats=10

=================================================================
==1351415==ERROR: LeakSanitizer: detected memory leaks

Direct leak of 320 byte(s) in 10 object(s) allocated from:
    #0 0x5d9995c3da34 in malloc (/tmp/tmp.MY7HBvsVrI/wsi+0xd2a34) (BuildId: 7af1f917c20ddaf2b5e7b160987d7ae35ce04641)
    #1 0x75becebeb1b7  (/lib/x86_64-linux-gnu/libxcb.so.1+0xc1b7) (BuildId: 1bef862a339557aa16c34c7a4b27f8f3aea90517)
    #2 0x75becebeba08  (/lib/x86_64-linux-gnu/libxcb.so.1+0xca08) (BuildId: 1bef862a339557aa16c34c7a4b27f8f3aea90517)
    #3 0x75becebebeb0  (/lib/x86_64-linux-gnu/libxcb.so.1+0xceb0) (BuildId: 1bef862a339557aa16c34c7a4b27f8f3aea90517)
    #4 0x75becebece44 in xcb_wait_for_reply (/lib/x86_64-linux-gnu/libxcb.so.1+0xde44) (BuildId: 1bef862a339557aa16c34c7a4b27f8f3aea90517)
    #5 0x71becdb5f299  (<unknown module>)
    #6 0x71becdb52110  (<unknown module>)
    #7 0x71beca1128c9  (<unknown module>)
    #8 0x5d9995c81074 in main /home/alex/Documents/IntrinsicEngine/tasks/evidence/BUG-229/wsi-closefirst.c:21:79
    #9 0x75bece829d8f in __libc_start_call_main csu/../sysdeps/nptl/libc_start_call_main.h:58:16
    #10 0x75bece829e3f in __libc_start_main csu/../csu/libc-start.c:392:3
    #11 0x5d9995b994d4 in _start (/tmp/tmp.MY7HBvsVrI/wsi+0x2e4d4) (BuildId: 7af1f917c20ddaf2b5e7b160987d7ae35ce04641)

Direct leak of 320 byte(s) in 10 object(s) allocated from:
    #0 0x5d9995c3da34 in malloc (/tmp/tmp.MY7HBvsVrI/wsi+0xd2a34) (BuildId: 7af1f917c20ddaf2b5e7b160987d7ae35ce04641)
    #1 0x75becebeb1b7  (/lib/x86_64-linux-gnu/libxcb.so.1+0xc1b7) (BuildId: 1bef862a339557aa16c34c7a4b27f8f3aea90517)
    #2 0x75becebeba08  (/lib/x86_64-linux-gnu/libxcb.so.1+0xca08) (BuildId: 1bef862a339557aa16c34c7a4b27f8f3aea90517)
    #3 0x75becebebeb0  (/lib/x86_64-linux-gnu/libxcb.so.1+0xceb0) (BuildId: 1bef862a339557aa16c34c7a4b27f8f3aea90517)
    #4 0x75becebece44 in xcb_wait_for_reply (/lib/x86_64-linux-gnu/libxcb.so.1+0xde44) (BuildId: 1bef862a339557aa16c34c7a4b27f8f3aea90517)
    #5 0x71becdb5f299  (<unknown module>)
    #6 0x71becdb52110  (<unknown module>)
    #7 0x71beca112ace  (<unknown module>)
    #8 0x71beca11280b  (<unknown module>)
    #9 0x5d9995c81074 in main /home/alex/Documents/IntrinsicEngine/tasks/evidence/BUG-229/wsi-closefirst.c:21:79
    #10 0x75bece829d8f in __libc_start_call_main csu/../sysdeps/nptl/libc_start_call_main.h:58:16
    #11 0x75bece829e3f in __libc_start_main csu/../csu/libc-start.c:392:3
    #12 0x5d9995b994d4 in _start (/tmp/tmp.MY7HBvsVrI/wsi+0x2e4d4) (BuildId: 7af1f917c20ddaf2b5e7b160987d7ae35ce04641)

-----------------------------------------------------
Suppressions used:
  count      bytes template
      3       2002 dbus_connection_send_with_reply_and_block
-----------------------------------------------------

SUMMARY: AddressSanitizer: 640 byte(s) leaked in 20 allocation(s).
DISPLAY=:9 Xlib swapchain
WSI_PROBE_COMPLETED stage=3 repeats=1

=================================================================
==1351420==ERROR: LeakSanitizer: detected memory leaks

Direct leak of 1392 byte(s) in 1 object(s) allocated from:
    #0 0x5e37261969f4 in malloc (/tmp/tmp.MY7HBvsVrI/wsi-xlib+0xd29f4) (BuildId: a71a22af726b71805b58711baa8c962502c9c94f)
    #1 0x72a1e9a0c0d1  (<unknown module>)
    #2 0x72a1e99ef518  (<unknown module>)
    #3 0x72a1e99fc7e9  (<unknown module>)
    #4 0x72a1ed708b53  (<unknown module>)
    #5 0x72a1ed70974e  (<unknown module>)
    #6 0x72a1e9a02d78  (<unknown module>)
    #7 0x72a1e99fdc9c  (<unknown module>)
    #8 0x72a1e9d1eca8  (<unknown module>)
    #9 0x72a1e9d17fd4  (<unknown module>)
    #10 0x72a1e9d26b9e  (<unknown module>)
    #11 0x72a1e9d6a915  (<unknown module>)
    #12 0x5e37261da82e in main /home/alex/Documents/IntrinsicEngine/tasks/evidence/BUG-229/wsi-xlib-closefirst.c:27:82
    #13 0x76a1ee429d8f in __libc_start_call_main csu/../sysdeps/nptl/libc_start_call_main.h:58:16
    #14 0x76a1ee429e3f in __libc_start_main csu/../csu/libc-start.c:392:3
    #15 0x5e37260f2494 in _start (/tmp/tmp.MY7HBvsVrI/wsi-xlib+0x2e494) (BuildId: a71a22af726b71805b58711baa8c962502c9c94f)

Direct leak of 1392 byte(s) in 1 object(s) allocated from:
    #0 0x5e37261969f4 in malloc (/tmp/tmp.MY7HBvsVrI/wsi-xlib+0xd29f4) (BuildId: a71a22af726b71805b58711baa8c962502c9c94f)
    #1 0x72a1e9a0c0d1  (<unknown module>)
    #2 0x72a1e99ef518  (<unknown module>)
    #3 0x72a1e99fc733  (<unknown module>)
    #4 0x72a1ed708b53  (<unknown module>)
    #5 0x72a1ed70974e  (<unknown module>)
    #6 0x72a1e9a02d78  (<unknown module>)
    #7 0x72a1e99fdc9c  (<unknown module>)
    #8 0x72a1e9d1eca8  (<unknown module>)
    #9 0x72a1e9d17fd4  (<unknown module>)
    #10 0x72a1e9d26b9e  (<unknown module>)
    #11 0x72a1e9d6a915  (<unknown module>)
    #12 0x5e37261da82e in main /home/alex/Documents/IntrinsicEngine/tasks/evidence/BUG-229/wsi-xlib-closefirst.c:27:82
    #13 0x76a1ee429d8f in __libc_start_call_main csu/../sysdeps/nptl/libc_start_call_main.h:58:16
    #14 0x76a1ee429e3f in __libc_start_main csu/../csu/libc-start.c:392:3
    #15 0x5e37260f2494 in _start (/tmp/tmp.MY7HBvsVrI/wsi-xlib+0x2e494) (BuildId: a71a22af726b71805b58711baa8c962502c9c94f)

Indirect leak of 2800 byte(s) in 1 object(s) allocated from:
    #0 0x5e3726196bd2 in calloc (/tmp/tmp.MY7HBvsVrI/wsi-xlib+0xd2bd2) (BuildId: a71a22af726b71805b58711baa8c962502c9c94f)
    #1 0x72a1e9a0c38d  (<unknown module>)
    #2 0x72a1e99fc683  (<unknown module>)
    #3 0x72a1ed708b53  (<unknown module>)
    #4 0x72a1ed70974e  (<unknown module>)
    #5 0x72a1e9a02d78  (<unknown module>)
    #6 0x72a1e99fdc9c  (<unknown module>)
    #7 0x72a1e9d1eca8  (<unknown module>)
    #8 0x72a1e9d17fd4  (<unknown module>)
    #9 0x72a1e9d26b9e  (<unknown module>)
    #10 0x72a1e9d6a915  (<unknown module>)
    #11 0x5e37261da82e in main /home/alex/Documents/IntrinsicEngine/tasks/evidence/BUG-229/wsi-xlib-closefirst.c:27:82
    #12 0x76a1ee429d8f in __libc_start_call_main csu/../sysdeps/nptl/libc_start_call_main.h:58:16
    #13 0x76a1ee429e3f in __libc_start_main csu/../csu/libc-start.c:392:3
    #14 0x5e37260f2494 in _start (/tmp/tmp.MY7HBvsVrI/wsi-xlib+0x2e494) (BuildId: a71a22af726b71805b58711baa8c962502c9c94f)

-----------------------------------------------------
Suppressions used:
  count      bytes template
      3       2002 dbus_connection_send_with_reply_and_block
-----------------------------------------------------

SUMMARY: AddressSanitizer: 5584 byte(s) leaked in 3 allocation(s).
DISPLAY=:1 XCB stage=0
WSI_PROBE_COMPLETED stage=0 repeats=1
-----------------------------------------------------
Suppressions used:
  count      bytes template
      3       2002 dbus_connection_send_with_reply_and_block
-----------------------------------------------------

DISPLAY=:1 XCB stage=1
WSI_PROBE_COMPLETED stage=1 repeats=1
-----------------------------------------------------
Suppressions used:
  count      bytes template
      3       2002 dbus_connection_send_with_reply_and_block
-----------------------------------------------------

DISPLAY=:1 XCB stage=2
WSI_PROBE_COMPLETED stage=2 repeats=1
-----------------------------------------------------
Suppressions used:
  count      bytes template
      3       2002 dbus_connection_send_with_reply_and_block
-----------------------------------------------------

DISPLAY=:1 XCB stage=3
WSI_PROBE_COMPLETED stage=3 repeats=1
-----------------------------------------------------
Suppressions used:
  count      bytes template
      3       2002 dbus_connection_send_with_reply_and_block
-----------------------------------------------------

DISPLAY=:1 XCB repeated capability queries
WSI_PROBE_COMPLETED stage=2 repeats=10
-----------------------------------------------------
Suppressions used:
  count      bytes template
      3       2002 dbus_connection_send_with_reply_and_block
-----------------------------------------------------

DISPLAY=:1 Xlib swapchain
WSI_PROBE_COMPLETED stage=3 repeats=1
-----------------------------------------------------
Suppressions used:
  count      bytes template
      3       2002 dbus_connection_send_with_reply_and_block
-----------------------------------------------------

