WSI_PROBE_COMPLETED stage=3 repeats=1

=================================================================
==1351066==ERROR: LeakSanitizer: detected memory leaks

Direct leak of 1392 byte(s) in 1 object(s) allocated from:
    #0 0x5def3c62ca34 in malloc (/tmp/intrinsic-bug229/wsi-closefirst+0xd2a34) (BuildId: 1bc51e60c9b910d8e7ab962c8c44db0e3656d819)
    #1 0x6fc0de40c0d1  (<unknown module>)
    #2 0x6fc0de3ef518  (<unknown module>)
    #3 0x6fc0de3fc7e9  (<unknown module>)
    #4 0x6fc0e2108b53  (<unknown module>)
    #5 0x6fc0e210974e  (<unknown module>)
    #6 0x6fc0de402d78  (<unknown module>)
    #7 0x6fc0de3fdc9c  (<unknown module>)
    #8 0x6fc0de71eca8  (<unknown module>)
    #9 0x6fc0de717fd4  (<unknown module>)
    #10 0x6fc0de726b9e  (<unknown module>)
    #11 0x6fc0de76a915  (<unknown module>)
    #12 0x5def3c6708ce in main /tmp/intrinsic-bug229/wsi-closefirst.c:29:82
    #13 0x73c0e2e29d8f in __libc_start_call_main csu/../sysdeps/nptl/libc_start_call_main.h:58:16
    #14 0x73c0e2e29e3f in __libc_start_main csu/../csu/libc-start.c:392:3
    #15 0x5def3c5884d4 in _start (/tmp/intrinsic-bug229/wsi-closefirst+0x2e4d4) (BuildId: 1bc51e60c9b910d8e7ab962c8c44db0e3656d819)

Direct leak of 1392 byte(s) in 1 object(s) allocated from:
    #0 0x5def3c62ca34 in malloc (/tmp/intrinsic-bug229/wsi-closefirst+0xd2a34) (BuildId: 1bc51e60c9b910d8e7ab962c8c44db0e3656d819)
    #1 0x6fc0de40c0d1  (<unknown module>)
    #2 0x6fc0de3ef518  (<unknown module>)
    #3 0x6fc0de3fc733  (<unknown module>)
    #4 0x6fc0e2108b53  (<unknown module>)
    #5 0x6fc0e210974e  (<unknown module>)
    #6 0x6fc0de402d78  (<unknown module>)
    #7 0x6fc0de3fdc9c  (<unknown module>)
    #8 0x6fc0de71eca8  (<unknown module>)
    #9 0x6fc0de717fd4  (<unknown module>)
    #10 0x6fc0de726b9e  (<unknown module>)
    #11 0x6fc0de76a915  (<unknown module>)
    #12 0x5def3c6708ce in main /tmp/intrinsic-bug229/wsi-closefirst.c:29:82
    #13 0x73c0e2e29d8f in __libc_start_call_main csu/../sysdeps/nptl/libc_start_call_main.h:58:16
    #14 0x73c0e2e29e3f in __libc_start_main csu/../csu/libc-start.c:392:3
    #15 0x5def3c5884d4 in _start (/tmp/intrinsic-bug229/wsi-closefirst+0x2e4d4) (BuildId: 1bc51e60c9b910d8e7ab962c8c44db0e3656d819)

Direct leak of 32 byte(s) in 1 object(s) allocated from:
    #0 0x5def3c62ca34 in malloc (/tmp/intrinsic-bug229/wsi-closefirst+0xd2a34) (BuildId: 1bc51e60c9b910d8e7ab962c8c44db0e3656d819)
    #1 0x73c0e318a1b7  (/lib/x86_64-linux-gnu/libxcb.so.1+0xc1b7) (BuildId: 1bef862a339557aa16c34c7a4b27f8f3aea90517)
    #2 0x73c0e318aa08  (/lib/x86_64-linux-gnu/libxcb.so.1+0xca08) (BuildId: 1bef862a339557aa16c34c7a4b27f8f3aea90517)
    #3 0x73c0e318aeb0  (/lib/x86_64-linux-gnu/libxcb.so.1+0xceb0) (BuildId: 1bef862a339557aa16c34c7a4b27f8f3aea90517)
    #4 0x73c0e318be44 in xcb_wait_for_reply (/lib/x86_64-linux-gnu/libxcb.so.1+0xde44) (BuildId: 1bef862a339557aa16c34c7a4b27f8f3aea90517)
    #5 0x6fc0e215f299  (<unknown module>)
    #6 0x6fc0e2152110  (<unknown module>)
    #7 0x6fc0de7129d3  (<unknown module>)
    #8 0x6fc0de76a5e0  (<unknown module>)
    #9 0x5def3c670648 in main /tmp/intrinsic-bug229/wsi-closefirst.c:27:160
    #10 0x73c0e2e29d8f in __libc_start_call_main csu/../sysdeps/nptl/libc_start_call_main.h:58:16
    #11 0x73c0e2e29e3f in __libc_start_main csu/../csu/libc-start.c:392:3
    #12 0x5def3c5884d4 in _start (/tmp/intrinsic-bug229/wsi-closefirst+0x2e4d4) (BuildId: 1bc51e60c9b910d8e7ab962c8c44db0e3656d819)

Direct leak of 32 byte(s) in 1 object(s) allocated from:
    #0 0x5def3c62ca34 in malloc (/tmp/intrinsic-bug229/wsi-closefirst+0xd2a34) (BuildId: 1bc51e60c9b910d8e7ab962c8c44db0e3656d819)
    #1 0x73c0e318a1b7  (/lib/x86_64-linux-gnu/libxcb.so.1+0xc1b7) (BuildId: 1bef862a339557aa16c34c7a4b27f8f3aea90517)
    #2 0x73c0e318aa08  (/lib/x86_64-linux-gnu/libxcb.so.1+0xca08) (BuildId: 1bef862a339557aa16c34c7a4b27f8f3aea90517)
    #3 0x73c0e318aeb0  (/lib/x86_64-linux-gnu/libxcb.so.1+0xceb0) (BuildId: 1bef862a339557aa16c34c7a4b27f8f3aea90517)
    #4 0x73c0e318be44 in xcb_wait_for_reply (/lib/x86_64-linux-gnu/libxcb.so.1+0xde44) (BuildId: 1bef862a339557aa16c34c7a4b27f8f3aea90517)
    #5 0x6fc0e215f299  (<unknown module>)
    #6 0x6fc0e2152110  (<unknown module>)
    #7 0x6fc0de712bf8  (<unknown module>)
    #8 0x6fc0de72bce4  (<unknown module>)
    #9 0x6fc0de727ff0  (<unknown module>)
    #10 0x6fc0de728f61  (<unknown module>)
    #11 0x73c0e31e4b50  (/lib/x86_64-linux-gnu/libvulkan.so.1+0x3cb50) (BuildId: 26e66a54095520793b4bcde7a38d2da7f48efc88)
    #12 0x5def3c6707e0 in main /tmp/intrinsic-bug229/wsi-closefirst.c:29:8
    #13 0x73c0e2e29d8f in __libc_start_call_main csu/../sysdeps/nptl/libc_start_call_main.h:58:16
    #14 0x73c0e2e29e3f in __libc_start_main csu/../csu/libc-start.c:392:3
    #15 0x5def3c5884d4 in _start (/tmp/intrinsic-bug229/wsi-closefirst+0x2e4d4) (BuildId: 1bc51e60c9b910d8e7ab962c8c44db0e3656d819)

Direct leak of 32 byte(s) in 1 object(s) allocated from:
    #0 0x5def3c62ca34 in malloc (/tmp/intrinsic-bug229/wsi-closefirst+0xd2a34) (BuildId: 1bc51e60c9b910d8e7ab962c8c44db0e3656d819)
    #1 0x73c0e318a1b7  (/lib/x86_64-linux-gnu/libxcb.so.1+0xc1b7) (BuildId: 1bef862a339557aa16c34c7a4b27f8f3aea90517)
    #2 0x73c0e318aa08  (/lib/x86_64-linux-gnu/libxcb.so.1+0xca08) (BuildId: 1bef862a339557aa16c34c7a4b27f8f3aea90517)
    #3 0x73c0e318aeb0  (/lib/x86_64-linux-gnu/libxcb.so.1+0xceb0) (BuildId: 1bef862a339557aa16c34c7a4b27f8f3aea90517)
    #4 0x73c0e318be44 in xcb_wait_for_reply (/lib/x86_64-linux-gnu/libxcb.so.1+0xde44) (BuildId: 1bef862a339557aa16c34c7a4b27f8f3aea90517)
    #5 0x6fc0e215f299  (<unknown module>)
    #6 0x6fc0e2152110  (<unknown module>)
    #7 0x6fc0de7128c9  (<unknown module>)
    #8 0x5def3c670074 in main /tmp/intrinsic-bug229/wsi-closefirst.c:21:79
    #9 0x73c0e2e29d8f in __libc_start_call_main csu/../sysdeps/nptl/libc_start_call_main.h:58:16
    #10 0x73c0e2e29e3f in __libc_start_main csu/../csu/libc-start.c:392:3
    #11 0x5def3c5884d4 in _start (/tmp/intrinsic-bug229/wsi-closefirst+0x2e4d4) (BuildId: 1bc51e60c9b910d8e7ab962c8c44db0e3656d819)

Direct leak of 32 byte(s) in 1 object(s) allocated from:
    #0 0x5def3c62ca34 in malloc (/tmp/intrinsic-bug229/wsi-closefirst+0xd2a34) (BuildId: 1bc51e60c9b910d8e7ab962c8c44db0e3656d819)
    #1 0x73c0e318a1b7  (/lib/x86_64-linux-gnu/libxcb.so.1+0xc1b7) (BuildId: 1bef862a339557aa16c34c7a4b27f8f3aea90517)
    #2 0x73c0e318aa08  (/lib/x86_64-linux-gnu/libxcb.so.1+0xca08) (BuildId: 1bef862a339557aa16c34c7a4b27f8f3aea90517)
    #3 0x73c0e318aeb0  (/lib/x86_64-linux-gnu/libxcb.so.1+0xceb0) (BuildId: 1bef862a339557aa16c34c7a4b27f8f3aea90517)
    #4 0x73c0e318be44 in xcb_wait_for_reply (/lib/x86_64-linux-gnu/libxcb.so.1+0xde44) (BuildId: 1bef862a339557aa16c34c7a4b27f8f3aea90517)
    #5 0x6fc0e215f299  (<unknown module>)
    #6 0x6fc0e2152110  (<unknown module>)
    #7 0x6fc0de712bf8  (<unknown module>)
    #8 0x6fc0de72bd26  (<unknown module>)
    #9 0x6fc0de76a6b9  (<unknown module>)
    #10 0x5def3c6701b2 in main /tmp/intrinsic-bug229/wsi-closefirst.c:24:42
    #11 0x73c0e2e29d8f in __libc_start_call_main csu/../sysdeps/nptl/libc_start_call_main.h:58:16
    #12 0x73c0e2e29e3f in __libc_start_main csu/../csu/libc-start.c:392:3
    #13 0x5def3c5884d4 in _start (/tmp/intrinsic-bug229/wsi-closefirst+0x2e4d4) (BuildId: 1bc51e60c9b910d8e7ab962c8c44db0e3656d819)

Direct leak of 32 byte(s) in 1 object(s) allocated from:
    #0 0x5def3c62ca34 in malloc (/tmp/intrinsic-bug229/wsi-closefirst+0xd2a34) (BuildId: 1bc51e60c9b910d8e7ab962c8c44db0e3656d819)
    #1 0x73c0e318a1b7  (/lib/x86_64-linux-gnu/libxcb.so.1+0xc1b7) (BuildId: 1bef862a339557aa16c34c7a4b27f8f3aea90517)
    #2 0x73c0e318aa08  (/lib/x86_64-linux-gnu/libxcb.so.1+0xca08) (BuildId: 1bef862a339557aa16c34c7a4b27f8f3aea90517)
    #3 0x73c0e318aeb0  (/lib/x86_64-linux-gnu/libxcb.so.1+0xceb0) (BuildId: 1bef862a339557aa16c34c7a4b27f8f3aea90517)
    #4 0x73c0e318be44 in xcb_wait_for_reply (/lib/x86_64-linux-gnu/libxcb.so.1+0xde44) (BuildId: 1bef862a339557aa16c34c7a4b27f8f3aea90517)
    #5 0x6fc0e215f299  (<unknown module>)
    #6 0x6fc0e2152110  (<unknown module>)
    #7 0x6fc0de712ace  (<unknown module>)
    #8 0x6fc0de71280b  (<unknown module>)
    #9 0x5def3c670074 in main /tmp/intrinsic-bug229/wsi-closefirst.c:21:79
    #10 0x73c0e2e29d8f in __libc_start_call_main csu/../sysdeps/nptl/libc_start_call_main.h:58:16
    #11 0x73c0e2e29e3f in __libc_start_main csu/../csu/libc-start.c:392:3
    #12 0x5def3c5884d4 in _start (/tmp/intrinsic-bug229/wsi-closefirst+0x2e4d4) (BuildId: 1bc51e60c9b910d8e7ab962c8c44db0e3656d819)

Direct leak of 32 byte(s) in 1 object(s) allocated from:
    #0 0x5def3c62ca34 in malloc (/tmp/intrinsic-bug229/wsi-closefirst+0xd2a34) (BuildId: 1bc51e60c9b910d8e7ab962c8c44db0e3656d819)
    #1 0x73c0e318a1b7  (/lib/x86_64-linux-gnu/libxcb.so.1+0xc1b7) (BuildId: 1bef862a339557aa16c34c7a4b27f8f3aea90517)
    #2 0x73c0e318aa08  (/lib/x86_64-linux-gnu/libxcb.so.1+0xca08) (BuildId: 1bef862a339557aa16c34c7a4b27f8f3aea90517)
    #3 0x73c0e318aeb0  (/lib/x86_64-linux-gnu/libxcb.so.1+0xceb0) (BuildId: 1bef862a339557aa16c34c7a4b27f8f3aea90517)
    #4 0x73c0e318be44 in xcb_wait_for_reply (/lib/x86_64-linux-gnu/libxcb.so.1+0xde44) (BuildId: 1bef862a339557aa16c34c7a4b27f8f3aea90517)
    #5 0x6fc0e215f299  (<unknown module>)
    #6 0x6fc0e2152110  (<unknown module>)
    #7 0x6fc0de7128c9  (<unknown module>)
    #8 0x5def3c67057a in main /tmp/intrinsic-bug229/wsi-closefirst.c:27:38
    #9 0x73c0e2e29d8f in __libc_start_call_main csu/../sysdeps/nptl/libc_start_call_main.h:58:16
    #10 0x73c0e2e29e3f in __libc_start_main csu/../csu/libc-start.c:392:3
    #11 0x5def3c5884d4 in _start (/tmp/intrinsic-bug229/wsi-closefirst+0x2e4d4) (BuildId: 1bc51e60c9b910d8e7ab962c8c44db0e3656d819)

Direct leak of 32 byte(s) in 1 object(s) allocated from:
    #0 0x5def3c62ca34 in malloc (/tmp/intrinsic-bug229/wsi-closefirst+0xd2a34) (BuildId: 1bc51e60c9b910d8e7ab962c8c44db0e3656d819)
    #1 0x73c0e318a1b7  (/lib/x86_64-linux-gnu/libxcb.so.1+0xc1b7) (BuildId: 1bef862a339557aa16c34c7a4b27f8f3aea90517)
    #2 0x73c0e318aa08  (/lib/x86_64-linux-gnu/libxcb.so.1+0xca08) (BuildId: 1bef862a339557aa16c34c7a4b27f8f3aea90517)
    #3 0x73c0e318aeb0  (/lib/x86_64-linux-gnu/libxcb.so.1+0xceb0) (BuildId: 1bef862a339557aa16c34c7a4b27f8f3aea90517)
    #4 0x73c0e318be44 in xcb_wait_for_reply (/lib/x86_64-linux-gnu/libxcb.so.1+0xde44) (BuildId: 1bef862a339557aa16c34c7a4b27f8f3aea90517)
    #5 0x6fc0e215f299  (<unknown module>)
    #6 0x6fc0e2152110  (<unknown module>)
    #7 0x6fc0e215215e  (<unknown module>)
    #8 0x6fc0de7184a4  (<unknown module>)
    #9 0x6fc0de724afb  (<unknown module>)
    #10 0x6fc0de72843e  (<unknown module>)
    #11 0x6fc0de728f61  (<unknown module>)
    #12 0x73c0e31e4b50  (/lib/x86_64-linux-gnu/libvulkan.so.1+0x3cb50) (BuildId: 26e66a54095520793b4bcde7a38d2da7f48efc88)
    #13 0x5def3c6707e0 in main /tmp/intrinsic-bug229/wsi-closefirst.c:29:8
    #14 0x73c0e2e29d8f in __libc_start_call_main csu/../sysdeps/nptl/libc_start_call_main.h:58:16
    #15 0x73c0e2e29e3f in __libc_start_main csu/../csu/libc-start.c:392:3
    #16 0x5def3c5884d4 in _start (/tmp/intrinsic-bug229/wsi-closefirst+0x2e4d4) (BuildId: 1bc51e60c9b910d8e7ab962c8c44db0e3656d819)

Direct leak of 32 byte(s) in 1 object(s) allocated from:
    #0 0x5def3c62ca34 in malloc (/tmp/intrinsic-bug229/wsi-closefirst+0xd2a34) (BuildId: 1bc51e60c9b910d8e7ab962c8c44db0e3656d819)
    #1 0x73c0e318a1b7  (/lib/x86_64-linux-gnu/libxcb.so.1+0xc1b7) (BuildId: 1bef862a339557aa16c34c7a4b27f8f3aea90517)
    #2 0x73c0e318aa08  (/lib/x86_64-linux-gnu/libxcb.so.1+0xca08) (BuildId: 1bef862a339557aa16c34c7a4b27f8f3aea90517)
    #3 0x73c0e318aeb0  (/lib/x86_64-linux-gnu/libxcb.so.1+0xceb0) (BuildId: 1bef862a339557aa16c34c7a4b27f8f3aea90517)
    #4 0x73c0e318be44 in xcb_wait_for_reply (/lib/x86_64-linux-gnu/libxcb.so.1+0xde44) (BuildId: 1bef862a339557aa16c34c7a4b27f8f3aea90517)
    #5 0x6fc0e215f299  (<unknown module>)
    #6 0x6fc0e2152110  (<unknown module>)
    #7 0x6fc0de712ace  (<unknown module>)
    #8 0x6fc0de71280b  (<unknown module>)
    #9 0x5def3c67057a in main /tmp/intrinsic-bug229/wsi-closefirst.c:27:38
    #10 0x73c0e2e29d8f in __libc_start_call_main csu/../sysdeps/nptl/libc_start_call_main.h:58:16
    #11 0x73c0e2e29e3f in __libc_start_main csu/../csu/libc-start.c:392:3
    #12 0x5def3c5884d4 in _start (/tmp/intrinsic-bug229/wsi-closefirst+0x2e4d4) (BuildId: 1bc51e60c9b910d8e7ab962c8c44db0e3656d819)

Indirect leak of 2800 byte(s) in 1 object(s) allocated from:
    #0 0x5def3c62cc12 in calloc (/tmp/intrinsic-bug229/wsi-closefirst+0xd2c12) (BuildId: 1bc51e60c9b910d8e7ab962c8c44db0e3656d819)
    #1 0x6fc0de40c38d  (<unknown module>)
    #2 0x6fc0de3fc683  (<unknown module>)
    #3 0x6fc0e2108b53  (<unknown module>)
    #4 0x6fc0e210974e  (<unknown module>)
    #5 0x6fc0de402d78  (<unknown module>)
    #6 0x6fc0de3fdc9c  (<unknown module>)
    #7 0x6fc0de71eca8  (<unknown module>)
    #8 0x6fc0de717fd4  (<unknown module>)
    #9 0x6fc0de726b9e  (<unknown module>)
    #10 0x6fc0de76a915  (<unknown module>)
    #11 0x5def3c6708ce in main /tmp/intrinsic-bug229/wsi-closefirst.c:29:82
    #12 0x73c0e2e29d8f in __libc_start_call_main csu/../sysdeps/nptl/libc_start_call_main.h:58:16
    #13 0x73c0e2e29e3f in __libc_start_main csu/../csu/libc-start.c:392:3
    #14 0x5def3c5884d4 in _start (/tmp/intrinsic-bug229/wsi-closefirst+0x2e4d4) (BuildId: 1bc51e60c9b910d8e7ab962c8c44db0e3656d819)

-----------------------------------------------------
Suppressions used:
  count      bytes template
      3       2002 dbus_connection_send_with_reply_and_block
-----------------------------------------------------

SUMMARY: AddressSanitizer: 5840 byte(s) leaked in 11 allocation(s).
