Internal ctest changing into directory: /home/alex/Documents/IntrinsicEngine/build/ci
Test project /home/alex/Documents/IntrinsicEngine/build/ci
      Start 1865: PointCloud_Downsample.EmptyReturnsNullopt
 1/12 Test #1865: PointCloud_Downsample.EmptyReturnsNullopt ...................................   Passed    0.00 sec
      Start 1866: PointCloud_Downsample.InvalidVoxelSizeReturnsNullopt
 2/12 Test #1866: PointCloud_Downsample.InvalidVoxelSizeReturnsNullopt ........................   Passed    0.00 sec
      Start 1867: PointCloud_Downsample.LargeVoxelCollapsesToFewPoints
 3/12 Test #1867: PointCloud_Downsample.LargeVoxelCollapsesToFewPoints ........................   Passed    0.00 sec
      Start 1868: PointCloud_Downsample.SmallVoxelPreservesPoints
 4/12 Test #1868: PointCloud_Downsample.SmallVoxelPreservesPoints .............................   Passed    0.00 sec
      Start 1869: PointCloud_Downsample.PreservesNormals
 5/12 Test #1869: PointCloud_Downsample.PreservesNormals ......................................   Passed    0.00 sec
      Start 1870: PointCloud_Downsample.PreservesColors
 6/12 Test #1870: PointCloud_Downsample.PreservesColors .......................................   Passed    0.00 sec
      Start 1871: PointCloud_Downsample.OutputCloudIsValid
 7/12 Test #1871: PointCloud_Downsample.OutputCloudIsValid ....................................   Passed    0.00 sec
      Start 1872: PointCloud_Downsample.NonFiniteVoxelSizeReturnsNullopt
 8/12 Test #1872: PointCloud_Downsample.NonFiniteVoxelSizeReturnsNullopt ......................   Passed    0.00 sec
      Start 1873: PointCloud_Downsample.NonFinitePositionReturnsNulloptWithoutPartialResult
 9/12 Test #1873: PointCloud_Downsample.NonFinitePositionReturnsNulloptWithoutPartialResult ...   Passed    0.00 sec
      Start 1874: PointCloud_Downsample.CoordinateBeyondCellKeyRangeReturnsNullopt
10/12 Test #1874: PointCloud_Downsample.CoordinateBeyondCellKeyRangeReturnsNullopt ............   Passed    0.00 sec
      Start 1875: PointCloud_Downsample.FloorSemanticsPinNegativeCoordinateCells
11/12 Test #1875: PointCloud_Downsample.FloorSemanticsPinNegativeCoordinateCells ..............   Passed    0.00 sec
      Start 1876: PointCloud_Downsample.EmitsCellsInLexicographicOrderAndIsRepeatable
12/12 Test #1876: PointCloud_Downsample.EmitsCellsInLexicographicOrderAndIsRepeatable .........   Passed    0.00 sec

100% tests passed, 0 tests failed out of 12

Label Time Summary:
geometry    =   0.05 sec*proc (12 tests)
unit        =   0.05 sec*proc (12 tests)

Total Test time (real) =   0.19 sec
