Internal ctest changing into directory: /home/alex/Documents/IntrinsicEngine/build/ci-vulkan
Test project /home/alex/Documents/IntrinsicEngine/build/ci-vulkan
    Start 19: PointLBVHGpuSmoke.BilateralPublishesMovingPassesAcrossDomains
    Test #19: PointLBVHGpuSmoke.BilateralPublishesMovingPassesAcrossDomains ...***Failed   98.77 sec
Running main() from /home/alex/Documents/IntrinsicEngine/external/vcpkg/buildtrees/gtest/src/v1.17.0-0c449efaff.clean/googletest/src/gtest_main.cc
Note: Google Test filter = PointLBVHGpuSmoke.BilateralPublishesMovingPassesAcrossDomains
[==========] Running 1 test from 1 test suite.
[----------] Global test environment set-up.
[----------] 1 test from PointLBVHGpuSmoke
[ RUN      ] PointLBVHGpuSmoke.BilateralPublishesMovingPassesAcrossDomains
[32m[INFO] Initialized Scheduler with 15 worker threads.[0m
[33m[WARN] [Runtime] Promoted Vulkan device selected; backend remains fail-closed until the first clean default-recipe validation promotes it.[0m
[33m[WARN] [VulkanDevice::Initialize] Vulkan bootstrap created logical-device, queue, VMA, per-frame command/sync, swapchain image/view/handle, bindless heap, transfer queue, and global pipeline-layout state; canonical frame execution waits for the first clean recipe validation publish, so device remains non-operational during cold start.[0m
[33m[WARN] [Runtime] VulkanRequestedButNotOperational status=RequestedButIncompleteGate reason=BarrierValidationFailed[0m
[DBG-b224] timeout phase=3 phase_ms=1991.63 results=0 expected=1
[DBG-b224] state=0
[DBG-b224] state=0
[DBG-b224] state=3
[DBG-b224] state=1
[DBG-b224] state=1
[DBG-b224] state=1
[DBG-b224] state=1
/home/alex/Documents/IntrinsicEngine/tests/integration/graphics/Test.PointLBVHGpuSmoke.cpp:1687: Failure
Value of: run->TimedOut
  Actual: true
Expected: false
phase=3

[  FAILED  ] PointLBVHGpuSmoke.BilateralPublishesMovingPassesAcrossDomains (98728 ms)
[----------] 1 test from PointLBVHGpuSmoke (98728 ms total)

[----------] Global test environment tear-down
[==========] 1 test from 1 test suite ran. (98728 ms total)
[  PASSED  ] 0 tests.
[  FAILED  ] 1 test, listed below:
[  FAILED  ] PointLBVHGpuSmoke.BilateralPublishesMovingPassesAcrossDomains

 1 FAILED TEST


0% tests passed, 1 tests failed out of 1

Label Time Summary:
gpu            =  98.77 sec*proc (1 test)
graphics       =  98.77 sec*proc (1 test)
integration    =  98.77 sec*proc (1 test)
vulkan         =  98.77 sec*proc (1 test)

Total Test time (real) =  98.92 sec

The following tests FAILED:
	 19 - PointLBVHGpuSmoke.BilateralPublishesMovingPassesAcrossDomains (Failed)
