Running main() from /home/alex/Documents/IntrinsicEngine/external/vcpkg/buildtrees/gtest/src/v1.17.0-0c449efaff.clean/googletest/src/gtest_main.cc
Note: Google Test filter = PointCloudConsolidationConfig.*:PointCloudConsolidationModule.*
[==========] Running 4 tests from 2 test suites.
[----------] Global test environment set-up.
[----------] 1 test from PointCloudConsolidationConfig
[ RUN      ] PointCloudConsolidationConfig.RoundTripsAndFallsBackPerField
[       OK ] PointCloudConsolidationConfig.RoundTripsAndFallsBackPerField (17 ms)
[----------] 1 test from PointCloudConsolidationConfig (17 ms total)

[----------] 3 tests from PointCloudConsolidationModule
[ RUN      ] PointCloudConsolidationModule.CommitsThroughGeometrySourcesAndOwnsUndoRedo
[32m[INFO] Initialized Scheduler with 2 worker threads.[0m
[       OK ] PointCloudConsolidationModule.CommitsThroughGeometrySourcesAndOwnsUndoRedo (120 ms)
[ RUN      ] PointCloudConsolidationModule.SourceMutationDropsQueuedWriteback
[32m[INFO] Initialized Scheduler with 1 worker threads.[0m
[       OK ] PointCloudConsolidationModule.SourceMutationDropsQueuedWriteback (117 ms)
[ RUN      ] PointCloudConsolidationModule.IdenticalInputAndConfigProduceIdenticalRuntimeOutput
[32m[INFO] Initialized Scheduler with 2 worker threads.[0m
[       OK ] PointCloudConsolidationModule.IdenticalInputAndConfigProduceIdenticalRuntimeOutput (120 ms)
[----------] 3 tests from PointCloudConsolidationModule (358 ms total)

[----------] Global test environment tear-down
[==========] 4 tests from 2 test suites ran. (376 ms total)
[  PASSED  ] 4 tests.
