[source-documentation] files=3 interfaces=1 cpp=2 readmes=1 errors=0 review=155
[source-documentation] rules: declaration-comment=4, readme-chronology=149, readme-large=1, readme-manual-inventory=1
REVIEW src/geometry/Geometry.HalfedgeMesh.Curvature.cppm:60 [declaration-comment] verify this comment is mandatory to understand the declaration at line 70
REVIEW src/geometry/Geometry.HalfedgeMesh.Curvature.cppm:73 [declaration-comment] verify this comment is mandatory to understand the declaration at line 83
REVIEW src/geometry/Geometry.HalfedgeMesh.Curvature.cppm:86 [declaration-comment] verify this comment is mandatory to understand the declaration at line 90
REVIEW src/geometry/Geometry.HalfedgeMesh.Curvature.cppm:92 [declaration-comment] verify this comment is mandatory to understand the declaration at line 110
REVIEW src/runtime/README.md:1 [readme-large] README has 1948 lines; verify it remains a concise entry point
REVIEW src/runtime/README.md:29 [readme-chronology] verify this is a concise link to an authoritative record rather than embedded chronology
REVIEW src/runtime/README.md:32 [readme-manual-inventory] large hand-maintained inventory; prefer stable entry points or generated documentation
REVIEW src/runtime/README.md:34 [readme-chronology] verify this is a concise link to an authoritative record rather than embedded chronology
REVIEW src/runtime/README.md:35 [readme-chronology] verify this is a concise link to an authoritative record rather than embedded chronology
REVIEW src/runtime/README.md:36 [readme-chronology] verify this is a concise link to an authoritative record rather than embedded chronology
REVIEW src/runtime/README.md:37 [readme-chronology] verify this is a concise link to an authoritative record rather than embedded chronology
REVIEW src/runtime/README.md:38 [readme-chronology] verify this is a concise link to an authoritative record rather than embedded chronology
REVIEW src/runtime/README.md:41 [readme-chronology] verify this is a concise link to an authoritative record rather than embedded chronology
REVIEW src/runtime/README.md:42 [readme-chronology] verify this is a concise link to an authoritative record rather than embedded chronology
REVIEW src/runtime/README.md:43 [readme-chronology] verify this is a concise link to an authoritative record rather than embedded chronology
REVIEW src/runtime/README.md:44 [readme-chronology] verify this is a concise link to an authoritative record rather than embedded chronology
REVIEW src/runtime/README.md:45 [readme-chronology] verify this is a concise link to an authoritative record rather than embedded chronology
REVIEW src/runtime/README.md:50 [readme-chronology] verify this is a concise link to an authoritative record rather than embedded chronology
REVIEW src/runtime/README.md:51 [readme-chronology] verify this is a concise link to an authoritative record rather than embedded chronology
REVIEW src/runtime/README.md:52 [readme-chronology] verify this is a concise link to an authoritative record rather than embedded chronology
REVIEW src/runtime/README.md:53 [readme-chronology] verify this is a concise link to an authoritative record rather than embedded chronology
REVIEW src/runtime/README.md:54 [readme-chronology] verify this is a concise link to an authoritative record rather than embedded chronology
REVIEW src/runtime/README.md:55 [readme-chronology] verify this is a concise link to an authoritative record rather than embedded chronology
REVIEW src/runtime/README.md:56 [readme-chronology] verify this is a concise link to an authoritative record rather than embedded chronology
REVIEW src/runtime/README.md:57 [readme-chronology] verify this is a concise link to an authoritative record rather than embedded chronology
REVIEW src/runtime/README.md:58 [readme-chronology] verify this is a concise link to an authoritative record rather than embedded chronology
REVIEW src/runtime/README.md:59 [readme-chronology] verify this is a concise link to an authoritative record rather than embedded chronology
REVIEW src/runtime/README.md:60 [readme-chronology] verify this is a concise link to an authoritative record rather than embedded chronology
REVIEW src/runtime/README.md:61 [readme-chronology] verify this is a concise link to an authoritative record rather than embedded chronology
REVIEW src/runtime/README.md:62 [readme-chronology] verify this is a concise link to an authoritative record rather than embedded chronology
REVIEW src/runtime/README.md:63 [readme-chronology] verify this is a concise link to an authoritative record rather than embedded chronology
REVIEW src/runtime/README.md:64 [readme-chronology] verify this is a concise link to an authoritative record rather than embedded chronology
REVIEW src/runtime/README.md:65 [readme-chronology] verify this is a concise link to an authoritative record rather than embedded chronology
REVIEW src/runtime/README.md:67 [readme-chronology] verify this is a concise link to an authoritative record rather than embedded chronology
REVIEW src/runtime/README.md:68 [readme-chronology] verify this is a concise link to an authoritative record rather than embedded chronology
REVIEW src/runtime/README.md:69 [readme-chronology] verify this is a concise link to an authoritative record rather than embedded chronology
REVIEW src/runtime/README.md:70 [readme-chronology] verify this is a concise link to an authoritative record rather than embedded chronology
REVIEW src/runtime/README.md:71 [readme-chronology] verify this is a concise link to an authoritative record rather than embedded chronology
REVIEW src/runtime/README.md:74 [readme-chronology] verify this is a concise link to an authoritative record rather than embedded chronology
REVIEW src/runtime/README.md:76 [readme-chronology] verify this is a concise link to an authoritative record rather than embedded chronology
REVIEW src/runtime/README.md:77 [readme-chronology] verify this is a concise link to an authoritative record rather than embedded chronology
REVIEW src/runtime/README.md:78 [readme-chronology] verify this is a concise link to an authoritative record rather than embedded chronology
REVIEW src/runtime/README.md:80 [readme-chronology] verify this is a concise link to an authoritative record rather than embedded chronology
REVIEW src/runtime/README.md:84 [readme-chronology] verify this is a concise link to an authoritative record rather than embedded chronology
REVIEW src/runtime/README.md:87 [readme-chronology] verify this is a concise link to an authoritative record rather than embedded chronology
REVIEW src/runtime/README.md:154 [readme-chronology] verify this is a concise link to an authoritative record rather than embedded chronology
REVIEW src/runtime/README.md:172 [readme-chronology] verify this is a concise link to an authoritative record rather than embedded chronology
REVIEW src/runtime/README.md:216 [readme-chronology] verify this is a concise link to an authoritative record rather than embedded chronology
REVIEW src/runtime/README.md:217 [readme-chronology] verify this is a concise link to an authoritative record rather than embedded chronology
REVIEW src/runtime/README.md:243 [readme-chronology] verify this is a concise link to an authoritative record rather than embedded chronology
REVIEW src/runtime/README.md:251 [readme-chronology] verify this is a concise link to an authoritative record rather than embedded chronology
REVIEW src/runtime/README.md:279 [readme-chronology] verify this is a concise link to an authoritative record rather than embedded chronology
REVIEW src/runtime/README.md:316 [readme-chronology] verify this is a concise link to an authoritative record rather than embedded chronology
REVIEW src/runtime/README.md:317 [readme-chronology] verify this is a concise link to an authoritative record rather than embedded chronology
REVIEW src/runtime/README.md:322 [readme-chronology] verify this is a concise link to an authoritative record rather than embedded chronology
REVIEW src/runtime/README.md:336 [readme-chronology] verify this is a concise link to an authoritative record rather than embedded chronology
REVIEW src/runtime/README.md:357 [readme-chronology] verify this is a concise link to an authoritative record rather than embedded chronology
REVIEW src/runtime/README.md:382 [readme-chronology] verify this is a concise link to an authoritative record rather than embedded chronology
REVIEW src/runtime/README.md:393 [readme-chronology] verify this is a concise link to an authoritative record rather than embedded chronology
REVIEW src/runtime/README.md:398 [readme-chronology] verify this is a concise link to an authoritative record rather than embedded chronology
REVIEW src/runtime/README.md:414 [readme-chronology] verify this is a concise link to an authoritative record rather than embedded chronology
REVIEW src/runtime/README.md:421 [readme-chronology] verify this is a concise link to an authoritative record rather than embedded chronology
REVIEW src/runtime/README.md:426 [readme-chronology] verify this is a concise link to an authoritative record rather than embedded chronology
REVIEW src/runtime/README.md:442 [readme-chronology] verify this is a concise link to an authoritative record rather than embedded chronology
REVIEW src/runtime/README.md:495 [readme-chronology] verify this is a concise link to an authoritative record rather than embedded chronology
REVIEW src/runtime/README.md:502 [readme-chronology] verify this is a concise link to an authoritative record rather than embedded chronology
REVIEW src/runtime/README.md:539 [readme-chronology] verify this is a concise link to an authoritative record rather than embedded chronology
REVIEW src/runtime/README.md:543 [readme-chronology] verify this is a concise link to an authoritative record rather than embedded chronology
REVIEW src/runtime/README.md:555 [readme-chronology] verify this is a concise link to an authoritative record rather than embedded chronology
REVIEW src/runtime/README.md:594 [readme-chronology] verify this is a concise link to an authoritative record rather than embedded chronology
REVIEW src/runtime/README.md:599 [readme-chronology] verify this is a concise link to an authoritative record rather than embedded chronology
REVIEW src/runtime/README.md:604 [readme-chronology] verify this is a concise link to an authoritative record rather than embedded chronology
REVIEW src/runtime/README.md:610 [readme-chronology] verify this is a concise link to an authoritative record rather than embedded chronology
REVIEW src/runtime/README.md:616 [readme-chronology] verify this is a concise link to an authoritative record rather than embedded chronology
REVIEW src/runtime/README.md:655 [readme-chronology] verify this is a concise link to an authoritative record rather than embedded chronology
REVIEW src/runtime/README.md:673 [readme-chronology] verify this is a concise link to an authoritative record rather than embedded chronology
REVIEW src/runtime/README.md:677 [readme-chronology] verify this is a concise link to an authoritative record rather than embedded chronology
REVIEW src/runtime/README.md:684 [readme-chronology] verify this is a concise link to an authoritative record rather than embedded chronology
REVIEW src/runtime/README.md:710 [readme-chronology] verify this is a concise link to an authoritative record rather than embedded chronology
REVIEW src/runtime/README.md:715 [readme-chronology] verify this is a concise link to an authoritative record rather than embedded chronology
REVIEW src/runtime/README.md:718 [readme-chronology] verify this is a concise link to an authoritative record rather than embedded chronology
REVIEW src/runtime/README.md:749 [readme-chronology] verify this is a concise link to an authoritative record rather than embedded chronology
REVIEW src/runtime/README.md:750 [readme-chronology] verify this is a concise link to an authoritative record rather than embedded chronology
REVIEW src/runtime/README.md:772 [readme-chronology] verify this is a concise link to an authoritative record rather than embedded chronology
REVIEW src/runtime/README.md:776 [readme-chronology] verify this is a concise link to an authoritative record rather than embedded chronology
REVIEW src/runtime/README.md:807 [readme-chronology] verify this is a concise link to an authoritative record rather than embedded chronology
REVIEW src/runtime/README.md:817 [readme-chronology] verify this is a concise link to an authoritative record rather than embedded chronology
REVIEW src/runtime/README.md:822 [readme-chronology] verify this is a concise link to an authoritative record rather than embedded chronology
REVIEW src/runtime/README.md:824 [readme-chronology] verify this is a concise link to an authoritative record rather than embedded chronology
REVIEW src/runtime/README.md:826 [readme-chronology] verify this is a concise link to an authoritative record rather than embedded chronology
REVIEW src/runtime/README.md:839 [readme-chronology] verify this is a concise link to an authoritative record rather than embedded chronology
REVIEW src/runtime/README.md:852 [readme-chronology] verify this is a concise link to an authoritative record rather than embedded chronology
REVIEW src/runtime/README.md:864 [readme-chronology] verify this is a concise link to an authoritative record rather than embedded chronology
REVIEW src/runtime/README.md:872 [readme-chronology] verify this is a concise link to an authoritative record rather than embedded chronology
REVIEW src/runtime/README.md:883 [readme-chronology] verify this is a concise link to an authoritative record rather than embedded chronology
REVIEW src/runtime/README.md:887 [readme-chronology] verify this is a concise link to an authoritative record rather than embedded chronology
REVIEW src/runtime/README.md:890 [readme-chronology] verify this is a concise link to an authoritative record rather than embedded chronology
REVIEW src/runtime/README.md:898 [readme-chronology] verify this is a concise link to an authoritative record rather than embedded chronology
REVIEW src/runtime/README.md:907 [readme-chronology] verify this is a concise link to an authoritative record rather than embedded chronology
REVIEW src/runtime/README.md:932 [readme-chronology] verify this is a concise link to an authoritative record rather than embedded chronology
REVIEW src/runtime/README.md:956 [readme-chronology] verify this is a concise link to an authoritative record rather than embedded chronology
REVIEW src/runtime/README.md:1015 [readme-chronology] verify this is a concise link to an authoritative record rather than embedded chronology
REVIEW src/runtime/README.md:1016 [readme-chronology] verify this is a concise link to an authoritative record rather than embedded chronology
REVIEW src/runtime/README.md:1023 [readme-chronology] verify this is a concise link to an authoritative record rather than embedded chronology
REVIEW src/runtime/README.md:1026 [readme-chronology] verify this is a concise link to an authoritative record rather than embedded chronology
REVIEW src/runtime/README.md:1035 [readme-chronology] verify this is a concise link to an authoritative record rather than embedded chronology
REVIEW src/runtime/README.md:1070 [readme-chronology] verify this is a concise link to an authoritative record rather than embedded chronology
REVIEW src/runtime/README.md:1071 [readme-chronology] verify this is a concise link to an authoritative record rather than embedded chronology
REVIEW src/runtime/README.md:1124 [readme-chronology] verify this is a concise link to an authoritative record rather than embedded chronology
REVIEW src/runtime/README.md:1134 [readme-chronology] verify this is a concise link to an authoritative record rather than embedded chronology
REVIEW src/runtime/README.md:1135 [readme-chronology] verify this is a concise link to an authoritative record rather than embedded chronology
REVIEW src/runtime/README.md:1137 [readme-chronology] verify this is a concise link to an authoritative record rather than embedded chronology
REVIEW src/runtime/README.md:1146 [readme-chronology] verify this is a concise link to an authoritative record rather than embedded chronology
REVIEW src/runtime/README.md:1206 [readme-chronology] verify this is a concise link to an authoritative record rather than embedded chronology
REVIEW src/runtime/README.md:1208 [readme-chronology] verify this is a concise link to an authoritative record rather than embedded chronology
REVIEW src/runtime/README.md:1209 [readme-chronology] verify this is a concise link to an authoritative record rather than embedded chronology
REVIEW src/runtime/README.md:1239 [readme-chronology] verify this is a concise link to an authoritative record rather than embedded chronology
REVIEW src/runtime/README.md:1258 [readme-chronology] verify this is a concise link to an authoritative record rather than embedded chronology
REVIEW src/runtime/README.md:1315 [readme-chronology] verify this is a concise link to an authoritative record rather than embedded chronology
REVIEW src/runtime/README.md:1328 [readme-chronology] verify this is a concise link to an authoritative record rather than embedded chronology
REVIEW src/runtime/README.md:1348 [readme-chronology] verify this is a concise link to an authoritative record rather than embedded chronology
REVIEW src/runtime/README.md:1349 [readme-chronology] verify this is a concise link to an authoritative record rather than embedded chronology
REVIEW src/runtime/README.md:1400 [readme-chronology] verify this is a concise link to an authoritative record rather than embedded chronology
REVIEW src/runtime/README.md:1401 [readme-chronology] verify this is a concise link to an authoritative record rather than embedded chronology
REVIEW src/runtime/README.md:1430 [readme-chronology] verify this is a concise link to an authoritative record rather than embedded chronology
REVIEW src/runtime/README.md:1450 [readme-chronology] verify this is a concise link to an authoritative record rather than embedded chronology
REVIEW src/runtime/README.md:1464 [readme-chronology] verify this is a concise link to an authoritative record rather than embedded chronology
REVIEW src/runtime/README.md:1468 [readme-chronology] verify this is a concise link to an authoritative record rather than embedded chronology
REVIEW src/runtime/README.md:1479 [readme-chronology] verify this is a concise link to an authoritative record rather than embedded chronology
REVIEW src/runtime/README.md:1490 [readme-chronology] verify this is a concise link to an authoritative record rather than embedded chronology
REVIEW src/runtime/README.md:1509 [readme-chronology] verify this is a concise link to an authoritative record rather than embedded chronology
REVIEW src/runtime/README.md:1549 [readme-chronology] verify this is a concise link to an authoritative record rather than embedded chronology
REVIEW src/runtime/README.md:1550 [readme-chronology] verify this is a concise link to an authoritative record rather than embedded chronology
REVIEW src/runtime/README.md:1570 [readme-chronology] verify this is a concise link to an authoritative record rather than embedded chronology
REVIEW src/runtime/README.md:1576 [readme-chronology] verify this is a concise link to an authoritative record rather than embedded chronology
REVIEW src/runtime/README.md:1611 [readme-chronology] verify this is a concise link to an authoritative record rather than embedded chronology
REVIEW src/runtime/README.md:1612 [readme-chronology] verify this is a concise link to an authoritative record rather than embedded chronology
REVIEW src/runtime/README.md:1637 [readme-chronology] verify this is a concise link to an authoritative record rather than embedded chronology
REVIEW src/runtime/README.md:1657 [readme-chronology] verify this is a concise link to an authoritative record rather than embedded chronology
REVIEW src/runtime/README.md:1674 [readme-chronology] verify this is a concise link to an authoritative record rather than embedded chronology
REVIEW src/runtime/README.md:1676 [readme-chronology] verify this is a concise link to an authoritative record rather than embedded chronology
REVIEW src/runtime/README.md:1680 [readme-chronology] verify this is a concise link to an authoritative record rather than embedded chronology
REVIEW src/runtime/README.md:1682 [readme-chronology] verify this is a concise link to an authoritative record rather than embedded chronology
REVIEW src/runtime/README.md:1748 [readme-chronology] verify this is a concise link to an authoritative record rather than embedded chronology
REVIEW src/runtime/README.md:1757 [readme-chronology] verify this is a concise link to an authoritative record rather than embedded chronology
REVIEW src/runtime/README.md:1760 [readme-chronology] verify this is a concise link to an authoritative record rather than embedded chronology
REVIEW src/runtime/README.md:1763 [readme-chronology] verify this is a concise link to an authoritative record rather than embedded chronology
REVIEW src/runtime/README.md:1766 [readme-chronology] verify this is a concise link to an authoritative record rather than embedded chronology
REVIEW src/runtime/README.md:1824 [readme-chronology] verify this is a concise link to an authoritative record rather than embedded chronology
REVIEW src/runtime/README.md:1837 [readme-chronology] verify this is a concise link to an authoritative record rather than embedded chronology
REVIEW src/runtime/README.md:1844 [readme-chronology] verify this is a concise link to an authoritative record rather than embedded chronology
REVIEW src/runtime/README.md:1906 [readme-chronology] verify this is a concise link to an authoritative record rather than embedded chronology
REVIEW src/runtime/README.md:1916 [readme-chronology] verify this is a concise link to an authoritative record rather than embedded chronology
REVIEW src/runtime/README.md:1920 [readme-chronology] verify this is a concise link to an authoritative record rather than embedded chronology
REVIEW src/runtime/README.md:1922 [readme-chronology] verify this is a concise link to an authoritative record rather than embedded chronology
