Preset CMake variables:

  CMAKE_BUILD_TYPE="Debug"
  CMAKE_EXPORT_COMPILE_COMMANDS="ON"
  CMAKE_TOOLCHAIN_FILE:FILEPATH="/tmp/intrinsic-geometry-e2e.GJlhXS/external/vcpkg/scripts/buildsystems/vcpkg.cmake"
  EXTRINSIC_BACKEND="Vulkan"
  EXTRINSIC_PLATFORM="Linux"
  INTRINSIC_BUILD_SANDBOX="OFF"
  INTRINSIC_BUILD_TESTS="ON"
  INTRINSIC_ENABLE_CUDA="OFF"
  INTRINSIC_ENABLE_SANITIZERS="ON"
  INTRINSIC_RUNTIME_ENABLE_PROMOTED_VULKAN="OFF"
  INTRINSIC_SANITIZER_MODE="address"
  VCPKG_CHAINLOAD_TOOLCHAIN_FILE="/tmp/intrinsic-geometry-e2e.GJlhXS/cmake/IntrinsicClangToolchain.cmake"
  VCPKG_INSTALLED_DIR="/tmp/intrinsic-geometry-e2e.GJlhXS/external/vcpkg-installed/ci-asan"
  VCPKG_MANIFEST_MODE="ON"

-- IntrinsicEngine selected Clang 23: /bin/clang-23, /bin/clang++-23, /bin/clang-scan-deps-23
-- Running vcpkg install
Detecting compiler hash for triplet x64-linux...
Compiler found: /usr/bin/c++
The following packages are already installed:
    draco:x64-linux@1.5.7
    eigen3:x64-linux@5.0.1
    entt:x64-linux@3.16.0
    glfw3:x64-linux@3.4#1
    glm:x64-linux@1.0.3
    gtest:x64-linux@1.17.0#2
    imgui[core,docking-experimental]:x64-linux@1.92.8
    imguizmo:x64-linux@1.10
    implot:x64-linux@1.0
    nlohmann-json:x64-linux@3.12.0#2
    stb:x64-linux@2024-07-29#1
    tinygltf:x64-linux@3.0.0
  * vcpkg-cmake:x64-linux@2024-04-23
  * vcpkg-cmake-config:x64-linux@2024-05-23
    volk:x64-linux@1.4.350.0
  * vulkan-headers:x64-linux@1.4.350.0
    vulkan-memory-allocator:x64-linux@3.4.0
    xatlas:x64-linux@f700c779
draco provides CMake targets:

  # this is heuristically generated, and may not be correct
  find_package(draco CONFIG REQUIRED)
  target_link_libraries(main PRIVATE draco::draco)

draco provides pkg-config modules:

  # Draco geometry de(com)pression library.
  draco

eigen3 provides CMake targets:

  # this is heuristically generated, and may not be correct
  find_package(Eigen3 CONFIG REQUIRED)
  target_link_libraries(main PRIVATE Eigen3::Eigen)

eigen3 provides pkg-config modules:

  # A C++ template library for linear algebra: vectors, matrices, and related algorithms
  eigen3

entt provides CMake targets:

    find_package(EnTT CONFIG REQUIRED)
    target_link_libraries(main PRIVATE EnTT::EnTT)

The package glm provides CMake targets:

    find_package(glm CONFIG REQUIRED)
    target_link_libraries(main PRIVATE glm::glm)

    # Or use the header-only version
    find_package(glm CONFIG REQUIRED)
    target_link_libraries(main PRIVATE glm::glm-header-only)

The package gtest is compatible with built-in CMake targets:

    enable_testing()
    
    find_package(GTest CONFIG REQUIRED)
    target_link_libraries(main PRIVATE GTest::gtest GTest::gtest_main GTest::gmock GTest::gmock_main)
    
    add_test(AllTestsInMain main)

imgui provides CMake targets:

  # this is heuristically generated, and may not be correct
  find_package(imgui CONFIG REQUIRED)
  target_link_libraries(main PRIVATE imgui::imgui)

implot provides CMake targets:

  # this is heuristically generated, and may not be correct
  find_package(implot CONFIG REQUIRED)
  target_link_libraries(main PRIVATE implot::implot)

The package nlohmann-json provides CMake targets:

    find_package(nlohmann_json CONFIG REQUIRED)
    target_link_libraries(main PRIVATE nlohmann_json::nlohmann_json)

The package nlohmann-json can be configured to not provide implicit conversions via a custom triplet file:

    set(nlohmann-json_IMPLICIT_CONVERSIONS OFF)

For more information, see the docs here:
    
    https://json.nlohmann.me/api/macros/json_use_implicit_conversions/

The package stb provides CMake targets:

    find_package(Stb REQUIRED)
    target_include_directories(main PRIVATE ${Stb_INCLUDE_DIR})
tinygltf is header-only and can be used from CMake via:

  find_path(TINYGLTF_INCLUDE_DIRS "tiny_gltf.h")
  target_include_directories(main PRIVATE ${TINYGLTF_INCLUDE_DIRS})

xatlas provides CMake targets:

  # this is heuristically generated, and may not be correct
  find_package(xatlas CONFIG REQUIRED)
  target_link_libraries(main PRIVATE xatlas::xatlas)

glfw3 provides CMake targets:

  # this is heuristically generated, and may not be correct
  find_package(glfw3 CONFIG REQUIRED)
  target_link_libraries(main PRIVATE glfw)

glfw3 provides pkg-config modules:

  # A multi-platform library for OpenGL, window and input
  glfw3

imguizmo provides CMake targets:

  # this is heuristically generated, and may not be correct
  find_package(imguizmo CONFIG REQUIRED)
  target_link_libraries(main PRIVATE imguizmo::imguizmo)

volk provides CMake targets:

    find_package(volk CONFIG REQUIRED)
    target_link_libraries(main PRIVATE volk::volk volk::volk_headers)

VulkanMemoryAllocator provides official find_package support. However, it requires the user to provide the include directory containing `vulkan/vulkan.h`. There are multiple ways to achieve this and VulkanMemoryAllocator is compatible with all of them.

    find_package(Vulkan) # https://cmake.org/cmake/help/latest/module/FindVulkan.html, CMake 3.21+
    find_package(VulkanMemoryAllocator CONFIG REQUIRED)
    target_link_libraries(main PRIVATE Vulkan::Vulkan GPUOpen::VulkanMemoryAllocator)

or

    find_package(Vulkan) # CMake 3.21+
    find_package(VulkanMemoryAllocator CONFIG REQUIRED)
    target_link_libraries(main PRIVATE Vulkan::Headers GPUOpen::VulkanMemoryAllocator)

or

    find_package(VulkanHeaders CONFIG) # From the vulkan-headers port
    find_package(VulkanMemoryAllocator CONFIG REQUIRED)
    target_link_libraries(main PRIVATE Vulkan::Headers GPUOpen::VulkanMemoryAllocator)

See the documentation for more information on setting up your project: https://gpuopen-librariesandsdks.github.io/VulkanMemoryAllocator/html/index.html

All requested installations completed successfully in: 92.5 us
-- Running vcpkg install - done
-- IntrinsicEngine using auto-selected compilers: /bin/clang-23, /bin/clang++-23
-- The CXX compiler identification is Clang 23.0.0
-- The C compiler identification is Clang 23.0.0
-- Detecting CXX compiler ABI info
-- Detecting CXX compiler ABI info - done
-- Check for working CXX compiler: /bin/clang++-23 - skipped
-- Detecting CXX compile features
-- Detecting CXX compile features - done
-- Detecting C compiler ABI info
-- Detecting C compiler ABI info - done
-- Check for working C compiler: /bin/clang-23 - skipped
-- Detecting C compile features
-- Detecting C compile features - done
-- IntrinsicEngine Clang requirement: using C=23.0.0 and CXX=23.0.0; minimum is 20.0
-- Performing Test INTRINSIC_ASAN_AVAILABLE
-- Performing Test INTRINSIC_ASAN_AVAILABLE - Success
-- Performing Test INTRINSIC_UBSAN_AVAILABLE
-- Performing Test INTRINSIC_UBSAN_AVAILABLE - Success
-- Sanitizers ENABLED (asan; address) for Debug/RelWithDebInfo builds
-- Clang source coverage instrumentation DISABLED
-- Using CCache: /usr/bin/ccache
-- Intrinsic dependencies: using vcpkg manifest packages
-- Performing Test CMAKE_HAVE_LIBC_PTHREAD
-- Performing Test CMAKE_HAVE_LIBC_PTHREAD - Success
-- Found Threads: TRUE  
-- Found nlohmann_json: /tmp/intrinsic-geometry-e2e.GJlhXS/external/vcpkg-installed/ci-asan/x64-linux/share/nlohmann_json/nlohmann_jsonConfig.cmake (found version "3.12.0") 
-- Found Stb: /tmp/intrinsic-geometry-e2e.GJlhXS/external/vcpkg-installed/ci-asan/x64-linux/include  
-- Found Vulkan: /home/alex/Documents/vulkansdk-linux-x86_64-1.4.309.0/1.4.309.0/x86_64/lib/libvulkan.so (found version "1.4.350") found components: glslc glslangValidator 
-- CUDA compute backend DISABLED
-- IntrinsicEngine configure identity: platform=Linux; graphics_backend=Vulkan; platform_backend_request=Auto; platform_backend_selected=Glfw; headless_no_glfw=OFF
-- Found Python3: /home/alex/miniconda3/bin/python3 (found version "3.12.9") found components: Interpreter 
-- Configuring done (8.2s)
-- Generating done (0.1s)
-- Build files have been written to: /tmp/intrinsic-geometry-e2e.GJlhXS/build/ci-asan
[0/2] Re-checking globbed directories...
[1/350] Scanning /tmp/intrinsic-geometry-e2e.GJlhXS/src/core/Core.FrameLoop.cpp for CXX dependencies
[2/350] Scanning /tmp/intrinsic-geometry-e2e.GJlhXS/src/core/Core.Dag.Scheduler.Hazards.cpp for CXX dependencies
[3/350] Scanning /tmp/intrinsic-geometry-e2e.GJlhXS/src/core/Core.Tasks.Stats.cpp for CXX dependencies
[4/350] Scanning /tmp/intrinsic-geometry-e2e.GJlhXS/src/core/Core.Tasks.Job.cpp for CXX dependencies
[5/350] Scanning /tmp/intrinsic-geometry-e2e.GJlhXS/src/core/Core.FrameGraph.cpp for CXX dependencies
[6/350] Scanning /tmp/intrinsic-geometry-e2e.GJlhXS/src/core/Core.Filesystem.PathResolver.cpp for CXX dependencies
[7/350] Scanning /tmp/intrinsic-geometry-e2e.GJlhXS/src/core/Core.Dag.Scheduler.cpp for CXX dependencies
[8/350] Scanning /tmp/intrinsic-geometry-e2e.GJlhXS/src/core/Core.Process.cpp for CXX dependencies
[9/350] Scanning /tmp/intrinsic-geometry-e2e.GJlhXS/src/core/Core.Tasks.Lifecycle.cpp for CXX dependencies
[10/350] Scanning /tmp/intrinsic-geometry-e2e.GJlhXS/src/core/Core.Logging.cpp for CXX dependencies
[11/350] Scanning /tmp/intrinsic-geometry-e2e.GJlhXS/src/core/Core.Tasks.CounterEvent.cpp for CXX dependencies
[12/350] Scanning /tmp/intrinsic-geometry-e2e.GJlhXS/src/core/Core.Filesystem.cpp for CXX dependencies
[13/350] Scanning /tmp/intrinsic-geometry-e2e.GJlhXS/src/core/Core.Dag.TaskGraph.cpp for CXX dependencies
[14/350] Scanning /tmp/intrinsic-geometry-e2e.GJlhXS/src/core/Core.BoundedHeap.cppm for CXX dependencies
[15/350] Scanning /tmp/intrinsic-geometry-e2e.GJlhXS/src/core/Core.Tasks.Dispatch.cpp for CXX dependencies
[16/350] Scanning /tmp/intrinsic-geometry-e2e.GJlhXS/src/core/Core.Dag.Scheduler.Policy.cppm for CXX dependencies
[17/350] Scanning /tmp/intrinsic-geometry-e2e.GJlhXS/src/core/Core.Config.EngineLoad.cpp for CXX dependencies
[18/350] Scanning /tmp/intrinsic-geometry-e2e.GJlhXS/src/core/Core.Tasks.Worker.cpp for CXX dependencies
[19/350] Scanning /tmp/intrinsic-geometry-e2e.GJlhXS/src/core/Core.IOBackend.cpp for CXX dependencies
[20/350] Scanning /tmp/intrinsic-geometry-e2e.GJlhXS/src/core/Core.Telemetry.cpp for CXX dependencies
[21/350] Scanning /tmp/intrinsic-geometry-e2e.GJlhXS/src/core/Core.Dag.Scheduler.Hazards.cppm for CXX dependencies
[22/350] Scanning /tmp/intrinsic-geometry-e2e.GJlhXS/src/core/Core.Tasks.WaitToken.cpp for CXX dependencies
[23/350] Scanning /tmp/intrinsic-geometry-e2e.GJlhXS/src/core/Core.Config.Render.cppm for CXX dependencies
[24/350] Scanning /tmp/intrinsic-geometry-e2e.GJlhXS/src/core/Core.Dag.Scheduler.Compiler.cppm for CXX dependencies
[25/350] Scanning /tmp/intrinsic-geometry-e2e.GJlhXS/src/core/Core.Dag.Scheduler.Types.cppm for CXX dependencies
[26/350] Scanning /tmp/intrinsic-geometry-e2e.GJlhXS/src/core/Core.IndexedHeap.cppm for CXX dependencies
[27/350] Scanning /tmp/intrinsic-geometry-e2e.GJlhXS/src/core/Core.Config.Engine.cppm for CXX dependencies
[28/350] Scanning /tmp/intrinsic-geometry-e2e.GJlhXS/src/core/Core.Config.Window.cppm for CXX dependencies
[29/350] Scanning /tmp/intrinsic-geometry-e2e.GJlhXS/src/core/Core.Config.EngineLoad.cppm for CXX dependencies
[30/350] Scanning /tmp/intrinsic-geometry-e2e.GJlhXS/src/core/Core.Geometry2D.cppm for CXX dependencies
[31/350] Scanning /tmp/intrinsic-geometry-e2e.GJlhXS/src/core/Core.FrameLoop.cppm for CXX dependencies
[32/350] Scanning /tmp/intrinsic-geometry-e2e.GJlhXS/src/core/Core.IOBackend.cppm for CXX dependencies
[33/350] Scanning /tmp/intrinsic-geometry-e2e.GJlhXS/src/core/Core.RingBuffer.cppm for CXX dependencies
[34/350] Scanning /tmp/intrinsic-geometry-e2e.GJlhXS/src/core/Core.Error.cppm for CXX dependencies
[35/350] Scanning /tmp/intrinsic-geometry-e2e.GJlhXS/src/core/Core.HandleLease.cppm for CXX dependencies
[36/350] Scanning /tmp/intrinsic-geometry-e2e.GJlhXS/src/core/Core.Dag.TaskGraph.cppm for CXX dependencies
[37/350] Scanning /tmp/intrinsic-geometry-e2e.GJlhXS/src/core/Core.ResourcePool.cppm for CXX dependencies
[38/350] Scanning /tmp/intrinsic-geometry-e2e.GJlhXS/src/core/Core.Dag.Scheduler.DomainGraph.cppm for CXX dependencies
[39/350] Scanning /tmp/intrinsic-geometry-e2e.GJlhXS/src/core/Core.FrameGraph.cppm for CXX dependencies
[40/350] Scanning /tmp/intrinsic-geometry-e2e.GJlhXS/src/core/Core.Process.cppm for CXX dependencies
[41/350] Scanning /tmp/intrinsic-geometry-e2e.GJlhXS/src/core/Core.Dag.Scheduler.cppm for CXX dependencies
[42/350] Scanning /tmp/intrinsic-geometry-e2e.GJlhXS/src/core/Core.CallbackRegistry.cppm for CXX dependencies
[43/350] Scanning /tmp/intrinsic-geometry-e2e.GJlhXS/src/core/Core.Hash.cppm for CXX dependencies
[44/350] Scanning /tmp/intrinsic-geometry-e2e.GJlhXS/src/core/Core.Telemetry.cppm for CXX dependencies
[45/350] Scanning /tmp/intrinsic-geometry-e2e.GJlhXS/src/core/Core.FrameClock.cppm for CXX dependencies
[46/350] Scanning /tmp/intrinsic-geometry-e2e.GJlhXS/src/core/Core.Memory.ScopeStack.cpp for CXX dependencies
[47/350] Scanning /tmp/intrinsic-geometry-e2e.GJlhXS/src/core/Core.Logging.cppm for CXX dependencies
[48/350] Scanning /tmp/intrinsic-geometry-e2e.GJlhXS/src/core/Core.Filesystem.PathResolver.cppm for CXX dependencies
[49/350] Scanning /tmp/intrinsic-geometry-e2e.GJlhXS/src/core/Core.StrongHandle.cppm for CXX dependencies
[50/350] Scanning /tmp/intrinsic-geometry-e2e.GJlhXS/src/core/Core.LockFreeQueue.cppm for CXX dependencies
[51/350] Scanning /tmp/intrinsic-geometry-e2e.GJlhXS/src/core/Core.Memory.Common.cppm for CXX dependencies
[52/350] Scanning /tmp/intrinsic-geometry-e2e.GJlhXS/src/core/Core.Memory.Polymorphic.cpp for CXX dependencies
[53/350] Scanning /tmp/intrinsic-geometry-e2e.GJlhXS/src/core/Core.Filesystem.cppm for CXX dependencies
[54/350] Scanning /tmp/intrinsic-geometry-e2e.GJlhXS/src/core/Core.Tasks.CounterEvent.cppm for CXX dependencies
[55/350] Scanning /tmp/intrinsic-geometry-e2e.GJlhXS/src/core/Core.Memory.Polymorphic.cppm for CXX dependencies
[56/350] Scanning /tmp/intrinsic-geometry-e2e.GJlhXS/src/core/Core.Tasks.cppm for CXX dependencies
[57/350] Scanning /tmp/intrinsic-geometry-e2e.GJlhXS/src/core/Core.Tasks.LocalTask.cppm for CXX dependencies
[58/350] Scanning /tmp/intrinsic-geometry-e2e.GJlhXS/src/core/Core.Tasks.LocalTask.cpp for CXX dependencies
[59/350] Scanning /tmp/intrinsic-geometry-e2e.GJlhXS/src/core/Core.Memory.LinearArena.cpp for CXX dependencies
[60/350] Scanning /tmp/intrinsic-geometry-e2e.GJlhXS/src/core/Core.Tasks.Internal.cppm for CXX dependencies
[61/350] Scanning /tmp/intrinsic-geometry-e2e.GJlhXS/src/core/Core.Memory.ScopeStack.cppm for CXX dependencies
[62/350] Scanning /tmp/intrinsic-geometry-e2e.GJlhXS/src/core/Core.Memory.LinearArena.cppm for CXX dependencies
[63/350] Scanning /tmp/intrinsic-geometry-e2e.GJlhXS/src/geometry/Geometry.AABB.cpp for CXX dependencies
[64/350] Scanning /tmp/intrinsic-geometry-e2e.GJlhXS/src/core/Core.Tasks.Internal.cpp for CXX dependencies
[65/350] Scanning /tmp/intrinsic-geometry-e2e.GJlhXS/src/geometry/Geometry.BVH.cpp for CXX dependencies
[66/350] Scanning /tmp/intrinsic-geometry-e2e.GJlhXS/src/geometry/Geometry.Containment.cpp for CXX dependencies
[67/350] Scanning /tmp/intrinsic-geometry-e2e.GJlhXS/src/geometry/Geometry.Capsule.cpp for CXX dependencies
[68/350] Scanning /tmp/intrinsic-geometry-e2e.GJlhXS/src/geometry/Geometry.ContactManifold.cpp for CXX dependencies
[69/350] Scanning /tmp/intrinsic-geometry-e2e.GJlhXS/src/geometry/Geometry.ConvexHull.cpp for CXX dependencies
[70/350] Scanning /tmp/intrinsic-geometry-e2e.GJlhXS/src/geometry/Geometry.Curve.cpp for CXX dependencies
[71/350] Scanning /tmp/intrinsic-geometry-e2e.GJlhXS/src/geometry/Geometry.ConvexHullBuilder.cpp for CXX dependencies
[72/350] Generating CXX dyndep file src/core/CMakeFiles/ExtrinsicCore.dir/CXX.dd
[73/350] Scanning /tmp/intrinsic-geometry-e2e.GJlhXS/src/geometry/Geometry.Ellipsoid.cpp for CXX dependencies
[74/350] Scanning /tmp/intrinsic-geometry-e2e.GJlhXS/src/geometry/Geometry.Frustum.cpp for CXX dependencies
[75/350] Scanning /tmp/intrinsic-geometry-e2e.GJlhXS/src/geometry/Geometry.Cylinder.cpp for CXX dependencies
[76/350] Scanning /tmp/intrinsic-geometry-e2e.GJlhXS/src/geometry/Geometry.FixedPoint.Anderson.cpp for CXX dependencies
[77/350] Scanning /tmp/intrinsic-geometry-e2e.GJlhXS/src/geometry/Geometry.Grid.cpp for CXX dependencies
[78/350] Scanning /tmp/intrinsic-geometry-e2e.GJlhXS/src/geometry/Geometry.GaussianMixture.cpp for CXX dependencies
[79/350] Scanning /tmp/intrinsic-geometry-e2e.GJlhXS/src/geometry/Geometry.GJK.cpp for CXX dependencies
[80/350] Scanning /tmp/intrinsic-geometry-e2e.GJlhXS/src/geometry/Geometry.EPA.cpp for CXX dependencies
[81/350] Scanning /tmp/intrinsic-geometry-e2e.GJlhXS/src/geometry/Geometry.Graph.ShortestPath.cpp for CXX dependencies
[82/350] Scanning /tmp/intrinsic-geometry-e2e.GJlhXS/src/geometry/Geometry.Graph.Utils.cpp for CXX dependencies
[83/350] Scanning /tmp/intrinsic-geometry-e2e.GJlhXS/src/geometry/Geometry.Graph.IO.cpp for CXX dependencies
[84/350] Scanning /tmp/intrinsic-geometry-e2e.GJlhXS/src/geometry/Geometry.HalfedgeMesh.AdaptiveRemeshing.cpp for CXX dependencies
[85/350] Scanning /tmp/intrinsic-geometry-e2e.GJlhXS/src/geometry/Geometry.Graph.Vertex.Normals.cpp for CXX dependencies
[86/350] Scanning /tmp/intrinsic-geometry-e2e.GJlhXS/src/geometry/Geometry.HalfedgeMesh.Boundary.cpp for CXX dependencies
[87/350] Scanning /tmp/intrinsic-geometry-e2e.GJlhXS/src/geometry/Geometry.HalfedgeMesh.Boolean.cpp for CXX dependencies
[88/350] Scanning /tmp/intrinsic-geometry-e2e.GJlhXS/src/geometry/Geometry.HalfedgeMesh.Curvature.cpp for CXX dependencies
[89/350] Scanning /tmp/intrinsic-geometry-e2e.GJlhXS/src/geometry/Geometry.Graph.cpp for CXX dependencies
[90/350] Scanning /tmp/intrinsic-geometry-e2e.GJlhXS/src/geometry/Geometry.HalfedgeMesh.CatmullClark.cpp for CXX dependencies
[91/350] Scanning /tmp/intrinsic-geometry-e2e.GJlhXS/src/geometry/Geometry.HalfedgeMesh.Analysis.cpp for CXX dependencies
[92/350] Scanning /tmp/intrinsic-geometry-e2e.GJlhXS/src/geometry/Geometry.HalfedgeMesh.DEC.cpp for CXX dependencies
[93/350] Scanning /tmp/intrinsic-geometry-e2e.GJlhXS/src/geometry/Geometry.HalfedgeMesh.Builder.cpp for CXX dependencies
[94/350] Scanning /tmp/intrinsic-geometry-e2e.GJlhXS/src/geometry/Geometry.HalfedgeMesh.Parameterization.cpp for CXX dependencies
[95/350] Scanning /tmp/intrinsic-geometry-e2e.GJlhXS/src/geometry/Geometry.HalfedgeMesh.Geodesic.cpp for CXX dependencies
[96/350] Scanning /tmp/intrinsic-geometry-e2e.GJlhXS/src/geometry/Geometry.HalfedgeMesh.Quality.cpp for CXX dependencies
[97/350] Scanning /tmp/intrinsic-geometry-e2e.GJlhXS/src/geometry/Geometry.HalfedgeMesh.Remeshing.cpp for CXX dependencies
[98/350] Scanning /tmp/intrinsic-geometry-e2e.GJlhXS/src/geometry/Geometry.HalfedgeMesh.IO.cpp for CXX dependencies
[99/350] Scanning /tmp/intrinsic-geometry-e2e.GJlhXS/src/geometry/Geometry.HalfedgeMesh.SignedHeatMethod.cpp for CXX dependencies
[100/350] Scanning /tmp/intrinsic-geometry-e2e.GJlhXS/src/geometry/Geometry.HalfedgeMesh.Repair.cpp for CXX dependencies
[101/350] Scanning /tmp/intrinsic-geometry-e2e.GJlhXS/src/geometry/Geometry.HalfedgeMesh.Smoothing.cpp for CXX dependencies
[102/350] Scanning /tmp/intrinsic-geometry-e2e.GJlhXS/src/geometry/Geometry.HalfedgeMesh.Simplification.cpp for CXX dependencies
[103/350] Scanning /tmp/intrinsic-geometry-e2e.GJlhXS/src/geometry/Geometry.HalfedgeMesh.Subdivision.cpp for CXX dependencies
[104/350] Scanning /tmp/intrinsic-geometry-e2e.GJlhXS/src/geometry/Geometry.HalfedgeMesh.SubdivisionSqrt3.cpp for CXX dependencies
[105/350] Scanning /tmp/intrinsic-geometry-e2e.GJlhXS/src/geometry/Geometry.ImplicitPlaneField.cpp for CXX dependencies
[106/350] Scanning /tmp/intrinsic-geometry-e2e.GJlhXS/src/geometry/Geometry.HalfedgeMesh.VectorHeatMethod.cpp for CXX dependencies
[107/350] Scanning /tmp/intrinsic-geometry-e2e.GJlhXS/src/geometry/Geometry.HalfedgeMesh.Utils.cpp for CXX dependencies
[108/350] Scanning /tmp/intrinsic-geometry-e2e.GJlhXS/src/geometry/Geometry.HalfedgeMesh.Vertices.Normals.cpp for CXX dependencies
[109/350] Scanning /tmp/intrinsic-geometry-e2e.GJlhXS/src/geometry/Geometry.HtexPatch.cpp for CXX dependencies
[110/350] Scanning /tmp/intrinsic-geometry-e2e.GJlhXS/src/geometry/Geometry.KDTree.cpp for CXX dependencies
[111/350] Scanning /tmp/intrinsic-geometry-e2e.GJlhXS/src/geometry/Geometry.MarchingCubes.cpp for CXX dependencies
[112/350] Scanning /tmp/intrinsic-geometry-e2e.GJlhXS/src/geometry/Geometry.KMeans.cpp for CXX dependencies
[113/350] Scanning /tmp/intrinsic-geometry-e2e.GJlhXS/src/geometry/Geometry.OBB.cpp for CXX dependencies
[114/350] Scanning /tmp/intrinsic-geometry-e2e.GJlhXS/src/geometry/Geometry.MeshSoup.cpp for CXX dependencies
[115/350] Scanning /tmp/intrinsic-geometry-e2e.GJlhXS/src/geometry/Geometry.Octree.cpp for CXX dependencies
[116/350] Scanning /tmp/intrinsic-geometry-e2e.GJlhXS/src/geometry/Geometry.HalfedgeMesh.cpp for CXX dependencies
[117/350] Scanning /tmp/intrinsic-geometry-e2e.GJlhXS/src/geometry/Geometry.MeshClosestFace.cpp for CXX dependencies
[118/350] Scanning /tmp/intrinsic-geometry-e2e.GJlhXS/src/geometry/Geometry.Mesh.Conversion.cpp for CXX dependencies
[119/350] Scanning /tmp/intrinsic-geometry-e2e.GJlhXS/src/geometry/Geometry.PCA.cpp for CXX dependencies
[120/350] Scanning /tmp/intrinsic-geometry-e2e.GJlhXS/src/geometry/Geometry.Linalg.cpp for CXX dependencies
[121/350] Scanning /tmp/intrinsic-geometry-e2e.GJlhXS/src/geometry/Geometry.Overlap.cpp for CXX dependencies
[122/350] Scanning /tmp/intrinsic-geometry-e2e.GJlhXS/src/geometry/Geometry.Parameterization.Harmonic.cpp for CXX dependencies
[123/350] Scanning /tmp/intrinsic-geometry-e2e.GJlhXS/src/geometry/Geometry.Plane.cpp for CXX dependencies
[124/350] Scanning /tmp/intrinsic-geometry-e2e.GJlhXS/src/geometry/Geometry.Parameterization.Diagnostics.cpp for CXX dependencies
[125/350] Scanning /tmp/intrinsic-geometry-e2e.GJlhXS/src/geometry/Geometry.PointCloud.Conversion.cpp for CXX dependencies
[126/350] Scanning /tmp/intrinsic-geometry-e2e.GJlhXS/src/geometry/Geometry.PointCloud.Kernels.cpp for CXX dependencies
[127/350] Scanning /tmp/intrinsic-geometry-e2e.GJlhXS/src/geometry/Geometry.PointCloud.Normals.cpp for CXX dependencies
[128/350] Scanning /tmp/intrinsic-geometry-e2e.GJlhXS/src/geometry/Geometry.Parameterization.Bff.cpp for CXX dependencies
[129/350] Scanning /tmp/intrinsic-geometry-e2e.GJlhXS/src/geometry/Geometry.PointCloud.IO.cpp for CXX dependencies
[130/350] Scanning /tmp/intrinsic-geometry-e2e.GJlhXS/src/geometry/Geometry.PointCloud.QualityMetrics.cpp for CXX dependencies
[131/350] Scanning /tmp/intrinsic-geometry-e2e.GJlhXS/src/geometry/Geometry.PointCloud.Utils.cpp for CXX dependencies
[132/350] Scanning /tmp/intrinsic-geometry-e2e.GJlhXS/src/geometry/Geometry.PointCloud.SurfaceSampling.cpp for CXX dependencies
[133/350] Scanning /tmp/intrinsic-geometry-e2e.GJlhXS/src/geometry/Geometry.Robust.cpp for CXX dependencies
[134/350] Scanning /tmp/intrinsic-geometry-e2e.GJlhXS/src/geometry/Geometry.PointCloud.cpp for CXX dependencies
[135/350] Scanning /tmp/intrinsic-geometry-e2e.GJlhXS/src/geometry/Geometry.Queries.cpp for CXX dependencies
[136/350] Scanning /tmp/intrinsic-geometry-e2e.GJlhXS/src/geometry/Geometry.Registration.cpp for CXX dependencies
[137/350] Scanning /tmp/intrinsic-geometry-e2e.GJlhXS/src/geometry/Geometry.RobustPredicates.cpp for CXX dependencies
[138/350] Scanning /tmp/intrinsic-geometry-e2e.GJlhXS/src/geometry/Geometry.Properties.cpp for CXX dependencies
[139/350] Scanning /tmp/intrinsic-geometry-e2e.GJlhXS/src/geometry/Geometry.Quadric.cpp for CXX dependencies
[140/350] Scanning /tmp/intrinsic-geometry-e2e.GJlhXS/src/geometry/Geometry.Raycast.cpp for CXX dependencies
[141/350] Scanning /tmp/intrinsic-geometry-e2e.GJlhXS/src/geometry/Geometry.RotationAveraging.cpp for CXX dependencies
[142/350] Scanning /tmp/intrinsic-geometry-e2e.GJlhXS/src/geometry/Geometry.Rotation.cpp for CXX dependencies
[143/350] Scanning /tmp/intrinsic-geometry-e2e.GJlhXS/src/geometry/Geometry.PointCloud.Features.cpp for CXX dependencies
[144/350] Scanning /tmp/intrinsic-geometry-e2e.GJlhXS/src/geometry/Geometry.Sampling.cpp for CXX dependencies
[145/350] Scanning /tmp/intrinsic-geometry-e2e.GJlhXS/src/geometry/Geometry.SDF.cpp for CXX dependencies
[146/350] Scanning /tmp/intrinsic-geometry-e2e.GJlhXS/src/geometry/Geometry.Segment.cpp for CXX dependencies
[147/350] Scanning /tmp/intrinsic-geometry-e2e.GJlhXS/src/geometry/Geometry.Statistics.cpp for CXX dependencies
[148/350] Scanning /tmp/intrinsic-geometry-e2e.GJlhXS/src/geometry/Geometry.Sphere.Sampling.cpp for CXX dependencies
[149/350] Scanning /tmp/intrinsic-geometry-e2e.GJlhXS/src/geometry/Geometry.Sphere.cpp for CXX dependencies
[150/350] Scanning /tmp/intrinsic-geometry-e2e.GJlhXS/src/geometry/Geometry.BVH.cppm for CXX dependencies
[151/350] Scanning /tmp/intrinsic-geometry-e2e.GJlhXS/src/geometry/Geometry.Support.cpp for CXX dependencies
[152/350] Scanning /tmp/intrinsic-geometry-e2e.GJlhXS/src/geometry/Geometry.AABB.cppm for CXX dependencies
[153/350] Scanning /tmp/intrinsic-geometry-e2e.GJlhXS/src/geometry/Geometry.Circulators.cppm for CXX dependencies
[154/350] Scanning /tmp/intrinsic-geometry-e2e.GJlhXS/src/geometry/Geometry.UvAtlas.cpp for CXX dependencies
[155/350] Scanning /tmp/intrinsic-geometry-e2e.GJlhXS/src/geometry/Geometry.Capsule.cppm for CXX dependencies
[156/350] Scanning /tmp/intrinsic-geometry-e2e.GJlhXS/src/geometry/Geometry.Validation.cpp for CXX dependencies
[157/350] Scanning /tmp/intrinsic-geometry-e2e.GJlhXS/src/geometry/Geometry.ConvexHull.cppm for CXX dependencies
[158/350] Scanning /tmp/intrinsic-geometry-e2e.GJlhXS/src/geometry/Geometry.Triangle.cpp for CXX dependencies
[159/350] Scanning /tmp/intrinsic-geometry-e2e.GJlhXS/src/geometry/Geometry.ConvexHullBuilder.cppm for CXX dependencies
[160/350] Scanning /tmp/intrinsic-geometry-e2e.GJlhXS/src/geometry/Geometry.SurfaceReconstruction.cpp for CXX dependencies
[161/350] Scanning /tmp/intrinsic-geometry-e2e.GJlhXS/src/geometry/Geometry.ContactManifold.cppm for CXX dependencies
[162/350] Scanning /tmp/intrinsic-geometry-e2e.GJlhXS/src/geometry/Geometry.Curve.cppm for CXX dependencies
[163/350] Scanning /tmp/intrinsic-geometry-e2e.GJlhXS/src/geometry/Geometry.Cylinder.cppm for CXX dependencies
[164/350] Scanning /tmp/intrinsic-geometry-e2e.GJlhXS/src/geometry/Geometry.Containment.cppm for CXX dependencies
[165/350] Scanning /tmp/intrinsic-geometry-e2e.GJlhXS/src/geometry/Geometry.FixedPoint.Anderson.cppm for CXX dependencies
[166/350] Scanning /tmp/intrinsic-geometry-e2e.GJlhXS/src/geometry/Geometry.Graph.ShortestPath.cppm for CXX dependencies
[167/350] Scanning /tmp/intrinsic-geometry-e2e.GJlhXS/src/geometry/Geometry.Sparse.cpp for CXX dependencies
[168/350] Scanning /tmp/intrinsic-geometry-e2e.GJlhXS/src/geometry/Geometry.HalfedgeMesh.Boolean.cppm for CXX dependencies
[169/350] Scanning /tmp/intrinsic-geometry-e2e.GJlhXS/src/geometry/Geometry.Frustum.cppm for CXX dependencies
[170/350] Scanning /tmp/intrinsic-geometry-e2e.GJlhXS/src/geometry/Geometry.GaussianMixture.cppm for CXX dependencies
[171/350] Scanning /tmp/intrinsic-geometry-e2e.GJlhXS/src/geometry/Geometry.Graph.IO.cppm for CXX dependencies
[172/350] Scanning /tmp/intrinsic-geometry-e2e.GJlhXS/src/geometry/Geometry.GJK.cppm for CXX dependencies
[173/350] Scanning /tmp/intrinsic-geometry-e2e.GJlhXS/src/geometry/Geometry.DomainViews.cppm for CXX dependencies
[174/350] Scanning /tmp/intrinsic-geometry-e2e.GJlhXS/src/geometry/Geometry.EPA.cppm for CXX dependencies
[175/350] Scanning /tmp/intrinsic-geometry-e2e.GJlhXS/src/geometry/Geometry.HalfedgeMesh.Builder.cppm for CXX dependencies
[176/350] Scanning /tmp/intrinsic-geometry-e2e.GJlhXS/src/geometry/Geometry.Ellipsoid.cppm for CXX dependencies
[177/350] Scanning /tmp/intrinsic-geometry-e2e.GJlhXS/src/geometry/Geometry.HalfedgeMesh.Boundary.cppm for CXX dependencies
[178/350] Scanning /tmp/intrinsic-geometry-e2e.GJlhXS/src/geometry/Geometry.Graph.Utils.cppm for CXX dependencies
[179/350] Scanning /tmp/intrinsic-geometry-e2e.GJlhXS/src/geometry/Geometry.Graph.Vertex.Normals.cppm for CXX dependencies
[180/350] Scanning /tmp/intrinsic-geometry-e2e.GJlhXS/src/geometry/Geometry.HalfedgeMesh.Analysis.cppm for CXX dependencies
[181/350] Scanning /tmp/intrinsic-geometry-e2e.GJlhXS/src/geometry/Geometry.HalfedgeMesh.Remeshing.cppm for CXX dependencies
[182/350] Scanning /tmp/intrinsic-geometry-e2e.GJlhXS/src/geometry/Geometry.HalfedgeMesh.DEC.cppm for CXX dependencies
[183/350] Scanning /tmp/intrinsic-geometry-e2e.GJlhXS/src/geometry/Geometry.HalfedgeMesh.Geodesic.cppm for CXX dependencies
[184/350] Scanning /tmp/intrinsic-geometry-e2e.GJlhXS/src/geometry/Geometry.HalfedgeMesh.SignedHeatMethod.cppm for CXX dependencies
[185/350] Scanning /tmp/intrinsic-geometry-e2e.GJlhXS/src/geometry/Geometry.HalfedgeMesh.CatmullClark.cppm for CXX dependencies
[186/350] Scanning /tmp/intrinsic-geometry-e2e.GJlhXS/src/geometry/Geometry.HalfedgeMesh.Quality.cppm for CXX dependencies
[187/350] Scanning /tmp/intrinsic-geometry-e2e.GJlhXS/src/geometry/Geometry.HalfedgeMesh.AdaptiveRemeshing.cppm for CXX dependencies
[188/350] Scanning /tmp/intrinsic-geometry-e2e.GJlhXS/src/geometry/Geometry.HalfedgeMesh.Curvature.cppm for CXX dependencies
[189/350] Scanning /tmp/intrinsic-geometry-e2e.GJlhXS/src/geometry/Geometry.Graph.cppm for CXX dependencies
[190/350] Scanning /tmp/intrinsic-geometry-e2e.GJlhXS/src/geometry/Geometry.Grid.cppm for CXX dependencies
[191/350] Scanning /tmp/intrinsic-geometry-e2e.GJlhXS/src/geometry/Geometry.HalfedgeMesh.Simplification.cppm for CXX dependencies
[192/350] Scanning /tmp/intrinsic-geometry-e2e.GJlhXS/src/geometry/Geometry.HalfedgeMesh.Parameterization.cppm for CXX dependencies
[193/350] Scanning /tmp/intrinsic-geometry-e2e.GJlhXS/src/geometry/Geometry.HalfedgeMesh.IO.cppm for CXX dependencies
[194/350] Scanning /tmp/intrinsic-geometry-e2e.GJlhXS/src/geometry/Geometry.HalfedgeMesh.SubdivisionSqrt3.cppm for CXX dependencies
[195/350] Scanning /tmp/intrinsic-geometry-e2e.GJlhXS/src/geometry/Geometry.HalfedgeMesh.Repair.cppm for CXX dependencies
[196/350] Scanning /tmp/intrinsic-geometry-e2e.GJlhXS/src/geometry/Geometry.HalfedgeMesh.Smoothing.cppm for CXX dependencies
[197/350] Scanning /tmp/intrinsic-geometry-e2e.GJlhXS/src/geometry/Geometry.HalfedgeMesh.Subdivision.cppm for CXX dependencies
[198/350] Scanning /tmp/intrinsic-geometry-e2e.GJlhXS/src/geometry/Geometry.IO.cppm for CXX dependencies
[199/350] Scanning /tmp/intrinsic-geometry-e2e.GJlhXS/src/geometry/Geometry.HalfedgeMesh.Utils.cppm for CXX dependencies
[200/350] Scanning /tmp/intrinsic-geometry-e2e.GJlhXS/src/geometry/Geometry.LinearSolver.cppm for CXX dependencies
[201/350] Scanning /tmp/intrinsic-geometry-e2e.GJlhXS/src/geometry/Geometry.HalfedgeMesh.Vertices.Normals.cppm for CXX dependencies
[202/350] Scanning /tmp/intrinsic-geometry-e2e.GJlhXS/src/geometry/Geometry.HtexPatch.cppm for CXX dependencies
[203/350] Scanning /tmp/intrinsic-geometry-e2e.GJlhXS/src/geometry/Geometry.HalfedgeMesh.VectorHeatMethod.cppm for CXX dependencies
[204/350] Scanning /tmp/intrinsic-geometry-e2e.GJlhXS/src/geometry/Geometry.Mesh.Conversion.cppm for CXX dependencies
[205/350] Scanning /tmp/intrinsic-geometry-e2e.GJlhXS/src/geometry/Geometry.MeshOperator.cppm for CXX dependencies
[206/350] Scanning /tmp/intrinsic-geometry-e2e.GJlhXS/src/geometry/Geometry.KMeans.cppm for CXX dependencies
[207/350] Scanning /tmp/intrinsic-geometry-e2e.GJlhXS/src/geometry/Geometry.KDTree.cppm for CXX dependencies
[208/350] Scanning /tmp/intrinsic-geometry-e2e.GJlhXS/src/geometry/Geometry.IntersectionClassification.cppm for CXX dependencies
[209/350] Scanning /tmp/intrinsic-geometry-e2e.GJlhXS/src/geometry/Geometry.HalfedgeMesh.cppm for CXX dependencies
[210/350] Scanning /tmp/intrinsic-geometry-e2e.GJlhXS/src/geometry/Geometry.MarchingCubes.cppm for CXX dependencies
[211/350] Scanning /tmp/intrinsic-geometry-e2e.GJlhXS/src/geometry/Geometry.ImplicitPlaneField.cppm for CXX dependencies
[212/350] Scanning /tmp/intrinsic-geometry-e2e.GJlhXS/src/geometry/Geometry.OBB.cppm for CXX dependencies
[213/350] Scanning /tmp/intrinsic-geometry-e2e.GJlhXS/src/geometry/Geometry.MeshSoup.cppm for CXX dependencies
[214/350] Scanning /tmp/intrinsic-geometry-e2e.GJlhXS/src/geometry/Geometry.MeshClosestFace.cppm for CXX dependencies
[215/350] Scanning /tmp/intrinsic-geometry-e2e.GJlhXS/src/geometry/Geometry.Parameterization.Diagnostics.cppm for CXX dependencies
[216/350] Scanning /tmp/intrinsic-geometry-e2e.GJlhXS/src/geometry/Geometry.Octree.cppm for CXX dependencies
[217/350] Scanning /tmp/intrinsic-geometry-e2e.GJlhXS/src/geometry/Geometry.Overlap.cppm for CXX dependencies
[218/350] Scanning /tmp/intrinsic-geometry-e2e.GJlhXS/src/geometry/Geometry.PointCloud.Conversion.cppm for CXX dependencies
[219/350] Scanning /tmp/intrinsic-geometry-e2e.GJlhXS/src/geometry/Geometry.PointCloud.IO.cppm for CXX dependencies
[220/350] Scanning /tmp/intrinsic-geometry-e2e.GJlhXS/src/geometry/Geometry.PointCloud.SurfaceSampling.cppm for CXX dependencies
[221/350] Scanning /tmp/intrinsic-geometry-e2e.GJlhXS/src/geometry/Geometry.Parameterization.Bff.cppm for CXX dependencies
[222/350] Scanning /tmp/intrinsic-geometry-e2e.GJlhXS/src/geometry/Geometry.Linalg.cppm for CXX dependencies
[223/350] Scanning /tmp/intrinsic-geometry-e2e.GJlhXS/src/geometry/Geometry.Plane.cppm for CXX dependencies
[224/350] Scanning /tmp/intrinsic-geometry-e2e.GJlhXS/src/geometry/Geometry.PCA.cppm for CXX dependencies
[225/350] Scanning /tmp/intrinsic-geometry-e2e.GJlhXS/src/geometry/Geometry.PointCloud.Normals.cppm for CXX dependencies
[226/350] Scanning /tmp/intrinsic-geometry-e2e.GJlhXS/src/geometry/Geometry.PointCloud.Features.cppm for CXX dependencies
[227/350] Scanning /tmp/intrinsic-geometry-e2e.GJlhXS/src/geometry/Geometry.Robust.cppm for CXX dependencies
[228/350] Scanning /tmp/intrinsic-geometry-e2e.GJlhXS/src/geometry/Geometry.PointCloud.Kernels.cppm for CXX dependencies
[229/350] Scanning /tmp/intrinsic-geometry-e2e.GJlhXS/src/geometry/Geometry.PointCloud.Utils.cppm for CXX dependencies
[230/350] Scanning /tmp/intrinsic-geometry-e2e.GJlhXS/src/geometry/Geometry.Parameterization.Harmonic.cppm for CXX dependencies
[231/350] Scanning /tmp/intrinsic-geometry-e2e.GJlhXS/src/geometry/Geometry.Quadric.cppm for CXX dependencies
[232/350] Scanning /tmp/intrinsic-geometry-e2e.GJlhXS/src/geometry/Geometry.Queries.cppm for CXX dependencies
[233/350] Scanning /tmp/intrinsic-geometry-e2e.GJlhXS/src/geometry/Geometry.PointCloud.QualityMetrics.cppm for CXX dependencies
[234/350] Scanning /tmp/intrinsic-geometry-e2e.GJlhXS/src/geometry/Geometry.Registration.cppm for CXX dependencies
[235/350] Scanning /tmp/intrinsic-geometry-e2e.GJlhXS/src/geometry/Geometry.PointCloud.cppm for CXX dependencies
[236/350] Scanning /tmp/intrinsic-geometry-e2e.GJlhXS/src/geometry/Geometry.Rotation.cppm for CXX dependencies
[237/350] Scanning /tmp/intrinsic-geometry-e2e.GJlhXS/src/geometry/Geometry.RobustPredicates.cppm for CXX dependencies
[238/350] Scanning /tmp/intrinsic-geometry-e2e.GJlhXS/src/geometry/Geometry.RotationAveraging.cppm for CXX dependencies
[239/350] Scanning /tmp/intrinsic-geometry-e2e.GJlhXS/src/geometry/Geometry.Ray.cppm for CXX dependencies
[240/350] Scanning /tmp/intrinsic-geometry-e2e.GJlhXS/src/geometry/Geometry.Raycast.cppm for CXX dependencies
[241/350] Scanning /tmp/intrinsic-geometry-e2e.GJlhXS/src/geometry/Geometry.SpatialQueries.cppm for CXX dependencies
[242/350] Scanning /tmp/intrinsic-geometry-e2e.GJlhXS/src/geometry/Geometry.Properties.cppm for CXX dependencies
[243/350] Scanning /tmp/intrinsic-geometry-e2e.GJlhXS/src/geometry/Geometry.Sampling.cppm for CXX dependencies
[244/350] Scanning /tmp/intrinsic-geometry-e2e.GJlhXS/src/geometry/Geometry.Segment.cppm for CXX dependencies
[245/350] Scanning /tmp/intrinsic-geometry-e2e.GJlhXS/src/geometry/Geometry.HalfedgeMesh.Fwd.cppm for CXX dependencies
[246/350] Scanning /tmp/intrinsic-geometry-e2e.GJlhXS/src/geometry/Geometry.Graph.Fwd.cppm for CXX dependencies
[247/350] Scanning /tmp/intrinsic-geometry-e2e.GJlhXS/src/geometry/Geometry.SDFContact.cppm for CXX dependencies
[248/350] Scanning /tmp/intrinsic-geometry-e2e.GJlhXS/src/geometry/Geometry.SDF.cppm for CXX dependencies
[249/350] Scanning /tmp/intrinsic-geometry-e2e.GJlhXS/src/geometry/Geometry.PointCloud.Fwd.cppm for CXX dependencies
[250/350] Scanning /tmp/intrinsic-geometry-e2e.GJlhXS/src/geometry/Geometry.Sphere.cppm for CXX dependencies
[251/350] Scanning /tmp/intrinsic-geometry-e2e.GJlhXS/src/geometry/Geometry.Statistics.cppm for CXX dependencies
[252/350] Scanning /tmp/intrinsic-geometry-e2e.GJlhXS/src/geometry/Geometry.SurfaceReconstruction.cppm for CXX dependencies
[253/350] Scanning /tmp/intrinsic-geometry-e2e.GJlhXS/src/geometry/Geometry.Support.cppm for CXX dependencies
[254/350] Scanning /tmp/intrinsic-geometry-e2e.GJlhXS/src/geometry/Geometry.Triangle.cppm for CXX dependencies
[255/350] Scanning /tmp/intrinsic-geometry-e2e.GJlhXS/src/geometry/Geometry.UvAtlas.cppm for CXX dependencies
[256/350] Scanning /tmp/intrinsic-geometry-e2e.GJlhXS/src/geometry/Geometry.Sphere.Sampling.cppm for CXX dependencies
[257/350] Scanning /tmp/intrinsic-geometry-e2e.GJlhXS/src/geometry/Geometry.Sparse.cppm for CXX dependencies
[258/350] Scanning /tmp/intrinsic-geometry-e2e.GJlhXS/tests/unit/geometry/Test_Statistics.cpp for CXX dependencies
[259/350] Scanning /tmp/intrinsic-geometry-e2e.GJlhXS/tests/unit/geometry/Test_RobustKernels.cpp for CXX dependencies
[260/350] Scanning /tmp/intrinsic-geometry-e2e.GJlhXS/src/geometry/Geometry.Validation.cppm for CXX dependencies
[261/350] Scanning /tmp/intrinsic-geometry-e2e.GJlhXS/tests/unit/geometry/Test_Curve.cpp for CXX dependencies
[262/350] Scanning /tmp/intrinsic-geometry-e2e.GJlhXS/tests/unit/geometry/Test_MeshQuantities.cpp for CXX dependencies
[263/350] Scanning /tmp/intrinsic-geometry-e2e.GJlhXS/tests/unit/geometry/Test_RotationAveraging.cpp for CXX dependencies
[264/350] Scanning /tmp/intrinsic-geometry-e2e.GJlhXS/tests/unit/geometry/Test_MeshClosestFace.cpp for CXX dependencies
[265/350] Scanning /tmp/intrinsic-geometry-e2e.GJlhXS/tests/unit/geometry/Test_LinalgEigenMap.cpp for CXX dependencies
[266/350] Scanning /tmp/intrinsic-geometry-e2e.GJlhXS/tests/unit/geometry/Test_RuntimeGraph.cpp for CXX dependencies
[267/350] Scanning /tmp/intrinsic-geometry-e2e.GJlhXS/tests/unit/geometry/Test_RuntimeGraphKNN.cpp for CXX dependencies
[268/350] Scanning /tmp/intrinsic-geometry-e2e.GJlhXS/tests/unit/geometry/Test_Rotation.cpp for CXX dependencies
[269/350] Scanning /tmp/intrinsic-geometry-e2e.GJlhXS/tests/unit/geometry/Test.GeometryProperties.cpp for CXX dependencies
[270/350] Scanning /tmp/intrinsic-geometry-e2e.GJlhXS/tests/unit/geometry/Test.GraphQueries.cpp for CXX dependencies
[271/350] Generating CXX dyndep file src/geometry/CMakeFiles/IntrinsicGeometry.dir/CXX.dd
[272/350] Scanning /tmp/intrinsic-geometry-e2e.GJlhXS/tests/unit/geometry/Test_AABBCubify.cpp for CXX dependencies
[273/350] Scanning /tmp/intrinsic-geometry-e2e.GJlhXS/tests/unit/geometry/Test_BezierCurve.cpp for CXX dependencies
[274/350] Scanning /tmp/intrinsic-geometry-e2e.GJlhXS/tests/unit/geometry/Test_Octree.cpp for CXX dependencies
[275/350] Scanning /tmp/intrinsic-geometry-e2e.GJlhXS/tests/unit/geometry/Test_KDTree.cpp for CXX dependencies
[276/350] Scanning /tmp/intrinsic-geometry-e2e.GJlhXS/tests/unit/geometry/Test_DEC.cpp for CXX dependencies
[277/350] Scanning /tmp/intrinsic-geometry-e2e.GJlhXS/tests/unit/geometry/Test_MeshOperations.cpp for CXX dependencies
[278/350] Scanning /tmp/intrinsic-geometry-e2e.GJlhXS/tests/unit/geometry/Test_BVH.cpp for CXX dependencies
[279/350] Scanning /tmp/intrinsic-geometry-e2e.GJlhXS/tests/unit/geometry/Test.MeshSoup.cpp for CXX dependencies
[280/350] Scanning /tmp/intrinsic-geometry-e2e.GJlhXS/tests/unit/geometry/Test_MeshBuilder.cpp for CXX dependencies
[281/350] Scanning /tmp/intrinsic-geometry-e2e.GJlhXS/tests/unit/geometry/Test.PointCloudConversion.cpp for CXX dependencies
[282/350] Scanning /tmp/intrinsic-geometry-e2e.GJlhXS/tests/unit/geometry/Test.GaussianMixture.cpp for CXX dependencies
[283/350] Scanning /tmp/intrinsic-geometry-e2e.GJlhXS/tests/unit/geometry/Test_SurfaceReconstruction.cpp for CXX dependencies
[284/350] Scanning /tmp/intrinsic-geometry-e2e.GJlhXS/tests/unit/geometry/Test_MeshAnalysis.cpp for CXX dependencies
[285/350] Scanning /tmp/intrinsic-geometry-e2e.GJlhXS/tests/unit/geometry/Test_MeshQuality.cpp for CXX dependencies
[286/350] Scanning /tmp/intrinsic-geometry-e2e.GJlhXS/tests/unit/geometry/Test_Parameterization.cpp for CXX dependencies
[287/350] Scanning /tmp/intrinsic-geometry-e2e.GJlhXS/tests/unit/geometry/Test.MeshConversion.cpp for CXX dependencies
[288/350] Scanning /tmp/intrinsic-geometry-e2e.GJlhXS/tests/unit/geometry/Test.HarmonicParameterization.cpp for CXX dependencies
[289/350] Scanning /tmp/intrinsic-geometry-e2e.GJlhXS/tests/unit/geometry/Test.BoundaryFirstFlattening.cpp for CXX dependencies
[290/350] Scanning /tmp/intrinsic-geometry-e2e.GJlhXS/tests/unit/geometry/Test.UvAtlas.cpp for CXX dependencies
[291/350] Scanning /tmp/intrinsic-geometry-e2e.GJlhXS/tests/unit/geometry/Test_GeometryProcessing.cpp for CXX dependencies
[292/350] Scanning /tmp/intrinsic-geometry-e2e.GJlhXS/tests/unit/geometry/Test.ParameterizationDiagnostics.cpp for CXX dependencies
[293/350] Scanning /tmp/intrinsic-geometry-e2e.GJlhXS/tests/unit/geometry/Test_AdaptiveRemeshing.cpp for CXX dependencies
[294/350] Scanning /tmp/intrinsic-geometry-e2e.GJlhXS/tests/unit/geometry/Test.ParameterizationDispatch.cpp for CXX dependencies
[295/350] Scanning /tmp/intrinsic-geometry-e2e.GJlhXS/tests/unit/geometry/Test_PointCloud.cpp for CXX dependencies
[296/350] Scanning /tmp/intrinsic-geometry-e2e.GJlhXS/tests/unit/geometry/Test_SphereFitting.cpp for CXX dependencies
[297/350] Scanning /tmp/intrinsic-geometry-e2e.GJlhXS/tests/unit/geometry/Test_ConvexHull.cpp for CXX dependencies
[298/350] Scanning /tmp/intrinsic-geometry-e2e.GJlhXS/tests/unit/geometry/Test_Boolean.cpp for CXX dependencies
[299/350] Scanning /tmp/intrinsic-geometry-e2e.GJlhXS/tests/unit/geometry/Test_MeshBoundary.cpp for CXX dependencies
[300/350] Scanning /tmp/intrinsic-geometry-e2e.GJlhXS/tests/unit/geometry/Test_TriangleMetrics.cpp for CXX dependencies
[301/350] Scanning /tmp/intrinsic-geometry-e2e.GJlhXS/tests/unit/geometry/Test_GeometryAttributePropagation.cpp for CXX dependencies
[302/350] Scanning /tmp/intrinsic-geometry-e2e.GJlhXS/tests/unit/geometry/Test_HalfedgeMeshPropertyAccess.cpp for CXX dependencies
[303/350] Scanning /tmp/intrinsic-geometry-e2e.GJlhXS/tests/unit/geometry/Test.HalfedgeMeshVertexNormals.cpp for CXX dependencies
[304/350] Scanning /tmp/intrinsic-geometry-e2e.GJlhXS/tests/unit/geometry/Test_HalfedgeMeshTopology.cpp for CXX dependencies
[305/350] Scanning /tmp/intrinsic-geometry-e2e.GJlhXS/tests/unit/geometry/Test_Validation.cpp for CXX dependencies
[306/350] Scanning /tmp/intrinsic-geometry-e2e.GJlhXS/tests/unit/geometry/Test_Curvature.cpp for CXX dependencies
[307/350] Scanning /tmp/intrinsic-geometry-e2e.GJlhXS/tests/unit/geometry/Test.CurvatureTensor.cpp for CXX dependencies
[308/350] Scanning /tmp/intrinsic-geometry-e2e.GJlhXS/tests/unit/geometry/Test.GraphVertexNormals.cpp for CXX dependencies
[309/350] Scanning /tmp/intrinsic-geometry-e2e.GJlhXS/tests/unit/geometry/Test.MeshTopologyUtilities.cpp for CXX dependencies
[310/350] Scanning /tmp/intrinsic-geometry-e2e.GJlhXS/tests/unit/geometry/Test_GeometryQueries.cpp for CXX dependencies
[311/350] Scanning /tmp/intrinsic-geometry-e2e.GJlhXS/tests/unit/geometry/Test_Raycast.cpp for CXX dependencies
[312/350] Scanning /tmp/intrinsic-geometry-e2e.GJlhXS/tests/unit/geometry/Test_PcaPrimitives.cpp for CXX dependencies
[313/350] Scanning /tmp/intrinsic-geometry-e2e.GJlhXS/tests/unit/geometry/Test_Overlap.cpp for CXX dependencies
[314/350] Scanning /tmp/intrinsic-geometry-e2e.GJlhXS/tests/unit/geometry/Test_Grid.cpp for CXX dependencies
[315/350] Scanning /tmp/intrinsic-geometry-e2e.GJlhXS/tests/unit/geometry/Test_MarchingCubes.cpp for CXX dependencies
[316/350] Scanning /tmp/intrinsic-geometry-e2e.GJlhXS/tests/unit/geometry/Test_ImplicitPlaneField.cpp for CXX dependencies
[317/350] Scanning /tmp/intrinsic-geometry-e2e.GJlhXS/tests/unit/geometry/Test_Support.cpp for CXX dependencies
[318/350] Scanning /tmp/intrinsic-geometry-e2e.GJlhXS/tests/unit/geometry/Test_Geodesic.cpp for CXX dependencies
[319/350] Scanning /tmp/intrinsic-geometry-e2e.GJlhXS/tests/unit/geometry/Test_Simplification.cpp for CXX dependencies
[320/350] Scanning /tmp/intrinsic-geometry-e2e.GJlhXS/tests/unit/geometry/Test_Containment.cpp for CXX dependencies
[321/350] Scanning /tmp/intrinsic-geometry-e2e.GJlhXS/tests/unit/geometry/Test_VectorHeatMethod.cpp for CXX dependencies
[322/350] Scanning /tmp/intrinsic-geometry-e2e.GJlhXS/tests/unit/geometry/Test_Subdivision.cpp for CXX dependencies
[323/350] Scanning /tmp/intrinsic-geometry-e2e.GJlhXS/tests/unit/geometry/Test_Smoothing.cpp for CXX dependencies
[324/350] Scanning /tmp/intrinsic-geometry-e2e.GJlhXS/tests/unit/geometry/Test.QualityMetrics.cpp for CXX dependencies
[325/350] Scanning /tmp/intrinsic-geometry-e2e.GJlhXS/tests/unit/geometry/Test_ShortestPath.cpp for CXX dependencies
[326/350] Scanning /tmp/intrinsic-geometry-e2e.GJlhXS/tests/unit/geometry/Test.Sampling.cpp for CXX dependencies
[327/350] Scanning /tmp/intrinsic-geometry-e2e.GJlhXS/tests/unit/geometry/Test.PointCloudFeatures.cpp for CXX dependencies
[328/350] Scanning /tmp/intrinsic-geometry-e2e.GJlhXS/tests/unit/geometry/Test.SurfaceSampling.cpp for CXX dependencies
[329/350] Scanning /tmp/intrinsic-geometry-e2e.GJlhXS/tests/unit/geometry/Test.PointCloudNormals.cpp for CXX dependencies
[330/350] Generating CXX dyndep file tests/CMakeFiles/TestSupportObjs.dir/CXX.dd
[331/350] Scanning /tmp/intrinsic-geometry-e2e.GJlhXS/tests/unit/geometry/Test.PointCloudKernels.cpp for CXX dependencies
[332/350] Scanning /tmp/intrinsic-geometry-e2e.GJlhXS/tests/unit/geometry/Test.Sparse.cpp for CXX dependencies
[333/350] Scanning /tmp/intrinsic-geometry-e2e.GJlhXS/tests/unit/geometry/Test.PointCloudOutlierRemoval.cpp for CXX dependencies
[334/350] Scanning /tmp/intrinsic-geometry-e2e.GJlhXS/tests/unit/geometry/Test.IntersectionClassification.cpp for CXX dependencies
[335/350] Scanning /tmp/intrinsic-geometry-e2e.GJlhXS/tests/unit/geometry/Test.RaycastClassify.cpp for CXX dependencies
[336/350] Scanning /tmp/intrinsic-geometry-e2e.GJlhXS/tests/unit/geometry/Test.SignedHeatMethod.cpp for CXX dependencies
[337/350] Scanning /tmp/intrinsic-geometry-e2e.GJlhXS/tests/unit/geometry/Test_Registration.cpp for CXX dependencies
[338/350] Scanning /tmp/intrinsic-geometry-e2e.GJlhXS/tests/unit/geometry/Test.SparseFactorization.cpp for CXX dependencies
[339/350] Scanning /tmp/intrinsic-geometry-e2e.GJlhXS/tests/unit/geometry/Test.LinearAlgebra.cpp for CXX dependencies
[340/350] Scanning /tmp/intrinsic-geometry-e2e.GJlhXS/tests/unit/geometry/Test_PointCloudRobustness.cpp for CXX dependencies
[341/350] Scanning /tmp/intrinsic-geometry-e2e.GJlhXS/tests/unit/geometry/Test.RobustPredicates.cpp for CXX dependencies
[342/350] Scanning /tmp/intrinsic-geometry-e2e.GJlhXS/tests/unit/geometry/Test_SubmeshView.cpp for CXX dependencies
[343/350] Scanning /tmp/intrinsic-geometry-e2e.GJlhXS/tests/unit/geometry/Test.SubmeshViewDomainBorrows.cpp for CXX dependencies
[344/350] Scanning /tmp/intrinsic-geometry-e2e.GJlhXS/tests/unit/geometry/Test.SparseNonsymmetric.cpp for CXX dependencies
[345/350] Generating CXX dyndep file tests/CMakeFiles/GeometryTestObjs.dir/CXX.dd
[346/350] Building CXX object src/geometry/CMakeFiles/IntrinsicGeometry.dir/Geometry.PointCloud.Kernels.cppm.o
[347/350] Building CXX object src/geometry/CMakeFiles/IntrinsicGeometry.dir/Geometry.PointCloud.Kernels.cpp.o
[348/350] Linking CXX static library lib/libIntrinsicGeometry.a
[349/350] Building CXX object tests/CMakeFiles/GeometryTestObjs.dir/unit/geometry/Test.PointCloudKernels.cpp.o
[350/350] Linking CXX executable bin/IntrinsicGeometryTests
Internal ctest changing into directory: /tmp/intrinsic-geometry-e2e.GJlhXS/build/ci-asan
Test project /tmp/intrinsic-geometry-e2e.GJlhXS/build/ci-asan
    Start 1076: PointCloudKernels.RadialWeightsMatchDocumentedClosedForms
1/7 Test #1076: PointCloudKernels.RadialWeightsMatchDocumentedClosedForms ...............   Passed    0.06 sec
    Start 1077: PointCloudKernels.RadialWeightsFailClosed
2/7 Test #1077: PointCloudKernels.RadialWeightsFailClosed ...............................   Passed    0.06 sec
    Start 1078: PointCloudKernels.LinearRepulsionHasFiniteZeroLimit
3/7 Test #1078: PointCloudKernels.LinearRepulsionHasFiniteZeroLimit .....................   Passed    0.06 sec
    Start 1079: PointCloudKernels.DensityDistinguishesDenseClusterFromSparseTail
4/7 Test #1079: PointCloudKernels.DensityDistinguishesDenseClusterFromSparseTail ........   Passed    0.06 sec
    Start 1080: PointCloudKernels.UniformGridInteriorHasConstantDensity
5/7 Test #1080: PointCloudKernels.UniformGridInteriorHasConstantDensity .................   Passed    0.06 sec
    Start 1081: PointCloudKernels.SuppliedIndexAndRepeatedRunsAreBitwiseDeterministic
6/7 Test #1081: PointCloudKernels.SuppliedIndexAndRepeatedRunsAreBitwiseDeterministic ...   Passed    0.06 sec
    Start 1082: PointCloudKernels.DensityFailuresPublishNoWeights
7/7 Test #1082: PointCloudKernels.DensityFailuresPublishNoWeights .......................   Passed    0.06 sec

100% tests passed, 0 tests failed out of 7

Label Time Summary:
geometry    =   0.41 sec*proc (7 tests)
unit        =   0.41 sec*proc (7 tests)

Total Test time (real) =   0.65 sec
