Internal ctest changing into directory: /tmp/intrinsic-geometry-e2e.GJlhXS/build/ci
Test project /tmp/intrinsic-geometry-e2e.GJlhXS/build/ci
    Start 2344: PointCloudKernels.RadialWeightsMatchDocumentedClosedForms
1/7 Test #2344: PointCloudKernels.RadialWeightsMatchDocumentedClosedForms ...............   Passed    0.00 sec
    Start 2345: PointCloudKernels.RadialWeightsFailClosed
2/7 Test #2345: PointCloudKernels.RadialWeightsFailClosed ...............................   Passed    0.00 sec
    Start 2346: PointCloudKernels.LinearRepulsionHasFiniteZeroLimit
3/7 Test #2346: PointCloudKernels.LinearRepulsionHasFiniteZeroLimit .....................   Passed    0.00 sec
    Start 2347: PointCloudKernels.DensityDistinguishesDenseClusterFromSparseTail
4/7 Test #2347: PointCloudKernels.DensityDistinguishesDenseClusterFromSparseTail ........   Passed    0.00 sec
    Start 2348: PointCloudKernels.UniformGridInteriorHasConstantDensity
5/7 Test #2348: PointCloudKernels.UniformGridInteriorHasConstantDensity .................   Passed    0.00 sec
    Start 2349: PointCloudKernels.SuppliedIndexAndRepeatedRunsAreBitwiseDeterministic
6/7 Test #2349: PointCloudKernels.SuppliedIndexAndRepeatedRunsAreBitwiseDeterministic ...   Passed    0.00 sec
    Start 2350: PointCloudKernels.DensityFailuresPublishNoWeights
7/7 Test #2350: PointCloudKernels.DensityFailuresPublishNoWeights .......................   Passed    0.00 sec

100% tests passed, 0 tests failed out of 7

Label Time Summary:
geometry    =   0.03 sec*proc (7 tests)
unit        =   0.03 sec*proc (7 tests)

Total Test time (real) =   0.74 sec
