docs/agent/agent-output-review-checklist.md:168:### Row 9 — Aspirational documentation without `(planned)` marker
docs/agent/agent-output-review-checklist.md:171:  `(planned)` marker. `AGENTS.md` §9 requires factual current-state docs
docs/agent/agent-output-review-checklist.md:178:  the `(planned)` marker, or accelerate the corresponding code change.
docs/agent/contract.md:179:drift, retired allowlist owners, stale `(planned)` markers, dead seams,
docs/agent/drift-audit-checklist.md:87:### Row 4 — Stale `(planned)` markers
docs/agent/drift-audit-checklist.md:89:- **Definition:** documentation carries a `(planned)` marker against a
docs/agent/drift-audit-checklist.md:94:  git grep -n "(planned)" -- 'docs/**' 'src/**'
docs/agent/drift-audit-checklist.md:97:- **Outcome:** `pass` if every `(planned)` hit is either meta-discussion of the
docs/agent/drift-audit-checklist.md:116:  to `(planned)` with an owning task.
docs/architecture/verification-evidence-architecture.md:1:# Verification evidence architecture (planned)
docs/reports/2026-05-17-agent-output-audit.md:44:| 9 | Aspirational documentation without `(planned)` marker | pass | `bb8f20e` and `7c088f6` both *retire* "(planned)"/"activation deferred to RUNTIME-091" wording from `docs/migration/nonlegacy-parity-matrix.md`, `src/ecs/Systems/README.md`, and `src/runtime/README.md` — replacing them with current-state assertions that the commits' tests enforce. `src/graphics/vulkan/README.md` §10 documents gate-7 and gate-8 inputs after they were wired (not before). No new present-tense claim was found that the current source does not deliver. |
docs/reports/2026-05-26-agent-output-audit.md:69:| 9 | Aspirational documentation without `(planned)` marker | pass | The active tasks (GRAPHICS-076/077/078, RUNTIME-082) consistently mark un-landed work with explicit `Slice D blocked on Vulkan-capable host`, `Slice C remains`, or `the Vulkan-tuned variant in Slice D substitutes ...` phrasing — these are factual current-state markers, not present-tense claims. `src/graphics/renderer/Graphics.VisualizationOverlayUploadHelper.cppm` differentiates the CPU/null contract path (current) from the Vulkan-tuned variant (planned) in its lifetime comment. Retired-task READMEs (GRAPHICS-074, GRAPHICS-075, GEOM-006, GEOM-007, GEOM-015) replace prior `(planned)` markers with current-state assertions backed by the tests that landed alongside. No new present-tense claim was found whose code does not deliver. |
docs/reports/2026-05-28-agent-output-audit.md:67:| 9 | Aspirational documentation without `(planned)` marker | pass | Present-tense architecture assertions match landed code: `geometry.md`'s borrow-view claims and `geometry-api-style.md`'s hybrid-numeric policy both correspond to symbols that exist on the working tree, and the deferred Slice C/D borrow variants are explicitly marked as deferred. The two new roadmap docs are explicitly labeled `Status: roadmap / planning note` with future task IDs. `src/runtime/README.md` (RUNTIME-085) and `src/graphics/*/README.md` updates describe landed behavior or carry the GRAPHICS-076E backlog reference for the not-yet-complete readback. No unmarked future-state claims found. |
docs/reports/2026-06-06-drift-audit.md:32:| 4 | Stale `(planned)` markers | pass | `git grep "(planned)"` over `docs/`+`src/` returns 4 hits, all in `agent-output-review-checklist.md` and the three prior `*-agent-output-audit.md` reports, where `(planned)` is discussed as a marker concept — not asserted against a now-landed feature. |
tasks/backlog/process/CI-012-versioned-verification-evidence-graph.md:2:id: CI-012
tasks/backlog/process/CI-012-versioned-verification-evidence-graph.md:16:# CI-012 — Compile a versioned verification evidence graph
docs/architecture/index.md:96:| [`verification-evidence-architecture.md`](verification-evidence-architecture.md) | roadmap | Planned unified test/CI/agent evidence graph, verifier profiles, quality admission, migration gates, and bound `CI-012..020` / `BUILD-005..006` / `PROC-031` task DAG. |
docs/architecture/verification-evidence-architecture.md:1:# Verification evidence architecture (planned)
docs/architecture/verification-evidence-architecture.md:3:Status: `roadmap` — this document binds the target design and migration tasks.
docs/architecture/verification-evidence-architecture.md:153:performance. `CI-012`, `BUILD-006`, and `CI-018` must bind final admission
docs/architecture/verification-evidence-architecture.md:228:    C12[CI-012<br/>Evidence graph]
docs/architecture/verification-evidence-architecture.md:268:| [`CI-012`](../../tasks/backlog/process/CI-012-versioned-verification-evidence-graph.md) | versioned compiled evidence graph and legacy parity oracle | no routing changes |
docs/architecture/verification-evidence-architecture.md:283:1. **Compile and compare.** `CI-012..015` build adapters over the current
