Running main() from /home/alex/Documents/IntrinsicEngine/external/vcpkg/buildtrees/gtest/src/v1.17.0-0c449efaff.clean/googletest/src/gtest_main.cc
Note: Google Test filter = SandboxEditorUi.*VertexNormal*
[==========] Running 9 tests from 1 test suite.
[----------] Global test environment set-up.
[----------] 9 tests from SandboxEditorUi
[ RUN      ] SandboxEditorUi.MeshVertexNormalsCommandPublishesCanonicalNormalsForAllWeightings
[       OK ] SandboxEditorUi.MeshVertexNormalsCommandPublishesCanonicalNormalsForAllWeightings (0 ms)
[ RUN      ] SandboxEditorUi.VertexNormalRecomputeThatChangesNothingReportsNoChange
[       OK ] SandboxEditorUi.VertexNormalRecomputeThatChangesNothingReportsNoChange (0 ms)
[ RUN      ] SandboxEditorUi.VertexNormalCpuJobThatChangesNothingReportsNoChange
[32m[INFO] Initialized Scheduler with 2 worker threads.[0m
[       OK ] SandboxEditorUi.VertexNormalCpuJobThatChangesNothingReportsNoChange (9 ms)
[ RUN      ] SandboxEditorUi.MeshVertexNormalsRequestQueuesDerivedJobAndPublishesOnApply
[32m[INFO] Initialized Scheduler with 2 worker threads.[0m
[       OK ] SandboxEditorUi.MeshVertexNormalsRequestQueuesDerivedJobAndPublishesOnApply (8 ms)
[ RUN      ] SandboxEditorUi.GraphAndPointCloudVertexNormalsRequestsQueueDerivedJobsAndPublishOnApply
[32m[INFO] Initialized Scheduler with 2 worker threads.[0m
[       OK ] SandboxEditorUi.GraphAndPointCloudVertexNormalsRequestsQueueDerivedJobsAndPublishOnApply (6 ms)
[ RUN      ] SandboxEditorUi.VertexNormalsDerivedJobsDiscardStaleSourcesBeforeApply
[32m[INFO] Initialized Scheduler with 2 worker threads.[0m
[32m[INFO] Initialized Scheduler with 2 worker threads.[0m
[32m[INFO] Initialized Scheduler with 2 worker threads.[0m
[       OK ] SandboxEditorUi.VertexNormalsDerivedJobsDiscardStaleSourcesBeforeApply (18 ms)
[ RUN      ] SandboxEditorUi.MeshVertexNormalsCommandFailsClosedForInvalidTargets
[       OK ] SandboxEditorUi.MeshVertexNormalsCommandFailsClosedForInvalidTargets (0 ms)
[ RUN      ] SandboxEditorUi.GraphAndPointCloudVertexNormalsCommandsPublishCanonicalNormals
[       OK ] SandboxEditorUi.GraphAndPointCloudVertexNormalsCommandsPublishCanonicalNormals (0 ms)
[ RUN      ] SandboxEditorUi.GraphAndPointCloudVertexNormalsCommandsFailClosedForInvalidTargets
[       OK ] SandboxEditorUi.GraphAndPointCloudVertexNormalsCommandsFailClosedForInvalidTargets (0 ms)
[----------] 9 tests from SandboxEditorUi (46 ms total)

[----------] Global test environment tear-down
[==========] 9 tests from 1 test suite ran. (46 ms total)
[  PASSED  ] 9 tests.
