Running main() from /home/alex/Documents/IntrinsicEngine/external/vcpkg/buildtrees/gtest/src/v1.17.0-0c449efaff.clean/googletest/src/gtest_main.cc
Note: Google Test filter = ParameterizationOperations.*:SandboxEditorSession.*
[==========] Running 28 tests from 2 test suites.
[----------] Global test environment set-up.
[----------] 23 tests from ParameterizationOperations
[ RUN      ] ParameterizationOperations.StableTokensAndAllImplementedStrategiesWriteFiniteUvs
[       OK ] ParameterizationOperations.StableTokensAndAllImplementedStrategiesWriteFiniteUvs (1 ms)
[ RUN      ] ParameterizationOperations.UndoRedoRestoresAbsentUvProperty
[       OK ] ParameterizationOperations.UndoRedoRestoresAbsentUvProperty (0 ms)
[ RUN      ] ParameterizationOperations.UndoRedoRestoresPresentUvValues
[       OK ] ParameterizationOperations.UndoRedoRestoresPresentUvValues (0 ms)
[ RUN      ] ParameterizationOperations.HistoryRejectsInterveningGeometryState
[       OK ] ParameterizationOperations.HistoryRejectsInterveningGeometryState (0 ms)
[ RUN      ] ParameterizationOperations.HistoryDoesNotRetainSessionOwnedModelCache
[       OK ] ParameterizationOperations.HistoryDoesNotRetainSessionOwnedModelCache (0 ms)
[ RUN      ] ParameterizationOperations.DeletedVertexTombstonePreservesStorageUvs
[       OK ] ParameterizationOperations.DeletedVertexTombstonePreservesStorageUvs (0 ms)
[ RUN      ] ParameterizationOperations.ConfiguredPathReadsActiveEngineConfig
[       OK ] ParameterizationOperations.ConfiguredPathReadsActiveEngineConfig (0 ms)
[ RUN      ] ParameterizationOperations.EditorConfigHelperUsesValidatedHotApplyLane
[32m[INFO] Initialized Scheduler with 1 worker threads.[0m
[       OK ] ParameterizationOperations.EditorConfigHelperUsesValidatedHotApplyLane (35 ms)
[ RUN      ] ParameterizationOperations.ConfigSourcesProduceIdenticalStateAndUvs
[32m[INFO] Initialized Scheduler with 1 worker threads.[0m
[32m[INFO] Initialized Scheduler with 1 worker threads.[0m
[32m[INFO] Initialized Scheduler with 1 worker threads.[0m
[       OK ] ParameterizationOperations.ConfigSourcesProduceIdenticalStateAndUvs (107 ms)
[ RUN      ] ParameterizationOperations.IdenticalInputAndConfigAreDeterministic
[       OK ] ParameterizationOperations.IdenticalInputAndConfigAreDeterministic (0 ms)
[ RUN      ] ParameterizationOperations.SectionValidationKeepsNestedReferenceFallbackAtomic
[       OK ] ParameterizationOperations.SectionValidationKeepsNestedReferenceFallbackAtomic (0 ms)
[ RUN      ] ParameterizationOperations.InvalidEnumsAndNarrowingFailClosed
[       OK ] ParameterizationOperations.InvalidEnumsAndNarrowingFailClosed (0 ms)
[ RUN      ] ParameterizationOperations.InvalidConfigEditDoesNotSerializeFallbackToken
[       OK ] ParameterizationOperations.InvalidConfigEditDoesNotSerializeFallbackToken (0 ms)
[ RUN      ] ParameterizationOperations.WrongTypedUvAndNonTriangleFacesFailClosed
[       OK ] ParameterizationOperations.WrongTypedUvAndNonTriangleFacesFailClosed (0 ms)
[ RUN      ] ParameterizationOperations.SolverRejectionCarriesStructuredTopologyCause
[       OK ] ParameterizationOperations.SolverRejectionCarriesStructuredTopologyCause (0 ms)
[ RUN      ] ParameterizationOperations.ViewModelDoesNotMirrorTheLastResultMessage
[       OK ] ParameterizationOperations.ViewModelDoesNotMirrorTheLastResultMessage (0 ms)
[ RUN      ] ParameterizationOperations.ViewModelIsPointerFreeAndCarriesAggregateDiagnostics
[       OK ] ParameterizationOperations.ViewModelIsPointerFreeAndCarriesAggregateDiagnostics (0 ms)
[ RUN      ] ParameterizationOperations.ViewModelFansFaceDiagnosticsIntoRenderedTriangles
[       OK ] ParameterizationOperations.ViewModelFansFaceDiagnosticsIntoRenderedTriangles (0 ms)
[ RUN      ] ParameterizationOperations.FaceDiagnosticsRequireTheExactGeometryAndUvFingerprint
[       OK ] ParameterizationOperations.FaceDiagnosticsRequireTheExactGeometryAndUvFingerprint (2 ms)
[ RUN      ] ParameterizationOperations.DeletedFaceTombstoneKeepsDiagnosticsAlignedWithSourceFaceStorage
[       OK ] ParameterizationOperations.DeletedFaceTombstoneKeepsDiagnosticsAlignedWithSourceFaceStorage (0 ms)
[ RUN      ] ParameterizationOperations.CpuViewDisablesGpuWorkAndReportsBackgroundFallback
[       OK ] ParameterizationOperations.CpuViewDisablesGpuWorkAndReportsBackgroundFallback (0 ms)
[ RUN      ] ParameterizationOperations.GpuViewWithoutCommandSurfaceReportsCpuFallback
[       OK ] ParameterizationOperations.GpuViewWithoutCommandSurfaceReportsCpuFallback (0 ms)
[ RUN      ] ParameterizationOperations.GpuViewRequestTokenIsStableAndSemantic
[       OK ] ParameterizationOperations.GpuViewRequestTokenIsStableAndSemantic (0 ms)
[----------] 23 tests from ParameterizationOperations (154 ms total)

[----------] 5 tests from SandboxEditorSession
[ RUN      ] SandboxEditorSession.UnattachedPrepareFrameFailsClosed
[       OK ] SandboxEditorSession.UnattachedPrepareFrameFailsClosed (0 ms)
[ RUN      ] SandboxEditorSession.AttachPrepareDetachBoundsPreparedFrameLifetime
[32m[INFO] Initialized Scheduler with 1 worker threads.[0m
[       OK ] SandboxEditorSession.AttachPrepareDetachBoundsPreparedFrameLifetime (33 ms)
[ RUN      ] SandboxEditorSession.StaleCopiedCommandSurfacesFailAfterDetachAndReattach
[32m[INFO] Initialized Scheduler with 1 worker threads.[0m
[32m[INFO] [Runtime] Queued geometry import: source=ManualImport path='/tmp/intrinsic-session-active-command.obj' payload=Mesh candidate_count=1[0m
[33m[WARN] [Runtime] Asset import failed: path='/tmp/intrinsic-session-active-command.obj' requested_payload=Mesh ingest_diagnostic=Cancelled error=InvalidState[0m
[       OK ] SandboxEditorSession.StaleCopiedCommandSurfacesFailAfterDetachAndReattach (27 ms)
[ RUN      ] SandboxEditorSession.ReattachObservesEqualSequenceFromDifferentEngine
[32m[INFO] Initialized Scheduler with 1 worker threads.[0m
[33m[WARN] [Runtime] Asset import failed: path='/tmp/intrinsic-session-first-missing.obj' requested_payload=Mesh ingest_diagnostic=MissingFile error=FileNotFound[0m
[32m[INFO] Initialized Scheduler with 1 worker threads.[0m
[33m[WARN] [Runtime] Asset import failed: path='/tmp/intrinsic-session-second-missing.xyz' requested_payload=PointCloud ingest_diagnostic=MissingFile error=FileNotFound[0m
[       OK ] SandboxEditorSession.ReattachObservesEqualSequenceFromDifferentEngine (53 ms)
[ RUN      ] SandboxEditorSession.DismissClearsOneGeometryProcessingResultSlot
[32m[INFO] Initialized Scheduler with 1 worker threads.[0m
[       OK ] SandboxEditorSession.DismissClearsOneGeometryProcessingResultSlot (27 ms)
[----------] 5 tests from SandboxEditorSession (142 ms total)

[----------] Global test environment tear-down
[==========] 28 tests from 2 test suites ran. (296 ms total)
[  PASSED  ] 28 tests.
