Source: 1a578a1aa
Retained CTest result summary; commands are in the retired task verification section.
100% tests passed, 0 tests failed out of 3288

Label Time Summary:
assets         =   0.97 sec*proc (91 tests)
benchmark      =   1.66 sec*proc (1 test)
build          =  28.99 sec*proc (95 tests)
contract       = 297.19 sec*proc (1967 tests)
core           =  18.31 sec*proc (298 tests)
ecs            =   2.72 sec*proc (133 tests)
geometry       = 215.97 sec*proc (347 tests)
glfw           =   0.08 sec*proc (1 test)
graphics       =  97.93 sec*proc (901 tests)
headless       =   0.96 sec*proc (7 tests)
integration    = 147.99 sec*proc (350 tests)
physics        =   0.43 sec*proc (7 tests)
platform       =   0.11 sec*proc (5 tests)
regression     =   1.74 sec*proc (2 tests)
runtime        = 367.95 sec*proc (1593 tests)
unit           = 237.33 sec*proc (973 tests)

Total Test time (real) = 668.63 sec
