Source: 7dbe421e8, complete ci-vulkan IntrinsicTests rebuild.
Internal ctest changing into directory: /home/alex/Documents/IntrinsicEngine/build/ci-vulkan
Test project /home/alex/Documents/IntrinsicEngine/build/ci-vulkan
      Start 4115: RuntimeSandboxAcceptanceGpuSmoke.ReferenceTriangleScalarFieldColormapResolvesOnLineAndPointLanes
 1/15 Test #4115: RuntimeSandboxAcceptanceGpuSmoke.ReferenceTriangleScalarFieldColormapResolvesOnLineAndPointLanes ...   Passed    6.32 sec
      Start 4116: RuntimeSandboxAcceptanceGpuSmoke.AnalysisMaskSaliencyAndAppearanceRecoveryReachGpu
 2/15 Test #4116: RuntimeSandboxAcceptanceGpuSmoke.AnalysisMaskSaliencyAndAppearanceRecoveryReachGpu .................   Passed   19.61 sec
      Start 4117: RuntimeSandboxAcceptanceGpuSmoke.UnreachableVertexPreservesReachableScalarGradient
 3/15 Test #4117: RuntimeSandboxAcceptanceGpuSmoke.UnreachableVertexPreservesReachableScalarGradient .................   Passed    6.32 sec
      Start 4118: RuntimeSandboxAcceptanceGpuSmoke.UnreachableScalarRegionUsesGray
 4/15 Test #4118: RuntimeSandboxAcceptanceGpuSmoke.UnreachableScalarRegionUsesGray ...................................   Passed    6.00 sec
      Start 4119: RuntimeSandboxAcceptanceGpuSmoke.ReferenceTriangleScalarFieldSurfaceAndIsolinesResolveOnGpu
 5/15 Test #4119: RuntimeSandboxAcceptanceGpuSmoke.ReferenceTriangleScalarFieldSurfaceAndIsolinesResolveOnGpu ........   Passed    5.93 sec
      Start 4128: RuntimeSandboxAcceptanceGpuSmoke.ImportedObjectSpaceNormalBakeBindsAndReadsBackExactTargetSlice
 6/15 Test #4128: RuntimeSandboxAcceptanceGpuSmoke.ImportedObjectSpaceNormalBakeBindsAndReadsBackExactTargetSlice ....   Passed   11.45 sec
      Start 4129: RuntimeSandboxAcceptanceGpuSmoke.PropertyTextureModuleBakesRebindsRebakesAndRemovesOnVulkan
 7/15 Test #4129: RuntimeSandboxAcceptanceGpuSmoke.PropertyTextureModuleBakesRebindsRebakesAndRemovesOnVulkan ........   Passed   25.63 sec
      Start 4130: RuntimeSandboxAcceptanceGpuSmoke.PropertyTextureDoubleStorageBakesAndRebakesOnVulkan
 8/15 Test #4130: RuntimeSandboxAcceptanceGpuSmoke.PropertyTextureDoubleStorageBakesAndRebakesOnVulkan ...............   Passed   25.55 sec
      Start 4131: RuntimeSandboxAcceptanceGpuSmoke.PropertyTextureBoolStorageBakesAndRebakesOnVulkan
 9/15 Test #4131: RuntimeSandboxAcceptanceGpuSmoke.PropertyTextureBoolStorageBakesAndRebakesOnVulkan .................   Passed   25.60 sec
      Start 4132: RuntimeSandboxAcceptanceGpuSmoke.PropertyTextureInt32StorageBakesAndRebakesOnVulkan
10/15 Test #4132: RuntimeSandboxAcceptanceGpuSmoke.PropertyTextureInt32StorageBakesAndRebakesOnVulkan ................   Passed   25.57 sec
      Start 4133: RuntimeSandboxAcceptanceGpuSmoke.PropertyTextureUInt32StorageBakesAndRebakesOnVulkan
11/15 Test #4133: RuntimeSandboxAcceptanceGpuSmoke.PropertyTextureUInt32StorageBakesAndRebakesOnVulkan ...............   Passed   25.53 sec
      Start 4134: RuntimeSandboxAcceptanceGpuSmoke.PropertyTextureUInt64StorageBakesAndRebakesOnVulkan
12/15 Test #4134: RuntimeSandboxAcceptanceGpuSmoke.PropertyTextureUInt64StorageBakesAndRebakesOnVulkan ...............   Passed   25.50 sec
      Start 4136: RuntimeSandboxAcceptanceGpuSmoke.SurfaceAppearanceBakesSelectedPropertyAndRestoresAttributes
13/15 Test #4136: RuntimeSandboxAcceptanceGpuSmoke.SurfaceAppearanceBakesSelectedPropertyAndRestoresAttributes .......   Passed   68.55 sec
      Start 4137: ClusteringServiceGpuSmoke.VulkanExecutionMatchesCpuReferenceAndCommitsCanonicalProperties
14/15 Test #4137: ClusteringServiceGpuSmoke.VulkanExecutionMatchesCpuReferenceAndCommitsCanonicalProperties ..........   Passed    8.26 sec
      Start 4142: PointCloudConsolidationGpuParity.VulkanLbvhAnisotropicWlopAcrossDomainsAndFailures
15/15 Test #4142: PointCloudConsolidationGpuParity.VulkanLbvhAnisotropicWlopAcrossDomainsAndFailures .................   Passed  335.93 sec

100% tests passed, 0 tests failed out of 15

Label Time Summary:
geometry       = 344.19 sec*proc (2 tests)
gpu            = 621.74 sec*proc (15 tests)
graphics       = 277.55 sec*proc (13 tests)
integration    = 621.74 sec*proc (15 tests)
runtime        = 621.74 sec*proc (15 tests)
vulkan         = 621.74 sec*proc (15 tests)

Total Test time (real) = 624.19 sec
