[0/2] Re-checking globbed directories...
[1/2] Re-running CMake...
-- IntrinsicEngine using auto-selected compilers: /usr/bin/clang-23, /usr/bin/clang++-23
-- Running vcpkg install
Detecting compiler hash for triplet x64-linux...
Compiler found: /usr/bin/c++
The following packages are already installed:
    draco:x64-linux@1.5.7
    eigen3:x64-linux@5.0.1
    entt:x64-linux@3.16.0
    glfw3:x64-linux@3.4#1
    glm:x64-linux@1.0.3
    gtest:x64-linux@1.17.0#2
    imgui[core,docking-experimental]:x64-linux@1.92.8
    imguizmo:x64-linux@1.10
    implot:x64-linux@1.0
    nlohmann-json:x64-linux@3.12.0#2
    stb:x64-linux@2024-07-29#1
    tinygltf:x64-linux@3.0.0
  * vcpkg-cmake:x64-linux@2024-04-23
  * vcpkg-cmake-config:x64-linux@2024-05-23
    volk:x64-linux@1.4.350.0
  * vulkan-headers:x64-linux@1.4.350.0
    vulkan-memory-allocator:x64-linux@3.4.0
    xatlas:x64-linux@f700c779
draco provides CMake targets:

  # this is heuristically generated, and may not be correct
  find_package(draco CONFIG REQUIRED)
  target_link_libraries(main PRIVATE draco::draco)

draco provides pkg-config modules:

  # Draco geometry de(com)pression library.
  draco

eigen3 provides CMake targets:

  # this is heuristically generated, and may not be correct
  find_package(Eigen3 CONFIG REQUIRED)
  target_link_libraries(main PRIVATE Eigen3::Eigen)

eigen3 provides pkg-config modules:

  # A C++ template library for linear algebra: vectors, matrices, and related algorithms
  eigen3

entt provides CMake targets:

    find_package(EnTT CONFIG REQUIRED)
    target_link_libraries(main PRIVATE EnTT::EnTT)

The package glm provides CMake targets:

    find_package(glm CONFIG REQUIRED)
    target_link_libraries(main PRIVATE glm::glm)

    # Or use the header-only version
    find_package(glm CONFIG REQUIRED)
    target_link_libraries(main PRIVATE glm::glm-header-only)

The package gtest is compatible with built-in CMake targets:

    enable_testing()
    
    find_package(GTest CONFIG REQUIRED)
    target_link_libraries(main PRIVATE GTest::gtest GTest::gtest_main GTest::gmock GTest::gmock_main)
    
    add_test(AllTestsInMain main)

imgui provides CMake targets:

  # this is heuristically generated, and may not be correct
  find_package(imgui CONFIG REQUIRED)
  target_link_libraries(main PRIVATE imgui::imgui)

implot provides CMake targets:

  # this is heuristically generated, and may not be correct
  find_package(implot CONFIG REQUIRED)
  target_link_libraries(main PRIVATE implot::implot)

The package nlohmann-json provides CMake targets:

    find_package(nlohmann_json CONFIG REQUIRED)
    target_link_libraries(main PRIVATE nlohmann_json::nlohmann_json)

The package nlohmann-json can be configured to not provide implicit conversions via a custom triplet file:

    set(nlohmann-json_IMPLICIT_CONVERSIONS OFF)

For more information, see the docs here:
    
    https://json.nlohmann.me/api/macros/json_use_implicit_conversions/

The package stb provides CMake targets:

    find_package(Stb REQUIRED)
    target_include_directories(main PRIVATE ${Stb_INCLUDE_DIR})
tinygltf is header-only and can be used from CMake via:

  find_path(TINYGLTF_INCLUDE_DIRS "tiny_gltf.h")
  target_include_directories(main PRIVATE ${TINYGLTF_INCLUDE_DIRS})

xatlas provides CMake targets:

  # this is heuristically generated, and may not be correct
  find_package(xatlas CONFIG REQUIRED)
  target_link_libraries(main PRIVATE xatlas::xatlas)

glfw3 provides CMake targets:

  # this is heuristically generated, and may not be correct
  find_package(glfw3 CONFIG REQUIRED)
  target_link_libraries(main PRIVATE glfw)

glfw3 provides pkg-config modules:

  # A multi-platform library for OpenGL, window and input
  glfw3

imguizmo provides CMake targets:

  # this is heuristically generated, and may not be correct
  find_package(imguizmo CONFIG REQUIRED)
  target_link_libraries(main PRIVATE imguizmo::imguizmo)

volk provides CMake targets:

    find_package(volk CONFIG REQUIRED)
    target_link_libraries(main PRIVATE volk::volk volk::volk_headers)

VulkanMemoryAllocator provides official find_package support. However, it requires the user to provide the include directory containing `vulkan/vulkan.h`. There are multiple ways to achieve this and VulkanMemoryAllocator is compatible with all of them.

    find_package(Vulkan) # https://cmake.org/cmake/help/latest/module/FindVulkan.html, CMake 3.21+
    find_package(VulkanMemoryAllocator CONFIG REQUIRED)
    target_link_libraries(main PRIVATE Vulkan::Vulkan GPUOpen::VulkanMemoryAllocator)

or

    find_package(Vulkan) # CMake 3.21+
    find_package(VulkanMemoryAllocator CONFIG REQUIRED)
    target_link_libraries(main PRIVATE Vulkan::Headers GPUOpen::VulkanMemoryAllocator)

or

    find_package(VulkanHeaders CONFIG) # From the vulkan-headers port
    find_package(VulkanMemoryAllocator CONFIG REQUIRED)
    target_link_libraries(main PRIVATE Vulkan::Headers GPUOpen::VulkanMemoryAllocator)

See the documentation for more information on setting up your project: https://gpuopen-librariesandsdks.github.io/VulkanMemoryAllocator/html/index.html

All requested installations completed successfully in: 88.9 us
-- Running vcpkg install - done
-- IntrinsicEngine Clang requirement: using C=23.0.0 and CXX=23.0.0; minimum is 20.0
-- Sanitizers ENABLED (ubsan; undefined) for Debug/RelWithDebInfo builds
-- Clang source coverage instrumentation DISABLED
-- Using CCache: /usr/bin/ccache
-- Intrinsic dependencies: using vcpkg manifest packages
-- CUDA compute backend DISABLED
-- IntrinsicEngine configure identity: platform=Linux; graphics_backend=Vulkan; platform_backend_request=Auto; platform_backend_selected=Glfw; headless_no_glfw=OFF
-- Configuring done (0.7s)
-- Generating done (0.1s)
-- Build files have been written to: /home/alex/Documents/IntrinsicEngine/build/ci-ubsan
[0/2] Re-checking globbed directories...
[1/29] Scanning /home/alex/Documents/IntrinsicEngine/src/runtime/Modules/CurvatureSegmentation/Runtime.CurvatureSegmentationConfig.cpp for CXX dependencies
[2/29] Scanning /home/alex/Documents/IntrinsicEngine/src/runtime/Modules/PointCloudConsolidation/Runtime.PointCloudConsolidationConfig.cpp for CXX dependencies
[3/29] Scanning /home/alex/Documents/IntrinsicEngine/build/ci-ubsan/generated/deps/tinygltf_impl.cpp for CXX dependencies
[4/29] Generating CXX dyndep file CMakeFiles/tinygltf.dir/CXX.dd
[5/29] Scanning /home/alex/Documents/IntrinsicEngine/src/runtime/Config/internal/Runtime.FeatureConfigCodecs.Detail.cpp for CXX dependencies
[6/29] Scanning /home/alex/Documents/IntrinsicEngine/src/runtime/Modules/Clustering/Runtime.ClusteringConfig.cppm for CXX dependencies
[7/29] Scanning /home/alex/Documents/IntrinsicEngine/src/runtime/Modules/CurvatureSegmentation/Runtime.CurvatureSegmentationConfig.cppm for CXX dependencies
[8/29] Scanning /home/alex/Documents/IntrinsicEngine/src/runtime/Modules/ProgressivePoisson/Runtime.ProgressivePoissonConfig.cppm for CXX dependencies
[9/29] Scanning /home/alex/Documents/IntrinsicEngine/src/runtime/Modules/Parameterization/Runtime.ParameterizationConfig.cppm for CXX dependencies
[10/29] Scanning /home/alex/Documents/IntrinsicEngine/src/runtime/Modules/PointCloudConsolidation/Runtime.PointCloudConsolidationConfig.cppm for CXX dependencies
[11/29] Generating CXX dyndep file src/runtime/CMakeFiles/ExtrinsicRuntime.dir/CXX.dd
[12/53] Building CXX object src/runtime/CMakeFiles/ExtrinsicRuntime.dir/Modules/Clustering/Runtime.ClusteringConfig.cppm.o
[13/53] Building CXX object src/runtime/CMakeFiles/ExtrinsicRuntime.dir/Modules/CurvatureSegmentation/Runtime.CurvatureSegmentationConfig.cppm.o
[14/53] Building CXX object src/runtime/CMakeFiles/ExtrinsicRuntime.dir/Modules/CurvatureSegmentation/Runtime.CurvatureSegmentationConfig.cpp.o
[15/53] Building CXX object CMakeFiles/tinygltf.dir/generated/deps/tinygltf_impl.cpp.o
[16/53] Linking CXX static library lib/libtinygltf.a
[17/53] Building CXX object src/runtime/CMakeFiles/ExtrinsicRuntime.dir/Modules/ProgressivePoisson/Runtime.ProgressivePoissonConfig.cppm.o
[18/53] Building CXX object src/runtime/CMakeFiles/ExtrinsicRuntime.dir/Modules/PointCloudConsolidation/Runtime.PointCloudConsolidationConfig.cppm.o
[19/53] Building CXX object src/runtime/CMakeFiles/ExtrinsicRuntime.dir/Modules/Parameterization/Runtime.ParameterizationConfig.cppm.o
[20/53] Building CXX object src/runtime/CMakeFiles/ExtrinsicRuntime.dir/Modules/PointCloudConsolidation/Runtime.PointCloudConsolidationConfig.cpp.o
[21/53] Building CXX object src/runtime/CMakeFiles/ExtrinsicRuntime.dir/Modules/PointCloudConsolidation/Runtime.PointCloudConsolidationTypes.cppm.o
[22/53] Building CXX object src/runtime/CMakeFiles/ExtrinsicRuntime.dir/Modules/PointCloudConsolidation/Runtime.PointCloudConsolidationTypes.cpp.o
[23/53] Building CXX object src/runtime/CMakeFiles/ExtrinsicRuntime.dir/Config/internal/Runtime.FeatureConfigCodecs.Detail.cpp.o
[24/53] Building CXX object src/runtime/CMakeFiles/ExtrinsicRuntime.dir/Editor/Operations/Runtime.PointSetOperations.cppm.o
[25/53] Building CXX object src/runtime/CMakeFiles/ExtrinsicRuntime.dir/Editor/Operations/Runtime.GeometryProcessingOperations.Bilateral.cpp.o
[26/53] Building CXX object src/runtime/CMakeFiles/ExtrinsicRuntime.dir/Modules/PointCloudConsolidation/Runtime.PointCloudConsolidationModule.cppm.o
[27/53] Building CXX object src/runtime/CMakeFiles/ExtrinsicRuntime.dir/Editor/Operations/Runtime.GeometryProcessingOperations.cpp.o
[28/53] Building CXX object src/runtime/CMakeFiles/ExtrinsicRuntime.dir/Modules/PointCloudConsolidation/Runtime.PointCloudConsolidationGpu.cpp.o
[29/53] Building CXX object src/runtime/CMakeFiles/ExtrinsicRuntime.dir/Modules/PointCloudConsolidation/Runtime.PointCloudConsolidationModule.cpp.o
[30/53] Building CXX object src/runtime/CMakeFiles/ExtrinsicRuntime.dir/Editor/Operations/Runtime.PointSetOperations.Frame.cpp.o
[31/53] Building CXX object src/runtime/CMakeFiles/ExtrinsicRuntime.dir/Editor/Operations/Runtime.PointCloudServiceOperations.cppm.o
[32/53] Building CXX object src/runtime/CMakeFiles/ExtrinsicRuntime.dir/Editor/Operations/Runtime.PointCloudServiceOperations.cpp.o
[33/53] Building CXX object src/runtime/CMakeFiles/ExtrinsicRuntime.dir/Editor/Runtime.EditorWorkspaceSnapshots.Models.cpp.o
[34/53] Building CXX object src/runtime/CMakeFiles/ExtrinsicRuntime.dir/Editor/Operations/Runtime.PointCloudServiceOperations.Frame.cpp.o
[35/53] Building CXX object src/runtime/CMakeFiles/ExtrinsicRuntime.dir/Editor/Operations/Runtime.MeshFieldOperations.cppm.o
[36/53] Building CXX object src/runtime/CMakeFiles/ExtrinsicRuntime.dir/Editor/Operations/Runtime.MeshFieldOperations.cpp.o
[37/53] Building CXX object src/runtime/CMakeFiles/ExtrinsicRuntime.dir/Editor/Operations/Runtime.ParameterizationOperations.cppm.o
[38/53] Building CXX object src/runtime/CMakeFiles/ExtrinsicRuntime.dir/Editor/Operations/Runtime.MeshFieldOperations.Frame.cpp.o
[39/53] Building CXX object src/runtime/CMakeFiles/ExtrinsicRuntime.dir/Editor/internal/Runtime.EditorWorkspaceSession.cpp.o
[40/53] Building CXX object src/runtime/CMakeFiles/ExtrinsicRuntime.dir/Editor/internal/Runtime.EditorFeatureContextAdapters.cpp.o
[41/53] Building CXX object src/runtime/CMakeFiles/ExtrinsicRuntime.dir/Editor/Operations/Runtime.ParameterizationOperations.Frame.cpp.o
[42/53] Building CXX object src/runtime/CMakeFiles/ExtrinsicRuntime.dir/Editor/Operations/Runtime.MeshFieldOperations.Geodesics.cpp.o
[43/53] Building CXX object src/runtime/CMakeFiles/ExtrinsicRuntime.dir/Editor/Operations/Runtime.MeshFieldOperations.Curvature.cpp.o
[44/53] Building CXX object src/runtime/CMakeFiles/ExtrinsicRuntime.dir/Editor/Operations/Runtime.GeometryProcessingOperations.Uv.cpp.o
[45/53] Generating CXX dyndep file src/app/Sandbox/CMakeFiles/ExtrinsicSandboxEditor.dir/CXX.dd
[46/61] Building CXX object src/runtime/CMakeFiles/ExtrinsicRuntime.dir/Editor/Operations/Runtime.ParameterizationOperations.cpp.o
[47/61] Linking CXX static library lib/libExtrinsicRuntime.a
[48/61] Building CXX object src/app/Sandbox/CMakeFiles/ExtrinsicSandboxEditor.dir/Editor/Sandbox.PanelSupport.cpp.o
[49/61] Building CXX object src/app/Sandbox/CMakeFiles/ExtrinsicSandboxEditor.dir/Editor/Sandbox.EditorShell.cpp.o
[50/61] Building CXX object src/app/Sandbox/CMakeFiles/ExtrinsicSandboxEditor.dir/Editor/Sandbox.MethodPanels.cpp.o
[51/61] Building CXX object src/app/Sandbox/CMakeFiles/ExtrinsicSandboxEditor.dir/Editor/Sandbox.DomainPanels.cpp.o
[52/61] Building CXX object src/app/Sandbox/CMakeFiles/ExtrinsicSandboxEditor.dir/Sandbox.ConfigSections.cppm.o
[53/61] Building CXX object src/app/Sandbox/CMakeFiles/ExtrinsicSandboxEditor.dir/Sandbox.ConfigSections.cpp.o
[54/61] Generating CXX dyndep file tests/CMakeFiles/RuntimeContractTestObjs.dir/CXX.dd
[55/71] Building CXX object tests/CMakeFiles/RuntimeContractTestObjs.dir/contract/runtime/Test.GeodesicsOperations.cpp.o
[56/71] Building CXX object src/app/Sandbox/CMakeFiles/ExtrinsicSandboxEditor.dir/Editor/Sandbox.MeshProcessingPanels.cpp.o
[57/71] Linking CXX static library lib/libExtrinsicSandboxEditor.a
[58/71] Building CXX object tests/CMakeFiles/RuntimeContractTestObjs.dir/contract/runtime/Test.ParameterizationOperations.cpp.o
/home/alex/Documents/IntrinsicEngine/tests/contract/runtime/Test.ParameterizationOperations.cpp:926:5: warning: ignoring return value of function declared with 'nodiscard' attribute [-Wunused-result]
  926 |     harness.Halfedges()
      |     ^~~~~~~~~~~~~~~~~~~
  927 |         .Properties.GetOrAdd<glm::vec2>("h:texcoord", glm::vec2{0.25f, 0.5f});
      |         ~~~~~~~~~~~~~~~~~~~~~~~~~~~~~~~~~~~~~~~~~~~~~~~~~~~~~~~~~~~~~~~~~~~~~
1 warning generated.
[59/71] Building CXX object tests/CMakeFiles/RuntimeContractTestObjs.dir/contract/runtime/Test.CurvatureSegmentationOperations.cpp.o
[60/71] Building CXX object tests/CMakeFiles/RuntimeContractTestObjs.dir/contract/runtime/Test.PrimitiveSelection.cpp.o
[61/71] Building CXX object tests/CMakeFiles/RuntimeContractTestObjs.dir/contract/runtime/Test.PointCloudConsolidationConfig.cpp.o
[62/71] Building CXX object tests/CMakeFiles/RuntimeContractTestObjs.dir/contract/runtime/Test.PointCloudConsolidationModule.cpp.o
/home/alex/Documents/IntrinsicEngine/tests/contract/runtime/Test.PointCloudConsolidationModule.cpp:477:15: warning: field 'Domain' will be initialized after field 'Backend' [-Wreorder-ctor]
  477 |             : Domain(domain), Backend(backend)
      |               ^~~~~~~~~~~~~~  ~~~~~~~~~~~~~~~~
      |               Backend(backend)Domain(domain)
1 warning generated.
[63/71] Building CXX object tests/CMakeFiles/RuntimeContractTestObjs.dir/contract/runtime/Test.BilateralFilterOperations.cpp.o
[64/71] Building CXX object tests/CMakeFiles/RuntimeContractTestObjs.dir/contract/runtime/Test.SandboxEditorClusteringMethods.cpp.o
[65/71] Building CXX object tests/CMakeFiles/RuntimeContractTestObjs.dir/contract/runtime/Test.SandboxEditorMeshMethods.cpp.o
/home/alex/Documents/IntrinsicEngine/tests/contract/runtime/Test.SandboxEditorMeshMethods.cpp:286:9: warning: ignoring return value of function declared with 'nodiscard' attribute [-Wunused-result]
  286 |         mesh.AddTriangle(a, b, c);
      |         ^~~~~~~~~~~~~~~~~~~~~~~~~
1 warning generated.
[66/71] Scanning /home/alex/Documents/IntrinsicEngine/tests/integration/runtime/Test.SandboxEditorPresentation.cpp for CXX dependencies
[67/71] Generating CXX dyndep file tests/CMakeFiles/SandboxEditorIntegrationTestObjs.dir/CXX.dd
[68/78] Building CXX object tests/CMakeFiles/SandboxEditorIntegrationTestObjs.dir/integration/runtime/Test.SandboxDomainPanels.cpp.o
[69/78] Building CXX object tests/CMakeFiles/RuntimeContractTestObjs.dir/contract/runtime/Test.SandboxEditorSessionLifecycle.cpp.o
[70/78] Building CXX object tests/CMakeFiles/SandboxEditorIntegrationTestObjs.dir/integration/runtime/Test.SandboxConfigSections.cpp.o
[71/78] Building CXX object tests/CMakeFiles/SandboxEditorIntegrationTestObjs.dir/integration/runtime/Test.SandboxCurvatureSegmentationPanel.cpp.o
[72/78] Building CXX object tests/CMakeFiles/SandboxEditorIntegrationTestObjs.dir/integration/runtime/Test.SandboxDescriptorAnalysisPanel.cpp.o
[73/78] Building CXX object tests/CMakeFiles/SandboxEditorIntegrationTestObjs.dir/integration/runtime/Test.SandboxEditorPresentation.cpp.o
[74/78] Building CXX object tests/CMakeFiles/SandboxEditorIntegrationTestObjs.dir/integration/runtime/Test.SandboxParameterizationPanel.cpp.o
[75/78] Building CXX object tests/CMakeFiles/SandboxEditorIntegrationTestObjs.dir/integration/runtime/Test.SandboxProcessingPanels.cpp.o
[76/78] Linking CXX executable bin/IntrinsicRuntimeContractTests
[77/78] Building CXX object tests/CMakeFiles/SandboxEditorIntegrationTestObjs.dir/integration/runtime/Test.SandboxPointCloudConsolidationPanel.cpp.o
[78/78] Linking CXX executable bin/IntrinsicSandboxEditorIntegrationTests
