Preset CMake variables:

  CMAKE_BUILD_TYPE="Debug"
  CMAKE_EXPORT_COMPILE_COMMANDS="ON"
  CMAKE_TOOLCHAIN_FILE:FILEPATH="/home/alex/Documents/IntrinsicEngine/external/vcpkg/scripts/buildsystems/vcpkg.cmake"
  EXTRINSIC_BACKEND="Vulkan"
  EXTRINSIC_PLATFORM="Linux"
  INTRINSIC_BUILD_SANDBOX="OFF"
  INTRINSIC_BUILD_TESTS="ON"
  INTRINSIC_ENABLE_CUDA="OFF"
  INTRINSIC_ENABLE_SANITIZERS="OFF"
  INTRINSIC_RUNTIME_ENABLE_PROMOTED_VULKAN="OFF"
  INTRINSIC_SANITIZER_MODE="none"
  VCPKG_CHAINLOAD_TOOLCHAIN_FILE="/home/alex/Documents/IntrinsicEngine/cmake/IntrinsicClangToolchain.cmake"
  VCPKG_INSTALLED_DIR="/home/alex/Documents/IntrinsicEngine/external/vcpkg-installed/ci"
  VCPKG_MANIFEST_MODE="ON"

-- IntrinsicEngine using auto-selected compilers: /usr/bin/clang-23, /usr/bin/clang++-23
-- Running vcpkg install
Detecting compiler hash for triplet x64-linux...
Compiler found: /usr/bin/c++
The following packages will be rebuilt:
    draco:x64-linux@1.5.7
    eigen3:x64-linux@5.0.1
    entt:x64-linux@3.16.0
    glfw3:x64-linux@3.4#1
    glm:x64-linux@1.0.3
    gtest:x64-linux@1.17.0#2
    imgui[core,docking-experimental]:x64-linux@1.92.8 -- /home/alex/Documents/IntrinsicEngine/tools/vcpkg/overlay-ports/imgui
    imguizmo:x64-linux@1.10
    implot:x64-linux@1.0
    nlohmann-json:x64-linux@3.12.0#2
    stb:x64-linux@2024-07-29#1
    tinygltf:x64-linux@3.0.0
  * vcpkg-cmake:x64-linux@2024-04-23
  * vcpkg-cmake-config:x64-linux@2024-05-23
    volk:x64-linux@1.4.350.0
  * vulkan-headers:x64-linux@1.4.350.0
    vulkan-memory-allocator:x64-linux@3.4.0
    xatlas:x64-linux@f700c779 -- /home/alex/Documents/IntrinsicEngine/tools/vcpkg/overlay-ports/xatlas
Additional packages (*) will be modified to complete this operation.
Restored 18 package(s) from /home/alex/.cache/vcpkg/archives in 354 ms. Use --debug to see more details.
Removing 1/36 implot:x64-linux
Elapsed time to handle implot:x64-linux: 2.58 ms
Removing 2/36 xatlas:x64-linux
Elapsed time to handle xatlas:x64-linux: 969 us
Removing 3/36 vulkan-memory-allocator:x64-linux
Elapsed time to handle vulkan-memory-allocator:x64-linux: 1.29 ms
Removing 4/36 volk:x64-linux
Elapsed time to handle volk:x64-linux: 1.14 ms
Removing 5/36 vulkan-headers:x64-linux
Elapsed time to handle vulkan-headers:x64-linux: 4.17 ms
Removing 6/36 imguizmo:x64-linux
Elapsed time to handle imguizmo:x64-linux: 259 us
Removing 7/36 glfw3:x64-linux
Elapsed time to handle glfw3:x64-linux: 1.16 ms
Removing 8/36 tinygltf:x64-linux
Elapsed time to handle tinygltf:x64-linux: 618 us
Removing 9/36 stb:x64-linux
Elapsed time to handle stb:x64-linux: 1.35 ms
Removing 10/36 nlohmann-json:x64-linux
Elapsed time to handle nlohmann-json:x64-linux: 1.27 ms
Removing 11/36 imgui:x64-linux
Elapsed time to handle imgui:x64-linux: 1.72 ms
Removing 12/36 gtest:x64-linux
Elapsed time to handle gtest:x64-linux: 2.36 ms
Removing 13/36 glm:x64-linux
Elapsed time to handle glm:x64-linux: 4.66 ms
Removing 14/36 entt:x64-linux
Elapsed time to handle entt:x64-linux: 1.63 ms
Removing 15/36 eigen3:x64-linux
Elapsed time to handle eigen3:x64-linux: 9.37 ms
Removing 16/36 draco:x64-linux
Elapsed time to handle draco:x64-linux: 5.53 ms
Removing 17/36 vcpkg-cmake:x64-linux
Elapsed time to handle vcpkg-cmake:x64-linux: 424 us
Removing 18/36 vcpkg-cmake-config:x64-linux
Elapsed time to handle vcpkg-cmake-config:x64-linux: 343 us
Installing 19/36 vcpkg-cmake-config:x64-linux@2024-05-23...
vcpkg-cmake-config:x64-linux@2024-05-23 package ABI: 29c00c5b2e86a34b37aab6b06bcb1d0c8fd6c04eaea9aa5ac2b10b36506f589f
Elapsed time to handle vcpkg-cmake-config:x64-linux: 528 us
Installing 20/36 vcpkg-cmake:x64-linux@2024-04-23...
vcpkg-cmake:x64-linux@2024-04-23 package ABI: c7c3c589b6fea30f1a5ef3b1c5dacab18e28a0be2b213cd6467a811a5aa18ba6
Elapsed time to handle vcpkg-cmake:x64-linux: 442 us
Installing 21/36 draco:x64-linux@1.5.7...
draco:x64-linux@1.5.7 package ABI: b0aefd091732354ec2d0f29491d7ef7b3848a0be5f2d7770bb96703157bf4b47
Elapsed time to handle draco:x64-linux: 1.61 ms
Installing 22/36 eigen3:x64-linux@5.0.1...
eigen3:x64-linux@5.0.1 package ABI: 97b738d275acc6c1d2815de0f160e5891c74f053914feadb74e7a173dabed7e4
Elapsed time to handle eigen3:x64-linux: 4.22 ms
Installing 23/36 entt:x64-linux@3.16.0...
entt:x64-linux@3.16.0 package ABI: 3cab7c4629fe29f37e01f0f95f8a4e85b027e7347d9a76b65fecc3be19944685
Elapsed time to handle entt:x64-linux: 1.65 ms
Installing 24/36 glm:x64-linux@1.0.3...
glm:x64-linux@1.0.3 package ABI: 74ed54fa2d1e8cad74c47c5daf42d8e6143f8dc6908b5f1ef295dce3c3e0fab6
Elapsed time to handle glm:x64-linux: 3.86 ms
Installing 25/36 gtest:x64-linux@1.17.0#2...
gtest:x64-linux@1.17.0#2 package ABI: 7717400fa5959f48db89ee4733d63637f85871fd25626ef00c73b6b49d10db6c
Elapsed time to handle gtest:x64-linux: 1.91 ms
Installing 26/36 imgui[core,docking-experimental]:x64-linux@1.92.8...
imgui[core,docking-experimental]:x64-linux@1.92.8 package ABI: 4e9dd5d3453b66b5970073e36966d5a9e548701fe6077b05aecfa99975a40bbc
Elapsed time to handle imgui:x64-linux: 1.8 ms
Installing 27/36 implot:x64-linux@1.0...
implot:x64-linux@1.0 package ABI: aadf2ac53e3162386332654f3f512ea6caa7f0cc389a80c791189d4abc0806bd
Elapsed time to handle implot:x64-linux: 1.43 ms
Installing 28/36 nlohmann-json:x64-linux@3.12.0#2...
nlohmann-json:x64-linux@3.12.0#2 package ABI: 197b07e7961fc14b066fbf2d863a5683516df3138db6a0c45be23cc6e2a8af72
Elapsed time to handle nlohmann-json:x64-linux: 1.69 ms
Installing 29/36 stb:x64-linux@2024-07-29#1...
stb:x64-linux@2024-07-29#1 package ABI: 1f61a380a0df06fedd0bd8dad5e93368596dc5caaad6396e52c5242948d18f76
Elapsed time to handle stb:x64-linux: 1.53 ms
Installing 30/36 tinygltf:x64-linux@3.0.0...
tinygltf:x64-linux@3.0.0 package ABI: 6a52eadac4dbfc12dd36b4d6130b4580a05de35d08495548b89167972dd808b0
Elapsed time to handle tinygltf:x64-linux: 1.34 ms
Installing 31/36 xatlas:x64-linux@f700c779...
xatlas:x64-linux@f700c779 package ABI: 96f499ae4398ba8c35aeb3c6e01857bb2c0182594ca7e94de6763f247f452701
Elapsed time to handle xatlas:x64-linux: 1.39 ms
Installing 32/36 glfw3:x64-linux@3.4#1...
glfw3:x64-linux@3.4#1 package ABI: 2c5898595847877c58d86f32ff8f42d369469df9017e885694800cd41df1486a
Elapsed time to handle glfw3:x64-linux: 1.43 ms
Installing 33/36 imguizmo:x64-linux@1.10...
imguizmo:x64-linux@1.10 package ABI: 83b3c1f5f063c4942b7e81ebe921a65cd9f99182e36f819039805eab1e1762ac
Elapsed time to handle imguizmo:x64-linux: 1.47 ms
Installing 34/36 vulkan-headers:x64-linux@1.4.350.0...
vulkan-headers:x64-linux@1.4.350.0 package ABI: 7f22554f1657afc69e23a13745f2cc52d5098fe8c1864dffdb9e9e6eb8d48dbb
Elapsed time to handle vulkan-headers:x64-linux: 1.68 ms
Installing 35/36 volk:x64-linux@1.4.350.0...
volk:x64-linux@1.4.350.0 package ABI: ef96e1f54fd7cc1ee9d4aa27949539b831b5f8c54ebd9cbf53ccd6529a893167
Elapsed time to handle volk:x64-linux: 1.54 ms
Installing 36/36 vulkan-memory-allocator:x64-linux@3.4.0...
vulkan-memory-allocator:x64-linux@3.4.0 package ABI: 84b628dc2e0f6fc35e8e63fe60ff9aaec5399464ae47a1a859e8cda8b0111a49
Elapsed time to handle vulkan-memory-allocator:x64-linux: 1.35 ms
Installed contents are licensed to you by owners. Microsoft is not responsible for, nor does it grant any licenses to, third-party packages.
Some packages did not declare an SPDX license. Check the `copyright` file for each package for more information about their licensing.
Packages installed in this vcpkg installation declare the following licenses:
(Apache-2.0 OR MIT)
(MIT OR CC-PDDC)
Apache-2.0
BSD-3-Clause
MIT
MPL-2.0
Zlib
draco provides CMake targets:

  # this is heuristically generated, and may not be correct
  find_package(draco CONFIG REQUIRED)
  target_link_libraries(main PRIVATE draco::draco)

draco provides pkg-config modules:

  # Draco geometry de(com)pression library.
  draco

eigen3 provides CMake targets:

  # this is heuristically generated, and may not be correct
  find_package(Eigen3 CONFIG REQUIRED)
  target_link_libraries(main PRIVATE Eigen3::Eigen)

eigen3 provides pkg-config modules:

  # A C++ template library for linear algebra: vectors, matrices, and related algorithms
  eigen3

entt provides CMake targets:

    find_package(EnTT CONFIG REQUIRED)
    target_link_libraries(main PRIVATE EnTT::EnTT)

The package glm provides CMake targets:

    find_package(glm CONFIG REQUIRED)
    target_link_libraries(main PRIVATE glm::glm)

    # Or use the header-only version
    find_package(glm CONFIG REQUIRED)
    target_link_libraries(main PRIVATE glm::glm-header-only)

The package gtest is compatible with built-in CMake targets:

    enable_testing()
    
    find_package(GTest CONFIG REQUIRED)
    target_link_libraries(main PRIVATE GTest::gtest GTest::gtest_main GTest::gmock GTest::gmock_main)
    
    add_test(AllTestsInMain main)

imgui provides CMake targets:

  # this is heuristically generated, and may not be correct
  find_package(imgui CONFIG REQUIRED)
  target_link_libraries(main PRIVATE imgui::imgui)

implot provides CMake targets:

  # this is heuristically generated, and may not be correct
  find_package(implot CONFIG REQUIRED)
  target_link_libraries(main PRIVATE implot::implot)

The package nlohmann-json provides CMake targets:

    find_package(nlohmann_json CONFIG REQUIRED)
    target_link_libraries(main PRIVATE nlohmann_json::nlohmann_json)

The package nlohmann-json can be configured to not provide implicit conversions via a custom triplet file:

    set(nlohmann-json_IMPLICIT_CONVERSIONS OFF)

For more information, see the docs here:
    
    https://json.nlohmann.me/api/macros/json_use_implicit_conversions/

The package stb provides CMake targets:

    find_package(Stb REQUIRED)
    target_include_directories(main PRIVATE ${Stb_INCLUDE_DIR})
tinygltf is header-only and can be used from CMake via:

  find_path(TINYGLTF_INCLUDE_DIRS "tiny_gltf.h")
  target_include_directories(main PRIVATE ${TINYGLTF_INCLUDE_DIRS})

xatlas provides CMake targets:

  # this is heuristically generated, and may not be correct
  find_package(xatlas CONFIG REQUIRED)
  target_link_libraries(main PRIVATE xatlas::xatlas)

glfw3 provides CMake targets:

  # this is heuristically generated, and may not be correct
  find_package(glfw3 CONFIG REQUIRED)
  target_link_libraries(main PRIVATE glfw)

glfw3 provides pkg-config modules:

  # A multi-platform library for OpenGL, window and input
  glfw3

imguizmo provides CMake targets:

  # this is heuristically generated, and may not be correct
  find_package(imguizmo CONFIG REQUIRED)
  target_link_libraries(main PRIVATE imguizmo::imguizmo)

volk provides CMake targets:

    find_package(volk CONFIG REQUIRED)
    target_link_libraries(main PRIVATE volk::volk volk::volk_headers)

VulkanMemoryAllocator provides official find_package support. However, it requires the user to provide the include directory containing `vulkan/vulkan.h`. There are multiple ways to achieve this and VulkanMemoryAllocator is compatible with all of them.

    find_package(Vulkan) # https://cmake.org/cmake/help/latest/module/FindVulkan.html, CMake 3.21+
    find_package(VulkanMemoryAllocator CONFIG REQUIRED)
    target_link_libraries(main PRIVATE Vulkan::Vulkan GPUOpen::VulkanMemoryAllocator)

or

    find_package(Vulkan) # CMake 3.21+
    find_package(VulkanMemoryAllocator CONFIG REQUIRED)
    target_link_libraries(main PRIVATE Vulkan::Headers GPUOpen::VulkanMemoryAllocator)

or

    find_package(VulkanHeaders CONFIG) # From the vulkan-headers port
    find_package(VulkanMemoryAllocator CONFIG REQUIRED)
    target_link_libraries(main PRIVATE Vulkan::Headers GPUOpen::VulkanMemoryAllocator)

See the documentation for more information on setting up your project: https://gpuopen-librariesandsdks.github.io/VulkanMemoryAllocator/html/index.html

All requested installations completed successfully in: 73.2 ms
-- Running vcpkg install - done
-- IntrinsicEngine Clang requirement: using C=23.0.0 and CXX=23.0.0; minimum is 20.0
-- Sanitizers DISABLED
-- Clang source coverage instrumentation DISABLED
-- Using CCache: /usr/bin/ccache
-- Intrinsic dependencies: using vcpkg manifest packages
-- CUDA compute backend DISABLED
-- IntrinsicEngine configure identity: platform=Linux; graphics_backend=Vulkan; platform_backend_request=Auto; platform_backend_selected=Glfw; headless_no_glfw=OFF
-- Configuring done (3.5s)
-- Generating done (0.1s)
-- Build files have been written to: /home/alex/Documents/IntrinsicEngine/build/ci
