Internal ctest changing into directory: /home/alex/Documents/IntrinsicEngine/build/ci-vulkan
Test project /home/alex/Documents/IntrinsicEngine/build/ci-vulkan
    Start 3574: PointCloudConsolidationGpuParity.VulkanLbvhMovingStepsAcrossDomainsAndFailures
1/1 Test #3574: PointCloudConsolidationGpuParity.VulkanLbvhMovingStepsAcrossDomainsAndFailures ...***Failed   98.82 sec
Running main() from /home/alex/Documents/IntrinsicEngine/external/vcpkg/buildtrees/gtest/src/v1.17.0-0c449efaff.clean/googletest/src/gtest_main.cc
Note: Google Test filter = PointCloudConsolidationGpuParity.VulkanLbvhMovingStepsAcrossDomainsAndFailures
[==========] Running 1 test from 1 test suite.
[----------] Global test environment set-up.
[----------] 1 test from PointCloudConsolidationGpuParity
[ RUN      ] PointCloudConsolidationGpuParity.VulkanLbvhMovingStepsAcrossDomainsAndFailures
[32m[INFO] Initialized Scheduler with 15 worker threads.[0m
[33m[WARN] [Runtime] Promoted Vulkan device selected; backend remains fail-closed until the first clean default-recipe validation promotes it.[0m
[33m[WARN] [VulkanDevice::Initialize] Vulkan bootstrap created logical-device, queue, VMA, per-frame command/sync, swapchain image/view/handle, bindless heap, transfer queue, and global pipeline-layout state; canonical frame execution waits for the first clean recipe validation publish, so device remains non-operational during cold start.[0m
[33m[WARN] [Runtime] VulkanRequestedButNotOperational status=RequestedButIncompleteGate reason=BarrierValidationFailed[0m
/home/alex/Documents/IntrinsicEngine/tests/integration/runtime/Test.PointCloudConsolidationGpuParity.cpp:841: Failure
Value of: r.ReusedSpatialIndex
  Actual: false
Expected: true

/home/alex/Documents/IntrinsicEngine/tests/integration/runtime/Test.PointCloudConsolidationGpuParity.cpp:841: Failure
Value of: r.ReusedSpatialIndex
  Actual: false
Expected: true

/home/alex/Documents/IntrinsicEngine/tests/integration/runtime/Test.PointCloudConsolidationGpuParity.cpp:841: Failure
Value of: r.ReusedSpatialIndex
  Actual: false
Expected: true

/home/alex/Documents/IntrinsicEngine/tests/integration/runtime/Test.PointCloudConsolidationGpuParity.cpp:841: Failure
Value of: r.ReusedSpatialIndex
  Actual: false
Expected: true

/home/alex/Documents/IntrinsicEngine/tests/integration/runtime/Test.PointCloudConsolidationGpuParity.cpp:841: Failure
Value of: r.ReusedSpatialIndex
  Actual: false
Expected: true

/home/alex/Documents/IntrinsicEngine/tests/integration/runtime/Test.PointCloudConsolidationGpuParity.cpp:841: Failure
Value of: r.ReusedSpatialIndex
  Actual: false
Expected: true

/home/alex/Documents/IntrinsicEngine/tests/integration/runtime/Test.PointCloudConsolidationGpuParity.cpp:841: Failure
Value of: r.ReusedSpatialIndex
  Actual: false
Expected: true

/home/alex/Documents/IntrinsicEngine/tests/integration/runtime/Test.PointCloudConsolidationGpuParity.cpp:841: Failure
Value of: r.ReusedSpatialIndex
  Actual: false
Expected: true

[31m[ERR]  [JobService] Job 'LOP Vulkan neighborhoods' completion publisher rejected result type 'std::string_view Extrinsic::Runtime::JobResultTypeNameOf() [TResult = bool]'; completion dropped.[0m
[31m[ERR]  [JobService] Job 'LOP Vulkan neighborhoods' completion publisher rejected result type 'std::string_view Extrinsic::Runtime::JobResultTypeNameOf() [TResult = bool]'; completion dropped.[0m
/home/alex/Documents/IntrinsicEngine/tests/integration/runtime/Test.PointCloudConsolidationGpuParity.cpp:911: Failure
Value of: observed->TimedOut
  Actual: true
Expected: false

/home/alex/Documents/IntrinsicEngine/tests/integration/runtime/Test.PointCloudConsolidationGpuParity.cpp:911: Failure
Value of: observed->Done
  Actual: false
Expected: true

[  FAILED  ] PointCloudConsolidationGpuParity.VulkanLbvhMovingStepsAcrossDomainsAndFailures (98780 ms)
[----------] 1 test from PointCloudConsolidationGpuParity (98780 ms total)

[----------] Global test environment tear-down
[==========] 1 test from 1 test suite ran. (98780 ms total)
[  PASSED  ] 0 tests.
[  FAILED  ] 1 test, listed below:
[  FAILED  ] PointCloudConsolidationGpuParity.VulkanLbvhMovingStepsAcrossDomainsAndFailures

 1 FAILED TEST


0% tests passed, 1 tests failed out of 1

Label Time Summary:
geometry       =  98.82 sec*proc (1 test)
gpu            =  98.82 sec*proc (1 test)
integration    =  98.82 sec*proc (1 test)
runtime        =  98.82 sec*proc (1 test)
vulkan         =  98.82 sec*proc (1 test)

Total Test time (real) = 100.11 sec

The following tests FAILED:
	3574 - PointCloudConsolidationGpuParity.VulkanLbvhMovingStepsAcrossDomainsAndFailures (Failed)
