[0/2] Re-checking globbed directories...
[1/2] Re-running CMake...
-- IntrinsicEngine using auto-selected compilers: /bin/clang-23, /bin/clang++-23
-- Running vcpkg install
A suitable version of cmake was not found (required v4.3.2).
Downloading https://github.com/Kitware/CMake/releases/download/v4.3.2/cmake-4.3.2-linux-x86_64.tar.gz -> cmake-4.3.2-linux-x86_64.tar.gz
error: curl operation failed with error code 6 (Couldn't resolve host name).
error: Not a transient network error, won't retry download from https://github.com/Kitware/CMake/releases/download/v4.3.2/cmake-4.3.2-linux-x86_64.tar.gz
note: If you are using a proxy, please ensure your proxy settings are correct.
Possible causes are:
1. You are actually using an HTTP proxy, but setting HTTPS_PROXY variable to `https://address:port`.
This is not correct, because `https://` prefix claims the proxy is an HTTPS proxy, while your proxy (v2ray, shadowsocksr, etc...) is an HTTP proxy.
Try setting `http://address:port` to both HTTP_PROXY and HTTPS_PROXY instead.
2. If you are using Windows, vcpkg will automatically use your Windows IE Proxy Settings set by your proxy software. See: https://github.com/microsoft/vcpkg-tool/pull/77
The value set by your proxy might be wrong, or have same `https://` prefix issue.
3. Your proxy's remote server is out of service.
If you believe this is not a temporary download server failure and vcpkg needs to be changed to download this file from a different location, please submit an issue to https://github.com/Microsoft/vcpkg/issues
-- Running vcpkg install - failed
-- Configuring incomplete, errors occurred!
FAILED: build.ninja 
/usr/bin/cmake --regenerate-during-build -S/home/alex/Documents/IntrinsicEngine -B/home/alex/Documents/IntrinsicEngine/build/ci
