Internal ctest changing into directory: /home/alex/Documents/IntrinsicEngine/build/ci
Test project /home/alex/Documents/IntrinsicEngine/build/ci
      Start  894: PointCloudConsolidationConfig.RoundTripsAndFallsBackPerField
 1/48 Test  #894: PointCloudConsolidationConfig.RoundTripsAndFallsBackPerField ....................................   Passed    0.01 sec
      Start  895: PointCloudConsolidationConfig.CachedLopBackendRoundTrips
 2/48 Test  #895: PointCloudConsolidationConfig.CachedLopBackendRoundTrips ........................................   Passed    0.00 sec
      Start  896: PointCloudConsolidationConfig.VulkanLbvhControlsRoundTrip
 3/48 Test  #896: PointCloudConsolidationConfig.VulkanLbvhControlsRoundTrip .......................................   Passed    0.00 sec
      Start  897: PointCloudConsolidationModule.AvailabilityIsTypedPropertyBasedAcrossEveryElementDomain
 4/48 Test  #897: PointCloudConsolidationModule.AvailabilityIsTypedPropertyBasedAcrossEveryElementDomain ..........   Passed    0.00 sec
      Start  898: PointCloudConsolidationModule.CommitsThroughGeometrySourcesAndOwnsUndoRedo
 5/48 Test  #898: PointCloudConsolidationModule.CommitsThroughGeometrySourcesAndOwnsUndoRedo ......................   Passed    0.04 sec
      Start  899: PointCloudConsolidationModule.ExecutesEveryElementDomainPropertyWithoutTopologyConversion
 6/48 Test  #899: PointCloudConsolidationModule.ExecutesEveryElementDomainPropertyWithoutTopologyConversion .......   Passed    0.05 sec
      Start  900: PointCloudConsolidationModule.VulkanRequestFallsBackHonestlyWhenNoOperationalGpuStateExists
 7/48 Test  #900: PointCloudConsolidationModule.VulkanRequestFallsBackHonestlyWhenNoOperationalGpuStateExists .....   Passed    0.04 sec
      Start  901: PointCloudConsolidationModule.NonConvergedFiniteIteratePublishesAsAnExplicitPreview
 8/48 Test  #901: PointCloudConsolidationModule.NonConvergedFiniteIteratePublishesAsAnExplicitPreview .............   Passed    0.04 sec
      Start  902: PointCloudConsolidationModule.WorkloadGuardCoversReferencePassesAtConfiguredBoundaries
 9/48 Test  #902: PointCloudConsolidationModule.WorkloadGuardCoversReferencePassesAtConfiguredBoundaries ..........   Passed    0.04 sec
      Start  903: PointCloudConsolidationModule.SourceMutationDropsQueuedWriteback
10/48 Test  #903: PointCloudConsolidationModule.SourceMutationDropsQueuedWriteback ................................   Passed    0.49 sec
      Start  904: PointCloudConsolidationModule.IdenticalInputAndConfigProduceIdenticalRuntimeOutput
11/48 Test  #904: PointCloudConsolidationModule.IdenticalInputAndConfigProduceIdenticalRuntimeOutput ..............   Passed    0.04 sec
      Start  905: PointCloudConsolidationModule.CachedLopBackendPublishesAndOwnsUndo
12/48 Test  #905: PointCloudConsolidationModule.CachedLopBackendPublishesAndOwnsUndo ..............................   Passed    0.04 sec
      Start  906: PointCloudConsolidationModule.CachedLopReusesAllEightPropertyDomainIndices
13/48 Test  #906: PointCloudConsolidationModule.CachedLopReusesAllEightPropertyDomainIndices ......................   Passed    0.05 sec
      Start  907: PointCloudConsolidationModule.VulkanLbvhRejectsUnavailableDeviceWithoutFallback
14/48 Test  #907: PointCloudConsolidationModule.VulkanLbvhRejectsUnavailableDeviceWithoutFallback .................   Passed    0.04 sec
      Start 1409: SandboxPointCloudConsolidationPanel.ThreeDomainRegistrationsAreStableOpenAndShareOnePanelPath
15/48 Test #1409: SandboxPointCloudConsolidationPanel.ThreeDomainRegistrationsAreStableOpenAndShareOnePanelPath ...   Passed    0.04 sec
      Start 1410: SandboxPointCloudConsolidationPanel.StrategiesAndTypedRequestAreExactAndFailClosed
16/48 Test #1410: SandboxPointCloudConsolidationPanel.StrategiesAndTypedRequestAreExactAndFailClosed ..............   Passed    0.00 sec
      Start 1411: SandboxPointCloudConsolidationPanel.ResultSummaryProjectsIdentityConvergenceAndFailure
17/48 Test #1411: SandboxPointCloudConsolidationPanel.ResultSummaryProjectsIdentityConvergenceAndFailure ..........   Passed    0.00 sec
      Start 1412: SandboxPointCloudConsolidationPanel.MeshVertexAndFaceSlotsUseTheSameEditorPreflight
18/48 Test #1412: SandboxPointCloudConsolidationPanel.MeshVertexAndFaceSlotsUseTheSameEditorPreflight .............   Passed    0.04 sec
      Start 1413: SandboxPointCloudConsolidationPanel.GraphAndPointCloudPositionsUseTheSemanticEditorPreflight
19/48 Test #1413: SandboxPointCloudConsolidationPanel.GraphAndPointCloudPositionsUseTheSemanticEditorPreflight ....   Passed    0.04 sec
      Start 1414: SandboxPointCloudConsolidationPanel.ValidatedActionQueuesAndPublishesThroughPreparedWorkspace
20/48 Test #1414: SandboxPointCloudConsolidationPanel.ValidatedActionQueuesAndPublishesThroughPreparedWorkspace ...   Passed    0.05 sec
      Start 2649: PointCloudConsolidation.OptimizedCandidatesMatchReferenceAndAreDeterministic
21/48 Test #2649: PointCloudConsolidation.OptimizedCandidatesMatchReferenceAndAreDeterministic ....................   Passed    0.02 sec
      Start 2650: PointCloudConsolidation.IsolatedWlopDensityMatchesReference
22/48 Test #2650: PointCloudConsolidation.IsolatedWlopDensityMatchesReference .....................................   Passed    0.00 sec
      Start 2651: PointCloudConsolidation.WlopDenoisesPlaneAndSphere
23/48 Test #2651: PointCloudConsolidation.WlopDenoisesPlaneAndSphere ..............................................   Passed    0.02 sec
      Start 2652: PointCloudConsolidation.AnisotropicWlopPreservesDihedralContrast
24/48 Test #2652: PointCloudConsolidation.AnisotropicWlopPreservesDihedralContrast ................................   Passed    0.02 sec
      Start 2653: PointCloudConsolidation.EarUpsamplesTowardDihedralFeature
25/48 Test #2653: PointCloudConsolidation.EarUpsamplesTowardDihedralFeature .......................................   Passed    0.01 sec
      Start 2654: PointCloudConsolidation.AnisotropicNormalPolicyIsExplicitAndImmutable
26/48 Test #2654: PointCloudConsolidation.AnisotropicNormalPolicyIsExplicitAndImmutable ...........................   Passed    0.01 sec
      Start 2655: PointCloudConsolidation.EarAndAnisotropicFailuresPublishNoPayload
27/48 Test #2655: PointCloudConsolidation.EarAndAnisotropicFailuresPublishNoPayload ...............................   Passed    0.00 sec
      Start 2656: PointCloudConsolidation.LopRepulsionImprovesMinimumSpacing
28/48 Test #2656: PointCloudConsolidation.LopRepulsionImprovesMinimumSpacing ......................................   Passed    0.01 sec
      Start 2657: PointCloudConsolidation.LopOneStepMatchesPaperEquationOracle
29/48 Test #2657: PointCloudConsolidation.LopOneStepMatchesPaperEquationOracle ....................................   Passed    0.00 sec
      Start 2658: PointCloudConsolidation.WlopCorrectsNonUniformDensityMoreThanLop
30/48 Test #2658: PointCloudConsolidation.WlopCorrectsNonUniformDensityMoreThanLop ................................   Passed    0.01 sec
      Start 2659: PointCloudConsolidation.InSupportOutliersHaveBoundedInfluenceOnPlanePatch
31/48 Test #2659: PointCloudConsolidation.InSupportOutliersHaveBoundedInfluenceOnPlanePatch .......................   Passed    0.01 sec
      Start 2660: PointCloudConsolidation.ClopOneStepMatchesGaussianProductEquation
32/48 Test #2660: PointCloudConsolidation.ClopOneStepMatchesGaussianProductEquation ...............................   Passed    0.01 sec
      Start 2661: PointCloudConsolidation.ClopDenoisesPlaneAndSphere
33/48 Test #2661: PointCloudConsolidation.ClopDenoisesPlaneAndSphere ..............................................   Passed    0.02 sec
      Start 2662: PointCloudConsolidation.ClopTracksMixtureWorkAndAgreesWithWlop
34/48 Test #2662: PointCloudConsolidation.ClopTracksMixtureWorkAndAgreesWithWlop ..................................   Passed    0.02 sec
      Start 2663: PointCloudConsolidation.ClopKeepsSparseOutlierInfluenceBounded
35/48 Test #2663: PointCloudConsolidation.ClopKeepsSparseOutlierInfluenceBounded ..................................   Passed    0.01 sec
      Start 2664: PointCloudConsolidation.ClopIsDeterministicAndFailsClosed
36/48 Test #2664: PointCloudConsolidation.ClopIsDeterministicAndFailsClosed .......................................   Passed    0.01 sec
      Start 2665: PointCloudConsolidation.StrategyAndSeedAreBitwiseDeterministic
37/48 Test #2665: PointCloudConsolidation.StrategyAndSeedAreBitwiseDeterministic ..................................   Passed    0.05 sec
      Start 2666: PointCloudConsolidation.ConcurrentCallersAreBitwiseDeterministic
38/48 Test #2666: PointCloudConsolidation.ConcurrentCallersAreBitwiseDeterministic ................................   Passed    0.01 sec
      Start 2667: PointCloudConsolidation.ClopConcurrentCallersAreBitwiseDeterministic
39/48 Test #2667: PointCloudConsolidation.ClopConcurrentCallersAreBitwiseDeterministic ............................   Passed    0.01 sec
      Start 2668: PointCloudConsolidation.InvalidRequestsFailWithoutPublishingPositions
40/48 Test #2668: PointCloudConsolidation.InvalidRequestsFailWithoutPublishingPositions ...........................   Passed    0.00 sec
      Start 2669: PointCloudConsolidation.DegenerateAndNonConvergedStatesStayFinite
41/48 Test #2669: PointCloudConsolidation.DegenerateAndNonConvergedStatesStayFinite ...............................   Passed    0.01 sec
      Start 2670: PointCloudConsolidation.CloudOverloadRejectsDeletedSlots
42/48 Test #2670: PointCloudConsolidation.CloudOverloadRejectsDeletedSlots ........................................   Passed    0.00 sec
      Start 2671: PointCloudConsolidation.ConservativeDensitySupportMatchesCachedCandidate
43/48 Test #2671: PointCloudConsolidation.ConservativeDensitySupportMatchesCachedCandidate ........................   Passed    0.00 sec
      Start 2672: PointCloudConsolidation.ExtremeShellDoesNotEvaluateUnusedRepulsionDerivative
44/48 Test #2672: PointCloudConsolidation.ExtremeShellDoesNotEvaluateUnusedRepulsionDerivative ....................   Passed    0.00 sec
      Start 2673: PointCloudConsolidation.DirectionalAttractionRejectsRoundedOutsideSupport
45/48 Test #2673: PointCloudConsolidation.DirectionalAttractionRejectsRoundedOutsideSupport .......................   Passed    0.01 sec
      Start 2674: PointCloudConsolidation.LopSuppliedRowsAndCachedIndexPreserveMovingIterations
46/48 Test #2674: PointCloudConsolidation.LopSuppliedRowsAndCachedIndexPreserveMovingIterations ...................   Passed    0.02 sec
      Start 2675: PointCloudConsolidation.LopRowsValidateIdentityStructureAndStrategy
47/48 Test #2675: PointCloudConsolidation.LopRowsValidateIdentityStructureAndStrategy .............................   Passed    0.00 sec
      Start 2676: PointCloudConsolidation.LopTinySupportPreservesCoincidentAndStrictContributors
48/48 Test #2676: PointCloudConsolidation.LopTinySupportPreservesCoincidentAndStrictContributors ..................   Passed    0.00 sec

100% tests passed, 0 tests failed out of 48

Label Time Summary:
contract       =   0.90 sec*proc (14 tests)
geometry       =   0.31 sec*proc (28 tests)
integration    =   0.17 sec*proc (6 tests)
runtime        =   1.07 sec*proc (20 tests)
unit           =   0.31 sec*proc (28 tests)

Total Test time (real) =   2.22 sec
