Validated 329 task file(s); findings: 0; mode: strict.
[check_task_maturity_followups] Root: /home/alex/Documents/IntrinsicEngine
[check_task_maturity_followups] Open task files scanned: 113
[check_task_maturity_followups] No maturity follow-up findings.
Task policy check complete. findings=0 mode=strict.
[check_layering] Scan root: /home/alex/Documents/IntrinsicEngine/src
[check_layering] Files scanned: 803
[check_layering] References scanned: 7914 import/include, 84 CMake link
[check_layering] Allowlist entries: 0
[check_layering] Allowlisted violations: 0
[check_layering] No layering violations found.
test layout check complete. findings=0 mode=strict
Method manifest validation passed for 16 file(s).
Benchmark manifest validation passed for 85 file(s).
[check_doc_links] Root: /home/alex/Documents/IntrinsicEngine
[check_doc_links] Checked relative links: 4033
[check_doc_links] Mode: warning
[check_doc_links] No broken relative links found.
check_ara_claims: OK (89 claims)
Skill mirror sync complete. mode=check files=13 surfaces=3.
