Test project /home/alex/Documents/IntrinsicEngine/build/ci-vulkan
      Start   32: PointLBVHGpuSmoke.KeypointResidentPreviewDiscardRepeatPagedParity
 1/15 Test   #32: PointLBVHGpuSmoke.KeypointResidentPreviewDiscardRepeatPagedParity .............................***Timeout  30.20 sec
Running main() from /home/alex/Documents/IntrinsicEngine/external/vcpkg/buildtrees/gtest/src/v1.17.0-0c449efaff.clean/googletest/src/gtest_main.cc
Note: Google Test filter = PointLBVHGpuSmoke.KeypointResidentPreviewDiscardRepeatPagedParity
[==========] Running 1 test from 1 test suite.
[----------] Global test environment set-up.
[----------] 1 test from PointLBVHGpuSmoke
[ RUN      ] PointLBVHGpuSmoke.KeypointResidentPreviewDiscardRepeatPagedParity
[32m[INFO] Initialized Scheduler with 31 worker threads.[0m
[33m[WARN] [Runtime] Promoted Vulkan device selected; backend remains fail-closed until the first clean default-recipe validation promotes it.[0m
[33m[WARN] [VulkanDevice::Initialize] Vulkan bootstrap created logical-device, queue, VMA, per-frame command/sync, swapchain image/view/handle, bindless heap, transfer queue, and global pipeline-layout state; canonical frame execution waits for the first clean recipe validation publish, so device remains non-operational during cold start.[0m
[33m[WARN] [Runtime] VulkanRequestedButNotOperational status=RequestedButIncompleteGate reason=BarrierValidationFailed[0m

      Start   33: PointLBVHGpuSmoke.KeypointResident4096IdenticalPointsRetainsDevice
 2/15 Test   #33: PointLBVHGpuSmoke.KeypointResident4096IdenticalPointsRetainsDevice ............................   Passed   10.93 sec
      Start   34: PointLBVHGpuSmoke.KeypointResidentSubnormalScores
 3/15 Test   #34: PointLBVHGpuSmoke.KeypointResidentSubnormalScores .............................................***Timeout  30.20 sec
Running main() from /home/alex/Documents/IntrinsicEngine/external/vcpkg/buildtrees/gtest/src/v1.17.0-0c449efaff.clean/googletest/src/gtest_main.cc
Note: Google Test filter = PointLBVHGpuSmoke.KeypointResidentSubnormalScores
[==========] Running 1 test from 1 test suite.
[----------] Global test environment set-up.
[----------] 1 test from PointLBVHGpuSmoke
[ RUN      ] PointLBVHGpuSmoke.KeypointResidentSubnormalScores
[32m[INFO] Initialized Scheduler with 31 worker threads.[0m
[33m[WARN] [Runtime] Promoted Vulkan device selected; backend remains fail-closed until the first clean default-recipe validation promotes it.[0m
[33m[WARN] [VulkanDevice::Initialize] Vulkan bootstrap created logical-device, queue, VMA, per-frame command/sync, swapchain image/view/handle, bindless heap, transfer queue, and global pipeline-layout state; canonical frame execution waits for the first clean recipe validation publish, so device remains non-operational during cold start.[0m
[33m[WARN] [Runtime] VulkanRequestedButNotOperational status=RequestedButIncompleteGate reason=BarrierValidationFailed[0m

      Start   35: PointLBVHGpuSmoke.KeypointResidentDeletedSlotPreservesBothFronts
 4/15 Test   #35: PointLBVHGpuSmoke.KeypointResidentDeletedSlotPreservesBothFronts ..............................***Timeout  30.19 sec
Running main() from /home/alex/Documents/IntrinsicEngine/external/vcpkg/buildtrees/gtest/src/v1.17.0-0c449efaff.clean/googletest/src/gtest_main.cc
Note: Google Test filter = PointLBVHGpuSmoke.KeypointResidentDeletedSlotPreservesBothFronts
[==========] Running 1 test from 1 test suite.
[----------] Global test environment set-up.
[----------] 1 test from PointLBVHGpuSmoke
[ RUN      ] PointLBVHGpuSmoke.KeypointResidentDeletedSlotPreservesBothFronts
[32m[INFO] Initialized Scheduler with 31 worker threads.[0m
[33m[WARN] [Runtime] Promoted Vulkan device selected; backend remains fail-closed until the first clean default-recipe validation promotes it.[0m
[33m[WARN] [VulkanDevice::Initialize] Vulkan bootstrap created logical-device, queue, VMA, per-frame command/sync, swapchain image/view/handle, bindless heap, transfer queue, and global pipeline-layout state; canonical frame execution waits for the first clean recipe validation publish, so device remains non-operational during cold start.[0m
[33m[WARN] [Runtime] VulkanRequestedButNotOperational status=RequestedButIncompleteGate reason=BarrierValidationFailed[0m

      Start   36: PointLBVHGpuSmoke.KeypointResidentDeletedSlotZeroFillsBothNewFronts
