[clean-workshop-review] Running scorecard-relevant validators at root: /home/alex/Documents/IntrinsicEngine
[check_layering] Scan root: /home/alex/Documents/IntrinsicEngine/src
[check_layering] Files scanned: 859
[check_layering] References scanned: 8576 import/include, 84 CMake link
[check_layering] Allowlist entries: 0
[check_layering] Allowlisted violations: 0
[check_layering] No layering violations found.
[check_layering_allowlist_quality] Allowlist: /home/alex/Documents/IntrinsicEngine/tools/repo/layering_allowlist.yaml
[check_layering_allowlist_quality] Entries: 0
[check_layering_allowlist_quality] No findings.
Validated 366 task file(s); findings: 0; mode: strict.
[check_task_maturity_followups] Root: /home/alex/Documents/IntrinsicEngine
[check_task_maturity_followups] Open task files scanned: 107
[check_task_maturity_followups] No maturity follow-up findings.
Task policy check complete. findings=0 mode=strict.
[check_doc_links] Root: /home/alex/Documents/IntrinsicEngine
[check_doc_links] Checked relative links: 4180
[check_doc_links] Mode: strict
[check_doc_links] Broken relative links:
  - docs/reports/2026-08-06-architecture-stability-readiness.md -> ../../tasks/backlog/bugs/BUG-134-imgui-adapter-panel-draw-list-intermittent.md
[check_doc_links] Action: update moved paths or convert to canonical links.
[check_doc_links] STRICT MODE: failing.
