[0/2] Re-checking globbed directories...
[1/478] Scanning /tmp/intrinsic-proc-028/src/core/Core.FrameLoop.cpp for CXX dependencies
[2/478] Scanning /tmp/intrinsic-proc-028/src/core/Core.Tasks.Stats.cpp for CXX dependencies
[3/478] Scanning /tmp/intrinsic-proc-028/src/core/Core.Dag.Scheduler.Hazards.cpp for CXX dependencies
[4/478] Scanning /tmp/intrinsic-proc-028/src/core/Core.IOBackend.cpp for CXX dependencies
[5/478] Scanning /tmp/intrinsic-proc-028/src/core/Core.Filesystem.PathResolver.cpp for CXX dependencies
[6/478] Scanning /tmp/intrinsic-proc-028/methods/geometry/progressive_poisson/src/ProgressivePoissonReference.cpp for CXX dependencies
[7/478] Scanning /tmp/intrinsic-proc-028/src/core/Core.FrameGraph.cpp for CXX dependencies
[8/478] Scanning /tmp/intrinsic-proc-028/src/core/Core.Tasks.CounterEvent.cpp for CXX dependencies
[9/478] Scanning /tmp/intrinsic-proc-028/src/core/Core.Logging.cpp for CXX dependencies
[10/478] Generating CXX dyndep file CMakeFiles/IntrinsicProgressivePoissonReference.dir/CXX.dd
[11/478] Scanning /tmp/intrinsic-proc-028/src/core/Core.Tasks.Dispatch.cpp for CXX dependencies
[12/478] Scanning /tmp/intrinsic-proc-028/src/core/Core.Dag.Scheduler.cpp for CXX dependencies
[13/478] Scanning /tmp/intrinsic-proc-028/src/core/Core.Dag.TaskGraph.cpp for CXX dependencies
[14/478] Scanning /tmp/intrinsic-proc-028/src/core/Core.Tasks.Lifecycle.cpp for CXX dependencies
[15/478] Scanning /tmp/intrinsic-proc-028/src/core/Core.Telemetry.cpp for CXX dependencies
[16/478] Scanning /tmp/intrinsic-proc-028/src/core/Core.Tasks.Job.cpp for CXX dependencies
[17/478] Scanning /tmp/intrinsic-proc-028/src/core/Core.BoundedHeap.cppm for CXX dependencies
[18/478] Scanning /tmp/intrinsic-proc-028/src/core/Core.Filesystem.cpp for CXX dependencies
[19/478] Scanning /tmp/intrinsic-proc-028/src/core/Core.Process.cpp for CXX dependencies
[20/478] Scanning /tmp/intrinsic-proc-028/src/core/Core.Dag.Scheduler.Policy.cppm for CXX dependencies
[21/478] Scanning /tmp/intrinsic-proc-028/src/core/Core.Tasks.WaitToken.cpp for CXX dependencies
[22/478] Scanning /tmp/intrinsic-proc-028/src/core/Core.IndexedHeap.cppm for CXX dependencies
[23/478] Scanning /tmp/intrinsic-proc-028/src/core/Core.Tasks.Worker.cpp for CXX dependencies
[24/478] Scanning /tmp/intrinsic-proc-028/src/core/Core.Config.EngineLoad.cppm for CXX dependencies
[25/478] Scanning /tmp/intrinsic-proc-028/src/core/Core.Config.EngineLoad.cpp for CXX dependencies
[26/478] Scanning /tmp/intrinsic-proc-028/src/core/Core.Config.Window.cppm for CXX dependencies
[27/478] Scanning /tmp/intrinsic-proc-028/src/core/Core.Config.Render.cppm for CXX dependencies
[28/478] Scanning /tmp/intrinsic-proc-028/src/core/Core.Config.Engine.cppm for CXX dependencies
[29/478] Scanning /tmp/intrinsic-proc-028/src/core/Core.Dag.Scheduler.Hazards.cppm for CXX dependencies
[30/478] Scanning /tmp/intrinsic-proc-028/src/core/Core.Dag.Scheduler.Compiler.cppm for CXX dependencies
[31/478] Scanning /tmp/intrinsic-proc-028/src/core/Core.Dag.Scheduler.Types.cppm for CXX dependencies
[32/478] Scanning /tmp/intrinsic-proc-028/src/core/Core.FrameLoop.cppm for CXX dependencies
[33/478] Scanning /tmp/intrinsic-proc-028/src/core/Core.IOBackend.cppm for CXX dependencies
[34/478] Scanning /tmp/intrinsic-proc-028/src/core/Core.Geometry2D.cppm for CXX dependencies
[35/478] Scanning /tmp/intrinsic-proc-028/src/core/Core.Dag.Scheduler.DomainGraph.cppm for CXX dependencies
[36/478] Scanning /tmp/intrinsic-proc-028/src/core/Core.RingBuffer.cppm for CXX dependencies
[37/478] Scanning /tmp/intrinsic-proc-028/src/core/Core.Error.cppm for CXX dependencies
[38/478] Scanning /tmp/intrinsic-proc-028/src/core/Core.HandleLease.cppm for CXX dependencies
[39/478] Scanning /tmp/intrinsic-proc-028/src/core/Core.ResourcePool.cppm for CXX dependencies
[40/478] Scanning /tmp/intrinsic-proc-028/src/core/Core.CallbackRegistry.cppm for CXX dependencies
[41/478] Scanning /tmp/intrinsic-proc-028/src/core/Core.Hash.cppm for CXX dependencies
[42/478] Scanning /tmp/intrinsic-proc-028/src/core/Core.Dag.TaskGraph.cppm for CXX dependencies
[43/478] Scanning /tmp/intrinsic-proc-028/src/core/Core.Dag.Scheduler.cppm for CXX dependencies
[44/478] Scanning /tmp/intrinsic-proc-028/src/core/Core.Telemetry.cppm for CXX dependencies
[45/478] Scanning /tmp/intrinsic-proc-028/src/core/Core.Memory.Common.cppm for CXX dependencies
[46/478] Scanning /tmp/intrinsic-proc-028/src/core/Core.Process.cppm for CXX dependencies
[47/478] Scanning /tmp/intrinsic-proc-028/src/core/Core.FrameGraph.cppm for CXX dependencies
[48/478] Scanning /tmp/intrinsic-proc-028/src/core/Core.Filesystem.PathResolver.cppm for CXX dependencies
[49/478] Scanning /tmp/intrinsic-proc-028/src/core/Core.Logging.cppm for CXX dependencies
[50/478] Scanning /tmp/intrinsic-proc-028/src/core/Core.Filesystem.cppm for CXX dependencies
[51/478] Scanning /tmp/intrinsic-proc-028/src/core/Core.FrameClock.cppm for CXX dependencies
[52/478] Scanning /tmp/intrinsic-proc-028/src/core/Core.Memory.Polymorphic.cppm for CXX dependencies
[53/478] Scanning /tmp/intrinsic-proc-028/src/core/Core.Memory.ScopeStack.cpp for CXX dependencies
[54/478] Scanning /tmp/intrinsic-proc-028/src/core/Core.LockFreeQueue.cppm for CXX dependencies
[55/478] Scanning /tmp/intrinsic-proc-028/src/core/Core.Memory.ScopeStack.cppm for CXX dependencies
[56/478] Scanning /tmp/intrinsic-proc-028/src/core/Core.Memory.LinearArena.cppm for CXX dependencies
[57/478] Scanning /tmp/intrinsic-proc-028/src/core/Core.StrongHandle.cppm for CXX dependencies
[58/478] Scanning /tmp/intrinsic-proc-028/src/core/Core.Tasks.cppm for CXX dependencies
[59/478] Scanning /tmp/intrinsic-proc-028/src/core/Core.Memory.Polymorphic.cpp for CXX dependencies
[60/478] Scanning /tmp/intrinsic-proc-028/src/core/Core.Tasks.CounterEvent.cppm for CXX dependencies
[61/478] Scanning /tmp/intrinsic-proc-028/src/core/Core.Tasks.LocalTask.cppm for CXX dependencies
[62/478] Scanning /tmp/intrinsic-proc-028/src/core/Core.Tasks.LocalTask.cpp for CXX dependencies
[63/478] Scanning /tmp/intrinsic-proc-028/src/core/Core.Tasks.Internal.cppm for CXX dependencies
[64/478] Scanning /tmp/intrinsic-proc-028/src/geometry/Geometry.AABB.cpp for CXX dependencies
[65/478] Scanning /tmp/intrinsic-proc-028/src/geometry/Geometry.ContactManifold.cpp for CXX dependencies
[66/478] Scanning /tmp/intrinsic-proc-028/src/core/Core.Memory.LinearArena.cpp for CXX dependencies
[67/478] Scanning /tmp/intrinsic-proc-028/src/geometry/Geometry.BVH.cpp for CXX dependencies
[68/478] Scanning /tmp/intrinsic-proc-028/src/geometry/Geometry.Capsule.cpp for CXX dependencies
[69/478] Scanning /tmp/intrinsic-proc-028/src/core/Core.Tasks.Internal.cpp for CXX dependencies
[70/478] Scanning /tmp/intrinsic-proc-028/src/geometry/Geometry.Containment.cpp for CXX dependencies
[71/478] Scanning /tmp/intrinsic-proc-028/src/geometry/Geometry.Ellipsoid.cpp for CXX dependencies
[72/478] Scanning /tmp/intrinsic-proc-028/src/geometry/Geometry.ConvexHull.cpp for CXX dependencies
[73/478] Scanning /tmp/intrinsic-proc-028/src/geometry/Geometry.Curve.cpp for CXX dependencies
[74/478] Scanning /tmp/intrinsic-proc-028/src/geometry/Geometry.GJK.cpp for CXX dependencies
[75/478] Generating CXX dyndep file src/core/CMakeFiles/ExtrinsicCore.dir/CXX.dd
[76/478] Scanning /tmp/intrinsic-proc-028/src/geometry/Geometry.ConvexHullBuilder.cpp for CXX dependencies
[77/478] Scanning /tmp/intrinsic-proc-028/src/geometry/Geometry.Frustum.cpp for CXX dependencies
[78/478] Scanning /tmp/intrinsic-proc-028/src/geometry/Geometry.Cylinder.cpp for CXX dependencies
[79/478] Scanning /tmp/intrinsic-proc-028/src/geometry/Geometry.EPA.cpp for CXX dependencies
[80/478] Scanning /tmp/intrinsic-proc-028/src/geometry/Geometry.Grid.cpp for CXX dependencies
[81/478] Scanning /tmp/intrinsic-proc-028/src/geometry/Geometry.Graph.ShortestPath.cpp for CXX dependencies
[82/478] Scanning /tmp/intrinsic-proc-028/src/geometry/Geometry.HalfedgeMesh.Boundary.cpp for CXX dependencies
[83/478] Scanning /tmp/intrinsic-proc-028/src/geometry/Geometry.Graph.Vertex.Normals.cpp for CXX dependencies
[84/478] Scanning /tmp/intrinsic-proc-028/src/geometry/Geometry.HalfedgeMesh.AdaptiveRemeshing.cpp for CXX dependencies
[85/478] Scanning /tmp/intrinsic-proc-028/src/geometry/Geometry.Graph.Utils.cpp for CXX dependencies
[86/478] Scanning /tmp/intrinsic-proc-028/src/geometry/Geometry.Graph.cpp for CXX dependencies
[87/478] Scanning /tmp/intrinsic-proc-028/src/geometry/Geometry.HalfedgeMesh.Analysis.cpp for CXX dependencies
[88/478] Scanning /tmp/intrinsic-proc-028/src/geometry/Geometry.Graph.IO.cpp for CXX dependencies
[89/478] Scanning /tmp/intrinsic-proc-028/src/geometry/Geometry.HalfedgeMesh.Builder.cpp for CXX dependencies
[90/478] Scanning /tmp/intrinsic-proc-028/src/geometry/Geometry.HalfedgeMesh.DEC.cpp for CXX dependencies
[91/478] Scanning /tmp/intrinsic-proc-028/src/geometry/Geometry.HalfedgeMesh.Curvature.cpp for CXX dependencies
[92/478] Scanning /tmp/intrinsic-proc-028/src/geometry/Geometry.HalfedgeMesh.Boolean.cpp for CXX dependencies
[93/478] Scanning /tmp/intrinsic-proc-028/src/geometry/Geometry.HalfedgeMesh.CatmullClark.cpp for CXX dependencies
[94/478] Scanning /tmp/intrinsic-proc-028/src/geometry/Geometry.HalfedgeMesh.Repair.cpp for CXX dependencies
[95/478] Scanning /tmp/intrinsic-proc-028/src/geometry/Geometry.HalfedgeMesh.Remeshing.cpp for CXX dependencies
[96/478] Scanning /tmp/intrinsic-proc-028/src/geometry/Geometry.HalfedgeMesh.IO.cpp for CXX dependencies
[97/478] Scanning /tmp/intrinsic-proc-028/src/geometry/Geometry.HalfedgeMesh.Geodesic.cpp for CXX dependencies
[98/478] Scanning /tmp/intrinsic-proc-028/src/geometry/Geometry.HalfedgeMesh.Parameterization.cpp for CXX dependencies
[99/478] Scanning /tmp/intrinsic-proc-028/src/geometry/Geometry.HalfedgeMesh.Quality.cpp for CXX dependencies
[100/478] Scanning /tmp/intrinsic-proc-028/src/geometry/Geometry.HalfedgeMesh.SignedHeatMethod.cpp for CXX dependencies
[101/478] Scanning /tmp/intrinsic-proc-028/src/geometry/Geometry.HalfedgeMesh.Simplification.cpp for CXX dependencies
[102/478] Scanning /tmp/intrinsic-proc-028/src/geometry/Geometry.HalfedgeMesh.SubdivisionSqrt3.cpp for CXX dependencies
[103/478] Scanning /tmp/intrinsic-proc-028/src/geometry/Geometry.HalfedgeMesh.Utils.cpp for CXX dependencies
[104/478] Scanning /tmp/intrinsic-proc-028/src/geometry/Geometry.HalfedgeMesh.Smoothing.cpp for CXX dependencies
[105/478] Scanning /tmp/intrinsic-proc-028/src/geometry/Geometry.HtexPatch.cpp for CXX dependencies
[106/478] Scanning /tmp/intrinsic-proc-028/src/geometry/Geometry.HalfedgeMesh.Vertices.Normals.cpp for CXX dependencies
[107/478] Scanning /tmp/intrinsic-proc-028/src/geometry/Geometry.HalfedgeMesh.Subdivision.cpp for CXX dependencies
[108/478] Scanning /tmp/intrinsic-proc-028/src/geometry/Geometry.ImplicitPlaneField.cpp for CXX dependencies
[109/478] Scanning /tmp/intrinsic-proc-028/src/geometry/Geometry.KDTree.cpp for CXX dependencies
[110/478] Scanning /tmp/intrinsic-proc-028/src/geometry/Geometry.HalfedgeMesh.VectorHeatMethod.cpp for CXX dependencies
[111/478] Scanning /tmp/intrinsic-proc-028/src/geometry/Geometry.HalfedgeMesh.cpp for CXX dependencies
[112/478] Scanning /tmp/intrinsic-proc-028/src/geometry/Geometry.KMeans.cpp for CXX dependencies
[113/478] Scanning /tmp/intrinsic-proc-028/src/geometry/Geometry.Mesh.Conversion.cpp for CXX dependencies
[114/478] Scanning /tmp/intrinsic-proc-028/src/geometry/Geometry.Overlap.cpp for CXX dependencies
[115/478] Scanning /tmp/intrinsic-proc-028/src/geometry/Geometry.MeshClosestFace.cpp for CXX dependencies
[116/478] Scanning /tmp/intrinsic-proc-028/src/geometry/Geometry.Octree.cpp for CXX dependencies
[117/478] Scanning /tmp/intrinsic-proc-028/src/geometry/Geometry.OBB.cpp for CXX dependencies
[118/478] Scanning /tmp/intrinsic-proc-028/src/geometry/Geometry.MeshSoup.cpp for CXX dependencies
[119/478] Scanning /tmp/intrinsic-proc-028/src/geometry/Geometry.Parameterization.Diagnostics.cpp for CXX dependencies
[120/478] Scanning /tmp/intrinsic-proc-028/src/geometry/Geometry.MarchingCubes.cpp for CXX dependencies
[121/478] Scanning /tmp/intrinsic-proc-028/src/geometry/Geometry.PCA.cpp for CXX dependencies
[122/478] Scanning /tmp/intrinsic-proc-028/src/geometry/Geometry.Parameterization.Bff.cpp for CXX dependencies
[123/478] Scanning /tmp/intrinsic-proc-028/src/geometry/Geometry.Linalg.cpp for CXX dependencies
[124/478] Scanning /tmp/intrinsic-proc-028/src/geometry/Geometry.Parameterization.Harmonic.cpp for CXX dependencies
[125/478] Scanning /tmp/intrinsic-proc-028/src/geometry/Geometry.Plane.cpp for CXX dependencies
[126/478] Scanning /tmp/intrinsic-proc-028/src/geometry/Geometry.PointCloud.Conversion.cpp for CXX dependencies
[127/478] Scanning /tmp/intrinsic-proc-028/src/geometry/Geometry.PointCloud.QualityMetrics.cpp for CXX dependencies
[128/478] Scanning /tmp/intrinsic-proc-028/src/geometry/Geometry.Quadric.cpp for CXX dependencies
[129/478] Scanning /tmp/intrinsic-proc-028/src/geometry/Geometry.PointCloud.Utils.cpp for CXX dependencies
[130/478] Scanning /tmp/intrinsic-proc-028/src/geometry/Geometry.PointCloud.IO.cpp for CXX dependencies
[131/478] Scanning /tmp/intrinsic-proc-028/src/geometry/Geometry.PointCloud.Normals.cpp for CXX dependencies
[132/478] Scanning /tmp/intrinsic-proc-028/src/geometry/Geometry.PointCloud.SurfaceSampling.cpp for CXX dependencies
[133/478] Scanning /tmp/intrinsic-proc-028/src/geometry/Geometry.Robust.cpp for CXX dependencies
[134/478] Scanning /tmp/intrinsic-proc-028/src/geometry/Geometry.Queries.cpp for CXX dependencies
[135/478] Scanning /tmp/intrinsic-proc-028/src/geometry/Geometry.PointCloud.Features.cpp for CXX dependencies
[136/478] Scanning /tmp/intrinsic-proc-028/src/geometry/Geometry.Raycast.cpp for CXX dependencies
[137/478] Scanning /tmp/intrinsic-proc-028/src/geometry/Geometry.Registration.cpp for CXX dependencies
[138/478] Scanning /tmp/intrinsic-proc-028/src/geometry/Geometry.PointCloud.cpp for CXX dependencies
[139/478] Scanning /tmp/intrinsic-proc-028/src/geometry/Geometry.RotationAveraging.cpp for CXX dependencies
[140/478] Scanning /tmp/intrinsic-proc-028/src/geometry/Geometry.RobustPredicates.cpp for CXX dependencies
[141/478] Scanning /tmp/intrinsic-proc-028/src/geometry/Geometry.Rotation.cpp for CXX dependencies
[142/478] Scanning /tmp/intrinsic-proc-028/src/geometry/Geometry.Properties.cpp for CXX dependencies
[143/478] Scanning /tmp/intrinsic-proc-028/src/geometry/Geometry.Sampling.cpp for CXX dependencies
[144/478] Scanning /tmp/intrinsic-proc-028/src/geometry/Geometry.Statistics.cpp for CXX dependencies
[145/478] Scanning /tmp/intrinsic-proc-028/src/geometry/Geometry.SDF.cpp for CXX dependencies
[146/478] Scanning /tmp/intrinsic-proc-028/src/geometry/Geometry.Segment.cpp for CXX dependencies
[147/478] Scanning /tmp/intrinsic-proc-028/src/geometry/Geometry.Support.cpp for CXX dependencies
[148/478] Scanning /tmp/intrinsic-proc-028/src/geometry/Geometry.SurfaceReconstruction.cpp for CXX dependencies
[149/478] Scanning /tmp/intrinsic-proc-028/src/geometry/Geometry.Sphere.cpp for CXX dependencies
[150/478] Scanning /tmp/intrinsic-proc-028/src/geometry/Geometry.Triangle.cpp for CXX dependencies
[151/478] Scanning /tmp/intrinsic-proc-028/src/geometry/Geometry.Sphere.Sampling.cpp for CXX dependencies
[152/478] Scanning /tmp/intrinsic-proc-028/src/geometry/Geometry.BVH.cppm for CXX dependencies
[153/478] Scanning /tmp/intrinsic-proc-028/src/geometry/Geometry.Validation.cpp for CXX dependencies
[154/478] Scanning /tmp/intrinsic-proc-028/src/geometry/Geometry.AABB.cppm for CXX dependencies
[155/478] Scanning /tmp/intrinsic-proc-028/src/geometry/Geometry.UvAtlas.cpp for CXX dependencies
[156/478] Scanning /tmp/intrinsic-proc-028/src/geometry/Geometry.Circulators.cppm for CXX dependencies
[157/478] Scanning /tmp/intrinsic-proc-028/src/geometry/Geometry.Capsule.cppm for CXX dependencies
[158/478] Scanning /tmp/intrinsic-proc-028/src/geometry/Geometry.ContactManifold.cppm for CXX dependencies
[159/478] Scanning /tmp/intrinsic-proc-028/src/geometry/Geometry.ConvexHull.cppm for CXX dependencies
[160/478] Scanning /tmp/intrinsic-proc-028/src/geometry/Geometry.Containment.cppm for CXX dependencies
[161/478] Scanning /tmp/intrinsic-proc-028/src/geometry/Geometry.ConvexHullBuilder.cppm for CXX dependencies
[162/478] Scanning /tmp/intrinsic-proc-028/src/geometry/Geometry.Ellipsoid.cppm for CXX dependencies
[163/478] Scanning /tmp/intrinsic-proc-028/src/geometry/Geometry.Curve.cppm for CXX dependencies
[164/478] Scanning /tmp/intrinsic-proc-028/src/geometry/Geometry.Frustum.cppm for CXX dependencies
[165/478] Scanning /tmp/intrinsic-proc-028/src/geometry/Geometry.Sparse.cpp for CXX dependencies
[166/478] Scanning /tmp/intrinsic-proc-028/src/geometry/Geometry.EPA.cppm for CXX dependencies
[167/478] Scanning /tmp/intrinsic-proc-028/src/geometry/Geometry.HalfedgeMesh.Boolean.cppm for CXX dependencies
[168/478] Scanning /tmp/intrinsic-proc-028/src/geometry/Geometry.HalfedgeMesh.Analysis.cppm for CXX dependencies
[169/478] Scanning /tmp/intrinsic-proc-028/src/geometry/Geometry.GJK.cppm for CXX dependencies
[170/478] Scanning /tmp/intrinsic-proc-028/src/geometry/Geometry.HalfedgeMesh.Boundary.cppm for CXX dependencies
[171/478] Scanning /tmp/intrinsic-proc-028/src/geometry/Geometry.Graph.ShortestPath.cppm for CXX dependencies
[172/478] Scanning /tmp/intrinsic-proc-028/src/geometry/Geometry.Graph.IO.cppm for CXX dependencies
[173/478] Scanning /tmp/intrinsic-proc-028/src/geometry/Geometry.Cylinder.cppm for CXX dependencies
[174/478] Scanning /tmp/intrinsic-proc-028/src/geometry/Geometry.DomainViews.cppm for CXX dependencies
[175/478] Scanning /tmp/intrinsic-proc-028/src/geometry/Geometry.HalfedgeMesh.CatmullClark.cppm for CXX dependencies
[176/478] Scanning /tmp/intrinsic-proc-028/src/geometry/Geometry.Graph.Vertex.Normals.cppm for CXX dependencies
[177/478] Scanning /tmp/intrinsic-proc-028/src/geometry/Geometry.HalfedgeMesh.AdaptiveRemeshing.cppm for CXX dependencies
[178/478] Scanning /tmp/intrinsic-proc-028/src/geometry/Geometry.HalfedgeMesh.Builder.cppm for CXX dependencies
[179/478] Scanning /tmp/intrinsic-proc-028/src/geometry/Geometry.HalfedgeMesh.IO.cppm for CXX dependencies
[180/478] Scanning /tmp/intrinsic-proc-028/src/geometry/Geometry.HalfedgeMesh.Remeshing.cppm for CXX dependencies
[181/478] Scanning /tmp/intrinsic-proc-028/src/geometry/Geometry.HalfedgeMesh.Geodesic.cppm for CXX dependencies
[182/478] Scanning /tmp/intrinsic-proc-028/src/geometry/Geometry.Graph.Utils.cppm for CXX dependencies
[183/478] Scanning /tmp/intrinsic-proc-028/src/geometry/Geometry.HalfedgeMesh.DEC.cppm for CXX dependencies
[184/478] Scanning /tmp/intrinsic-proc-028/src/geometry/Geometry.HalfedgeMesh.Quality.cppm for CXX dependencies
[185/478] Scanning /tmp/intrinsic-proc-028/src/geometry/Geometry.Grid.cppm for CXX dependencies
[186/478] Scanning /tmp/intrinsic-proc-028/src/geometry/Geometry.Graph.cppm for CXX dependencies
[187/478] Scanning /tmp/intrinsic-proc-028/src/geometry/Geometry.HalfedgeMesh.SignedHeatMethod.cppm for CXX dependencies
[188/478] Scanning /tmp/intrinsic-proc-028/src/geometry/Geometry.HalfedgeMesh.Curvature.cppm for CXX dependencies
[189/478] Scanning /tmp/intrinsic-proc-028/src/geometry/Geometry.HalfedgeMesh.Simplification.cppm for CXX dependencies
[190/478] Scanning /tmp/intrinsic-proc-028/src/geometry/Geometry.HalfedgeMesh.Repair.cppm for CXX dependencies
[191/478] Scanning /tmp/intrinsic-proc-028/src/geometry/Geometry.HalfedgeMesh.Utils.cppm for CXX dependencies
[192/478] Scanning /tmp/intrinsic-proc-028/src/geometry/Geometry.HalfedgeMesh.SubdivisionSqrt3.cppm for CXX dependencies
[193/478] Scanning /tmp/intrinsic-proc-028/src/geometry/Geometry.HalfedgeMesh.Parameterization.cppm for CXX dependencies
[194/478] Scanning /tmp/intrinsic-proc-028/src/geometry/Geometry.HalfedgeMesh.Subdivision.cppm for CXX dependencies
[195/478] Scanning /tmp/intrinsic-proc-028/src/geometry/Geometry.HalfedgeMesh.Smoothing.cppm for CXX dependencies
[196/478] Scanning /tmp/intrinsic-proc-028/src/geometry/Geometry.IO.cppm for CXX dependencies
[197/478] Scanning /tmp/intrinsic-proc-028/src/geometry/Geometry.HalfedgeMesh.VectorHeatMethod.cppm for CXX dependencies
[198/478] Scanning /tmp/intrinsic-proc-028/src/geometry/Geometry.HalfedgeMesh.Vertices.Normals.cppm for CXX dependencies
[199/478] Scanning /tmp/intrinsic-proc-028/src/geometry/Geometry.HtexPatch.cppm for CXX dependencies
[200/478] Scanning /tmp/intrinsic-proc-028/src/geometry/Geometry.KDTree.cppm for CXX dependencies
[201/478] Scanning /tmp/intrinsic-proc-028/src/geometry/Geometry.ImplicitPlaneField.cppm for CXX dependencies
[202/478] Scanning /tmp/intrinsic-proc-028/src/geometry/Geometry.IntersectionClassification.cppm for CXX dependencies
[203/478] Scanning /tmp/intrinsic-proc-028/src/geometry/Geometry.HalfedgeMesh.cppm for CXX dependencies
[204/478] Scanning /tmp/intrinsic-proc-028/src/geometry/Geometry.KMeans.cppm for CXX dependencies
[205/478] Scanning /tmp/intrinsic-proc-028/src/geometry/Geometry.LinearSolver.cppm for CXX dependencies
[206/478] Scanning /tmp/intrinsic-proc-028/src/geometry/Geometry.MeshOperator.cppm for CXX dependencies
[207/478] Scanning /tmp/intrinsic-proc-028/src/geometry/Geometry.Parameterization.Diagnostics.cppm for CXX dependencies
[208/478] Scanning /tmp/intrinsic-proc-028/src/geometry/Geometry.Mesh.Conversion.cppm for CXX dependencies
[209/478] Scanning /tmp/intrinsic-proc-028/src/geometry/Geometry.MarchingCubes.cppm for CXX dependencies
[210/478] Scanning /tmp/intrinsic-proc-028/src/geometry/Geometry.MeshSoup.cppm for CXX dependencies
[211/478] Scanning /tmp/intrinsic-proc-028/src/geometry/Geometry.OBB.cppm for CXX dependencies
[212/478] Scanning /tmp/intrinsic-proc-028/src/geometry/Geometry.PCA.cppm for CXX dependencies
[213/478] Scanning /tmp/intrinsic-proc-028/src/geometry/Geometry.Octree.cppm for CXX dependencies
[214/478] Scanning /tmp/intrinsic-proc-028/src/geometry/Geometry.Overlap.cppm for CXX dependencies
[215/478] Scanning /tmp/intrinsic-proc-028/src/geometry/Geometry.Linalg.cppm for CXX dependencies
[216/478] Scanning /tmp/intrinsic-proc-028/src/geometry/Geometry.Parameterization.Bff.cppm for CXX dependencies
[217/478] Scanning /tmp/intrinsic-proc-028/src/geometry/Geometry.PointCloud.Conversion.cppm for CXX dependencies
[218/478] Scanning /tmp/intrinsic-proc-028/src/geometry/Geometry.Plane.cppm for CXX dependencies
[219/478] Scanning /tmp/intrinsic-proc-028/src/geometry/Geometry.PointCloud.SurfaceSampling.cppm for CXX dependencies
[220/478] Scanning /tmp/intrinsic-proc-028/src/geometry/Geometry.MeshClosestFace.cppm for CXX dependencies
[221/478] Scanning /tmp/intrinsic-proc-028/src/geometry/Geometry.PointCloud.IO.cppm for CXX dependencies
[222/478] Scanning /tmp/intrinsic-proc-028/src/geometry/Geometry.Parameterization.Harmonic.cppm for CXX dependencies
[223/478] Scanning /tmp/intrinsic-proc-028/src/geometry/Geometry.Robust.cppm for CXX dependencies
[224/478] Scanning /tmp/intrinsic-proc-028/src/geometry/Geometry.PointCloud.Features.cppm for CXX dependencies
[225/478] Scanning /tmp/intrinsic-proc-028/src/geometry/Geometry.PointCloud.Normals.cppm for CXX dependencies
[226/478] Scanning /tmp/intrinsic-proc-028/src/geometry/Geometry.PointCloud.QualityMetrics.cppm for CXX dependencies
[227/478] Scanning /tmp/intrinsic-proc-028/src/geometry/Geometry.Queries.cppm for CXX dependencies
[228/478] Scanning /tmp/intrinsic-proc-028/src/geometry/Geometry.Ray.cppm for CXX dependencies
[229/478] Scanning /tmp/intrinsic-proc-028/src/geometry/Geometry.Raycast.cppm for CXX dependencies
[230/478] Scanning /tmp/intrinsic-proc-028/src/geometry/Geometry.Registration.cppm for CXX dependencies
[231/478] Scanning /tmp/intrinsic-proc-028/src/geometry/Geometry.PointCloud.cppm for CXX dependencies
[232/478] Scanning /tmp/intrinsic-proc-028/src/geometry/Geometry.RotationAveraging.cppm for CXX dependencies
[233/478] Scanning /tmp/intrinsic-proc-028/src/geometry/Geometry.RobustPredicates.cppm for CXX dependencies
[234/478] Scanning /tmp/intrinsic-proc-028/src/geometry/Geometry.PointCloud.Utils.cppm for CXX dependencies
[235/478] Scanning /tmp/intrinsic-proc-028/src/geometry/Geometry.SpatialQueries.cppm for CXX dependencies
[236/478] Scanning /tmp/intrinsic-proc-028/src/geometry/Geometry.Sampling.cppm for CXX dependencies
[237/478] Scanning /tmp/intrinsic-proc-028/src/geometry/Geometry.Properties.cppm for CXX dependencies
[238/478] Scanning /tmp/intrinsic-proc-028/src/geometry/Geometry.Quadric.cppm for CXX dependencies
[239/478] Scanning /tmp/intrinsic-proc-028/src/geometry/Geometry.Rotation.cppm for CXX dependencies
[240/478] Scanning /tmp/intrinsic-proc-028/src/geometry/Geometry.Graph.Fwd.cppm for CXX dependencies
[241/478] Scanning /tmp/intrinsic-proc-028/src/geometry/Geometry.HalfedgeMesh.Fwd.cppm for CXX dependencies
[242/478] Scanning /tmp/intrinsic-proc-028/src/geometry/Geometry.SDF.cppm for CXX dependencies
[243/478] Scanning /tmp/intrinsic-proc-028/src/geometry/Geometry.SDFContact.cppm for CXX dependencies
[244/478] Scanning /tmp/intrinsic-proc-028/src/geometry/Geometry.PointCloud.Fwd.cppm for CXX dependencies
[245/478] Scanning /tmp/intrinsic-proc-028/src/geometry/Geometry.Segment.cppm for CXX dependencies
[246/478] Scanning /tmp/intrinsic-proc-028/src/geometry/Geometry.Sphere.Sampling.cppm for CXX dependencies
[247/478] Scanning /tmp/intrinsic-proc-028/src/geometry/Geometry.Statistics.cppm for CXX dependencies
[248/478] Scanning /tmp/intrinsic-proc-028/src/geometry/Geometry.Validation.cppm for CXX dependencies
[249/478] Scanning /tmp/intrinsic-proc-028/src/geometry/Geometry.UvAtlas.cppm for CXX dependencies
[250/478] Scanning /tmp/intrinsic-proc-028/src/geometry/Geometry.Support.cppm for CXX dependencies
[251/478] Scanning /tmp/intrinsic-proc-028/src/geometry/Geometry.Sparse.cppm for CXX dependencies
[252/478] Scanning /tmp/intrinsic-proc-028/src/geometry/Geometry.SurfaceReconstruction.cppm for CXX dependencies
[253/478] Scanning /tmp/intrinsic-proc-028/src/assets/Asset.ImportRouter.cpp for CXX dependencies
[254/478] Scanning /tmp/intrinsic-proc-028/src/assets/Asset.EventBus.cpp for CXX dependencies
[255/478] Scanning /tmp/intrinsic-proc-028/src/geometry/Geometry.Sphere.cppm for CXX dependencies
[256/478] Scanning /tmp/intrinsic-proc-028/src/assets/Asset.Registry.cpp for CXX dependencies
[257/478] Scanning /tmp/intrinsic-proc-028/src/geometry/Geometry.Triangle.cppm for CXX dependencies
[258/478] Scanning /tmp/intrinsic-proc-028/src/assets/Asset.LoadPipeline.cpp for CXX dependencies
[259/478] Scanning /tmp/intrinsic-proc-028/src/assets/Asset.ModelTexturePayload.cpp for CXX dependencies
[260/478] Scanning /tmp/intrinsic-proc-028/src/assets/Asset.PathIndex.cpp for CXX dependencies
[261/478] Scanning /tmp/intrinsic-proc-028/src/assets/Asset.PayloadStore.cpp for CXX dependencies
[262/478] Scanning /tmp/intrinsic-proc-028/src/assets/Asset.OperationStatus.cppm for CXX dependencies
[263/478] Scanning /tmp/intrinsic-proc-028/src/assets/Asset.EventBus.cppm for CXX dependencies
[264/478] Scanning /tmp/intrinsic-proc-028/src/assets/Asset.Service.cpp for CXX dependencies
[265/478] Scanning /tmp/intrinsic-proc-028/src/assets/Asset.GeometryIOBridge.cpp for CXX dependencies
[266/478] Scanning /tmp/intrinsic-proc-028/src/assets/Asset.ModelTexturePayload.cppm for CXX dependencies
[267/478] Scanning /tmp/intrinsic-proc-028/src/assets/Asset.ImportRouter.cppm for CXX dependencies
[268/478] Generating CXX dyndep file src/geometry/CMakeFiles/IntrinsicGeometry.dir/CXX.dd
[269/478] Scanning /tmp/intrinsic-proc-028/src/assets/Asset.ModelTextureIOBridge.cpp for CXX dependencies
[270/478] Scanning /tmp/intrinsic-proc-028/src/assets/Asset.Registry.cppm for CXX dependencies
[271/478] Scanning /tmp/intrinsic-proc-028/src/graphics/rhi/RHI.CommandContext.cpp for CXX dependencies
[272/478] Scanning /tmp/intrinsic-proc-028/src/assets/Asset.GeometryIOBridge.cppm for CXX dependencies
[273/478] Scanning /tmp/intrinsic-proc-028/src/assets/Asset.TypePool.cppm for CXX dependencies
[274/478] Scanning /tmp/intrinsic-proc-028/src/assets/Asset.ModelTextureIOBridge.cppm for CXX dependencies
[275/478] Scanning /tmp/intrinsic-proc-028/src/assets/Asset.PayloadStore.cppm for CXX dependencies
[276/478] Scanning /tmp/intrinsic-proc-028/src/assets/Asset.LoadPipeline.cppm for CXX dependencies
[277/478] Scanning /tmp/intrinsic-proc-028/src/assets/Asset.PathIndex.cppm for CXX dependencies
[278/478] Scanning /tmp/intrinsic-proc-028/src/graphics/rhi/RHI.BufferView.cppm for CXX dependencies
[279/478] Scanning /tmp/intrinsic-proc-028/src/graphics/rhi/RHI.TimelineSemaphore.cppm for CXX dependencies
[280/478] Scanning /tmp/intrinsic-proc-028/src/graphics/rhi/RHI.QueueAffinity.cppm for CXX dependencies
[281/478] Scanning /tmp/intrinsic-proc-028/src/graphics/rhi/RHI.Profiler.cpp for CXX dependencies
[282/478] Scanning /tmp/intrinsic-proc-028/src/assets/Asset.Service.cppm for CXX dependencies
[283/478] Scanning /tmp/intrinsic-proc-028/src/graphics/rhi/RHI.Transfer.cppm for CXX dependencies
[284/478] Scanning /tmp/intrinsic-proc-028/src/graphics/rhi/RHI.BufferManager.cpp for CXX dependencies
[285/478] Scanning /tmp/intrinsic-proc-028/src/graphics/rhi/RHI.SamplerManager.cpp for CXX dependencies
[286/478] Scanning /tmp/intrinsic-proc-028/src/graphics/rhi/RHI.BufferTransfer.cpp for CXX dependencies
[287/478] Scanning /tmp/intrinsic-proc-028/src/graphics/rhi/RHI.BufferTransfer.cppm for CXX dependencies
[288/478] Generating CXX dyndep file src/assets/CMakeFiles/ExtrinsicAssets.dir/CXX.dd
[289/478] Scanning /tmp/intrinsic-proc-028/src/graphics/rhi/RHI.TextureManager.cpp for CXX dependencies
[290/478] Scanning /tmp/intrinsic-proc-028/src/graphics/rhi/RHI.TextureUpload.cpp for CXX dependencies
[291/478] Scanning /tmp/intrinsic-proc-028/src/graphics/rhi/RHI.TextureUpload.cppm for CXX dependencies
[292/478] Scanning /tmp/intrinsic-proc-028/src/graphics/rhi/RHI.PipelineRegistry.cpp for CXX dependencies
[293/478] Scanning /tmp/intrinsic-proc-028/src/graphics/rhi/RHI.PipelineManager.cpp for CXX dependencies
[294/478] Scanning /tmp/intrinsic-proc-028/src/graphics/rhi/RHI.Bindless.cppm for CXX dependencies
[295/478] Scanning /tmp/intrinsic-proc-028/src/graphics/rhi/RHI.Descriptors.cppm for CXX dependencies
[296/478] Scanning /tmp/intrinsic-proc-028/src/graphics/rhi/RHI.FrameHandle.cppm for CXX dependencies
[297/478] Scanning /tmp/intrinsic-proc-028/src/graphics/rhi/RHI.TransferQueue.cppm for CXX dependencies
[298/478] Scanning /tmp/intrinsic-proc-028/src/graphics/rhi/RHI.Profiler.cppm for CXX dependencies
[299/478] Scanning /tmp/intrinsic-proc-028/src/graphics/rhi/RHI.CommandContext.cppm for CXX dependencies
[300/478] Scanning /tmp/intrinsic-proc-028/src/graphics/renderer/Graphics.RenderCommandRouter.cpp for CXX dependencies
[301/478] Scanning /tmp/intrinsic-proc-028/src/graphics/rhi/RHI.Device.cppm for CXX dependencies
[302/478] Scanning /tmp/intrinsic-proc-028/src/graphics/renderer/Graphics.ComputeParallelPrimitives.cpp for CXX dependencies
[303/478] Scanning /tmp/intrinsic-proc-028/src/graphics/rhi/RHI.SamplerManager.cppm for CXX dependencies
[304/478] Scanning /tmp/intrinsic-proc-028/src/graphics/renderer/Graphics.CurrentRendererContractAdapter.cpp for CXX dependencies
[305/478] Scanning /tmp/intrinsic-proc-028/src/graphics/rhi/RHI.Types.cppm for CXX dependencies
[306/478] Scanning /tmp/intrinsic-proc-028/src/graphics/assets/Graphics.GpuAssetCache.cppm for CXX dependencies
[307/478] Scanning /tmp/intrinsic-proc-028/src/graphics/rhi/RHI.PipelineManager.cppm for CXX dependencies
[308/478] Scanning /tmp/intrinsic-proc-028/src/graphics/renderer/Graphics.CameraSnapshots.cpp for CXX dependencies
[309/478] Scanning /tmp/intrinsic-proc-028/src/graphics/rhi/RHI.PipelineRegistry.cppm for CXX dependencies
[310/478] Scanning /tmp/intrinsic-proc-028/src/graphics/assets/Graphics.GpuAssetCache.cpp for CXX dependencies
[311/478] Scanning /tmp/intrinsic-proc-028/src/graphics/rhi/RHI.TextureManager.cppm for CXX dependencies
[312/478] Scanning /tmp/intrinsic-proc-028/src/graphics/renderer/Graphics.RenderingContract.cpp for CXX dependencies
[313/478] Scanning /tmp/intrinsic-proc-028/src/graphics/rhi/RHI.BufferManager.cppm for CXX dependencies
[314/478] Scanning /tmp/intrinsic-proc-028/src/graphics/renderer/Graphics.RenderSubsystemRegistry.cpp for CXX dependencies
[315/478] Scanning /tmp/intrinsic-proc-028/src/graphics/renderer/Graphics.RenderPrepPipeline.cpp for CXX dependencies
[316/478] Scanning /tmp/intrinsic-proc-028/src/graphics/renderer/Graphics.FrameRecipe.cpp for CXX dependencies
[317/478] Generating CXX dyndep file src/graphics/rhi/CMakeFiles/ExtrinsicRHI.dir/CXX.dd
[318/478] Scanning /tmp/intrinsic-proc-028/src/graphics/renderer/Graphics.SharedRenderRecipeExecution.cpp for CXX dependencies
[319/478] Scanning /tmp/intrinsic-proc-028/src/graphics/renderer/Graphics.RenderRecipeConfig.cpp for CXX dependencies
[320/478] Scanning /tmp/intrinsic-proc-028/src/graphics/renderer/Graphics.TransientDebugUploadHelper.cpp for CXX dependencies
[321/478] Generating CXX dyndep file src/graphics/assets/CMakeFiles/ExtrinsicGraphicsAssets.dir/CXX.dd
[322/478] Scanning /tmp/intrinsic-proc-028/src/graphics/renderer/Graphics.GeometryResidency.cpp for CXX dependencies
[323/478] Scanning /tmp/intrinsic-proc-028/src/graphics/renderer/Graphics.VisualizationPackets.cpp for CXX dependencies
[324/478] Scanning /tmp/intrinsic-proc-028/src/graphics/renderer/Graphics.VisualizationPropertyBufferResidency.cpp for CXX dependencies
[325/478] Scanning /tmp/intrinsic-proc-028/src/graphics/renderer/Graphics.PropertyTextureBake.cpp for CXX dependencies
[326/478] Scanning /tmp/intrinsic-proc-028/src/graphics/renderer/Graphics.Renderer.cpp for CXX dependencies
[327/478] Scanning /tmp/intrinsic-proc-028/src/graphics/renderer/Graphics.GpuTransfer.cpp for CXX dependencies
[328/478] Scanning /tmp/intrinsic-proc-028/src/graphics/renderer/Graphics.VisualizationOverlayUploadHelper.cpp for CXX dependencies
[329/478] Scanning /tmp/intrinsic-proc-028/src/graphics/renderer/Graphics.MaterialSystem.cpp for CXX dependencies
[330/478] Scanning /tmp/intrinsic-proc-028/src/graphics/renderer/Graphics.GpuWorld.cpp for CXX dependencies
[331/478] Scanning /tmp/intrinsic-proc-028/src/graphics/renderer/Graphics.DebugViewSystem.cpp for CXX dependencies
[332/478] Scanning /tmp/intrinsic-proc-028/src/graphics/renderer/Graphics.GpuScene.cpp for CXX dependencies
[333/478] Scanning /tmp/intrinsic-proc-028/src/graphics/renderer/Graphics.ImGuiUploadHelper.cpp for CXX dependencies
[334/478] Scanning /tmp/intrinsic-proc-028/src/graphics/renderer/Graphics.VisualizationSyncSystem.cpp for CXX dependencies
[335/478] Scanning /tmp/intrinsic-proc-028/src/graphics/renderer/Graphics.ColormapSystem.cpp for CXX dependencies
[336/478] Scanning /tmp/intrinsic-proc-028/src/graphics/renderer/Graphics.SelectionSystem.cpp for CXX dependencies
[337/478] Scanning /tmp/intrinsic-proc-028/src/graphics/renderer/Graphics.SpatialDebugVisualizers.cpp for CXX dependencies
[338/478] Scanning /tmp/intrinsic-proc-028/src/graphics/renderer/Graphics.ImGuiOverlaySystem.cpp for CXX dependencies
[339/478] Scanning /tmp/intrinsic-proc-028/src/graphics/renderer/Graphics.CullingSystem.cpp for CXX dependencies
[340/478] Scanning /tmp/intrinsic-proc-028/src/graphics/renderer/Graphics.DeferredSystem.cpp for CXX dependencies
[341/478] Scanning /tmp/intrinsic-proc-028/src/graphics/renderer/Graphics.PostProcessSystem.cpp for CXX dependencies
[342/478] Scanning /tmp/intrinsic-proc-028/src/graphics/renderer/Graphics.HZB.cpp for CXX dependencies
[343/478] Scanning /tmp/intrinsic-proc-028/src/graphics/renderer/Components/Graphics.Component.GpuSceneSlot.cpp for CXX dependencies
[344/478] Scanning /tmp/intrinsic-proc-028/src/graphics/renderer/Graphics.LightClusters.cpp for CXX dependencies
[345/478] Scanning /tmp/intrinsic-proc-028/src/graphics/renderer/Passes/Pass.Deferred.GBuffers.cpp for CXX dependencies
[346/478] Scanning /tmp/intrinsic-proc-028/src/graphics/renderer/Graphics.ForwardSystem.cpp for CXX dependencies
[347/478] Scanning /tmp/intrinsic-proc-028/src/graphics/renderer/Passes/Pass.Forward.Line.cpp for CXX dependencies
[348/478] Scanning /tmp/intrinsic-proc-028/src/graphics/renderer/Graphics.Reconstruction.cpp for CXX dependencies
[349/478] Scanning /tmp/intrinsic-proc-028/src/graphics/renderer/Passes/Pass.DepthPrepass.cpp for CXX dependencies
[350/478] Scanning /tmp/intrinsic-proc-028/src/graphics/renderer/Passes/Pass.Forward.Point.cpp for CXX dependencies
[351/478] Scanning /tmp/intrinsic-proc-028/src/graphics/renderer/Backends/Null/Backends.Null.cpp for CXX dependencies
[352/478] Scanning /tmp/intrinsic-proc-028/src/graphics/renderer/Backends/Null/Backends.Null.Bindless.cpp for CXX dependencies
[353/478] Scanning /tmp/intrinsic-proc-028/src/graphics/renderer/Graphics.ShadowSystem.cpp for CXX dependencies
[354/478] Scanning /tmp/intrinsic-proc-028/src/graphics/renderer/Passes/Pass.Forward.Surface.cpp for CXX dependencies
[355/478] Scanning /tmp/intrinsic-proc-028/src/graphics/renderer/Passes/Pass.Deferred.Lighting.cpp for CXX dependencies
[356/478] Scanning /tmp/intrinsic-proc-028/src/graphics/renderer/Graphics.LightSystem.cpp for CXX dependencies
[357/478] Scanning /tmp/intrinsic-proc-028/src/graphics/renderer/Passes/Pass.Selection.EntityId.cpp for CXX dependencies
[358/478] Scanning /tmp/intrinsic-proc-028/src/graphics/renderer/Passes/Pass.Selection.EdgeId.cpp for CXX dependencies
[359/478] Scanning /tmp/intrinsic-proc-028/src/graphics/renderer/Passes/Pass.Selection.PointId.cpp for CXX dependencies
[360/478] Scanning /tmp/intrinsic-proc-028/src/graphics/renderer/Graphics.TransformSyncSystem.cpp for CXX dependencies
[361/478] Scanning /tmp/intrinsic-proc-028/src/graphics/renderer/Passes/Pass.PostProcess.Bloom.cpp for CXX dependencies
[362/478] Scanning /tmp/intrinsic-proc-028/src/graphics/renderer/Passes/Pass.PostProcess.Histogram.cpp for CXX dependencies
[363/478] Scanning /tmp/intrinsic-proc-028/src/graphics/renderer/Passes/Pass.Selection.FaceId.cpp for CXX dependencies
[364/478] Scanning /tmp/intrinsic-proc-028/src/graphics/renderer/Graphics.UvView.cpp for CXX dependencies
[365/478] Scanning /tmp/intrinsic-proc-028/src/graphics/renderer/Passes/Pass.Shadows.cpp for CXX dependencies
[366/478] Scanning /tmp/intrinsic-proc-028/src/graphics/renderer/Backends/Null/Backends.Null.Profiler.cpp for CXX dependencies
[367/478] Scanning /tmp/intrinsic-proc-028/src/graphics/renderer/Passes/Pass.ImGui.cpp for CXX dependencies
[368/478] Scanning /tmp/intrinsic-proc-028/src/graphics/renderer/Graphics.Colormap.cppm for CXX dependencies
[369/478] Scanning /tmp/intrinsic-proc-028/src/graphics/renderer/Passes/Pass.Selection.Outline.cpp for CXX dependencies
[370/478] Scanning /tmp/intrinsic-proc-028/src/graphics/renderer/Backends/Null/Backends.Null.Transfer.cpp for CXX dependencies
[371/478] Scanning /tmp/intrinsic-proc-028/src/graphics/renderer/Passes/Pass.VisualizationOverlay.cpp for CXX dependencies
[372/478] Scanning /tmp/intrinsic-proc-028/src/graphics/renderer/Passes/Pass.TransientDebug.Surface.cpp for CXX dependencies
[373/478] Scanning /tmp/intrinsic-proc-028/src/graphics/renderer/Graphics.CurrentRendererContractAdapter.cppm for CXX dependencies
[374/478] Scanning /tmp/intrinsic-proc-028/src/graphics/renderer/Graphics.RenderRecipeConfig.cppm for CXX dependencies
[375/478] Scanning /tmp/intrinsic-proc-028/src/graphics/renderer/Graphics.FrameRecipe.cppm for CXX dependencies
[376/478] Scanning /tmp/intrinsic-proc-028/src/graphics/renderer/Graphics.ComputeParallelPrimitives.cppm for CXX dependencies
[377/478] Scanning /tmp/intrinsic-proc-028/src/graphics/renderer/Graphics.RenderCommandRouter.cppm for CXX dependencies
[378/478] Scanning /tmp/intrinsic-proc-028/src/graphics/renderer/Graphics.CameraSnapshots.cppm for CXX dependencies
[379/478] Scanning /tmp/intrinsic-proc-028/src/graphics/renderer/Graphics.PropertyTextureBake.cppm for CXX dependencies
[380/478] Scanning /tmp/intrinsic-proc-028/src/graphics/renderer/Graphics.RenderingContract.cppm for CXX dependencies
[381/478] Scanning /tmp/intrinsic-proc-028/src/graphics/renderer/Graphics.RenderSubsystemRegistry.cppm for CXX dependencies
[382/478] Scanning /tmp/intrinsic-proc-028/src/graphics/renderer/Graphics.RenderPrepPipeline.cppm for CXX dependencies
[383/478] Scanning /tmp/intrinsic-proc-028/src/graphics/renderer/Graphics.SharedRenderRecipeExecution.cppm for CXX dependencies
[384/478] Scanning /tmp/intrinsic-proc-028/src/graphics/renderer/Graphics.GeometryResidency.cppm for CXX dependencies
[385/478] Scanning /tmp/intrinsic-proc-028/src/graphics/renderer/Graphics.GpuTransfer.cppm for CXX dependencies
[386/478] Scanning /tmp/intrinsic-proc-028/src/graphics/renderer/Graphics.MaterialSystem.cppm for CXX dependencies
[387/478] Scanning /tmp/intrinsic-proc-028/src/graphics/renderer/Graphics.Renderer.cppm for CXX dependencies
[388/478] Scanning /tmp/intrinsic-proc-028/src/graphics/renderer/Graphics.RenderWorld.cppm for CXX dependencies
[389/478] Scanning /tmp/intrinsic-proc-028/src/graphics/renderer/Graphics.Material.cppm for CXX dependencies
[390/478] Scanning /tmp/intrinsic-proc-028/src/graphics/renderer/Graphics.GpuWorld.cppm for CXX dependencies
[391/478] Scanning /tmp/intrinsic-proc-028/src/graphics/renderer/Graphics.VisualizationPropertyBufferResidency.cppm for CXX dependencies
[392/478] Scanning /tmp/intrinsic-proc-028/src/graphics/renderer/Graphics.VisualizationPackets.cppm for CXX dependencies
[393/478] Scanning /tmp/intrinsic-proc-028/src/graphics/renderer/Graphics.VisualizationSyncSystem.cppm for CXX dependencies
[394/478] Scanning /tmp/intrinsic-proc-028/src/graphics/renderer/Graphics.ColormapSystem.cppm for CXX dependencies
[395/478] Scanning /tmp/intrinsic-proc-028/src/graphics/renderer/Graphics.ImGuiOverlaySystem.cppm for CXX dependencies
[396/478] Scanning /tmp/intrinsic-proc-028/src/graphics/renderer/Graphics.SelectionSystem.cppm for CXX dependencies
[397/478] Scanning /tmp/intrinsic-proc-028/src/graphics/renderer/Graphics.ImGuiUploadHelper.cppm for CXX dependencies
[398/478] Scanning /tmp/intrinsic-proc-028/src/graphics/renderer/Graphics.DeferredSystem.cppm for CXX dependencies
[399/478] Scanning /tmp/intrinsic-proc-028/src/graphics/renderer/Graphics.PostProcessSystem.cppm for CXX dependencies
[400/478] Scanning /tmp/intrinsic-proc-028/src/graphics/renderer/Graphics.CullingSystem.cppm for CXX dependencies
[401/478] Scanning /tmp/intrinsic-proc-028/src/graphics/renderer/Graphics.DebugViewSystem.cppm for CXX dependencies
[402/478] Scanning /tmp/intrinsic-proc-028/src/graphics/renderer/Graphics.LightSystem.cppm for CXX dependencies
[403/478] Scanning /tmp/intrinsic-proc-028/src/graphics/renderer/Graphics.LightClusters.cppm for CXX dependencies
[404/478] Scanning /tmp/intrinsic-proc-028/src/graphics/renderer/Graphics.HZB.cppm for CXX dependencies
[405/478] Scanning /tmp/intrinsic-proc-028/src/graphics/renderer/Graphics.ForwardSystem.cppm for CXX dependencies
[406/478] Scanning /tmp/intrinsic-proc-028/src/graphics/renderer/Graphics.SpatialDebugVisualizers.cppm for CXX dependencies
[407/478] Scanning /tmp/intrinsic-proc-028/src/graphics/renderer/Graphics.GpuScene.cppm for CXX dependencies
[408/478] Scanning /tmp/intrinsic-proc-028/src/graphics/renderer/Graphics.Reconstruction.cppm for CXX dependencies
[409/478] Scanning /tmp/intrinsic-proc-028/src/graphics/renderer/Passes/Pass.DepthPrepass.cppm for CXX dependencies
[410/478] Scanning /tmp/intrinsic-proc-028/src/graphics/renderer/Passes/Pass.Deferred.GBuffers.cppm for CXX dependencies
[411/478] Scanning /tmp/intrinsic-proc-028/src/graphics/renderer/Passes/Pass.Forward.Line.cppm for CXX dependencies
[412/478] Scanning /tmp/intrinsic-proc-028/src/graphics/renderer/Graphics.VisualizationOverlayUploadHelper.cppm for CXX dependencies
[413/478] Scanning /tmp/intrinsic-proc-028/src/graphics/renderer/Passes/Pass.PostProcess.FXAA.cppm for CXX dependencies
[414/478] Scanning /tmp/intrinsic-proc-028/src/graphics/renderer/Graphics.UvView.cppm for CXX dependencies
[415/478] Scanning /tmp/intrinsic-proc-028/src/graphics/renderer/Passes/Pass.PostProcess.Bloom.cppm for CXX dependencies
[416/478] Scanning /tmp/intrinsic-proc-028/src/graphics/renderer/Graphics.TransformSyncSystem.cppm for CXX dependencies
[417/478] Scanning /tmp/intrinsic-proc-028/src/graphics/renderer/Components/Graphics.Component.GpuSceneSlot.cppm for CXX dependencies
[418/478] Scanning /tmp/intrinsic-proc-028/src/graphics/renderer/Passes/Pass.Forward.Point.cppm for CXX dependencies
[419/478] Scanning /tmp/intrinsic-proc-028/src/graphics/renderer/Passes/Pass.Forward.Surface.cppm for CXX dependencies
[420/478] Scanning /tmp/intrinsic-proc-028/src/graphics/renderer/Components/Graphics.Component.Material.cppm for CXX dependencies
[421/478] Scanning /tmp/intrinsic-proc-028/src/graphics/renderer/Graphics.ShadowSystem.cppm for CXX dependencies
[422/478] Scanning /tmp/intrinsic-proc-028/src/graphics/renderer/Graphics.TransientDebugUploadHelper.cppm for CXX dependencies
[423/478] Scanning /tmp/intrinsic-proc-028/src/graphics/renderer/Passes/Pass.PostProcess.Histogram.cppm for CXX dependencies
[424/478] Scanning /tmp/intrinsic-proc-028/src/graphics/renderer/Components/Graphics.Component.RenderGeometry.cppm for CXX dependencies
[425/478] Scanning /tmp/intrinsic-proc-028/src/graphics/renderer/Components/Graphics.Component.VisualizationConfig.cppm for CXX dependencies
[426/478] Scanning /tmp/intrinsic-proc-028/src/graphics/renderer/Passes/Pass.PostProcess.SMAA.cppm for CXX dependencies
[427/478] Scanning /tmp/intrinsic-proc-028/src/graphics/renderer/Passes/Pass.PostProcess.ToneMap.cppm for CXX dependencies
[428/478] Scanning /tmp/intrinsic-proc-028/src/graphics/renderer/Backends/Null/Backends.Null.cppm for CXX dependencies
[429/478] Scanning /tmp/intrinsic-proc-028/src/graphics/renderer/Passes/Pass.Selection.EdgeId.cppm for CXX dependencies
[430/478] Scanning /tmp/intrinsic-proc-028/src/graphics/renderer/Passes/Pass.Selection.Outline.cppm for CXX dependencies
[431/478] Scanning /tmp/intrinsic-proc-028/src/graphics/renderer/Passes/Pass.Selection.PointId.cppm for CXX dependencies
[432/478] Scanning /tmp/intrinsic-proc-028/src/graphics/renderer/Passes/Pass.Selection.EntityId.cppm for CXX dependencies
[433/478] Scanning /tmp/intrinsic-proc-028/src/graphics/renderer/Passes/Pass.Selection.FaceId.cppm for CXX dependencies
[434/478] Scanning /tmp/intrinsic-proc-028/src/graphics/renderer/Passes/Pass.Shadows.cppm for CXX dependencies
[435/478] Scanning /tmp/intrinsic-proc-028/src/graphics/renderer/Passes/Pass.VisualizationOverlay.cppm for CXX dependencies
[436/478] Scanning /tmp/intrinsic-proc-028/src/graphics/renderer/Passes/Pass.TransientDebug.Surface.cppm for CXX dependencies
[437/478] Scanning /tmp/intrinsic-proc-028/src/graphics/framegraph/Graphics.RenderGraph.TransientAllocator.cpp for CXX dependencies
[438/478] Scanning /tmp/intrinsic-proc-028/src/graphics/framegraph/Graphics.RenderGraph.Barriers.cpp for CXX dependencies
[439/478] Scanning /tmp/intrinsic-proc-028/src/graphics/framegraph/Graphics.RenderGraph.TransientAllocator.cppm for CXX dependencies
[440/478] Scanning /tmp/intrinsic-proc-028/src/graphics/framegraph/Graphics.RenderGraph.Pass.cppm for CXX dependencies
[441/478] Scanning /tmp/intrinsic-proc-028/src/graphics/framegraph/Graphics.RenderGraph.Resources.cppm for CXX dependencies
[442/478] Scanning /tmp/intrinsic-proc-028/src/graphics/framegraph/Graphics.RenderGraph.Compiler.cppm for CXX dependencies
[443/478] Scanning /tmp/intrinsic-proc-028/src/graphics/framegraph/Graphics.RenderGraph.Executor.cppm for CXX dependencies
[444/478] Scanning /tmp/intrinsic-proc-028/src/graphics/framegraph/Graphics.RenderGraph.Executor.cpp for CXX dependencies
[445/478] Scanning /tmp/intrinsic-proc-028/src/graphics/framegraph/Graphics.RenderGraph.Barriers.cppm for CXX dependencies
[446/478] Scanning /tmp/intrinsic-proc-028/src/graphics/framegraph/Graphics.RenderGraph.cpp for CXX dependencies
[447/478] Scanning /tmp/intrinsic-proc-028/src/graphics/framegraph/Graphics.RenderGraph.cppm for CXX dependencies
[448/478] Scanning /tmp/intrinsic-proc-028/src/graphics/framegraph/Graphics.RenderGraph.Compiler.cpp for CXX dependencies
[449/478] Scanning /tmp/intrinsic-proc-028/benchmarks/runners/BenchmarkSmokeRunner.cpp for CXX dependencies
[450/478] Scanning /tmp/intrinsic-proc-028/benchmarks/core/Bench_SchedulerHardeningSmoke.cpp for CXX dependencies
[451/478] Scanning /tmp/intrinsic-proc-028/benchmarks/core/Bench_TaskGraphPlanReuseSmoke.cpp for CXX dependencies
[452/478] Generating CXX dyndep file src/graphics/framegraph/CMakeFiles/ExtrinsicGraphicsRenderGraph.dir/CXX.dd
[453/478] Scanning /tmp/intrinsic-proc-028/benchmarks/geometry/Bench_ExampleSmoke.cpp for CXX dependencies
[454/478] Scanning /tmp/intrinsic-proc-028/benchmarks/geometry/Bench_PointCloudFilteringSmoke.cpp for CXX dependencies
[455/478] Scanning /tmp/intrinsic-proc-028/benchmarks/geometry/Bench_QualityMetricsSmoke.cpp for CXX dependencies
[456/478] Scanning /tmp/intrinsic-proc-028/benchmarks/geometry/Bench_ProgressivePoissonReferenceSmoke.cpp for CXX dependencies
[457/478] Scanning /tmp/intrinsic-proc-028/benchmarks/physics/Bench_RigidBodyReferenceSmoke.cpp for CXX dependencies
[458/478] Scanning /tmp/intrinsic-proc-028/benchmarks/physics/Bench_XpbdClothReferenceSmoke.cpp for CXX dependencies
[459/478] Scanning /tmp/intrinsic-proc-028/benchmarks/geometry/Bench_BoundaryFirstFlatteningReferenceSmoke.cpp for CXX dependencies
[460/478] Scanning /tmp/intrinsic-proc-028/benchmarks/geometry/Bench_SignedHeatReferenceSmoke.cpp for CXX dependencies
[461/478] Scanning /tmp/intrinsic-proc-028/benchmarks/geometry/Bench_SimplificationQualitySmoke.cpp for CXX dependencies
[462/478] Scanning /tmp/intrinsic-proc-028/benchmarks/physics/Bench_ParticleSpringReferenceSmoke.cpp for CXX dependencies
[463/478] Scanning /tmp/intrinsic-proc-028/benchmarks/physics/Bench_SphFluidReferenceSmoke.cpp for CXX dependencies
[464/478] Scanning /tmp/intrinsic-proc-028/benchmarks/rendering/Bench_FramegraphBarrierEmissionSmoke.cpp for CXX dependencies
[465/478] Generating CXX dyndep file src/graphics/renderer/CMakeFiles/ExtrinsicGraphics.dir/CXX.dd
[466/478] Scanning /tmp/intrinsic-proc-028/benchmarks/geometry/Bench_SurfaceSamplingSmoke.cpp for CXX dependencies
[467/478] Scanning /tmp/intrinsic-proc-028/methods/physics/particle_spring_reference/src/ParticleSpringReference.cpp for CXX dependencies
[468/478] Scanning /tmp/intrinsic-proc-028/benchmarks/geometry/Bench_UvAtlasSmoke.cpp for CXX dependencies
[469/478] Scanning /tmp/intrinsic-proc-028/methods/physics/rigid_body_reference/src/RigidBodyReference.cpp for CXX dependencies
[470/478] Scanning /tmp/intrinsic-proc-028/benchmarks/rendering/Bench_FramegraphCompilerIndexingSmoke.cpp for CXX dependencies
[471/478] Scanning /tmp/intrinsic-proc-028/methods/physics/sph_fluid_reference/src/SphFluidReference.cpp for CXX dependencies
[472/478] Scanning /tmp/intrinsic-proc-028/benchmarks/rendering/Bench_FramegraphScratchReuseSmoke.cpp for CXX dependencies
[473/478] Scanning /tmp/intrinsic-proc-028/benchmarks/rendering/Bench_FrameRecipeCompileCacheSmoke.cpp for CXX dependencies
[474/478] Scanning /tmp/intrinsic-proc-028/methods/physics/xpbd_cloth_reference/src/XpbdClothReference.cpp for CXX dependencies
[475/478] Scanning /tmp/intrinsic-proc-028/benchmarks/rendering/Bench_VertexFetchLayoutSmoke.cpp for CXX dependencies
[476/478] Scanning /tmp/intrinsic-proc-028/benchmarks/rendering/Bench_RenderGraphParallelRecordingSmoke.cpp for CXX dependencies
[477/478] Generating CXX dyndep file benchmarks/CMakeFiles/IntrinsicBenchmarkSmoke.dir/CXX.dd
[478/478] Running benchmark smoke scaffold
[INFO] Initialized Scheduler with 2 worker threads.
[INFO] Initialized Scheduler with 3 worker threads.
[INFO] Initialized Scheduler with 1 worker threads.
[INFO] Initialized Scheduler with 1 worker threads.
Wrote benchmark smoke result: "/tmp/intrinsic-proc-028/build/ci/benchmark/IntrinsicBenchmarkSmoke/result.json"
Wrote benchmark smoke result: "/tmp/intrinsic-proc-028/build/ci/benchmark/IntrinsicBenchmarkSmoke/geometry.parameterization.diagnostics.smoke.json"
Wrote benchmark smoke result: "/tmp/intrinsic-proc-028/build/ci/benchmark/IntrinsicBenchmarkSmoke/geometry.uv_atlas.fast_staged_vs_xatlas.smoke.json"
Wrote benchmark smoke result: "/tmp/intrinsic-proc-028/build/ci/benchmark/IntrinsicBenchmarkSmoke/geometry.uv_atlas.fast_staged_promotion.smoke.json"
Wrote benchmark smoke result: "/tmp/intrinsic-proc-028/build/ci/benchmark/IntrinsicBenchmarkSmoke/geometry.uv_atlas.fast_staged_edge_grouping.scaling.json"
Wrote benchmark smoke result: "/tmp/intrinsic-proc-028/build/ci/benchmark/IntrinsicBenchmarkSmoke/geometry.progressive_poisson.smoke.json"
Wrote benchmark smoke result: "/tmp/intrinsic-proc-028/build/ci/benchmark/IntrinsicBenchmarkSmoke/geometry.signed_heat.smoke.json"
Wrote benchmark smoke result: "/tmp/intrinsic-proc-028/build/ci/benchmark/IntrinsicBenchmarkSmoke/geometry.boundary_first_flattening.smoke.json"
Wrote benchmark smoke result: "/tmp/intrinsic-proc-028/build/ci/benchmark/IntrinsicBenchmarkSmoke/geometry.simplification.fa_qem_quality.smoke.json"
Wrote benchmark smoke result: "/tmp/intrinsic-proc-028/build/ci/benchmark/IntrinsicBenchmarkSmoke/geometry.surface_sampling.smoke.json"
Wrote benchmark smoke result: "/tmp/intrinsic-proc-028/build/ci/benchmark/IntrinsicBenchmarkSmoke/geometry.pointcloud_quality_metrics.smoke.json"
Wrote benchmark smoke result: "/tmp/intrinsic-proc-028/build/ci/benchmark/IntrinsicBenchmarkSmoke/geometry.pointcloud_filtering.smoke.json"
Wrote benchmark smoke result: "/tmp/intrinsic-proc-028/build/ci/benchmark/IntrinsicBenchmarkSmoke/physics.rigid_body_reference.smoke.json"
Wrote benchmark smoke result: "/tmp/intrinsic-proc-028/build/ci/benchmark/IntrinsicBenchmarkSmoke/physics.particle_spring_reference.smoke.json"
Wrote benchmark smoke result: "/tmp/intrinsic-proc-028/build/ci/benchmark/IntrinsicBenchmarkSmoke/physics.xpbd_cloth_reference.smoke.json"
Wrote benchmark smoke result: "/tmp/intrinsic-proc-028/build/ci/benchmark/IntrinsicBenchmarkSmoke/physics.sph_fluid_reference.smoke.json"
Wrote benchmark smoke result: "/tmp/intrinsic-proc-028/build/ci/benchmark/IntrinsicBenchmarkSmoke/rendering.framegraph_barrier_emission.smoke.json"
Wrote benchmark smoke result: "/tmp/intrinsic-proc-028/build/ci/benchmark/IntrinsicBenchmarkSmoke/rendering.framegraph_compiler_indexing.smoke.json"
Wrote benchmark smoke result: "/tmp/intrinsic-proc-028/build/ci/benchmark/IntrinsicBenchmarkSmoke/rendering.framegraph_scratch_reuse.smoke.json"
Wrote benchmark smoke result: "/tmp/intrinsic-proc-028/build/ci/benchmark/IntrinsicBenchmarkSmoke/rendering.frame_recipe_compile_cache.smoke.json"
Wrote benchmark smoke result: "/tmp/intrinsic-proc-028/build/ci/benchmark/IntrinsicBenchmarkSmoke/rendering.rendergraph_parallel_recording.smoke.json"
Wrote benchmark smoke result: "/tmp/intrinsic-proc-028/build/ci/benchmark/IntrinsicBenchmarkSmoke/rendering.vertex_fetch_layout.smoke.json"
Wrote benchmark smoke result: "/tmp/intrinsic-proc-028/build/ci/benchmark/IntrinsicBenchmarkSmoke/core.scheduler_hardening.smoke.json"
Wrote benchmark smoke result: "/tmp/intrinsic-proc-028/build/ci/benchmark/IntrinsicBenchmarkSmoke/core.taskgraph_plan_reuse.ecs3.smoke.json"
Wrote benchmark smoke result: "/tmp/intrinsic-proc-028/build/ci/benchmark/IntrinsicBenchmarkSmoke/core.taskgraph_plan_reuse.renderprep9.smoke.json"
Sealed 25 benchmark result(s) as schema v2.
Benchmark result JSON validation passed for 25 file(s), 25 stable benchmark ID(s), and 25 append-only run/attempt identity tuple(s).
