.......
----------------------------------------------------------------------
Ran 7 tests in 0.353s

OK
......................
----------------------------------------------------------------------
Ran 22 tests in 5.701s

OK
.......................
----------------------------------------------------------------------
Ran 23 tests in 7.100s

OK
.......
----------------------------------------------------------------------
Ran 7 tests in 2.108s

OK
...............
----------------------------------------------------------------------
Ran 15 tests in 1.093s

OK
...
----------------------------------------------------------------------
Ran 3 tests in 0.200s

OK
..
----------------------------------------------------------------------
Ran 2 tests in 0.035s

OK
....................
----------------------------------------------------------------------
Ran 20 tests in 1.074s

OK
