.......
----------------------------------------------------------------------
Ran 7 tests in 0.389s

OK
.....................
----------------------------------------------------------------------
Ran 21 tests in 5.218s

OK
.....................
----------------------------------------------------------------------
Ran 21 tests in 6.587s

OK
.......
----------------------------------------------------------------------
Ran 7 tests in 2.101s

OK
...............
----------------------------------------------------------------------
Ran 15 tests in 1.127s

OK
...
----------------------------------------------------------------------
Ran 3 tests in 0.213s

OK
..
----------------------------------------------------------------------
Ran 2 tests in 0.039s

OK
....................
----------------------------------------------------------------------
Ran 20 tests in 1.187s

OK
