.......
----------------------------------------------------------------------
Ran 7 tests in 0.335s

OK
......................
----------------------------------------------------------------------
Ran 22 tests in 5.324s

OK
..........................
----------------------------------------------------------------------
Ran 26 tests in 7.387s

OK
.......
----------------------------------------------------------------------
Ran 7 tests in 2.070s

OK
...............
----------------------------------------------------------------------
Ran 15 tests in 1.022s

OK
...
----------------------------------------------------------------------
Ran 3 tests in 0.205s

OK
..
----------------------------------------------------------------------
Ran 2 tests in 0.034s

OK
....................
----------------------------------------------------------------------
Ran 20 tests in 1.005s

OK
