.......
----------------------------------------------------------------------
Ran 7 tests in 0.333s

OK
......................
----------------------------------------------------------------------
Ran 22 tests in 5.357s

OK
.........................
----------------------------------------------------------------------
Ran 25 tests in 7.149s

OK
.......
----------------------------------------------------------------------
Ran 7 tests in 2.079s

OK
...............
----------------------------------------------------------------------
Ran 15 tests in 1.024s

OK
...
----------------------------------------------------------------------
Ran 3 tests in 0.202s

OK
..
----------------------------------------------------------------------
Ran 2 tests in 0.035s

OK
....................
----------------------------------------------------------------------
Ran 20 tests in 0.997s

OK
