.......
----------------------------------------------------------------------
Ran 7 tests in 0.334s

OK
...........................
----------------------------------------------------------------------
Ran 27 tests in 7.482s

OK
...........................
----------------------------------------------------------------------
Ran 27 tests in 7.549s

OK
.......
----------------------------------------------------------------------
Ran 7 tests in 2.095s

OK
...............
----------------------------------------------------------------------
Ran 15 tests in 1.068s

OK
...
----------------------------------------------------------------------
Ran 3 tests in 0.211s

OK
..
----------------------------------------------------------------------
Ran 2 tests in 0.033s

OK
....................
----------------------------------------------------------------------
Ran 20 tests in 1.026s

OK
