.......
----------------------------------------------------------------------
Ran 7 tests in 0.333s

OK
......................
----------------------------------------------------------------------
Ran 22 tests in 5.433s

OK
...........................
----------------------------------------------------------------------
Ran 27 tests in 7.440s

OK
.......
----------------------------------------------------------------------
Ran 7 tests in 2.073s

OK
...............
----------------------------------------------------------------------
Ran 15 tests in 1.021s

OK
...
----------------------------------------------------------------------
Ran 3 tests in 0.203s

OK
..
----------------------------------------------------------------------
Ran 2 tests in 0.033s

OK
....................
----------------------------------------------------------------------
Ran 20 tests in 1.001s

OK
