.......
----------------------------------------------------------------------
Ran 7 tests in 0.338s

OK
............................
----------------------------------------------------------------------
Ran 28 tests in 9.336s

OK
...........................
----------------------------------------------------------------------
Ran 27 tests in 7.595s

OK
.......
----------------------------------------------------------------------
Ran 7 tests in 2.090s

OK
...............
----------------------------------------------------------------------
Ran 15 tests in 1.023s

OK
...
----------------------------------------------------------------------
Ran 3 tests in 0.199s

OK
..
----------------------------------------------------------------------
Ran 2 tests in 0.033s

OK
....................
----------------------------------------------------------------------
Ran 20 tests in 1.000s

OK
