.......
----------------------------------------------------------------------
Ran 7 tests in 0.337s

OK
.......................
----------------------------------------------------------------------
Ran 23 tests in 5.748s

OK
...........................
----------------------------------------------------------------------
Ran 27 tests in 7.604s

OK
.......
----------------------------------------------------------------------
Ran 7 tests in 2.081s

OK
...............
----------------------------------------------------------------------
Ran 15 tests in 1.047s

OK
...
----------------------------------------------------------------------
Ran 3 tests in 0.212s

OK
..
----------------------------------------------------------------------
Ran 2 tests in 0.034s

OK
....................
----------------------------------------------------------------------
Ran 20 tests in 1.034s

OK
