.......
----------------------------------------------------------------------
Ran 7 tests in 0.367s

OK
.............
----------------------------------------------------------------------
Ran 13 tests in 2.680s

OK
..................
----------------------------------------------------------------------
Ran 18 tests in 5.150s

OK
.......
----------------------------------------------------------------------
Ran 7 tests in 2.070s

OK
...............
----------------------------------------------------------------------
Ran 15 tests in 1.061s

OK
...
----------------------------------------------------------------------
Ran 3 tests in 0.205s

OK
..
----------------------------------------------------------------------
Ran 2 tests in 0.037s

OK
....................
----------------------------------------------------------------------
Ran 20 tests in 1.140s

OK
