[0/2] Re-checking globbed directories...
[1/486] Scanning /tmp/intrinsic-geometry-e2e.GJlhXS/src/core/Core.FrameLoop.cpp for CXX dependencies
[2/486] Scanning /tmp/intrinsic-geometry-e2e.GJlhXS/src/core/Core.Dag.Scheduler.Hazards.cpp for CXX dependencies
[3/486] Scanning /tmp/intrinsic-geometry-e2e.GJlhXS/src/core/Core.Tasks.Stats.cpp for CXX dependencies
[4/486] Scanning /tmp/intrinsic-geometry-e2e.GJlhXS/src/core/Core.Tasks.Dispatch.cpp for CXX dependencies
[5/486] Scanning /tmp/intrinsic-geometry-e2e.GJlhXS/src/core/Core.Filesystem.PathResolver.cpp for CXX dependencies
[6/486] Scanning /tmp/intrinsic-geometry-e2e.GJlhXS/src/core/Core.Tasks.Job.cpp for CXX dependencies
[7/486] Scanning /tmp/intrinsic-geometry-e2e.GJlhXS/src/core/Core.Tasks.CounterEvent.cpp for CXX dependencies
[8/486] Scanning /tmp/intrinsic-geometry-e2e.GJlhXS/src/core/Core.Tasks.Lifecycle.cpp for CXX dependencies
[9/486] Scanning /tmp/intrinsic-geometry-e2e.GJlhXS/src/core/Core.Telemetry.cpp for CXX dependencies
[10/486] Scanning /tmp/intrinsic-geometry-e2e.GJlhXS/src/core/Core.IOBackend.cpp for CXX dependencies
[11/486] Scanning /tmp/intrinsic-geometry-e2e.GJlhXS/src/core/Core.FrameGraph.cpp for CXX dependencies
[12/486] Scanning /tmp/intrinsic-geometry-e2e.GJlhXS/src/core/Core.Filesystem.cpp for CXX dependencies
[13/486] Scanning /tmp/intrinsic-geometry-e2e.GJlhXS/src/core/Core.Dag.TaskGraph.cpp for CXX dependencies
[14/486] Scanning /tmp/intrinsic-geometry-e2e.GJlhXS/methods/geometry/progressive_poisson/src/ProgressivePoissonReference.cpp for CXX dependencies
[15/486] Scanning /tmp/intrinsic-geometry-e2e.GJlhXS/src/core/Core.Config.EngineLoad.cpp for CXX dependencies
[16/486] Scanning /tmp/intrinsic-geometry-e2e.GJlhXS/src/core/Core.Process.cpp for CXX dependencies
[17/486] Generating CXX dyndep file CMakeFiles/IntrinsicProgressivePoissonReference.dir/CXX.dd
[18/486] Scanning /tmp/intrinsic-geometry-e2e.GJlhXS/src/core/Core.Dag.Scheduler.Policy.cppm for CXX dependencies
[19/486] Scanning /tmp/intrinsic-geometry-e2e.GJlhXS/src/core/Core.Dag.Scheduler.cpp for CXX dependencies
[20/486] Scanning /tmp/intrinsic-geometry-e2e.GJlhXS/src/core/Core.BoundedHeap.cppm for CXX dependencies
[21/486] Scanning /tmp/intrinsic-geometry-e2e.GJlhXS/src/core/Core.IndexedHeap.cppm for CXX dependencies
[22/486] Scanning /tmp/intrinsic-geometry-e2e.GJlhXS/src/core/Core.Tasks.WaitToken.cpp for CXX dependencies
[23/486] Scanning /tmp/intrinsic-geometry-e2e.GJlhXS/src/core/Core.Logging.cpp for CXX dependencies
[24/486] Scanning /tmp/intrinsic-geometry-e2e.GJlhXS/src/core/Core.Dag.Scheduler.Compiler.cppm for CXX dependencies
[25/486] Scanning /tmp/intrinsic-geometry-e2e.GJlhXS/src/core/Core.Config.EngineLoad.cppm for CXX dependencies
[26/486] Scanning /tmp/intrinsic-geometry-e2e.GJlhXS/src/core/Core.Tasks.Worker.cpp for CXX dependencies
[27/486] Scanning /tmp/intrinsic-geometry-e2e.GJlhXS/src/core/Core.Config.Render.cppm for CXX dependencies
[28/486] Scanning /tmp/intrinsic-geometry-e2e.GJlhXS/src/core/Core.Dag.Scheduler.Types.cppm for CXX dependencies
[29/486] Scanning /tmp/intrinsic-geometry-e2e.GJlhXS/src/core/Core.Config.Engine.cppm for CXX dependencies
[30/486] Scanning /tmp/intrinsic-geometry-e2e.GJlhXS/src/core/Core.Dag.Scheduler.Hazards.cppm for CXX dependencies
[31/486] Scanning /tmp/intrinsic-geometry-e2e.GJlhXS/src/core/Core.Config.Window.cppm for CXX dependencies
[32/486] Scanning /tmp/intrinsic-geometry-e2e.GJlhXS/src/core/Core.IOBackend.cppm for CXX dependencies
[33/486] Scanning /tmp/intrinsic-geometry-e2e.GJlhXS/src/core/Core.RingBuffer.cppm for CXX dependencies
[34/486] Scanning /tmp/intrinsic-geometry-e2e.GJlhXS/src/core/Core.FrameLoop.cppm for CXX dependencies
[35/486] Scanning /tmp/intrinsic-geometry-e2e.GJlhXS/src/core/Core.Dag.Scheduler.DomainGraph.cppm for CXX dependencies
[36/486] Scanning /tmp/intrinsic-geometry-e2e.GJlhXS/src/core/Core.Dag.Scheduler.cppm for CXX dependencies
[37/486] Scanning /tmp/intrinsic-geometry-e2e.GJlhXS/src/core/Core.ResourcePool.cppm for CXX dependencies
[38/486] Scanning /tmp/intrinsic-geometry-e2e.GJlhXS/src/core/Core.Geometry2D.cppm for CXX dependencies
[39/486] Scanning /tmp/intrinsic-geometry-e2e.GJlhXS/src/core/Core.Hash.cppm for CXX dependencies
[40/486] Scanning /tmp/intrinsic-geometry-e2e.GJlhXS/src/core/Core.HandleLease.cppm for CXX dependencies
[41/486] Scanning /tmp/intrinsic-geometry-e2e.GJlhXS/src/core/Core.FrameGraph.cppm for CXX dependencies
[42/486] Scanning /tmp/intrinsic-geometry-e2e.GJlhXS/src/core/Core.Error.cppm for CXX dependencies
[43/486] Scanning /tmp/intrinsic-geometry-e2e.GJlhXS/src/core/Core.CallbackRegistry.cppm for CXX dependencies
[44/486] Scanning /tmp/intrinsic-geometry-e2e.GJlhXS/src/core/Core.Process.cppm for CXX dependencies
[45/486] Scanning /tmp/intrinsic-geometry-e2e.GJlhXS/src/core/Core.Telemetry.cppm for CXX dependencies
[46/486] Scanning /tmp/intrinsic-geometry-e2e.GJlhXS/src/core/Core.Dag.TaskGraph.cppm for CXX dependencies
[47/486] Scanning /tmp/intrinsic-geometry-e2e.GJlhXS/src/core/Core.Filesystem.PathResolver.cppm for CXX dependencies
[48/486] Scanning /tmp/intrinsic-geometry-e2e.GJlhXS/src/core/Core.StrongHandle.cppm for CXX dependencies
[49/486] Scanning /tmp/intrinsic-geometry-e2e.GJlhXS/src/core/Core.Memory.Common.cppm for CXX dependencies
[50/486] Scanning /tmp/intrinsic-geometry-e2e.GJlhXS/src/core/Core.Memory.Polymorphic.cppm for CXX dependencies
[51/486] Scanning /tmp/intrinsic-geometry-e2e.GJlhXS/src/core/Core.FrameClock.cppm for CXX dependencies
[52/486] Scanning /tmp/intrinsic-geometry-e2e.GJlhXS/src/core/Core.LockFreeQueue.cppm for CXX dependencies
[53/486] Scanning /tmp/intrinsic-geometry-e2e.GJlhXS/src/core/Core.Memory.Polymorphic.cpp for CXX dependencies
[54/486] Scanning /tmp/intrinsic-geometry-e2e.GJlhXS/src/core/Core.Memory.LinearArena.cppm for CXX dependencies
[55/486] Scanning /tmp/intrinsic-geometry-e2e.GJlhXS/src/core/Core.Memory.ScopeStack.cppm for CXX dependencies
[56/486] Scanning /tmp/intrinsic-geometry-e2e.GJlhXS/src/core/Core.Tasks.CounterEvent.cppm for CXX dependencies
[57/486] Scanning /tmp/intrinsic-geometry-e2e.GJlhXS/src/core/Core.Memory.ScopeStack.cpp for CXX dependencies
[58/486] Scanning /tmp/intrinsic-geometry-e2e.GJlhXS/src/core/Core.Logging.cppm for CXX dependencies
[59/486] Scanning /tmp/intrinsic-geometry-e2e.GJlhXS/src/core/Core.Filesystem.cppm for CXX dependencies
[60/486] Scanning /tmp/intrinsic-geometry-e2e.GJlhXS/src/core/Core.Tasks.LocalTask.cpp for CXX dependencies
[61/486] Scanning /tmp/intrinsic-geometry-e2e.GJlhXS/src/core/Core.Tasks.cppm for CXX dependencies
[62/486] Scanning /tmp/intrinsic-geometry-e2e.GJlhXS/src/core/Core.Tasks.LocalTask.cppm for CXX dependencies
[63/486] Scanning /tmp/intrinsic-geometry-e2e.GJlhXS/src/core/Core.Tasks.Internal.cppm for CXX dependencies
[64/486] Scanning /tmp/intrinsic-geometry-e2e.GJlhXS/src/core/Core.Memory.LinearArena.cpp for CXX dependencies
[65/486] Scanning /tmp/intrinsic-geometry-e2e.GJlhXS/src/core/Core.Tasks.Internal.cpp for CXX dependencies
[66/486] Scanning /tmp/intrinsic-geometry-e2e.GJlhXS/src/geometry/Geometry.AABB.cpp for CXX dependencies
[67/486] Scanning /tmp/intrinsic-geometry-e2e.GJlhXS/src/geometry/Geometry.ConvexHull.cpp for CXX dependencies
[68/486] Scanning /tmp/intrinsic-geometry-e2e.GJlhXS/src/geometry/Geometry.Containment.cpp for CXX dependencies
[69/486] Scanning /tmp/intrinsic-geometry-e2e.GJlhXS/src/geometry/Geometry.Curve.cpp for CXX dependencies
[70/486] Generating CXX dyndep file src/core/CMakeFiles/ExtrinsicCore.dir/CXX.dd
[71/486] Scanning /tmp/intrinsic-geometry-e2e.GJlhXS/src/geometry/Geometry.BVH.cpp for CXX dependencies
[72/486] Scanning /tmp/intrinsic-geometry-e2e.GJlhXS/src/geometry/Geometry.ConvexHullBuilder.cpp for CXX dependencies
[73/486] Scanning /tmp/intrinsic-geometry-e2e.GJlhXS/src/geometry/Geometry.Cylinder.cpp for CXX dependencies
[74/486] Scanning /tmp/intrinsic-geometry-e2e.GJlhXS/src/geometry/Geometry.FixedPoint.Anderson.cpp for CXX dependencies
[75/486] Scanning /tmp/intrinsic-geometry-e2e.GJlhXS/src/geometry/Geometry.Capsule.cpp for CXX dependencies
[76/486] Scanning /tmp/intrinsic-geometry-e2e.GJlhXS/src/geometry/Geometry.Ellipsoid.cpp for CXX dependencies
[77/486] Scanning /tmp/intrinsic-geometry-e2e.GJlhXS/src/geometry/Geometry.GaussianMixture.cpp for CXX dependencies
[78/486] Scanning /tmp/intrinsic-geometry-e2e.GJlhXS/src/geometry/Geometry.ContactManifold.cpp for CXX dependencies
[79/486] Scanning /tmp/intrinsic-geometry-e2e.GJlhXS/src/geometry/Geometry.EPA.cpp for CXX dependencies
[80/486] Scanning /tmp/intrinsic-geometry-e2e.GJlhXS/src/geometry/Geometry.Frustum.cpp for CXX dependencies
[81/486] Scanning /tmp/intrinsic-geometry-e2e.GJlhXS/src/geometry/Geometry.Grid.cpp for CXX dependencies
[82/486] Scanning /tmp/intrinsic-geometry-e2e.GJlhXS/src/geometry/Geometry.GJK.cpp for CXX dependencies
[83/486] Scanning /tmp/intrinsic-geometry-e2e.GJlhXS/src/geometry/Geometry.HalfedgeMesh.Boundary.cpp for CXX dependencies
[84/486] Scanning /tmp/intrinsic-geometry-e2e.GJlhXS/src/geometry/Geometry.Graph.Vertex.Normals.cpp for CXX dependencies
[85/486] Scanning /tmp/intrinsic-geometry-e2e.GJlhXS/src/geometry/Geometry.Graph.ShortestPath.cpp for CXX dependencies
[86/486] Scanning /tmp/intrinsic-geometry-e2e.GJlhXS/src/geometry/Geometry.Graph.IO.cpp for CXX dependencies
[87/486] Scanning /tmp/intrinsic-geometry-e2e.GJlhXS/src/geometry/Geometry.Graph.Utils.cpp for CXX dependencies
[88/486] Scanning /tmp/intrinsic-geometry-e2e.GJlhXS/src/geometry/Geometry.Graph.cpp for CXX dependencies
[89/486] Scanning /tmp/intrinsic-geometry-e2e.GJlhXS/src/geometry/Geometry.HalfedgeMesh.Analysis.cpp for CXX dependencies
[90/486] Scanning /tmp/intrinsic-geometry-e2e.GJlhXS/src/geometry/Geometry.HalfedgeMesh.AdaptiveRemeshing.cpp for CXX dependencies
[91/486] Scanning /tmp/intrinsic-geometry-e2e.GJlhXS/src/geometry/Geometry.HalfedgeMesh.Builder.cpp for CXX dependencies
[92/486] Scanning /tmp/intrinsic-geometry-e2e.GJlhXS/src/geometry/Geometry.HalfedgeMesh.DEC.cpp for CXX dependencies
[93/486] Scanning /tmp/intrinsic-geometry-e2e.GJlhXS/src/geometry/Geometry.HalfedgeMesh.Geodesic.cpp for CXX dependencies
[94/486] Scanning /tmp/intrinsic-geometry-e2e.GJlhXS/src/geometry/Geometry.HalfedgeMesh.Curvature.cpp for CXX dependencies
[95/486] Scanning /tmp/intrinsic-geometry-e2e.GJlhXS/src/geometry/Geometry.HalfedgeMesh.Parameterization.cpp for CXX dependencies
[96/486] Scanning /tmp/intrinsic-geometry-e2e.GJlhXS/src/geometry/Geometry.HalfedgeMesh.Boolean.cpp for CXX dependencies
[97/486] Scanning /tmp/intrinsic-geometry-e2e.GJlhXS/src/geometry/Geometry.HalfedgeMesh.CatmullClark.cpp for CXX dependencies
[98/486] Scanning /tmp/intrinsic-geometry-e2e.GJlhXS/src/geometry/Geometry.HalfedgeMesh.Quality.cpp for CXX dependencies
[99/486] Scanning /tmp/intrinsic-geometry-e2e.GJlhXS/src/geometry/Geometry.HalfedgeMesh.IO.cpp for CXX dependencies
[100/486] Scanning /tmp/intrinsic-geometry-e2e.GJlhXS/src/geometry/Geometry.HalfedgeMesh.Simplification.cpp for CXX dependencies
[101/486] Scanning /tmp/intrinsic-geometry-e2e.GJlhXS/src/geometry/Geometry.HalfedgeMesh.SignedHeatMethod.cpp for CXX dependencies
[102/486] Scanning /tmp/intrinsic-geometry-e2e.GJlhXS/src/geometry/Geometry.HalfedgeMesh.Remeshing.cpp for CXX dependencies
[103/486] Scanning /tmp/intrinsic-geometry-e2e.GJlhXS/src/geometry/Geometry.HalfedgeMesh.Repair.cpp for CXX dependencies
[104/486] Scanning /tmp/intrinsic-geometry-e2e.GJlhXS/src/geometry/Geometry.HalfedgeMesh.Smoothing.cpp for CXX dependencies
[105/486] Scanning /tmp/intrinsic-geometry-e2e.GJlhXS/src/geometry/Geometry.HtexPatch.cpp for CXX dependencies
[106/486] Scanning /tmp/intrinsic-geometry-e2e.GJlhXS/src/geometry/Geometry.HalfedgeMesh.Subdivision.cpp for CXX dependencies
[107/486] Scanning /tmp/intrinsic-geometry-e2e.GJlhXS/src/geometry/Geometry.KDTree.cpp for CXX dependencies
[108/486] Scanning /tmp/intrinsic-geometry-e2e.GJlhXS/src/geometry/Geometry.ImplicitPlaneField.cpp for CXX dependencies
[109/486] Scanning /tmp/intrinsic-geometry-e2e.GJlhXS/src/geometry/Geometry.HalfedgeMesh.Utils.cpp for CXX dependencies
[110/486] Scanning /tmp/intrinsic-geometry-e2e.GJlhXS/src/geometry/Geometry.HalfedgeMesh.SubdivisionSqrt3.cpp for CXX dependencies
[111/486] Scanning /tmp/intrinsic-geometry-e2e.GJlhXS/src/geometry/Geometry.HalfedgeMesh.Vertices.Normals.cpp for CXX dependencies
[112/486] Scanning /tmp/intrinsic-geometry-e2e.GJlhXS/src/geometry/Geometry.HalfedgeMesh.cpp for CXX dependencies
[113/486] Scanning /tmp/intrinsic-geometry-e2e.GJlhXS/src/geometry/Geometry.HalfedgeMesh.VectorHeatMethod.cpp for CXX dependencies
[114/486] Scanning /tmp/intrinsic-geometry-e2e.GJlhXS/src/geometry/Geometry.Mesh.Conversion.cpp for CXX dependencies
[115/486] Scanning /tmp/intrinsic-geometry-e2e.GJlhXS/src/geometry/Geometry.MarchingCubes.cpp for CXX dependencies
[116/486] Scanning /tmp/intrinsic-geometry-e2e.GJlhXS/src/geometry/Geometry.KMeans.cpp for CXX dependencies
[117/486] Scanning /tmp/intrinsic-geometry-e2e.GJlhXS/src/geometry/Geometry.MeshClosestFace.cpp for CXX dependencies
[118/486] Scanning /tmp/intrinsic-geometry-e2e.GJlhXS/src/geometry/Geometry.OBB.cpp for CXX dependencies
[119/486] Scanning /tmp/intrinsic-geometry-e2e.GJlhXS/src/geometry/Geometry.Parameterization.Harmonic.cpp for CXX dependencies
[120/486] Scanning /tmp/intrinsic-geometry-e2e.GJlhXS/src/geometry/Geometry.Parameterization.Diagnostics.cpp for CXX dependencies
[121/486] Scanning /tmp/intrinsic-geometry-e2e.GJlhXS/src/geometry/Geometry.Plane.cpp for CXX dependencies
[122/486] Scanning /tmp/intrinsic-geometry-e2e.GJlhXS/src/geometry/Geometry.Overlap.cpp for CXX dependencies
[123/486] Scanning /tmp/intrinsic-geometry-e2e.GJlhXS/src/geometry/Geometry.MeshSoup.cpp for CXX dependencies
[124/486] Scanning /tmp/intrinsic-geometry-e2e.GJlhXS/src/geometry/Geometry.Linalg.cpp for CXX dependencies
[125/486] Scanning /tmp/intrinsic-geometry-e2e.GJlhXS/src/geometry/Geometry.PointCloud.Consolidation.cpp for CXX dependencies
[126/486] Scanning /tmp/intrinsic-geometry-e2e.GJlhXS/src/geometry/Geometry.PointCloud.Conversion.cpp for CXX dependencies
[127/486] Scanning /tmp/intrinsic-geometry-e2e.GJlhXS/src/geometry/Geometry.PCA.cpp for CXX dependencies
[128/486] Scanning /tmp/intrinsic-geometry-e2e.GJlhXS/src/geometry/Geometry.Parameterization.Bff.cpp for CXX dependencies
[129/486] Scanning /tmp/intrinsic-geometry-e2e.GJlhXS/src/geometry/Geometry.Octree.cpp for CXX dependencies
[130/486] Scanning /tmp/intrinsic-geometry-e2e.GJlhXS/src/geometry/Geometry.PointCloud.Kernels.cpp for CXX dependencies
[131/486] Scanning /tmp/intrinsic-geometry-e2e.GJlhXS/src/geometry/Geometry.PointCloud.QualityMetrics.cpp for CXX dependencies
[132/486] Scanning /tmp/intrinsic-geometry-e2e.GJlhXS/src/geometry/Geometry.PointCloud.Features.cpp for CXX dependencies
[133/486] Scanning /tmp/intrinsic-geometry-e2e.GJlhXS/src/geometry/Geometry.PointCloud.Utils.cpp for CXX dependencies
[134/486] Scanning /tmp/intrinsic-geometry-e2e.GJlhXS/src/geometry/Geometry.Quadric.cpp for CXX dependencies
[135/486] Scanning /tmp/intrinsic-geometry-e2e.GJlhXS/src/geometry/Geometry.Registration.cpp for CXX dependencies
[136/486] Scanning /tmp/intrinsic-geometry-e2e.GJlhXS/src/geometry/Geometry.Raycast.cpp for CXX dependencies
[137/486] Scanning /tmp/intrinsic-geometry-e2e.GJlhXS/src/geometry/Geometry.PointCloud.Normals.cpp for CXX dependencies
[138/486] Scanning /tmp/intrinsic-geometry-e2e.GJlhXS/src/geometry/Geometry.PointCloud.IO.cpp for CXX dependencies
[139/486] Scanning /tmp/intrinsic-geometry-e2e.GJlhXS/src/geometry/Geometry.PointCloud.cpp for CXX dependencies
[140/486] Scanning /tmp/intrinsic-geometry-e2e.GJlhXS/src/geometry/Geometry.Robust.cpp for CXX dependencies
[141/486] Scanning /tmp/intrinsic-geometry-e2e.GJlhXS/src/geometry/Geometry.Rotation.cpp for CXX dependencies
[142/486] Scanning /tmp/intrinsic-geometry-e2e.GJlhXS/src/geometry/Geometry.PointCloud.SurfaceSampling.cpp for CXX dependencies
[143/486] Scanning /tmp/intrinsic-geometry-e2e.GJlhXS/src/geometry/Geometry.Properties.cpp for CXX dependencies
[144/486] Scanning /tmp/intrinsic-geometry-e2e.GJlhXS/src/geometry/Geometry.RotationAveraging.cpp for CXX dependencies
[145/486] Scanning /tmp/intrinsic-geometry-e2e.GJlhXS/src/geometry/Geometry.Queries.cpp for CXX dependencies
[146/486] Scanning /tmp/intrinsic-geometry-e2e.GJlhXS/src/geometry/Geometry.SDF.cpp for CXX dependencies
[147/486] Scanning /tmp/intrinsic-geometry-e2e.GJlhXS/src/geometry/Geometry.RobustPredicates.cpp for CXX dependencies
[148/486] Scanning /tmp/intrinsic-geometry-e2e.GJlhXS/src/geometry/Geometry.Sampling.cpp for CXX dependencies
[149/486] Scanning /tmp/intrinsic-geometry-e2e.GJlhXS/src/geometry/Geometry.Statistics.cpp for CXX dependencies
[150/486] Scanning /tmp/intrinsic-geometry-e2e.GJlhXS/src/geometry/Geometry.Sphere.cpp for CXX dependencies
[151/486] Scanning /tmp/intrinsic-geometry-e2e.GJlhXS/src/geometry/Geometry.Sphere.Sampling.cpp for CXX dependencies
[152/486] Scanning /tmp/intrinsic-geometry-e2e.GJlhXS/src/geometry/Geometry.Segment.cpp for CXX dependencies
[153/486] Scanning /tmp/intrinsic-geometry-e2e.GJlhXS/src/geometry/Geometry.Support.cpp for CXX dependencies
[154/486] Scanning /tmp/intrinsic-geometry-e2e.GJlhXS/src/geometry/Geometry.Validation.cpp for CXX dependencies
[155/486] Scanning /tmp/intrinsic-geometry-e2e.GJlhXS/src/geometry/Geometry.AABB.cppm for CXX dependencies
[156/486] Scanning /tmp/intrinsic-geometry-e2e.GJlhXS/src/geometry/Geometry.Triangle.cpp for CXX dependencies
[157/486] Scanning /tmp/intrinsic-geometry-e2e.GJlhXS/src/geometry/Geometry.SurfaceReconstruction.cpp for CXX dependencies
[158/486] Scanning /tmp/intrinsic-geometry-e2e.GJlhXS/src/geometry/Geometry.ContactManifold.cppm for CXX dependencies
[159/486] Scanning /tmp/intrinsic-geometry-e2e.GJlhXS/src/geometry/Geometry.UvAtlas.cpp for CXX dependencies
[160/486] Scanning /tmp/intrinsic-geometry-e2e.GJlhXS/src/geometry/Geometry.BVH.cppm for CXX dependencies
[161/486] Scanning /tmp/intrinsic-geometry-e2e.GJlhXS/src/geometry/Geometry.Circulators.cppm for CXX dependencies
[162/486] Scanning /tmp/intrinsic-geometry-e2e.GJlhXS/src/geometry/Geometry.Capsule.cppm for CXX dependencies
[163/486] Scanning /tmp/intrinsic-geometry-e2e.GJlhXS/src/geometry/Geometry.Sparse.cpp for CXX dependencies
[164/486] Scanning /tmp/intrinsic-geometry-e2e.GJlhXS/src/geometry/Geometry.Containment.cppm for CXX dependencies
[165/486] Scanning /tmp/intrinsic-geometry-e2e.GJlhXS/src/geometry/Geometry.Cylinder.cppm for CXX dependencies
[166/486] Scanning /tmp/intrinsic-geometry-e2e.GJlhXS/src/geometry/Geometry.FixedPoint.Anderson.cppm for CXX dependencies
[167/486] Scanning /tmp/intrinsic-geometry-e2e.GJlhXS/src/geometry/Geometry.ConvexHull.cppm for CXX dependencies
[168/486] Scanning /tmp/intrinsic-geometry-e2e.GJlhXS/src/geometry/Geometry.DomainViews.cppm for CXX dependencies
[169/486] Scanning /tmp/intrinsic-geometry-e2e.GJlhXS/src/geometry/Geometry.Curve.cppm for CXX dependencies
[170/486] Scanning /tmp/intrinsic-geometry-e2e.GJlhXS/src/geometry/Geometry.ConvexHullBuilder.cppm for CXX dependencies
[171/486] Scanning /tmp/intrinsic-geometry-e2e.GJlhXS/src/geometry/Geometry.Ellipsoid.cppm for CXX dependencies
[172/486] Scanning /tmp/intrinsic-geometry-e2e.GJlhXS/src/geometry/Geometry.Graph.IO.cppm for CXX dependencies
[173/486] Scanning /tmp/intrinsic-geometry-e2e.GJlhXS/src/geometry/Geometry.EPA.cppm for CXX dependencies
[174/486] Scanning /tmp/intrinsic-geometry-e2e.GJlhXS/src/geometry/Geometry.Graph.ShortestPath.cppm for CXX dependencies
[175/486] Scanning /tmp/intrinsic-geometry-e2e.GJlhXS/src/geometry/Geometry.HalfedgeMesh.Boolean.cppm for CXX dependencies
[176/486] Scanning /tmp/intrinsic-geometry-e2e.GJlhXS/src/geometry/Geometry.Frustum.cppm for CXX dependencies
[177/486] Scanning /tmp/intrinsic-geometry-e2e.GJlhXS/src/geometry/Geometry.HalfedgeMesh.Analysis.cppm for CXX dependencies
[178/486] Scanning /tmp/intrinsic-geometry-e2e.GJlhXS/src/geometry/Geometry.GJK.cppm for CXX dependencies
[179/486] Scanning /tmp/intrinsic-geometry-e2e.GJlhXS/src/geometry/Geometry.HalfedgeMesh.Builder.cppm for CXX dependencies
[180/486] Scanning /tmp/intrinsic-geometry-e2e.GJlhXS/src/geometry/Geometry.GaussianMixture.cppm for CXX dependencies
[181/486] Scanning /tmp/intrinsic-geometry-e2e.GJlhXS/src/geometry/Geometry.HalfedgeMesh.CatmullClark.cppm for CXX dependencies
[182/486] Scanning /tmp/intrinsic-geometry-e2e.GJlhXS/src/geometry/Geometry.Graph.Vertex.Normals.cppm for CXX dependencies
[183/486] Scanning /tmp/intrinsic-geometry-e2e.GJlhXS/src/geometry/Geometry.Graph.Utils.cppm for CXX dependencies
[184/486] Scanning /tmp/intrinsic-geometry-e2e.GJlhXS/src/geometry/Geometry.HalfedgeMesh.DEC.cppm for CXX dependencies
[185/486] Scanning /tmp/intrinsic-geometry-e2e.GJlhXS/src/geometry/Geometry.HalfedgeMesh.Geodesic.cppm for CXX dependencies
[186/486] Scanning /tmp/intrinsic-geometry-e2e.GJlhXS/src/geometry/Geometry.HalfedgeMesh.Boundary.cppm for CXX dependencies
[187/486] Scanning /tmp/intrinsic-geometry-e2e.GJlhXS/src/geometry/Geometry.Graph.cppm for CXX dependencies
[188/486] Scanning /tmp/intrinsic-geometry-e2e.GJlhXS/src/geometry/Geometry.HalfedgeMesh.AdaptiveRemeshing.cppm for CXX dependencies
[189/486] Scanning /tmp/intrinsic-geometry-e2e.GJlhXS/src/geometry/Geometry.HalfedgeMesh.Curvature.cppm for CXX dependencies
[190/486] Scanning /tmp/intrinsic-geometry-e2e.GJlhXS/src/geometry/Geometry.HalfedgeMesh.SignedHeatMethod.cppm for CXX dependencies
[191/486] Scanning /tmp/intrinsic-geometry-e2e.GJlhXS/src/geometry/Geometry.Grid.cppm for CXX dependencies
[192/486] Scanning /tmp/intrinsic-geometry-e2e.GJlhXS/src/geometry/Geometry.HalfedgeMesh.SubdivisionSqrt3.cppm for CXX dependencies
[193/486] Scanning /tmp/intrinsic-geometry-e2e.GJlhXS/src/geometry/Geometry.HalfedgeMesh.IO.cppm for CXX dependencies
[194/486] Scanning /tmp/intrinsic-geometry-e2e.GJlhXS/src/geometry/Geometry.HalfedgeMesh.Remeshing.cppm for CXX dependencies
[195/486] Scanning /tmp/intrinsic-geometry-e2e.GJlhXS/src/geometry/Geometry.HalfedgeMesh.Quality.cppm for CXX dependencies
[196/486] Scanning /tmp/intrinsic-geometry-e2e.GJlhXS/src/geometry/Geometry.HalfedgeMesh.Subdivision.cppm for CXX dependencies
[197/486] Scanning /tmp/intrinsic-geometry-e2e.GJlhXS/src/geometry/Geometry.HalfedgeMesh.Utils.cppm for CXX dependencies
[198/486] Scanning /tmp/intrinsic-geometry-e2e.GJlhXS/src/geometry/Geometry.IO.cppm for CXX dependencies
[199/486] Scanning /tmp/intrinsic-geometry-e2e.GJlhXS/src/geometry/Geometry.HalfedgeMesh.Simplification.cppm for CXX dependencies
[200/486] Scanning /tmp/intrinsic-geometry-e2e.GJlhXS/src/geometry/Geometry.HalfedgeMesh.Smoothing.cppm for CXX dependencies
[201/486] Scanning /tmp/intrinsic-geometry-e2e.GJlhXS/src/geometry/Geometry.HalfedgeMesh.Repair.cppm for CXX dependencies
[202/486] Scanning /tmp/intrinsic-geometry-e2e.GJlhXS/src/geometry/Geometry.HalfedgeMesh.Parameterization.cppm for CXX dependencies
[203/486] Scanning /tmp/intrinsic-geometry-e2e.GJlhXS/src/geometry/Geometry.HalfedgeMesh.Vertices.Normals.cppm for CXX dependencies
[204/486] Scanning /tmp/intrinsic-geometry-e2e.GJlhXS/src/geometry/Geometry.HtexPatch.cppm for CXX dependencies
[205/486] Scanning /tmp/intrinsic-geometry-e2e.GJlhXS/src/geometry/Geometry.IntersectionClassification.cppm for CXX dependencies
[206/486] Scanning /tmp/intrinsic-geometry-e2e.GJlhXS/src/geometry/Geometry.ImplicitPlaneField.cppm for CXX dependencies
[207/486] Scanning /tmp/intrinsic-geometry-e2e.GJlhXS/src/geometry/Geometry.HalfedgeMesh.VectorHeatMethod.cppm for CXX dependencies
[208/486] Scanning /tmp/intrinsic-geometry-e2e.GJlhXS/src/geometry/Geometry.KDTree.cppm for CXX dependencies
[209/486] Scanning /tmp/intrinsic-geometry-e2e.GJlhXS/src/geometry/Geometry.MeshOperator.cppm for CXX dependencies
[210/486] Scanning /tmp/intrinsic-geometry-e2e.GJlhXS/src/geometry/Geometry.LinearSolver.cppm for CXX dependencies
[211/486] Scanning /tmp/intrinsic-geometry-e2e.GJlhXS/src/geometry/Geometry.Mesh.Conversion.cppm for CXX dependencies
[212/486] Scanning /tmp/intrinsic-geometry-e2e.GJlhXS/src/geometry/Geometry.MarchingCubes.cppm for CXX dependencies
[213/486] Scanning /tmp/intrinsic-geometry-e2e.GJlhXS/src/geometry/Geometry.HalfedgeMesh.cppm for CXX dependencies
[214/486] Scanning /tmp/intrinsic-geometry-e2e.GJlhXS/src/geometry/Geometry.MeshSoup.cppm for CXX dependencies
[215/486] Scanning /tmp/intrinsic-geometry-e2e.GJlhXS/src/geometry/Geometry.OBB.cppm for CXX dependencies
[216/486] Scanning /tmp/intrinsic-geometry-e2e.GJlhXS/src/geometry/Geometry.KMeans.cppm for CXX dependencies
[217/486] Scanning /tmp/intrinsic-geometry-e2e.GJlhXS/src/geometry/Geometry.PCA.cppm for CXX dependencies
[218/486] Scanning /tmp/intrinsic-geometry-e2e.GJlhXS/src/geometry/Geometry.Parameterization.Diagnostics.cppm for CXX dependencies
[219/486] Scanning /tmp/intrinsic-geometry-e2e.GJlhXS/src/geometry/Geometry.Overlap.cppm for CXX dependencies
[220/486] Scanning /tmp/intrinsic-geometry-e2e.GJlhXS/src/geometry/Geometry.MeshClosestFace.cppm for CXX dependencies
[221/486] Scanning /tmp/intrinsic-geometry-e2e.GJlhXS/src/geometry/Geometry.Octree.cppm for CXX dependencies
[222/486] Scanning /tmp/intrinsic-geometry-e2e.GJlhXS/src/geometry/Geometry.PointCloud.Conversion.cppm for CXX dependencies
[223/486] Scanning /tmp/intrinsic-geometry-e2e.GJlhXS/src/geometry/Geometry.Plane.cppm for CXX dependencies
[224/486] Scanning /tmp/intrinsic-geometry-e2e.GJlhXS/src/geometry/Geometry.Parameterization.Bff.cppm for CXX dependencies
[225/486] Scanning /tmp/intrinsic-geometry-e2e.GJlhXS/src/geometry/Geometry.Linalg.cppm for CXX dependencies
[226/486] Scanning /tmp/intrinsic-geometry-e2e.GJlhXS/src/geometry/Geometry.PointCloud.Features.cppm for CXX dependencies
[227/486] Scanning /tmp/intrinsic-geometry-e2e.GJlhXS/src/geometry/Geometry.PointCloud.IO.cppm for CXX dependencies
[228/486] Scanning /tmp/intrinsic-geometry-e2e.GJlhXS/src/geometry/Geometry.PointCloud.SurfaceSampling.cppm for CXX dependencies
[229/486] Scanning /tmp/intrinsic-geometry-e2e.GJlhXS/src/geometry/Geometry.PointCloud.Kernels.cppm for CXX dependencies
[230/486] Scanning /tmp/intrinsic-geometry-e2e.GJlhXS/src/geometry/Geometry.Parameterization.Harmonic.cppm for CXX dependencies
[231/486] Scanning /tmp/intrinsic-geometry-e2e.GJlhXS/src/geometry/Geometry.PointCloud.Consolidation.cppm for CXX dependencies
[232/486] Scanning /tmp/intrinsic-geometry-e2e.GJlhXS/src/geometry/Geometry.Robust.cppm for CXX dependencies
[233/486] Scanning /tmp/intrinsic-geometry-e2e.GJlhXS/src/geometry/Geometry.PointCloud.Utils.cppm for CXX dependencies
[234/486] Scanning /tmp/intrinsic-geometry-e2e.GJlhXS/src/geometry/Geometry.Quadric.cppm for CXX dependencies
[235/486] Scanning /tmp/intrinsic-geometry-e2e.GJlhXS/src/geometry/Geometry.Queries.cppm for CXX dependencies
[236/486] Scanning /tmp/intrinsic-geometry-e2e.GJlhXS/src/geometry/Geometry.Raycast.cppm for CXX dependencies
[237/486] Scanning /tmp/intrinsic-geometry-e2e.GJlhXS/src/geometry/Geometry.Properties.cppm for CXX dependencies
[238/486] Scanning /tmp/intrinsic-geometry-e2e.GJlhXS/src/geometry/Geometry.PointCloud.Normals.cppm for CXX dependencies
[239/486] Scanning /tmp/intrinsic-geometry-e2e.GJlhXS/src/geometry/Geometry.PointCloud.QualityMetrics.cppm for CXX dependencies
[240/486] Scanning /tmp/intrinsic-geometry-e2e.GJlhXS/src/geometry/Geometry.Registration.cppm for CXX dependencies
[241/486] Scanning /tmp/intrinsic-geometry-e2e.GJlhXS/src/geometry/Geometry.Ray.cppm for CXX dependencies
[242/486] Scanning /tmp/intrinsic-geometry-e2e.GJlhXS/src/geometry/Geometry.Sampling.cppm for CXX dependencies
[243/486] Scanning /tmp/intrinsic-geometry-e2e.GJlhXS/src/geometry/Geometry.SpatialQueries.cppm for CXX dependencies
[244/486] Scanning /tmp/intrinsic-geometry-e2e.GJlhXS/src/geometry/Geometry.PointCloud.cppm for CXX dependencies
[245/486] Scanning /tmp/intrinsic-geometry-e2e.GJlhXS/src/geometry/Geometry.Rotation.cppm for CXX dependencies
[246/486] Scanning /tmp/intrinsic-geometry-e2e.GJlhXS/src/geometry/Geometry.RobustPredicates.cppm for CXX dependencies
[247/486] Scanning /tmp/intrinsic-geometry-e2e.GJlhXS/src/geometry/Geometry.SDFContact.cppm for CXX dependencies
[248/486] Scanning /tmp/intrinsic-geometry-e2e.GJlhXS/src/geometry/Geometry.Graph.Fwd.cppm for CXX dependencies
[249/486] Scanning /tmp/intrinsic-geometry-e2e.GJlhXS/src/geometry/Geometry.SDF.cppm for CXX dependencies
[250/486] Scanning /tmp/intrinsic-geometry-e2e.GJlhXS/src/geometry/Geometry.Sphere.Sampling.cppm for CXX dependencies
[251/486] Scanning /tmp/intrinsic-geometry-e2e.GJlhXS/src/geometry/Geometry.HalfedgeMesh.Fwd.cppm for CXX dependencies
[252/486] Scanning /tmp/intrinsic-geometry-e2e.GJlhXS/src/geometry/Geometry.Statistics.cppm for CXX dependencies
[253/486] Scanning /tmp/intrinsic-geometry-e2e.GJlhXS/src/geometry/Geometry.Sphere.cppm for CXX dependencies
[254/486] Scanning /tmp/intrinsic-geometry-e2e.GJlhXS/src/geometry/Geometry.RotationAveraging.cppm for CXX dependencies
[255/486] Scanning /tmp/intrinsic-geometry-e2e.GJlhXS/src/geometry/Geometry.Triangle.cppm for CXX dependencies
[256/486] Scanning /tmp/intrinsic-geometry-e2e.GJlhXS/src/geometry/Geometry.SurfaceReconstruction.cppm for CXX dependencies
[257/486] Scanning /tmp/intrinsic-geometry-e2e.GJlhXS/src/geometry/Geometry.PointCloud.Fwd.cppm for CXX dependencies
[258/486] Scanning /tmp/intrinsic-geometry-e2e.GJlhXS/src/assets/Asset.ImportRouter.cpp for CXX dependencies
[259/486] Scanning /tmp/intrinsic-geometry-e2e.GJlhXS/src/geometry/Geometry.UvAtlas.cppm for CXX dependencies
[260/486] Scanning /tmp/intrinsic-geometry-e2e.GJlhXS/src/assets/Asset.EventBus.cpp for CXX dependencies
[261/486] Scanning /tmp/intrinsic-geometry-e2e.GJlhXS/src/geometry/Geometry.Support.cppm for CXX dependencies
[262/486] Scanning /tmp/intrinsic-geometry-e2e.GJlhXS/src/geometry/Geometry.Segment.cppm for CXX dependencies
[263/486] Scanning /tmp/intrinsic-geometry-e2e.GJlhXS/src/assets/Asset.ModelTexturePayload.cpp for CXX dependencies
[264/486] Scanning /tmp/intrinsic-geometry-e2e.GJlhXS/src/geometry/Geometry.Validation.cppm for CXX dependencies
[265/486] Scanning /tmp/intrinsic-geometry-e2e.GJlhXS/src/assets/Asset.LoadPipeline.cpp for CXX dependencies
[266/486] Scanning /tmp/intrinsic-geometry-e2e.GJlhXS/src/assets/Asset.ImportRouter.cppm for CXX dependencies
[267/486] Scanning /tmp/intrinsic-geometry-e2e.GJlhXS/src/assets/Asset.OperationStatus.cppm for CXX dependencies
[268/486] Scanning /tmp/intrinsic-geometry-e2e.GJlhXS/src/geometry/Geometry.Sparse.cppm for CXX dependencies
[269/486] Scanning /tmp/intrinsic-geometry-e2e.GJlhXS/src/assets/Asset.Registry.cpp for CXX dependencies
[270/486] Scanning /tmp/intrinsic-geometry-e2e.GJlhXS/src/assets/Asset.TypePool.cppm for CXX dependencies
[271/486] Scanning /tmp/intrinsic-geometry-e2e.GJlhXS/src/graphics/rhi/RHI.CommandContext.cpp for CXX dependencies
[272/486] Scanning /tmp/intrinsic-geometry-e2e.GJlhXS/src/assets/Asset.EventBus.cppm for CXX dependencies
[273/486] Scanning /tmp/intrinsic-geometry-e2e.GJlhXS/src/assets/Asset.PathIndex.cpp for CXX dependencies
[274/486] Scanning /tmp/intrinsic-geometry-e2e.GJlhXS/src/assets/Asset.GeometryPayload.cppm for CXX dependencies
[275/486] Scanning /tmp/intrinsic-geometry-e2e.GJlhXS/src/assets/Asset.ModelTexturePayload.cppm for CXX dependencies
[276/486] Scanning /tmp/intrinsic-geometry-e2e.GJlhXS/src/assets/Asset.PayloadStore.cpp for CXX dependencies
[277/486] Scanning /tmp/intrinsic-geometry-e2e.GJlhXS/src/assets/Asset.Service.cpp for CXX dependencies
[278/486] Scanning /tmp/intrinsic-geometry-e2e.GJlhXS/src/assets/Asset.Registry.cppm for CXX dependencies
[279/486] Generating CXX dyndep file src/geometry/CMakeFiles/IntrinsicGeometry.dir/CXX.dd
[280/486] Scanning /tmp/intrinsic-geometry-e2e.GJlhXS/src/assets/Asset.PayloadStore.cppm for CXX dependencies
[281/486] Scanning /tmp/intrinsic-geometry-e2e.GJlhXS/src/assets/Asset.PathIndex.cppm for CXX dependencies
[282/486] Scanning /tmp/intrinsic-geometry-e2e.GJlhXS/src/graphics/rhi/RHI.BufferView.cppm for CXX dependencies
[283/486] Scanning /tmp/intrinsic-geometry-e2e.GJlhXS/src/graphics/rhi/RHI.BufferTransfer.cpp for CXX dependencies
[284/486] Scanning /tmp/intrinsic-geometry-e2e.GJlhXS/src/assets/Asset.LoadPipeline.cppm for CXX dependencies
[285/486] Scanning /tmp/intrinsic-geometry-e2e.GJlhXS/src/graphics/rhi/RHI.Profiler.cpp for CXX dependencies
[286/486] Scanning /tmp/intrinsic-geometry-e2e.GJlhXS/src/graphics/rhi/RHI.TimelineSemaphore.cppm for CXX dependencies
[287/486] Scanning /tmp/intrinsic-geometry-e2e.GJlhXS/src/graphics/rhi/RHI.QueueAffinity.cppm for CXX dependencies
[288/486] Scanning /tmp/intrinsic-geometry-e2e.GJlhXS/src/assets/Asset.Service.cppm for CXX dependencies
[289/486] Scanning /tmp/intrinsic-geometry-e2e.GJlhXS/src/graphics/rhi/RHI.Transfer.cppm for CXX dependencies
[290/486] Scanning /tmp/intrinsic-geometry-e2e.GJlhXS/src/graphics/rhi/RHI.TextureUpload.cpp for CXX dependencies
[291/486] Scanning /tmp/intrinsic-geometry-e2e.GJlhXS/src/graphics/rhi/RHI.TextureManager.cpp for CXX dependencies
[292/486] Scanning /tmp/intrinsic-geometry-e2e.GJlhXS/src/graphics/rhi/RHI.BufferTransfer.cppm for CXX dependencies
[293/486] Scanning /tmp/intrinsic-geometry-e2e.GJlhXS/src/graphics/rhi/RHI.TextureUpload.cppm for CXX dependencies
[294/486] Generating CXX dyndep file src/assets/CMakeFiles/ExtrinsicAssets.dir/CXX.dd
[295/486] Scanning /tmp/intrinsic-geometry-e2e.GJlhXS/src/graphics/rhi/RHI.FrameHandle.cppm for CXX dependencies
[296/486] Scanning /tmp/intrinsic-geometry-e2e.GJlhXS/src/graphics/rhi/RHI.Descriptors.cppm for CXX dependencies
[297/486] Scanning /tmp/intrinsic-geometry-e2e.GJlhXS/src/graphics/rhi/RHI.BufferManager.cpp for CXX dependencies
[298/486] Scanning /tmp/intrinsic-geometry-e2e.GJlhXS/src/graphics/rhi/RHI.SamplerManager.cpp for CXX dependencies
[299/486] Scanning /tmp/intrinsic-geometry-e2e.GJlhXS/src/graphics/rhi/RHI.PipelineManager.cpp for CXX dependencies
[300/486] Scanning /tmp/intrinsic-geometry-e2e.GJlhXS/src/graphics/rhi/RHI.Bindless.cppm for CXX dependencies
[301/486] Scanning /tmp/intrinsic-geometry-e2e.GJlhXS/src/graphics/rhi/RHI.TransferQueue.cppm for CXX dependencies
[302/486] Scanning /tmp/intrinsic-geometry-e2e.GJlhXS/src/graphics/rhi/RHI.PipelineRegistry.cpp for CXX dependencies
[303/486] Scanning /tmp/intrinsic-geometry-e2e.GJlhXS/src/graphics/rhi/RHI.Profiler.cppm for CXX dependencies
[304/486] Scanning /tmp/intrinsic-geometry-e2e.GJlhXS/src/graphics/rhi/RHI.Types.cppm for CXX dependencies
[305/486] Scanning /tmp/intrinsic-geometry-e2e.GJlhXS/src/graphics/renderer/Graphics.RenderCommandRouter.cpp for CXX dependencies
[306/486] Scanning /tmp/intrinsic-geometry-e2e.GJlhXS/src/graphics/rhi/RHI.Device.cppm for CXX dependencies
[307/486] Scanning /tmp/intrinsic-geometry-e2e.GJlhXS/src/graphics/rhi/RHI.SamplerManager.cppm for CXX dependencies
[308/486] Scanning /tmp/intrinsic-geometry-e2e.GJlhXS/src/graphics/renderer/Graphics.CameraSnapshots.cpp for CXX dependencies
[309/486] Scanning /tmp/intrinsic-geometry-e2e.GJlhXS/src/graphics/rhi/RHI.PipelineRegistry.cppm for CXX dependencies
[310/486] Scanning /tmp/intrinsic-geometry-e2e.GJlhXS/src/graphics/rhi/RHI.CommandContext.cppm for CXX dependencies
[311/486] Scanning /tmp/intrinsic-geometry-e2e.GJlhXS/src/graphics/renderer/Graphics.ComputeParallelPrimitives.cpp for CXX dependencies
[312/486] Scanning /tmp/intrinsic-geometry-e2e.GJlhXS/src/graphics/renderer/Graphics.CurrentRendererContractAdapter.cpp for CXX dependencies
[313/486] Scanning /tmp/intrinsic-geometry-e2e.GJlhXS/src/graphics/rhi/RHI.TextureManager.cppm for CXX dependencies
[314/486] Scanning /tmp/intrinsic-geometry-e2e.GJlhXS/src/graphics/rhi/RHI.BufferManager.cppm for CXX dependencies
[315/486] Scanning /tmp/intrinsic-geometry-e2e.GJlhXS/src/graphics/renderer/Graphics.RenderingContract.cpp for CXX dependencies
[316/486] Scanning /tmp/intrinsic-geometry-e2e.GJlhXS/src/graphics/renderer/Graphics.RenderSubsystemRegistry.cpp for CXX dependencies
[317/486] Scanning /tmp/intrinsic-geometry-e2e.GJlhXS/src/graphics/assets/Graphics.GpuAssetCache.cpp for CXX dependencies
[318/486] Scanning /tmp/intrinsic-geometry-e2e.GJlhXS/src/graphics/renderer/Graphics.RenderPrepPipeline.cpp for CXX dependencies
[319/486] Scanning /tmp/intrinsic-geometry-e2e.GJlhXS/src/graphics/rhi/RHI.PipelineManager.cppm for CXX dependencies
[320/486] Scanning /tmp/intrinsic-geometry-e2e.GJlhXS/src/graphics/assets/Graphics.GpuAssetCache.cppm for CXX dependencies
[321/486] Scanning /tmp/intrinsic-geometry-e2e.GJlhXS/src/graphics/renderer/Graphics.PropertyTextureBake.cpp for CXX dependencies
[322/486] Generating CXX dyndep file src/graphics/rhi/CMakeFiles/ExtrinsicRHI.dir/CXX.dd
[323/486] Scanning /tmp/intrinsic-geometry-e2e.GJlhXS/src/graphics/renderer/Graphics.TransientDebugUploadHelper.cpp for CXX dependencies
[324/486] Scanning /tmp/intrinsic-geometry-e2e.GJlhXS/src/graphics/renderer/Graphics.FrameRecipe.cpp for CXX dependencies
[325/486] Scanning /tmp/intrinsic-geometry-e2e.GJlhXS/src/graphics/renderer/Graphics.SharedRenderRecipeExecution.cpp for CXX dependencies
[326/486] Scanning /tmp/intrinsic-geometry-e2e.GJlhXS/src/graphics/renderer/Graphics.VisualizationPropertyBufferResidency.cpp for CXX dependencies
[327/486] Scanning /tmp/intrinsic-geometry-e2e.GJlhXS/src/graphics/renderer/Graphics.RenderRecipeConfig.cpp for CXX dependencies
[328/486] Scanning /tmp/intrinsic-geometry-e2e.GJlhXS/src/graphics/renderer/Graphics.Renderer.cpp for CXX dependencies
[329/486] Generating CXX dyndep file src/graphics/assets/CMakeFiles/ExtrinsicGraphicsAssets.dir/CXX.dd
[330/486] Scanning /tmp/intrinsic-geometry-e2e.GJlhXS/src/graphics/renderer/Graphics.VisualizationOverlayUploadHelper.cpp for CXX dependencies
[331/486] Scanning /tmp/intrinsic-geometry-e2e.GJlhXS/src/graphics/renderer/Graphics.GeometryResidency.cpp for CXX dependencies
[332/486] Scanning /tmp/intrinsic-geometry-e2e.GJlhXS/src/graphics/renderer/Graphics.GpuTransfer.cpp for CXX dependencies
[333/486] Scanning /tmp/intrinsic-geometry-e2e.GJlhXS/src/graphics/renderer/Graphics.GpuWorld.cpp for CXX dependencies
[334/486] Scanning /tmp/intrinsic-geometry-e2e.GJlhXS/src/graphics/renderer/Graphics.VisualizationPackets.cpp for CXX dependencies
[335/486] Scanning /tmp/intrinsic-geometry-e2e.GJlhXS/src/graphics/renderer/Graphics.ColormapSystem.cpp for CXX dependencies
[336/486] Scanning /tmp/intrinsic-geometry-e2e.GJlhXS/src/graphics/renderer/Graphics.GpuScene.cpp for CXX dependencies
[337/486] Scanning /tmp/intrinsic-geometry-e2e.GJlhXS/src/graphics/renderer/Graphics.MaterialSystem.cpp for CXX dependencies
[338/486] Scanning /tmp/intrinsic-geometry-e2e.GJlhXS/src/graphics/renderer/Graphics.DebugViewSystem.cpp for CXX dependencies
[339/486] Scanning /tmp/intrinsic-geometry-e2e.GJlhXS/src/graphics/renderer/Graphics.CullingSystem.cpp for CXX dependencies
[340/486] Scanning /tmp/intrinsic-geometry-e2e.GJlhXS/src/graphics/renderer/Graphics.ImGuiUploadHelper.cpp for CXX dependencies
[341/486] Scanning /tmp/intrinsic-geometry-e2e.GJlhXS/src/graphics/renderer/Graphics.VisualizationSyncSystem.cpp for CXX dependencies
[342/486] Scanning /tmp/intrinsic-geometry-e2e.GJlhXS/src/graphics/renderer/Graphics.ImGuiOverlaySystem.cpp for CXX dependencies
[343/486] Scanning /tmp/intrinsic-geometry-e2e.GJlhXS/src/graphics/renderer/Graphics.SpatialDebugVisualizers.cpp for CXX dependencies
[344/486] Scanning /tmp/intrinsic-geometry-e2e.GJlhXS/src/graphics/renderer/Graphics.DeferredSystem.cpp for CXX dependencies
[345/486] Scanning /tmp/intrinsic-geometry-e2e.GJlhXS/src/graphics/renderer/Graphics.ForwardSystem.cpp for CXX dependencies
[346/486] Scanning /tmp/intrinsic-geometry-e2e.GJlhXS/src/graphics/renderer/Graphics.SelectionSystem.cpp for CXX dependencies
[347/486] Scanning /tmp/intrinsic-geometry-e2e.GJlhXS/src/graphics/renderer/Graphics.LightClusters.cpp for CXX dependencies
[348/486] Scanning /tmp/intrinsic-geometry-e2e.GJlhXS/src/graphics/renderer/Graphics.Reconstruction.cpp for CXX dependencies
[349/486] Scanning /tmp/intrinsic-geometry-e2e.GJlhXS/src/graphics/renderer/Passes/Pass.Deferred.Lighting.cpp for CXX dependencies
[350/486] Scanning /tmp/intrinsic-geometry-e2e.GJlhXS/src/graphics/renderer/Passes/Pass.Deferred.GBuffers.cpp for CXX dependencies
[351/486] Scanning /tmp/intrinsic-geometry-e2e.GJlhXS/src/graphics/renderer/Graphics.LightSystem.cpp for CXX dependencies
[352/486] Scanning /tmp/intrinsic-geometry-e2e.GJlhXS/src/graphics/renderer/Graphics.HZB.cpp for CXX dependencies
[353/486] Scanning /tmp/intrinsic-geometry-e2e.GJlhXS/src/graphics/renderer/Graphics.PostProcessSystem.cpp for CXX dependencies
[354/486] Scanning /tmp/intrinsic-geometry-e2e.GJlhXS/src/graphics/renderer/Components/Graphics.Component.GpuSceneSlot.cpp for CXX dependencies
[355/486] Scanning /tmp/intrinsic-geometry-e2e.GJlhXS/src/graphics/renderer/Passes/Pass.Forward.Line.cpp for CXX dependencies
[356/486] Scanning /tmp/intrinsic-geometry-e2e.GJlhXS/src/graphics/renderer/Graphics.TransformSyncSystem.cpp for CXX dependencies
[357/486] Scanning /tmp/intrinsic-geometry-e2e.GJlhXS/src/graphics/renderer/Passes/Pass.PostProcess.Bloom.cpp for CXX dependencies
[358/486] Scanning /tmp/intrinsic-geometry-e2e.GJlhXS/src/graphics/renderer/Passes/Pass.Forward.Surface.cpp for CXX dependencies
[359/486] Scanning /tmp/intrinsic-geometry-e2e.GJlhXS/src/graphics/renderer/Graphics.ShadowSystem.cpp for CXX dependencies
[360/486] Scanning /tmp/intrinsic-geometry-e2e.GJlhXS/src/graphics/renderer/Passes/Pass.Forward.Point.cpp for CXX dependencies
[361/486] Scanning /tmp/intrinsic-geometry-e2e.GJlhXS/src/graphics/renderer/Passes/Pass.ImGui.cpp for CXX dependencies
[362/486] Scanning /tmp/intrinsic-geometry-e2e.GJlhXS/src/graphics/renderer/Graphics.UvView.cpp for CXX dependencies
[363/486] Scanning /tmp/intrinsic-geometry-e2e.GJlhXS/src/graphics/renderer/Backends/Null/Backends.Null.Profiler.cpp for CXX dependencies
[364/486] Scanning /tmp/intrinsic-geometry-e2e.GJlhXS/src/graphics/renderer/Passes/Pass.DepthPrepass.cpp for CXX dependencies
[365/486] Scanning /tmp/intrinsic-geometry-e2e.GJlhXS/src/graphics/renderer/Backends/Null/Backends.Null.cpp for CXX dependencies
[366/486] Scanning /tmp/intrinsic-geometry-e2e.GJlhXS/src/graphics/renderer/Passes/Pass.Selection.FaceId.cpp for CXX dependencies
[367/486] Scanning /tmp/intrinsic-geometry-e2e.GJlhXS/src/graphics/renderer/Passes/Pass.PostProcess.Histogram.cpp for CXX dependencies
[368/486] Scanning /tmp/intrinsic-geometry-e2e.GJlhXS/src/graphics/renderer/Passes/Pass.Selection.EdgeId.cpp for CXX dependencies
[369/486] Scanning /tmp/intrinsic-geometry-e2e.GJlhXS/src/graphics/renderer/Passes/Pass.Selection.EntityId.cpp for CXX dependencies
[370/486] Scanning /tmp/intrinsic-geometry-e2e.GJlhXS/src/graphics/renderer/Passes/Pass.Selection.PointId.cpp for CXX dependencies
[371/486] Scanning /tmp/intrinsic-geometry-e2e.GJlhXS/src/graphics/renderer/Passes/Pass.Shadows.cpp for CXX dependencies
[372/486] Scanning /tmp/intrinsic-geometry-e2e.GJlhXS/src/graphics/renderer/Backends/Null/Backends.Null.Bindless.cpp for CXX dependencies
[373/486] Scanning /tmp/intrinsic-geometry-e2e.GJlhXS/src/graphics/renderer/Backends/Null/Backends.Null.Transfer.cpp for CXX dependencies
[374/486] Scanning /tmp/intrinsic-geometry-e2e.GJlhXS/src/graphics/renderer/Passes/Pass.Selection.Outline.cpp for CXX dependencies
[375/486] Scanning /tmp/intrinsic-geometry-e2e.GJlhXS/src/graphics/renderer/Passes/Pass.VisualizationOverlay.cpp for CXX dependencies
[376/486] Scanning /tmp/intrinsic-geometry-e2e.GJlhXS/src/graphics/renderer/Graphics.Colormap.cppm for CXX dependencies
[377/486] Scanning /tmp/intrinsic-geometry-e2e.GJlhXS/src/graphics/renderer/Passes/Pass.TransientDebug.Surface.cpp for CXX dependencies
[378/486] Scanning /tmp/intrinsic-geometry-e2e.GJlhXS/src/graphics/renderer/Graphics.RenderSubsystemRegistry.cppm for CXX dependencies
[379/486] Scanning /tmp/intrinsic-geometry-e2e.GJlhXS/src/graphics/renderer/Graphics.RenderRecipeConfig.cppm for CXX dependencies
[380/486] Scanning /tmp/intrinsic-geometry-e2e.GJlhXS/src/graphics/renderer/Graphics.ComputeParallelPrimitives.cppm for CXX dependencies
[381/486] Scanning /tmp/intrinsic-geometry-e2e.GJlhXS/src/graphics/renderer/Graphics.RenderCommandRouter.cppm for CXX dependencies
[382/486] Scanning /tmp/intrinsic-geometry-e2e.GJlhXS/src/graphics/renderer/Graphics.CurrentRendererContractAdapter.cppm for CXX dependencies
[383/486] Scanning /tmp/intrinsic-geometry-e2e.GJlhXS/src/graphics/renderer/Graphics.RenderingContract.cppm for CXX dependencies
[384/486] Scanning /tmp/intrinsic-geometry-e2e.GJlhXS/src/graphics/renderer/Graphics.FrameRecipe.cppm for CXX dependencies
[385/486] Scanning /tmp/intrinsic-geometry-e2e.GJlhXS/src/graphics/renderer/Graphics.SharedRenderRecipeExecution.cppm for CXX dependencies
[386/486] Scanning /tmp/intrinsic-geometry-e2e.GJlhXS/src/graphics/renderer/Graphics.RenderPrepPipeline.cppm for CXX dependencies
[387/486] Scanning /tmp/intrinsic-geometry-e2e.GJlhXS/src/graphics/renderer/Graphics.RenderWorld.cppm for CXX dependencies
[388/486] Scanning /tmp/intrinsic-geometry-e2e.GJlhXS/src/graphics/renderer/Graphics.CameraSnapshots.cppm for CXX dependencies
[389/486] Scanning /tmp/intrinsic-geometry-e2e.GJlhXS/src/graphics/renderer/Graphics.GeometryResidency.cppm for CXX dependencies
[390/486] Scanning /tmp/intrinsic-geometry-e2e.GJlhXS/src/graphics/renderer/Graphics.PropertyTextureBake.cppm for CXX dependencies
[391/486] Scanning /tmp/intrinsic-geometry-e2e.GJlhXS/src/graphics/renderer/Graphics.GpuTransfer.cppm for CXX dependencies
[392/486] Scanning /tmp/intrinsic-geometry-e2e.GJlhXS/src/graphics/renderer/Graphics.Material.cppm for CXX dependencies
[393/486] Scanning /tmp/intrinsic-geometry-e2e.GJlhXS/src/graphics/renderer/Graphics.Renderer.cppm for CXX dependencies
[394/486] Scanning /tmp/intrinsic-geometry-e2e.GJlhXS/src/graphics/renderer/Graphics.VisualizationPackets.cppm for CXX dependencies
[395/486] Scanning /tmp/intrinsic-geometry-e2e.GJlhXS/src/graphics/renderer/Graphics.VisualizationSyncSystem.cppm for CXX dependencies
[396/486] Scanning /tmp/intrinsic-geometry-e2e.GJlhXS/src/graphics/renderer/Graphics.MaterialSystem.cppm for CXX dependencies
[397/486] Scanning /tmp/intrinsic-geometry-e2e.GJlhXS/src/graphics/renderer/Graphics.VisualizationPropertyBufferResidency.cppm for CXX dependencies
[398/486] Scanning /tmp/intrinsic-geometry-e2e.GJlhXS/src/graphics/renderer/Graphics.GpuWorld.cppm for CXX dependencies
[399/486] Scanning /tmp/intrinsic-geometry-e2e.GJlhXS/src/graphics/renderer/Graphics.DebugViewSystem.cppm for CXX dependencies
[400/486] Scanning /tmp/intrinsic-geometry-e2e.GJlhXS/src/graphics/renderer/Graphics.SelectionSystem.cppm for CXX dependencies
[401/486] Scanning /tmp/intrinsic-geometry-e2e.GJlhXS/src/graphics/renderer/Graphics.ImGuiOverlaySystem.cppm for CXX dependencies
[402/486] Scanning /tmp/intrinsic-geometry-e2e.GJlhXS/src/graphics/renderer/Graphics.CullingSystem.cppm for CXX dependencies
[403/486] Scanning /tmp/intrinsic-geometry-e2e.GJlhXS/src/graphics/renderer/Graphics.ImGuiUploadHelper.cppm for CXX dependencies
[404/486] Scanning /tmp/intrinsic-geometry-e2e.GJlhXS/src/graphics/renderer/Graphics.ForwardSystem.cppm for CXX dependencies
[405/486] Scanning /tmp/intrinsic-geometry-e2e.GJlhXS/src/graphics/renderer/Graphics.LightClusters.cppm for CXX dependencies
[406/486] Scanning /tmp/intrinsic-geometry-e2e.GJlhXS/src/graphics/renderer/Graphics.GpuScene.cppm for CXX dependencies
[407/486] Scanning /tmp/intrinsic-geometry-e2e.GJlhXS/src/graphics/renderer/Graphics.ColormapSystem.cppm for CXX dependencies
[408/486] Scanning /tmp/intrinsic-geometry-e2e.GJlhXS/src/graphics/renderer/Graphics.SpatialDebugVisualizers.cppm for CXX dependencies
[409/486] Scanning /tmp/intrinsic-geometry-e2e.GJlhXS/src/graphics/renderer/Graphics.DeferredSystem.cppm for CXX dependencies
[410/486] Scanning /tmp/intrinsic-geometry-e2e.GJlhXS/src/graphics/renderer/Graphics.PostProcessSystem.cppm for CXX dependencies
[411/486] Scanning /tmp/intrinsic-geometry-e2e.GJlhXS/src/graphics/renderer/Graphics.HZB.cppm for CXX dependencies
[412/486] Scanning /tmp/intrinsic-geometry-e2e.GJlhXS/src/graphics/renderer/Graphics.LightSystem.cppm for CXX dependencies
[413/486] Scanning /tmp/intrinsic-geometry-e2e.GJlhXS/src/graphics/renderer/Passes/Pass.DepthPrepass.cppm for CXX dependencies
[414/486] Scanning /tmp/intrinsic-geometry-e2e.GJlhXS/src/graphics/renderer/Passes/Pass.Deferred.GBuffers.cppm for CXX dependencies
[415/486] Scanning /tmp/intrinsic-geometry-e2e.GJlhXS/src/graphics/renderer/Components/Graphics.Component.GpuSceneSlot.cppm for CXX dependencies
[416/486] Scanning /tmp/intrinsic-geometry-e2e.GJlhXS/src/graphics/renderer/Graphics.Reconstruction.cppm for CXX dependencies
[417/486] Scanning /tmp/intrinsic-geometry-e2e.GJlhXS/src/graphics/renderer/Passes/Pass.Forward.Line.cppm for CXX dependencies
[418/486] Scanning /tmp/intrinsic-geometry-e2e.GJlhXS/src/graphics/renderer/Passes/Pass.PostProcess.Bloom.cppm for CXX dependencies
[419/486] Scanning /tmp/intrinsic-geometry-e2e.GJlhXS/src/graphics/renderer/Graphics.ShadowSystem.cppm for CXX dependencies
[420/486] Scanning /tmp/intrinsic-geometry-e2e.GJlhXS/src/graphics/renderer/Passes/Pass.Forward.Point.cppm for CXX dependencies
[421/486] Scanning /tmp/intrinsic-geometry-e2e.GJlhXS/src/graphics/renderer/Graphics.TransientDebugUploadHelper.cppm for CXX dependencies
[422/486] Scanning /tmp/intrinsic-geometry-e2e.GJlhXS/src/graphics/renderer/Passes/Pass.Forward.Surface.cppm for CXX dependencies
[423/486] Scanning /tmp/intrinsic-geometry-e2e.GJlhXS/src/graphics/renderer/Components/Graphics.Component.Material.cppm for CXX dependencies
[424/486] Scanning /tmp/intrinsic-geometry-e2e.GJlhXS/src/graphics/renderer/Components/Graphics.Component.RenderGeometry.cppm for CXX dependencies
[425/486] Scanning /tmp/intrinsic-geometry-e2e.GJlhXS/src/graphics/renderer/Passes/Pass.PostProcess.SMAA.cppm for CXX dependencies
[426/486] Scanning /tmp/intrinsic-geometry-e2e.GJlhXS/src/graphics/renderer/Passes/Pass.Selection.EntityId.cppm for CXX dependencies
[427/486] Scanning /tmp/intrinsic-geometry-e2e.GJlhXS/src/graphics/renderer/Graphics.UvView.cppm for CXX dependencies
[428/486] Scanning /tmp/intrinsic-geometry-e2e.GJlhXS/src/graphics/renderer/Passes/Pass.Selection.EdgeId.cppm for CXX dependencies
[429/486] Scanning /tmp/intrinsic-geometry-e2e.GJlhXS/src/graphics/renderer/Passes/Pass.PostProcess.Histogram.cppm for CXX dependencies
[430/486] Scanning /tmp/intrinsic-geometry-e2e.GJlhXS/src/graphics/renderer/Graphics.TransformSyncSystem.cppm for CXX dependencies
[431/486] Scanning /tmp/intrinsic-geometry-e2e.GJlhXS/src/graphics/renderer/Passes/Pass.PostProcess.FXAA.cppm for CXX dependencies
[432/486] Scanning /tmp/intrinsic-geometry-e2e.GJlhXS/src/graphics/renderer/Backends/Null/Backends.Null.cppm for CXX dependencies
[433/486] Scanning /tmp/intrinsic-geometry-e2e.GJlhXS/src/graphics/renderer/Components/Graphics.Component.VisualizationConfig.cppm for CXX dependencies
[434/486] Scanning /tmp/intrinsic-geometry-e2e.GJlhXS/src/graphics/renderer/Passes/Pass.Selection.FaceId.cppm for CXX dependencies
[435/486] Scanning /tmp/intrinsic-geometry-e2e.GJlhXS/src/graphics/renderer/Passes/Pass.PostProcess.ToneMap.cppm for CXX dependencies
[436/486] Scanning /tmp/intrinsic-geometry-e2e.GJlhXS/src/graphics/renderer/Passes/Pass.Selection.Outline.cppm for CXX dependencies
[437/486] Scanning /tmp/intrinsic-geometry-e2e.GJlhXS/src/graphics/renderer/Graphics.VisualizationOverlayUploadHelper.cppm for CXX dependencies
[438/486] Scanning /tmp/intrinsic-geometry-e2e.GJlhXS/src/graphics/renderer/Passes/Pass.Shadows.cppm for CXX dependencies
[439/486] Scanning /tmp/intrinsic-geometry-e2e.GJlhXS/src/graphics/renderer/Passes/Pass.Selection.PointId.cppm for CXX dependencies
[440/486] Scanning /tmp/intrinsic-geometry-e2e.GJlhXS/src/graphics/renderer/Passes/Pass.TransientDebug.Surface.cppm for CXX dependencies
[441/486] Scanning /tmp/intrinsic-geometry-e2e.GJlhXS/src/graphics/renderer/Passes/Pass.VisualizationOverlay.cppm for CXX dependencies
[442/486] Scanning /tmp/intrinsic-geometry-e2e.GJlhXS/src/graphics/framegraph/Graphics.RenderGraph.Barriers.cpp for CXX dependencies
[443/486] Scanning /tmp/intrinsic-geometry-e2e.GJlhXS/src/graphics/framegraph/Graphics.RenderGraph.TransientAllocator.cppm for CXX dependencies
[444/486] Scanning /tmp/intrinsic-geometry-e2e.GJlhXS/src/graphics/framegraph/Graphics.RenderGraph.TransientAllocator.cpp for CXX dependencies
[445/486] Scanning /tmp/intrinsic-geometry-e2e.GJlhXS/src/graphics/framegraph/Graphics.RenderGraph.Compiler.cppm for CXX dependencies
[446/486] Scanning /tmp/intrinsic-geometry-e2e.GJlhXS/src/graphics/framegraph/Graphics.RenderGraph.Barriers.cppm for CXX dependencies
[447/486] Scanning /tmp/intrinsic-geometry-e2e.GJlhXS/src/graphics/framegraph/Graphics.RenderGraph.Executor.cppm for CXX dependencies
[448/486] Scanning /tmp/intrinsic-geometry-e2e.GJlhXS/src/graphics/framegraph/Graphics.RenderGraph.Resources.cppm for CXX dependencies
[449/486] Scanning /tmp/intrinsic-geometry-e2e.GJlhXS/src/graphics/framegraph/Graphics.RenderGraph.Pass.cppm for CXX dependencies
[450/486] Scanning /tmp/intrinsic-geometry-e2e.GJlhXS/src/graphics/framegraph/Graphics.RenderGraph.cpp for CXX dependencies
[451/486] Scanning /tmp/intrinsic-geometry-e2e.GJlhXS/src/graphics/framegraph/Graphics.RenderGraph.cppm for CXX dependencies
[452/486] Scanning /tmp/intrinsic-geometry-e2e.GJlhXS/src/graphics/framegraph/Graphics.RenderGraph.Executor.cpp for CXX dependencies
[453/486] Scanning /tmp/intrinsic-geometry-e2e.GJlhXS/src/graphics/framegraph/Graphics.RenderGraph.Compiler.cpp for CXX dependencies
[454/486] Scanning /tmp/intrinsic-geometry-e2e.GJlhXS/benchmarks/core/Bench_SchedulerHardeningSmoke.cpp for CXX dependencies
[455/486] Scanning /tmp/intrinsic-geometry-e2e.GJlhXS/benchmarks/runners/BenchmarkSmokeRunner.cpp for CXX dependencies
[456/486] Generating CXX dyndep file src/graphics/framegraph/CMakeFiles/ExtrinsicGraphicsRenderGraph.dir/CXX.dd
[457/486] Scanning /tmp/intrinsic-geometry-e2e.GJlhXS/benchmarks/core/Bench_TaskGraphPlanReuseSmoke.cpp for CXX dependencies
[458/486] Scanning /tmp/intrinsic-geometry-e2e.GJlhXS/benchmarks/geometry/Bench_ContinuousLopReferenceSmoke.cpp for CXX dependencies
[459/486] Scanning /tmp/intrinsic-geometry-e2e.GJlhXS/benchmarks/geometry/Bench_BoundaryFirstFlatteningReferenceSmoke.cpp for CXX dependencies
[460/486] Scanning /tmp/intrinsic-geometry-e2e.GJlhXS/benchmarks/geometry/Bench_PointCloudConsolidationReferenceSmoke.cpp for CXX dependencies
[461/486] Scanning /tmp/intrinsic-geometry-e2e.GJlhXS/benchmarks/geometry/Bench_EdgeAwareResamplingReferenceSmoke.cpp for CXX dependencies
[462/486] Scanning /tmp/intrinsic-geometry-e2e.GJlhXS/benchmarks/geometry/Bench_ExampleSmoke.cpp for CXX dependencies
[463/486] Scanning /tmp/intrinsic-geometry-e2e.GJlhXS/benchmarks/geometry/Bench_SimplificationQualitySmoke.cpp for CXX dependencies
[464/486] Scanning /tmp/intrinsic-geometry-e2e.GJlhXS/benchmarks/geometry/Bench_ProgressivePoissonReferenceSmoke.cpp for CXX dependencies
[465/486] Scanning /tmp/intrinsic-geometry-e2e.GJlhXS/benchmarks/geometry/Bench_SurfaceSamplingSmoke.cpp for CXX dependencies
[466/486] Scanning /tmp/intrinsic-geometry-e2e.GJlhXS/benchmarks/geometry/Bench_QualityMetricsSmoke.cpp for CXX dependencies
[467/486] Scanning /tmp/intrinsic-geometry-e2e.GJlhXS/benchmarks/geometry/Bench_PointCloudFilteringSmoke.cpp for CXX dependencies
[468/486] Generating CXX dyndep file src/graphics/renderer/CMakeFiles/ExtrinsicGraphics.dir/CXX.dd
[469/486] Scanning /tmp/intrinsic-geometry-e2e.GJlhXS/benchmarks/physics/Bench_RigidBodyReferenceSmoke.cpp for CXX dependencies
[470/486] Scanning /tmp/intrinsic-geometry-e2e.GJlhXS/benchmarks/geometry/Bench_UvAtlasSmoke.cpp for CXX dependencies
[471/486] Scanning /tmp/intrinsic-geometry-e2e.GJlhXS/benchmarks/physics/Bench_ParticleSpringReferenceSmoke.cpp for CXX dependencies
[472/486] Scanning /tmp/intrinsic-geometry-e2e.GJlhXS/benchmarks/geometry/Bench_SignedHeatReferenceSmoke.cpp for CXX dependencies
[473/486] Scanning /tmp/intrinsic-geometry-e2e.GJlhXS/benchmarks/physics/Bench_XpbdClothReferenceSmoke.cpp for CXX dependencies
[474/486] Scanning /tmp/intrinsic-geometry-e2e.GJlhXS/benchmarks/rendering/Bench_FramegraphBarrierEmissionSmoke.cpp for CXX dependencies
[475/486] Scanning /tmp/intrinsic-geometry-e2e.GJlhXS/benchmarks/physics/Bench_SphFluidReferenceSmoke.cpp for CXX dependencies
[476/486] Scanning /tmp/intrinsic-geometry-e2e.GJlhXS/benchmarks/rendering/Bench_FramegraphCompilerIndexingSmoke.cpp for CXX dependencies
[477/486] Scanning /tmp/intrinsic-geometry-e2e.GJlhXS/methods/physics/particle_spring_reference/src/ParticleSpringReference.cpp for CXX dependencies
[478/486] Scanning /tmp/intrinsic-geometry-e2e.GJlhXS/methods/physics/rigid_body_reference/src/RigidBodyReference.cpp for CXX dependencies
[479/486] Scanning /tmp/intrinsic-geometry-e2e.GJlhXS/methods/physics/sph_fluid_reference/src/SphFluidReference.cpp for CXX dependencies
[480/486] Scanning /tmp/intrinsic-geometry-e2e.GJlhXS/methods/physics/xpbd_cloth_reference/src/XpbdClothReference.cpp for CXX dependencies
[481/486] Scanning /tmp/intrinsic-geometry-e2e.GJlhXS/benchmarks/rendering/Bench_FramegraphScratchReuseSmoke.cpp for CXX dependencies
[482/486] Scanning /tmp/intrinsic-geometry-e2e.GJlhXS/benchmarks/rendering/Bench_RenderGraphParallelRecordingSmoke.cpp for CXX dependencies
[483/486] Scanning /tmp/intrinsic-geometry-e2e.GJlhXS/benchmarks/rendering/Bench_FrameRecipeCompileCacheSmoke.cpp for CXX dependencies
[484/486] Scanning /tmp/intrinsic-geometry-e2e.GJlhXS/benchmarks/rendering/Bench_VertexFetchLayoutSmoke.cpp for CXX dependencies
[485/486] Generating CXX dyndep file benchmarks/CMakeFiles/IntrinsicBenchmarkSmoke.dir/CXX.dd
[486/486] Linking CXX executable bin/IntrinsicBenchmarkSmoke
[32m[INFO] Initialized Scheduler with 2 worker threads.[0m
[32m[INFO] Initialized Scheduler with 3 worker threads.[0m
[32m[INFO] Initialized Scheduler with 1 worker threads.[0m
[32m[INFO] Initialized Scheduler with 1 worker threads.[0m
Wrote benchmark smoke result: "build/ci/custody/METHOD-018/replay-raw/geometry.halfedge.smoke.json"
Wrote benchmark smoke result: "build/ci/custody/METHOD-018/replay-raw/geometry.parameterization.diagnostics.smoke.json"
Wrote benchmark smoke result: "build/ci/custody/METHOD-018/replay-raw/geometry.uv_atlas.fast_staged_vs_xatlas.smoke.json"
Wrote benchmark smoke result: "build/ci/custody/METHOD-018/replay-raw/geometry.uv_atlas.fast_staged_promotion.smoke.json"
Wrote benchmark smoke result: "build/ci/custody/METHOD-018/replay-raw/geometry.uv_atlas.fast_staged_edge_grouping.scaling.json"
Wrote benchmark smoke result: "build/ci/custody/METHOD-018/replay-raw/geometry.progressive_poisson.smoke.json"
Wrote benchmark smoke result: "build/ci/custody/METHOD-018/replay-raw/geometry.signed_heat.smoke.json"
Wrote benchmark smoke result: "build/ci/custody/METHOD-018/replay-raw/geometry.locally_optimal_projection.reference.smoke.json"
Wrote benchmark smoke result: "build/ci/custody/METHOD-018/replay-raw/geometry.continuous_lop.reference.smoke.json"
Wrote benchmark smoke result: "build/ci/custody/METHOD-018/replay-raw/geometry.edge_aware_resampling.reference.smoke.json"
Wrote benchmark smoke result: "build/ci/custody/METHOD-018/replay-raw/geometry.boundary_first_flattening.smoke.json"
Wrote benchmark smoke result: "build/ci/custody/METHOD-018/replay-raw/geometry.simplification.fa_qem_quality.smoke.json"
Wrote benchmark smoke result: "build/ci/custody/METHOD-018/replay-raw/geometry.surface_sampling.smoke.json"
Wrote benchmark smoke result: "build/ci/custody/METHOD-018/replay-raw/geometry.pointcloud_quality_metrics.smoke.json"
Wrote benchmark smoke result: "build/ci/custody/METHOD-018/replay-raw/geometry.pointcloud_filtering.smoke.json"
Wrote benchmark smoke result: "build/ci/custody/METHOD-018/replay-raw/physics.rigid_body_reference.smoke.json"
Wrote benchmark smoke result: "build/ci/custody/METHOD-018/replay-raw/physics.particle_spring_reference.smoke.json"
Wrote benchmark smoke result: "build/ci/custody/METHOD-018/replay-raw/physics.xpbd_cloth_reference.smoke.json"
Wrote benchmark smoke result: "build/ci/custody/METHOD-018/replay-raw/physics.sph_fluid_reference.smoke.json"
Wrote benchmark smoke result: "build/ci/custody/METHOD-018/replay-raw/rendering.framegraph_barrier_emission.smoke.json"
Wrote benchmark smoke result: "build/ci/custody/METHOD-018/replay-raw/rendering.framegraph_compiler_indexing.smoke.json"
Wrote benchmark smoke result: "build/ci/custody/METHOD-018/replay-raw/rendering.framegraph_scratch_reuse.smoke.json"
Wrote benchmark smoke result: "build/ci/custody/METHOD-018/replay-raw/rendering.frame_recipe_compile_cache.smoke.json"
Wrote benchmark smoke result: "build/ci/custody/METHOD-018/replay-raw/rendering.rendergraph_parallel_recording.smoke.json"
Wrote benchmark smoke result: "build/ci/custody/METHOD-018/replay-raw/rendering.vertex_fetch_layout.smoke.json"
Wrote benchmark smoke result: "build/ci/custody/METHOD-018/replay-raw/core.scheduler_hardening.smoke.json"
Wrote benchmark smoke result: "build/ci/custody/METHOD-018/replay-raw/core.taskgraph_plan_reuse.ecs3.smoke.json"
Wrote benchmark smoke result: "build/ci/custody/METHOD-018/replay-raw/core.taskgraph_plan_reuse.renderprep9.smoke.json"
Sealed 1 benchmark result(s) as schema v2.
Benchmark result JSON validation passed for 1 file(s), 1 stable benchmark ID(s), and 1 append-only run/attempt identity tuple(s).
