Internal ctest changing into directory: /tmp/intrinsic-ui038.h8R1Tp/build/ci
Test project /tmp/intrinsic-ui038.h8R1Tp/build/ci
      Start  475: ProgressivePoissonGpuBackend.PlansPerLevelBuildAcceptAndCompaction
 1/47 Test  #475: ProgressivePoissonGpuBackend.PlansPerLevelBuildAcceptAndCompaction ..................................   Passed    0.00 sec
      Start  476: ProgressivePoissonGpuBackend.PlansThreeDimensionalEightPhaseDispatch
 2/47 Test  #476: ProgressivePoissonGpuBackend.PlansThreeDimensionalEightPhaseDispatch ................................   Passed    0.00 sec
      Start  477: ProgressivePoissonGpuBackend.InvalidPlanInputsFailClosed
 3/47 Test  #477: ProgressivePoissonGpuBackend.InvalidPlanInputsFailClosed ............................................   Passed    0.00 sec
      Start  478: ProgressivePoissonGpuBackend.BuildsBufferAndPipelineDescriptors
 4/47 Test  #478: ProgressivePoissonGpuBackend.BuildsBufferAndPipelineDescriptors .....................................   Passed    0.00 sec
      Start  479: ProgressivePoissonGpuBackend.BuildsStateRecordFromRoleBuffers
 5/47 Test  #479: ProgressivePoissonGpuBackend.BuildsStateRecordFromRoleBuffers .......................................   Passed    0.00 sec
      Start  480: ProgressivePoissonGpuBackend.RecordsMethodDispatchesAndDelegatesCompaction
 6/47 Test  #480: ProgressivePoissonGpuBackend.RecordsMethodDispatchesAndDelegatesCompaction ..........................   Passed    0.00 sec
      Start  481: ProgressivePoissonGpuBackend.ExecutionAllocatesUploadsAndRecordsWithoutDuplicateReadbackCopies
 7/47 Test  #481: ProgressivePoissonGpuBackend.ExecutionAllocatesUploadsAndRecordsWithoutDuplicateReadbackCopies ......   Passed    0.00 sec
      Start  482: ProgressivePoissonGpuBackend.RecordFailsClosedForInvalidResourcesAndUnavailableDevice
 8/47 Test  #482: ProgressivePoissonGpuBackend.RecordFailsClosedForInvalidResourcesAndUnavailableDevice ...............   Passed    0.00 sec
      Start  483: ProgressivePoissonGpuBackend.ResolveReportsCpuFallbackUntilExecutionLands
 9/47 Test  #483: ProgressivePoissonGpuBackend.ResolveReportsCpuFallbackUntilExecutionLands ...........................   Passed    0.00 sec
      Start  484: ProgressivePoissonGpuBackend.ExecutionFallsBackBeforeAllocationWhenDeviceUnavailable
10/47 Test  #484: ProgressivePoissonGpuBackend.ExecutionFallsBackBeforeAllocationWhenDeviceUnavailable ................   Passed    0.00 sec
      Start  485: ProgressivePoissonGpuBackend.SharedResultBatchParsesAcceptedPrefixAndValidatesShape
11/47 Test  #485: ProgressivePoissonGpuBackend.SharedResultBatchParsesAcceptedPrefixAndValidatesShape .................   Passed    0.00 sec
      Start  486: ProgressivePoissonGpuBackend.ReadbackRejectsInvalidOrDuplicateAcceptedIndices
12/47 Test  #486: ProgressivePoissonGpuBackend.ReadbackRejectsInvalidOrDuplicateAcceptedIndices .......................   Passed    0.00 sec
      Start  487: ProgressivePoissonGpuBackend.ParityDiagnosticsAcceptReferenceMatchAndPoissonGuarantee
13/47 Test  #487: ProgressivePoissonGpuBackend.ParityDiagnosticsAcceptReferenceMatchAndPoissonGuarantee ...............   Passed    0.00 sec
      Start  488: ProgressivePoissonGpuBackend.ParityDiagnosticsRecommendCpuFallbackOnMismatch
14/47 Test  #488: ProgressivePoissonGpuBackend.ParityDiagnosticsRecommendCpuFallbackOnMismatch ........................   Passed    0.00 sec
      Start  489: ProgressivePoissonGpuBackend.DebugNamesAreStable
15/47 Test  #489: ProgressivePoissonGpuBackend.DebugNamesAreStable ....................................................   Passed    0.00 sec
      Start  941: SandboxEditorUi.ProgressivePoissonCommandPublishesPointPropertiesAndVisualization
16/47 Test  #941: SandboxEditorUi.ProgressivePoissonCommandPublishesPointPropertiesAndVisualization ...................   Passed    0.00 sec
      Start  942: SandboxEditorUi.ProgressivePoissonPublishesIdenticalSourceCardinalityChannelsForEveryVertexDomain
17/47 Test  #942: SandboxEditorUi.ProgressivePoissonPublishesIdenticalSourceCardinalityChannelsForEveryVertexDomain ...   Passed    0.01 sec
      Start  943: SandboxEditorUi.ProgressivePoissonPointHistoryRestoresExactOutputsAndRejectsStaleState
18/47 Test  #943: SandboxEditorUi.ProgressivePoissonPointHistoryRestoresExactOutputsAndRejectsStaleState ..............   Passed    0.00 sec
      Start  944: SandboxEditorUi.ProgressivePoissonMeshVulkanRequestFallsBackWithoutDomainReplacement
19/47 Test  #944: SandboxEditorUi.ProgressivePoissonMeshVulkanRequestFallsBackWithoutDomainReplacement ................   Passed    0.00 sec
      Start  945: SandboxEditorUi.ProgressivePoissonCommandMatchesDirectMethodConfig
20/47 Test  #945: SandboxEditorUi.ProgressivePoissonCommandMatchesDirectMethodConfig ..................................   Passed    0.00 sec
      Start  946: SandboxEditorUi.ProgressivePoissonCpuRequestQueuesDerivedJobAndPublishesOnApply
21/47 Test  #946: SandboxEditorUi.ProgressivePoissonCpuRequestQueuesDerivedJobAndPublishesOnApply .....................   Passed    0.02 sec
      Start  947: SandboxEditorUi.ProgressivePoissonCpuDerivedJobDiscardsStalePointCloudBeforeApply
22/47 Test  #947: SandboxEditorUi.ProgressivePoissonCpuDerivedJobDiscardsStalePointCloudBeforeApply ...................   Passed    0.01 sec
      Start  948: SandboxEditorUi.ProgressivePoissonGraphCpuJobRejectsStaleProductionConnectivity
23/47 Test  #948: SandboxEditorUi.ProgressivePoissonGraphCpuJobRejectsStaleProductionConnectivity .....................   Passed    0.01 sec
      Start  949: SandboxEditorUi.ProgressivePoissonMeshCpuRequestQueuesDerivedJobAndPublishesOnApply
24/47 Test  #949: SandboxEditorUi.ProgressivePoissonMeshCpuRequestQueuesDerivedJobAndPublishesOnApply .................   Passed    0.01 sec
      Start  950: SandboxEditorUi.ProgressivePoissonMeshCpuJobRejectsStaleProductionConnectivity
25/47 Test  #950: SandboxEditorUi.ProgressivePoissonMeshCpuJobRejectsStaleProductionConnectivity ......................   Passed    0.01 sec
      Start  951: SandboxEditorUi.ProgressivePoissonConfigCommandRoutesThroughConfigControl
26/47 Test  #951: SandboxEditorUi.ProgressivePoissonConfigCommandRoutesThroughConfigControl ...........................   Passed    0.01 sec
      Start  953: SandboxEditorUi.ProgressivePoissonSectionValidationKeepsPerFieldReferenceFallback
27/47 Test  #953: SandboxEditorUi.ProgressivePoissonSectionValidationKeepsPerFieldReferenceFallback ...................   Passed    0.00 sec
      Start  954: SandboxEditorUi.ProgressivePoissonCommandUsesMeshVerticesWithoutDomainReplacement
28/47 Test  #954: SandboxEditorUi.ProgressivePoissonCommandUsesMeshVerticesWithoutDomainReplacement ...................   Passed    0.00 sec
      Start  955: SandboxEditorUi.ProgressivePoissonMeshHistoryPreservesTopologyDomainAndPresentation
29/47 Test  #955: SandboxEditorUi.ProgressivePoissonMeshHistoryPreservesTopologyDomainAndPresentation .................   Passed    0.00 sec
      Start  956: SandboxEditorUi.ProgressivePoissonGraphHistoryPreservesTopologyOrderingAndProperties
30/47 Test  #956: SandboxEditorUi.ProgressivePoissonGraphHistoryPreservesTopologyOrderingAndProperties ................   Passed    0.00 sec
      Start 1033: SandboxEditorProgressivePoisson.CopiedReadinessExplainsInvalidVertexPositions
31/47 Test #1033: SandboxEditorProgressivePoisson.CopiedReadinessExplainsInvalidVertexPositions .......................   Passed    0.00 sec
      Start 1192: SandboxEditorProgressivePoisson.RegistersAndDrawsAllVertexDomainWindows
32/47 Test #1192: SandboxEditorProgressivePoisson.RegistersAndDrawsAllVertexDomainWindows .............................   Passed    0.04 sec
      Start 1193: SandboxEditorProgressivePoisson.ProgressivePoissonPanelUsesOneNonDestructiveConfigAndRunPath
33/47 Test #1193: SandboxEditorProgressivePoisson.ProgressivePoissonPanelUsesOneNonDestructiveConfigAndRunPath ........   Passed    0.01 sec
      Start 1258: ProgressivePoissonReference.MinPairwiseFindsPairsBeyondAdjacentCells
34/47 Test #1258: ProgressivePoissonReference.MinPairwiseFindsPairsBeyondAdjacentCells ................................   Passed    0.00 sec
      Start 1259: ProgressivePoissonReference.DeterministicForFixedSeeds
35/47 Test #1259: ProgressivePoissonReference.DeterministicForFixedSeeds ..............................................   Passed    0.28 sec
      Start 1260: ProgressivePoissonReference.ShuffleSeedPermutesWithinLevelButKeepsBoundaries
36/47 Test #1260: ProgressivePoissonReference.ShuffleSeedPermutesWithinLevelButKeepsBoundaries ........................   Passed    0.29 sec
      Start 1261: ProgressivePoissonReference.EmptyInputIsValidAndEmpty
37/47 Test #1261: ProgressivePoissonReference.EmptyInputIsValidAndEmpty ...............................................   Passed    0.00 sec
      Start 1262: ProgressivePoissonReference.CoincidentPairAcceptsExactlyOne
38/47 Test #1262: ProgressivePoissonReference.CoincidentPairAcceptsExactlyOne .........................................   Passed    0.01 sec
      Start 1263: ProgressivePoissonReference.NonFiniteInputFailsClosed
39/47 Test #1263: ProgressivePoissonReference.NonFiniteInputFailsClosed ...............................................   Passed    0.00 sec
      Start 1264: ProgressivePoissonReference.InvalidDimensionFailsClosed
40/47 Test #1264: ProgressivePoissonReference.InvalidDimensionFailsClosed .............................................   Passed    0.00 sec
      Start 1265: ProgressivePoissonReference.TwoDimensionalIgnoresZComponent
41/47 Test #1265: ProgressivePoissonReference.TwoDimensionalIgnoresZComponent .........................................   Passed    0.06 sec
      Start 1266: ProgressivePoissonReference.ZeroGridWidthAndLevelsAreClamped
42/47 Test #1266: ProgressivePoissonReference.ZeroGridWidthAndLevelsAreClamped ........................................   Passed    0.00 sec
      Start 1267: ProgressivePoissonReference.AlphaOutOfRangeDefaultsToSqrtDOverTwo
43/47 Test #1267: ProgressivePoissonReference.AlphaOutOfRangeDefaultsToSqrtDOverTwo ...................................   Passed    0.02 sec
      Start 1268: Dimensions/ProgressivePoissonReferenceDim.SmallDeterministicCloudHoldsAtEveryLevelBoundary/2
44/47 Test #1268: Dimensions/ProgressivePoissonReferenceDim.SmallDeterministicCloudHoldsAtEveryLevelBoundary/2 ........   Passed    0.00 sec
      Start 1269: Dimensions/ProgressivePoissonReferenceDim.SmallDeterministicCloudHoldsAtEveryLevelBoundary/3
45/47 Test #1269: Dimensions/ProgressivePoissonReferenceDim.SmallDeterministicCloudHoldsAtEveryLevelBoundary/3 ........   Passed    0.00 sec
      Start 1270: Dimensions/ProgressivePoissonReferenceDim.MinPairwiseHelperEqualsBruteForce/2
46/47 Test #1270: Dimensions/ProgressivePoissonReferenceDim.MinPairwiseHelperEqualsBruteForce/2 .......................   Passed    0.12 sec
      Start 1271: Dimensions/ProgressivePoissonReferenceDim.MinPairwiseHelperEqualsBruteForce/3
47/47 Test #1271: Dimensions/ProgressivePoissonReferenceDim.MinPairwiseHelperEqualsBruteForce/3 .......................   Passed    0.24 sec

100% tests passed, 0 tests failed out of 47

Label Time Summary:
contract       =   0.19 sec*proc (31 tests)
geometry       =   1.01 sec*proc (14 tests)
integration    =   0.05 sec*proc (2 tests)
runtime        =   0.24 sec*proc (33 tests)
unit           =   1.01 sec*proc (14 tests)

Total Test time (real) =   1.39 sec
