Internal ctest changing into directory: /home/alex/Documents/IntrinsicEngine/build/ci-asan
Test project /home/alex/Documents/IntrinsicEngine/build/ci-asan
    Start 2770: GlfwLifecycleLsan.EngineStaticTeardownAndLeakControl
    Test #2770: GlfwLifecycleLsan.EngineStaticTeardownAndLeakControl ...   Passed    0.14 sec
    Start 2770: GlfwLifecycleLsan.EngineStaticTeardownAndLeakControl
    Test #2770: GlfwLifecycleLsan.EngineStaticTeardownAndLeakControl ...   Passed    0.14 sec
    Start 2770: GlfwLifecycleLsan.EngineStaticTeardownAndLeakControl
    Test #2770: GlfwLifecycleLsan.EngineStaticTeardownAndLeakControl ...   Passed    0.14 sec
    Start 2770: GlfwLifecycleLsan.EngineStaticTeardownAndLeakControl
    Test #2770: GlfwLifecycleLsan.EngineStaticTeardownAndLeakControl ...   Passed    0.14 sec
    Start 2770: GlfwLifecycleLsan.EngineStaticTeardownAndLeakControl
    Test #2770: GlfwLifecycleLsan.EngineStaticTeardownAndLeakControl ...   Passed    0.13 sec
    Start 2770: GlfwLifecycleLsan.EngineStaticTeardownAndLeakControl
    Test #2770: GlfwLifecycleLsan.EngineStaticTeardownAndLeakControl ...   Passed    0.14 sec
    Start 2770: GlfwLifecycleLsan.EngineStaticTeardownAndLeakControl
    Test #2770: GlfwLifecycleLsan.EngineStaticTeardownAndLeakControl ...   Passed    0.13 sec
    Start 2770: GlfwLifecycleLsan.EngineStaticTeardownAndLeakControl
    Test #2770: GlfwLifecycleLsan.EngineStaticTeardownAndLeakControl ...   Passed    0.13 sec
    Start 2770: GlfwLifecycleLsan.EngineStaticTeardownAndLeakControl
    Test #2770: GlfwLifecycleLsan.EngineStaticTeardownAndLeakControl ...   Passed    0.12 sec
    Start 2770: GlfwLifecycleLsan.EngineStaticTeardownAndLeakControl
    Test #2770: GlfwLifecycleLsan.EngineStaticTeardownAndLeakControl ...   Passed    0.13 sec
    Start 2770: GlfwLifecycleLsan.EngineStaticTeardownAndLeakControl
    Test #2770: GlfwLifecycleLsan.EngineStaticTeardownAndLeakControl ...   Passed    0.14 sec
    Start 2770: GlfwLifecycleLsan.EngineStaticTeardownAndLeakControl
    Test #2770: GlfwLifecycleLsan.EngineStaticTeardownAndLeakControl ...   Passed    0.14 sec
    Start 2770: GlfwLifecycleLsan.EngineStaticTeardownAndLeakControl
    Test #2770: GlfwLifecycleLsan.EngineStaticTeardownAndLeakControl ...   Passed    0.14 sec
    Start 2770: GlfwLifecycleLsan.EngineStaticTeardownAndLeakControl
    Test #2770: GlfwLifecycleLsan.EngineStaticTeardownAndLeakControl ...   Passed    0.13 sec
    Start 2770: GlfwLifecycleLsan.EngineStaticTeardownAndLeakControl
    Test #2770: GlfwLifecycleLsan.EngineStaticTeardownAndLeakControl ...   Passed    0.13 sec
    Start 2770: GlfwLifecycleLsan.EngineStaticTeardownAndLeakControl
    Test #2770: GlfwLifecycleLsan.EngineStaticTeardownAndLeakControl ...   Passed    0.12 sec
    Start 2770: GlfwLifecycleLsan.EngineStaticTeardownAndLeakControl
    Test #2770: GlfwLifecycleLsan.EngineStaticTeardownAndLeakControl ...   Passed    0.13 sec
    Start 2770: GlfwLifecycleLsan.EngineStaticTeardownAndLeakControl
    Test #2770: GlfwLifecycleLsan.EngineStaticTeardownAndLeakControl ...   Passed    0.14 sec
    Start 2770: GlfwLifecycleLsan.EngineStaticTeardownAndLeakControl
    Test #2770: GlfwLifecycleLsan.EngineStaticTeardownAndLeakControl ...   Passed    0.14 sec
    Start 2770: GlfwLifecycleLsan.EngineStaticTeardownAndLeakControl
1/1 Test #2770: GlfwLifecycleLsan.EngineStaticTeardownAndLeakControl ...   Passed    0.13 sec

100% tests passed, 0 tests failed out of 1

Label Time Summary:
glfw          =   0.13 sec*proc (1 test)
platform      =   0.13 sec*proc (1 test)
regression    =   0.13 sec*proc (1 test)

Total Test time (real) =   2.81 sec
