[0/2] Re-checking globbed directories...
[1/369] Scanning /home/alex/Documents/IntrinsicEngine/src/core/Core.Dag.Scheduler.Hazards.cpp for CXX dependencies
[2/369] Scanning /home/alex/Documents/IntrinsicEngine/src/core/Core.Dag.Scheduler.cpp for CXX dependencies
[3/369] Scanning /home/alex/Documents/IntrinsicEngine/src/core/Core.Dag.TaskGraph.cpp for CXX dependencies
[4/369] Scanning /home/alex/Documents/IntrinsicEngine/src/core/Core.Config.EngineLoad.cpp for CXX dependencies
[5/369] Scanning /home/alex/Documents/IntrinsicEngine/src/core/Core.FrameGraph.cpp for CXX dependencies
[6/369] Scanning /home/alex/Documents/IntrinsicEngine/src/core/Core.Filesystem.PathResolver.cpp for CXX dependencies
[7/369] Scanning /home/alex/Documents/IntrinsicEngine/src/core/Core.Filesystem.cpp for CXX dependencies
[8/369] Scanning /home/alex/Documents/IntrinsicEngine/src/core/Core.IOBackend.cpp for CXX dependencies
[9/369] Scanning /home/alex/Documents/IntrinsicEngine/src/core/Core.Logging.cpp for CXX dependencies
[10/369] Scanning /home/alex/Documents/IntrinsicEngine/src/core/Core.Telemetry.cpp for CXX dependencies
[11/369] Scanning /home/alex/Documents/IntrinsicEngine/src/core/Core.Process.cpp for CXX dependencies
[12/369] Scanning /home/alex/Documents/IntrinsicEngine/src/core/Core.Tasks.CounterEvent.cpp for CXX dependencies
[13/369] Scanning /home/alex/Documents/IntrinsicEngine/src/core/Core.Tasks.Dispatch.cpp for CXX dependencies
[14/369] Scanning /home/alex/Documents/IntrinsicEngine/src/core/Core.Tasks.Stats.cpp for CXX dependencies
[15/369] Scanning /home/alex/Documents/IntrinsicEngine/src/core/Core.Tasks.Job.cpp for CXX dependencies
[16/369] Scanning /home/alex/Documents/IntrinsicEngine/src/core/Core.Tasks.Lifecycle.cpp for CXX dependencies
[17/369] Scanning /home/alex/Documents/IntrinsicEngine/src/core/Core.Tasks.WaitToken.cpp for CXX dependencies
[18/369] Scanning /home/alex/Documents/IntrinsicEngine/src/core/Core.BoundedHeap.cppm for CXX dependencies
[19/369] Scanning /home/alex/Documents/IntrinsicEngine/src/core/Core.IndexedHeap.cppm for CXX dependencies
[20/369] Scanning /home/alex/Documents/IntrinsicEngine/src/core/Core.Tasks.Worker.cpp for CXX dependencies
[21/369] Scanning /home/alex/Documents/IntrinsicEngine/src/core/Core.Config.Window.cppm for CXX dependencies
[22/369] Scanning /home/alex/Documents/IntrinsicEngine/src/core/Core.Config.Render.cppm for CXX dependencies
[23/369] Scanning /home/alex/Documents/IntrinsicEngine/src/core/Core.Config.Engine.cppm for CXX dependencies
[24/369] Scanning /home/alex/Documents/IntrinsicEngine/src/core/Core.Config.EngineLoad.cppm for CXX dependencies
[25/369] Scanning /home/alex/Documents/IntrinsicEngine/src/core/Core.Dag.Scheduler.Types.cppm for CXX dependencies
[26/369] Scanning /home/alex/Documents/IntrinsicEngine/src/core/Core.Dag.Scheduler.Policy.cppm for CXX dependencies
[27/369] Scanning /home/alex/Documents/IntrinsicEngine/src/core/Core.Dag.Scheduler.Hazards.cppm for CXX dependencies
[28/369] Scanning /home/alex/Documents/IntrinsicEngine/src/core/Core.Dag.Scheduler.cppm for CXX dependencies
[29/369] Scanning /home/alex/Documents/IntrinsicEngine/src/core/Core.Dag.Scheduler.Compiler.cppm for CXX dependencies
[30/369] Scanning /home/alex/Documents/IntrinsicEngine/src/core/Core.Dag.Scheduler.DomainGraph.cppm for CXX dependencies
[31/369] Scanning /home/alex/Documents/IntrinsicEngine/src/core/Core.Dag.TaskGraph.cppm for CXX dependencies
[32/369] Scanning /home/alex/Documents/IntrinsicEngine/src/core/Core.FrameGraph.cppm for CXX dependencies
[33/369] Scanning /home/alex/Documents/IntrinsicEngine/src/core/Core.IOBackend.cppm for CXX dependencies
[34/369] Scanning /home/alex/Documents/IntrinsicEngine/src/core/Core.RingBuffer.cppm for CXX dependencies
[35/369] Scanning /home/alex/Documents/IntrinsicEngine/src/core/Core.ResourcePool.cppm for CXX dependencies
[36/369] Scanning /home/alex/Documents/IntrinsicEngine/src/core/Core.Process.cppm for CXX dependencies
[37/369] Scanning /home/alex/Documents/IntrinsicEngine/src/core/Core.Telemetry.cppm for CXX dependencies
[38/369] Scanning /home/alex/Documents/IntrinsicEngine/src/core/Core.CallbackRegistry.cppm for CXX dependencies
[39/369] Scanning /home/alex/Documents/IntrinsicEngine/src/core/Core.Error.cppm for CXX dependencies
[40/369] Scanning /home/alex/Documents/IntrinsicEngine/src/core/Core.Geometry2D.cppm for CXX dependencies
[41/369] Scanning /home/alex/Documents/IntrinsicEngine/src/core/Core.FrameClock.cppm for CXX dependencies
[42/369] Scanning /home/alex/Documents/IntrinsicEngine/src/core/Core.Hash.cppm for CXX dependencies
[43/369] Scanning /home/alex/Documents/IntrinsicEngine/src/core/Core.HandleLease.cppm for CXX dependencies
[44/369] Scanning /home/alex/Documents/IntrinsicEngine/src/core/Core.Filesystem.PathResolver.cppm for CXX dependencies
[45/369] Scanning /home/alex/Documents/IntrinsicEngine/src/core/Core.Filesystem.cppm for CXX dependencies
[46/369] Scanning /home/alex/Documents/IntrinsicEngine/src/core/Core.Memory.Common.cppm for CXX dependencies
[47/369] Scanning /home/alex/Documents/IntrinsicEngine/src/core/Core.LockFreeQueue.cppm for CXX dependencies
[48/369] Scanning /home/alex/Documents/IntrinsicEngine/src/core/Core.Logging.cppm for CXX dependencies
[49/369] Scanning /home/alex/Documents/IntrinsicEngine/src/core/Core.Memory.LinearArena.cppm for CXX dependencies
[50/369] Scanning /home/alex/Documents/IntrinsicEngine/src/core/Core.Memory.Polymorphic.cppm for CXX dependencies
[51/369] Scanning /home/alex/Documents/IntrinsicEngine/src/core/Core.StrongHandle.cppm for CXX dependencies
[52/369] Scanning /home/alex/Documents/IntrinsicEngine/src/core/Core.Memory.ScopeStack.cppm for CXX dependencies
[53/369] Scanning /home/alex/Documents/IntrinsicEngine/src/core/Core.Tasks.cppm for CXX dependencies
[54/369] Scanning /home/alex/Documents/IntrinsicEngine/src/core/Core.Tasks.CounterEvent.cppm for CXX dependencies
[55/369] Scanning /home/alex/Documents/IntrinsicEngine/src/core/Core.Tasks.LocalTask.cppm for CXX dependencies
[56/369] Scanning /home/alex/Documents/IntrinsicEngine/src/core/Core.Tasks.Internal.cppm for CXX dependencies
[57/369] Scanning /home/alex/Documents/IntrinsicEngine/src/core/Core.Memory.ScopeStack.cpp for CXX dependencies
[58/369] Scanning /home/alex/Documents/IntrinsicEngine/src/core/Core.Tasks.LocalTask.cpp for CXX dependencies
[59/369] Scanning /home/alex/Documents/IntrinsicEngine/src/core/Core.Memory.Polymorphic.cpp for CXX dependencies
[60/369] Scanning /home/alex/Documents/IntrinsicEngine/src/core/Core.Memory.LinearArena.cpp for CXX dependencies
[61/369] Scanning /home/alex/Documents/IntrinsicEngine/src/core/Core.Tasks.Internal.cpp for CXX dependencies
[62/369] Generating CXX dyndep file src/core/CMakeFiles/ExtrinsicCore.dir/CXX.dd
[63/369] Scanning /home/alex/Documents/IntrinsicEngine/src/geometry/Geometry.AABB.cpp for CXX dependencies
[64/369] Scanning /home/alex/Documents/IntrinsicEngine/src/geometry/Geometry.BVH.cpp for CXX dependencies
[65/369] Scanning /home/alex/Documents/IntrinsicEngine/src/geometry/Geometry.Capsule.cpp for CXX dependencies
[66/369] Scanning /home/alex/Documents/IntrinsicEngine/src/geometry/Geometry.ContactManifold.cpp for CXX dependencies
[67/369] Scanning /home/alex/Documents/IntrinsicEngine/src/geometry/Geometry.Containment.cpp for CXX dependencies
[68/369] Scanning /home/alex/Documents/IntrinsicEngine/src/geometry/Geometry.ConvexHull.cpp for CXX dependencies
[69/369] Scanning /home/alex/Documents/IntrinsicEngine/src/geometry/Geometry.ConvexHullBuilder.cpp for CXX dependencies
[70/369] Scanning /home/alex/Documents/IntrinsicEngine/src/geometry/Geometry.Curve.cpp for CXX dependencies
[71/369] Scanning /home/alex/Documents/IntrinsicEngine/src/geometry/Geometry.Cylinder.cpp for CXX dependencies
[72/369] Scanning /home/alex/Documents/IntrinsicEngine/src/geometry/Geometry.Ellipsoid.cpp for CXX dependencies
[73/369] Scanning /home/alex/Documents/IntrinsicEngine/src/geometry/Geometry.EPA.cpp for CXX dependencies
[74/369] Scanning /home/alex/Documents/IntrinsicEngine/src/geometry/Geometry.FixedPoint.Anderson.cpp for CXX dependencies
[75/369] Scanning /home/alex/Documents/IntrinsicEngine/src/geometry/Geometry.Frustum.cpp for CXX dependencies
[76/369] Scanning /home/alex/Documents/IntrinsicEngine/src/geometry/Geometry.GJK.cpp for CXX dependencies
[77/369] Scanning /home/alex/Documents/IntrinsicEngine/src/geometry/Geometry.GaussianMixture.cpp for CXX dependencies
[78/369] Scanning /home/alex/Documents/IntrinsicEngine/src/geometry/Geometry.Graph.IO.cpp for CXX dependencies
[79/369] Scanning /home/alex/Documents/IntrinsicEngine/src/geometry/Geometry.Graph.ShortestPath.cpp for CXX dependencies
[80/369] Scanning /home/alex/Documents/IntrinsicEngine/src/geometry/Geometry.Graph.Utils.cpp for CXX dependencies
[81/369] Scanning /home/alex/Documents/IntrinsicEngine/src/geometry/Geometry.Graph.Vertex.Normals.cpp for CXX dependencies
[82/369] Scanning /home/alex/Documents/IntrinsicEngine/src/geometry/Geometry.Grid.cpp for CXX dependencies
[83/369] Scanning /home/alex/Documents/IntrinsicEngine/src/geometry/Geometry.Graph.cpp for CXX dependencies
[84/369] Scanning /home/alex/Documents/IntrinsicEngine/src/geometry/Geometry.HalfedgeMesh.AdaptiveRemeshing.cpp for CXX dependencies
[85/369] Scanning /home/alex/Documents/IntrinsicEngine/src/geometry/Geometry.HalfedgeMesh.Analysis.cpp for CXX dependencies
[86/369] Scanning /home/alex/Documents/IntrinsicEngine/src/geometry/Geometry.HalfedgeMesh.Boolean.cpp for CXX dependencies
[87/369] Scanning /home/alex/Documents/IntrinsicEngine/src/geometry/Geometry.HalfedgeMesh.Boundary.cpp for CXX dependencies
[88/369] Scanning /home/alex/Documents/IntrinsicEngine/src/geometry/Geometry.HalfedgeMesh.CatmullClark.cpp for CXX dependencies
[89/369] Scanning /home/alex/Documents/IntrinsicEngine/src/geometry/Geometry.HalfedgeMesh.Builder.cpp for CXX dependencies
[90/369] Scanning /home/alex/Documents/IntrinsicEngine/src/geometry/Geometry.HalfedgeMesh.CurvatureSegmentation.cpp for CXX dependencies
[91/369] Scanning /home/alex/Documents/IntrinsicEngine/src/geometry/Geometry.HalfedgeMesh.Curvature.cpp for CXX dependencies
[92/369] Scanning /home/alex/Documents/IntrinsicEngine/src/geometry/Geometry.HalfedgeMesh.CurvatureSegmentation.Features.cpp for CXX dependencies
[93/369] Scanning /home/alex/Documents/IntrinsicEngine/src/geometry/Geometry.HalfedgeMesh.CurvatureSegmentation.Patches.cpp for CXX dependencies
[94/369] Scanning /home/alex/Documents/IntrinsicEngine/src/geometry/CurvatureBoundaryGraph.cpp for CXX dependencies
[95/369] Scanning /home/alex/Documents/IntrinsicEngine/src/geometry/Geometry.HalfedgeMesh.CurvatureSegmentation.Multicut.cpp for CXX dependencies
[96/369] Scanning /home/alex/Documents/IntrinsicEngine/src/geometry/Geometry.HalfedgeMesh.DEC.cpp for CXX dependencies
[97/369] Scanning /home/alex/Documents/IntrinsicEngine/src/geometry/Geometry.HalfedgeMesh.Features.cpp for CXX dependencies
[98/369] Scanning /home/alex/Documents/IntrinsicEngine/src/geometry/Geometry.HalfedgeMesh.Geodesic.cpp for CXX dependencies
[99/369] Scanning /home/alex/Documents/IntrinsicEngine/src/geometry/Geometry.HalfedgeMesh.IO.cpp for CXX dependencies
[100/369] Scanning /home/alex/Documents/IntrinsicEngine/src/geometry/Geometry.HalfedgeMesh.Parameterization.cpp for CXX dependencies
[101/369] Scanning /home/alex/Documents/IntrinsicEngine/src/geometry/Geometry.HalfedgeMesh.Quality.cpp for CXX dependencies
[102/369] Scanning /home/alex/Documents/IntrinsicEngine/src/geometry/Geometry.HalfedgeMesh.Remeshing.cpp for CXX dependencies
[103/369] Scanning /home/alex/Documents/IntrinsicEngine/src/geometry/Geometry.HalfedgeMesh.Repair.cpp for CXX dependencies
[104/369] Scanning /home/alex/Documents/IntrinsicEngine/src/geometry/Geometry.HalfedgeMesh.Simplification.cpp for CXX dependencies
[105/369] Scanning /home/alex/Documents/IntrinsicEngine/src/geometry/Geometry.HalfedgeMesh.SignedHeatMethod.cpp for CXX dependencies
[106/369] Scanning /home/alex/Documents/IntrinsicEngine/src/geometry/Geometry.HalfedgeMesh.Smoothing.cpp for CXX dependencies
[107/369] Scanning /home/alex/Documents/IntrinsicEngine/src/geometry/Geometry.HalfedgeMesh.Subdivision.cpp for CXX dependencies
[108/369] Scanning /home/alex/Documents/IntrinsicEngine/src/geometry/Geometry.HalfedgeMesh.SubdivisionSqrt3.cpp for CXX dependencies
[109/369] Scanning /home/alex/Documents/IntrinsicEngine/src/geometry/Geometry.HalfedgeMesh.Utils.cpp for CXX dependencies
[110/369] Scanning /home/alex/Documents/IntrinsicEngine/src/geometry/Geometry.HalfedgeMesh.Vertices.Normals.cpp for CXX dependencies
[111/369] Scanning /home/alex/Documents/IntrinsicEngine/src/geometry/Geometry.HalfedgeMesh.VectorHeatMethod.cpp for CXX dependencies
[112/369] Scanning /home/alex/Documents/IntrinsicEngine/src/geometry/Geometry.HtexPatch.cpp for CXX dependencies
[113/369] Scanning /home/alex/Documents/IntrinsicEngine/src/geometry/Geometry.HalfedgeMesh.cpp for CXX dependencies
[114/369] Scanning /home/alex/Documents/IntrinsicEngine/src/geometry/Geometry.ImplicitPlaneField.cpp for CXX dependencies
[115/369] Scanning /home/alex/Documents/IntrinsicEngine/src/geometry/Geometry.KDTree.cpp for CXX dependencies
[116/369] Scanning /home/alex/Documents/IntrinsicEngine/src/geometry/Geometry.KMeans.cpp for CXX dependencies
[117/369] Scanning /home/alex/Documents/IntrinsicEngine/src/geometry/Geometry.MarchingCubes.cpp for CXX dependencies
[118/369] Scanning /home/alex/Documents/IntrinsicEngine/src/geometry/Geometry.Linalg.cpp for CXX dependencies
[119/369] Scanning /home/alex/Documents/IntrinsicEngine/src/geometry/Geometry.Mesh.Conversion.cpp for CXX dependencies
[120/369] Scanning /home/alex/Documents/IntrinsicEngine/src/geometry/Geometry.MeshClosestFace.cpp for CXX dependencies
[121/369] Scanning /home/alex/Documents/IntrinsicEngine/src/geometry/Geometry.MeshSoup.cpp for CXX dependencies
[122/369] Scanning /home/alex/Documents/IntrinsicEngine/src/geometry/Geometry.OBB.cpp for CXX dependencies
[123/369] Scanning /home/alex/Documents/IntrinsicEngine/src/geometry/Geometry.Octree.cpp for CXX dependencies
[124/369] Scanning /home/alex/Documents/IntrinsicEngine/src/geometry/Geometry.Overlap.cpp for CXX dependencies
[125/369] Scanning /home/alex/Documents/IntrinsicEngine/src/geometry/Geometry.PCA.cpp for CXX dependencies
[126/369] Scanning /home/alex/Documents/IntrinsicEngine/src/geometry/Geometry.Parameterization.Diagnostics.cpp for CXX dependencies
[127/369] Scanning /home/alex/Documents/IntrinsicEngine/src/geometry/Geometry.Parameterization.Bff.cpp for CXX dependencies
[128/369] Scanning /home/alex/Documents/IntrinsicEngine/src/geometry/Geometry.Parameterization.Harmonic.cpp for CXX dependencies
[129/369] Scanning /home/alex/Documents/IntrinsicEngine/src/geometry/Geometry.Parameterization.Optimize.cpp for CXX dependencies
[130/369] Scanning /home/alex/Documents/IntrinsicEngine/src/geometry/Geometry.Plane.cpp for CXX dependencies
[131/369] Scanning /home/alex/Documents/IntrinsicEngine/src/geometry/Geometry.PointCloud.Consolidation.cpp for CXX dependencies
[132/369] Scanning /home/alex/Documents/IntrinsicEngine/src/geometry/Geometry.PointCloud.Conversion.cpp for CXX dependencies
[133/369] Scanning /home/alex/Documents/IntrinsicEngine/src/geometry/Geometry.PointCloud.IO.cpp for CXX dependencies
[134/369] Scanning /home/alex/Documents/IntrinsicEngine/src/geometry/Geometry.PointCloud.Features.cpp for CXX dependencies
[135/369] Scanning /home/alex/Documents/IntrinsicEngine/src/geometry/Geometry.PointCloud.Kernels.cpp for CXX dependencies
[136/369] Scanning /home/alex/Documents/IntrinsicEngine/src/geometry/Geometry.PointCloud.Normals.cpp for CXX dependencies
[137/369] Scanning /home/alex/Documents/IntrinsicEngine/src/geometry/Geometry.PointCloud.QualityMetrics.cpp for CXX dependencies
[138/369] Scanning /home/alex/Documents/IntrinsicEngine/src/geometry/Geometry.PointCloud.SurfaceSampling.cpp for CXX dependencies
[139/369] Scanning /home/alex/Documents/IntrinsicEngine/src/geometry/Geometry.PointCloud.Utils.cpp for CXX dependencies
[140/369] Scanning /home/alex/Documents/IntrinsicEngine/src/geometry/Geometry.PointCloud.cpp for CXX dependencies
[141/369] Scanning /home/alex/Documents/IntrinsicEngine/src/geometry/Geometry.Properties.cpp for CXX dependencies
[142/369] Scanning /home/alex/Documents/IntrinsicEngine/src/geometry/Geometry.Quadric.cpp for CXX dependencies
[143/369] Scanning /home/alex/Documents/IntrinsicEngine/src/geometry/Geometry.Queries.cpp for CXX dependencies
[144/369] Scanning /home/alex/Documents/IntrinsicEngine/src/geometry/Geometry.Raycast.cpp for CXX dependencies
[145/369] Scanning /home/alex/Documents/IntrinsicEngine/src/geometry/Geometry.Robust.cpp for CXX dependencies
[146/369] Scanning /home/alex/Documents/IntrinsicEngine/src/geometry/Geometry.Registration.cpp for CXX dependencies
[147/369] Scanning /home/alex/Documents/IntrinsicEngine/src/geometry/Geometry.RobustPredicates.cpp for CXX dependencies
[148/369] Scanning /home/alex/Documents/IntrinsicEngine/src/geometry/Geometry.Rotation.cpp for CXX dependencies
[149/369] Scanning /home/alex/Documents/IntrinsicEngine/src/geometry/Geometry.RotationAveraging.cpp for CXX dependencies
[150/369] Scanning /home/alex/Documents/IntrinsicEngine/src/geometry/Geometry.Sampling.cpp for CXX dependencies
[151/369] Scanning /home/alex/Documents/IntrinsicEngine/src/geometry/Geometry.SDF.cpp for CXX dependencies
[152/369] Scanning /home/alex/Documents/IntrinsicEngine/src/geometry/Geometry.Segment.cpp for CXX dependencies
[153/369] Scanning /home/alex/Documents/IntrinsicEngine/src/geometry/Geometry.Sphere.Sampling.cpp for CXX dependencies
[154/369] Scanning /home/alex/Documents/IntrinsicEngine/src/geometry/Geometry.Statistics.cpp for CXX dependencies
[155/369] Scanning /home/alex/Documents/IntrinsicEngine/src/geometry/Geometry.Sphere.cpp for CXX dependencies
[156/369] Scanning /home/alex/Documents/IntrinsicEngine/src/geometry/Geometry.Support.cpp for CXX dependencies
[157/369] Scanning /home/alex/Documents/IntrinsicEngine/src/geometry/Geometry.SupportRadius.cpp for CXX dependencies
[158/369] Scanning /home/alex/Documents/IntrinsicEngine/src/geometry/Geometry.SurfaceReconstruction.cpp for CXX dependencies
[159/369] Scanning /home/alex/Documents/IntrinsicEngine/src/geometry/Geometry.Triangle.cpp for CXX dependencies
[160/369] Scanning /home/alex/Documents/IntrinsicEngine/src/geometry/Geometry.Sparse.cpp for CXX dependencies
[161/369] Scanning /home/alex/Documents/IntrinsicEngine/src/geometry/Geometry.UvAtlas.cpp for CXX dependencies
[162/369] Scanning /home/alex/Documents/IntrinsicEngine/src/geometry/Geometry.Validation.cpp for CXX dependencies
[163/369] Scanning /home/alex/Documents/IntrinsicEngine/src/geometry/Geometry.BVH.cppm for CXX dependencies
[164/369] Scanning /home/alex/Documents/IntrinsicEngine/src/geometry/Geometry.AABB.cppm for CXX dependencies
[165/369] Scanning /home/alex/Documents/IntrinsicEngine/src/geometry/Geometry.Circulators.cppm for CXX dependencies
[166/369] Scanning /home/alex/Documents/IntrinsicEngine/src/geometry/Geometry.Capsule.cppm for CXX dependencies
[167/369] Scanning /home/alex/Documents/IntrinsicEngine/src/geometry/Geometry.ContactManifold.cppm for CXX dependencies
[168/369] Scanning /home/alex/Documents/IntrinsicEngine/src/geometry/Geometry.Containment.cppm for CXX dependencies
[169/369] Scanning /home/alex/Documents/IntrinsicEngine/src/geometry/Geometry.ConvexHull.cppm for CXX dependencies
[170/369] Scanning /home/alex/Documents/IntrinsicEngine/src/geometry/Geometry.ConvexHullBuilder.cppm for CXX dependencies
[171/369] Scanning /home/alex/Documents/IntrinsicEngine/src/geometry/Geometry.Curve.cppm for CXX dependencies
[172/369] Scanning /home/alex/Documents/IntrinsicEngine/src/geometry/Geometry.Cylinder.cppm for CXX dependencies
[173/369] Scanning /home/alex/Documents/IntrinsicEngine/src/geometry/Geometry.DomainViews.cppm for CXX dependencies
[174/369] Scanning /home/alex/Documents/IntrinsicEngine/src/geometry/Geometry.EPA.cppm for CXX dependencies
[175/369] Scanning /home/alex/Documents/IntrinsicEngine/src/geometry/Geometry.FixedPoint.Anderson.cppm for CXX dependencies
[176/369] Scanning /home/alex/Documents/IntrinsicEngine/src/geometry/Geometry.Ellipsoid.cppm for CXX dependencies
[177/369] Scanning /home/alex/Documents/IntrinsicEngine/src/geometry/Geometry.Frustum.cppm for CXX dependencies
[178/369] Scanning /home/alex/Documents/IntrinsicEngine/src/geometry/Geometry.GaussianMixture.cppm for CXX dependencies
[179/369] Scanning /home/alex/Documents/IntrinsicEngine/src/geometry/Geometry.Graph.IO.cppm for CXX dependencies
[180/369] Scanning /home/alex/Documents/IntrinsicEngine/src/geometry/Geometry.GJK.cppm for CXX dependencies
[181/369] Scanning /home/alex/Documents/IntrinsicEngine/src/geometry/Geometry.Graph.ShortestPath.cppm for CXX dependencies
[182/369] Scanning /home/alex/Documents/IntrinsicEngine/src/geometry/Geometry.Graph.Utils.cppm for CXX dependencies
[183/369] Scanning /home/alex/Documents/IntrinsicEngine/src/geometry/Geometry.Graph.Vertex.Normals.cppm for CXX dependencies
[184/369] Scanning /home/alex/Documents/IntrinsicEngine/src/geometry/Geometry.Grid.cppm for CXX dependencies
[185/369] Scanning /home/alex/Documents/IntrinsicEngine/src/geometry/Geometry.Graph.cppm for CXX dependencies
[186/369] Scanning /home/alex/Documents/IntrinsicEngine/src/geometry/Geometry.HalfedgeMesh.Analysis.cppm for CXX dependencies
[187/369] Scanning /home/alex/Documents/IntrinsicEngine/src/geometry/Geometry.HalfedgeMesh.AdaptiveRemeshing.cppm for CXX dependencies
[188/369] Scanning /home/alex/Documents/IntrinsicEngine/src/geometry/Geometry.HalfedgeMesh.Boolean.cppm for CXX dependencies
[189/369] Scanning /home/alex/Documents/IntrinsicEngine/src/geometry/Geometry.HalfedgeMesh.Builder.cppm for CXX dependencies
[190/369] Scanning /home/alex/Documents/IntrinsicEngine/src/geometry/Geometry.HalfedgeMesh.Boundary.cppm for CXX dependencies
[191/369] Scanning /home/alex/Documents/IntrinsicEngine/src/geometry/Geometry.HalfedgeMesh.CatmullClark.cppm for CXX dependencies
[192/369] Scanning /home/alex/Documents/IntrinsicEngine/src/geometry/Geometry.HalfedgeMesh.CurvatureSegmentation.Features.cppm for CXX dependencies
[193/369] Scanning /home/alex/Documents/IntrinsicEngine/src/geometry/Geometry.HalfedgeMesh.Curvature.cppm for CXX dependencies
[194/369] Scanning /home/alex/Documents/IntrinsicEngine/src/geometry/Geometry.HalfedgeMesh.CurvatureSegmentation.cppm for CXX dependencies
[195/369] Scanning /home/alex/Documents/IntrinsicEngine/src/geometry/Geometry.HalfedgeMesh.CurvatureSegmentation.Patches.cppm for CXX dependencies
[196/369] Scanning /home/alex/Documents/IntrinsicEngine/src/geometry/Geometry.HalfedgeMesh.CurvatureSegmentation.Multicut.cppm for CXX dependencies
[197/369] Scanning /home/alex/Documents/IntrinsicEngine/src/geometry/Geometry.HalfedgeMesh.DEC.cppm for CXX dependencies
[198/369] Scanning /home/alex/Documents/IntrinsicEngine/src/geometry/Geometry.HalfedgeMesh.Geodesic.cppm for CXX dependencies
[199/369] Scanning /home/alex/Documents/IntrinsicEngine/src/geometry/Geometry.HalfedgeMesh.Features.cppm for CXX dependencies
[200/369] Scanning /home/alex/Documents/IntrinsicEngine/src/geometry/Geometry.HalfedgeMesh.IO.cppm for CXX dependencies
[201/369] Scanning /home/alex/Documents/IntrinsicEngine/src/geometry/Geometry.HalfedgeMesh.Remeshing.cppm for CXX dependencies
[202/369] Scanning /home/alex/Documents/IntrinsicEngine/src/geometry/Geometry.HalfedgeMesh.Quality.cppm for CXX dependencies
[203/369] Scanning /home/alex/Documents/IntrinsicEngine/src/geometry/Geometry.HalfedgeMesh.Parameterization.cppm for CXX dependencies
[204/369] Scanning /home/alex/Documents/IntrinsicEngine/src/geometry/Geometry.HalfedgeMesh.Repair.cppm for CXX dependencies
[205/369] Scanning /home/alex/Documents/IntrinsicEngine/src/geometry/Geometry.HalfedgeMesh.SignedHeatMethod.cppm for CXX dependencies
[206/369] Scanning /home/alex/Documents/IntrinsicEngine/src/geometry/Geometry.HalfedgeMesh.Simplification.cppm for CXX dependencies
[207/369] Scanning /home/alex/Documents/IntrinsicEngine/src/geometry/Geometry.HalfedgeMesh.SubdivisionSqrt3.cppm for CXX dependencies
[208/369] Scanning /home/alex/Documents/IntrinsicEngine/src/geometry/Geometry.HalfedgeMesh.Smoothing.cppm for CXX dependencies
[209/369] Scanning /home/alex/Documents/IntrinsicEngine/src/geometry/Geometry.HalfedgeMesh.Subdivision.cppm for CXX dependencies
[210/369] Scanning /home/alex/Documents/IntrinsicEngine/src/geometry/Geometry.HalfedgeMesh.Utils.cppm for CXX dependencies
[211/369] Scanning /home/alex/Documents/IntrinsicEngine/src/geometry/Geometry.HalfedgeMesh.Vertices.Normals.cppm for CXX dependencies
[212/369] Scanning /home/alex/Documents/IntrinsicEngine/src/geometry/Geometry.HalfedgeMesh.VectorHeatMethod.cppm for CXX dependencies
[213/369] Scanning /home/alex/Documents/IntrinsicEngine/src/geometry/Geometry.HtexPatch.cppm for CXX dependencies
[214/369] Scanning /home/alex/Documents/IntrinsicEngine/src/geometry/Geometry.IO.cppm for CXX dependencies
[215/369] Scanning /home/alex/Documents/IntrinsicEngine/src/geometry/Geometry.HalfedgeMesh.cppm for CXX dependencies
[216/369] Scanning /home/alex/Documents/IntrinsicEngine/src/geometry/Geometry.ImplicitPlaneField.cppm for CXX dependencies
[217/369] Scanning /home/alex/Documents/IntrinsicEngine/src/geometry/Geometry.IntersectionClassification.cppm for CXX dependencies
[218/369] Scanning /home/alex/Documents/IntrinsicEngine/src/geometry/Geometry.KDTree.cppm for CXX dependencies
[219/369] Scanning /home/alex/Documents/IntrinsicEngine/src/geometry/Geometry.KMeans.cppm for CXX dependencies
[220/369] Scanning /home/alex/Documents/IntrinsicEngine/src/geometry/Geometry.LinearSolver.cppm for CXX dependencies
[221/369] Scanning /home/alex/Documents/IntrinsicEngine/src/geometry/Geometry.Mesh.Conversion.cppm for CXX dependencies
[222/369] Scanning /home/alex/Documents/IntrinsicEngine/src/geometry/Geometry.MarchingCubes.cppm for CXX dependencies
[223/369] Scanning /home/alex/Documents/IntrinsicEngine/src/geometry/Geometry.Linalg.cppm for CXX dependencies
[224/369] Scanning /home/alex/Documents/IntrinsicEngine/src/geometry/Geometry.MeshOperator.cppm for CXX dependencies
[225/369] Scanning /home/alex/Documents/IntrinsicEngine/src/geometry/Geometry.MeshSoup.cppm for CXX dependencies
[226/369] Scanning /home/alex/Documents/IntrinsicEngine/src/geometry/Geometry.MeshClosestFace.cppm for CXX dependencies
[227/369] Scanning /home/alex/Documents/IntrinsicEngine/src/geometry/Geometry.OBB.cppm for CXX dependencies
[228/369] Scanning /home/alex/Documents/IntrinsicEngine/src/geometry/Geometry.Octree.cppm for CXX dependencies
[229/369] Scanning /home/alex/Documents/IntrinsicEngine/src/geometry/Geometry.PCA.cppm for CXX dependencies
[230/369] Scanning /home/alex/Documents/IntrinsicEngine/src/geometry/Geometry.Overlap.cppm for CXX dependencies
[231/369] Scanning /home/alex/Documents/IntrinsicEngine/src/geometry/Geometry.Parameterization.Diagnostics.cppm for CXX dependencies
[232/369] Scanning /home/alex/Documents/IntrinsicEngine/src/geometry/Geometry.Parameterization.Bff.cppm for CXX dependencies
[233/369] Scanning /home/alex/Documents/IntrinsicEngine/src/geometry/Geometry.Parameterization.Optimize.cppm for CXX dependencies
[234/369] Scanning /home/alex/Documents/IntrinsicEngine/src/geometry/Geometry.Parameterization.Harmonic.cppm for CXX dependencies
[235/369] Scanning /home/alex/Documents/IntrinsicEngine/src/geometry/Geometry.Plane.cppm for CXX dependencies
[236/369] Scanning /home/alex/Documents/IntrinsicEngine/src/geometry/Geometry.PointCloud.IO.cppm for CXX dependencies
[237/369] Scanning /home/alex/Documents/IntrinsicEngine/src/geometry/Geometry.PointCloud.Consolidation.cppm for CXX dependencies
[238/369] Scanning /home/alex/Documents/IntrinsicEngine/src/geometry/Geometry.PointCloud.Conversion.cppm for CXX dependencies
[239/369] Scanning /home/alex/Documents/IntrinsicEngine/src/geometry/Geometry.PointCloud.Features.cppm for CXX dependencies
[240/369] Scanning /home/alex/Documents/IntrinsicEngine/src/geometry/Geometry.PointCloud.SurfaceSampling.cppm for CXX dependencies
[241/369] Scanning /home/alex/Documents/IntrinsicEngine/src/geometry/Geometry.PointCloud.Normals.cppm for CXX dependencies
[242/369] Scanning /home/alex/Documents/IntrinsicEngine/src/geometry/Geometry.PointCloud.Kernels.cppm for CXX dependencies
[243/369] Scanning /home/alex/Documents/IntrinsicEngine/src/geometry/Geometry.PointCloud.QualityMetrics.cppm for CXX dependencies
[244/369] Scanning /home/alex/Documents/IntrinsicEngine/src/geometry/Geometry.PointCloud.Utils.cppm for CXX dependencies
[245/369] Scanning /home/alex/Documents/IntrinsicEngine/src/geometry/Geometry.Quadric.cppm for CXX dependencies
[246/369] Scanning /home/alex/Documents/IntrinsicEngine/src/geometry/Geometry.Properties.cppm for CXX dependencies
[247/369] Scanning /home/alex/Documents/IntrinsicEngine/src/geometry/Geometry.PointCloud.cppm for CXX dependencies
[248/369] Scanning /home/alex/Documents/IntrinsicEngine/src/geometry/Geometry.Queries.cppm for CXX dependencies
[249/369] Scanning /home/alex/Documents/IntrinsicEngine/src/geometry/Geometry.Ray.cppm for CXX dependencies
[250/369] Scanning /home/alex/Documents/IntrinsicEngine/src/geometry/Geometry.Robust.cppm for CXX dependencies
[251/369] Scanning /home/alex/Documents/IntrinsicEngine/src/geometry/Geometry.Raycast.cppm for CXX dependencies
[252/369] Scanning /home/alex/Documents/IntrinsicEngine/src/geometry/Geometry.Registration.cppm for CXX dependencies
[253/369] Scanning /home/alex/Documents/IntrinsicEngine/src/geometry/Geometry.RobustPredicates.cppm for CXX dependencies
[254/369] Scanning /home/alex/Documents/IntrinsicEngine/src/geometry/Geometry.Rotation.cppm for CXX dependencies
[255/369] Scanning /home/alex/Documents/IntrinsicEngine/src/geometry/Geometry.Sampling.cppm for CXX dependencies
[256/369] Scanning /home/alex/Documents/IntrinsicEngine/src/geometry/Geometry.RotationAveraging.cppm for CXX dependencies
[257/369] Scanning /home/alex/Documents/IntrinsicEngine/src/geometry/Geometry.SDFContact.cppm for CXX dependencies
[258/369] Scanning /home/alex/Documents/IntrinsicEngine/src/geometry/Geometry.SDF.cppm for CXX dependencies
[259/369] Scanning /home/alex/Documents/IntrinsicEngine/src/geometry/Geometry.Segment.cppm for CXX dependencies
[260/369] Scanning /home/alex/Documents/IntrinsicEngine/src/geometry/Geometry.SpatialQueries.cppm for CXX dependencies
[261/369] Scanning /home/alex/Documents/IntrinsicEngine/src/geometry/Geometry.Sparse.cppm for CXX dependencies
[262/369] Scanning /home/alex/Documents/IntrinsicEngine/src/geometry/Geometry.Sphere.Sampling.cppm for CXX dependencies
[263/369] Scanning /home/alex/Documents/IntrinsicEngine/src/geometry/Geometry.Statistics.cppm for CXX dependencies
[264/369] Scanning /home/alex/Documents/IntrinsicEngine/src/geometry/Geometry.Sphere.cppm for CXX dependencies
[265/369] Scanning /home/alex/Documents/IntrinsicEngine/src/geometry/Geometry.Support.cppm for CXX dependencies
[266/369] Scanning /home/alex/Documents/IntrinsicEngine/src/geometry/Geometry.SupportRadius.cppm for CXX dependencies
[267/369] Scanning /home/alex/Documents/IntrinsicEngine/src/geometry/Geometry.Triangle.cppm for CXX dependencies
[268/369] Scanning /home/alex/Documents/IntrinsicEngine/src/geometry/Geometry.SurfaceReconstruction.cppm for CXX dependencies
[269/369] Scanning /home/alex/Documents/IntrinsicEngine/src/geometry/Geometry.Graph.Fwd.cppm for CXX dependencies
[270/369] Scanning /home/alex/Documents/IntrinsicEngine/src/geometry/Geometry.HalfedgeMesh.Fwd.cppm for CXX dependencies
[271/369] Scanning /home/alex/Documents/IntrinsicEngine/src/geometry/Geometry.Validation.cppm for CXX dependencies
[272/369] Scanning /home/alex/Documents/IntrinsicEngine/src/geometry/Geometry.UvAtlas.cppm for CXX dependencies
[273/369] Scanning /home/alex/Documents/IntrinsicEngine/src/geometry/Geometry.PointCloud.Fwd.cppm for CXX dependencies
[274/369] Generating CXX dyndep file src/geometry/CMakeFiles/IntrinsicGeometry.dir/CXX.dd
[275/369] Scanning /home/alex/Documents/IntrinsicEngine/tests/unit/geometry/Test_Statistics.cpp for CXX dependencies
[276/369] Scanning /home/alex/Documents/IntrinsicEngine/tests/unit/geometry/Test_RobustKernels.cpp for CXX dependencies
[277/369] Scanning /home/alex/Documents/IntrinsicEngine/tests/unit/geometry/Test_AABBCubify.cpp for CXX dependencies
[278/369] Scanning /home/alex/Documents/IntrinsicEngine/tests/unit/geometry/Test_BezierCurve.cpp for CXX dependencies
[279/369] Scanning /home/alex/Documents/IntrinsicEngine/tests/unit/geometry/Test_Curve.cpp for CXX dependencies
[280/369] Scanning /home/alex/Documents/IntrinsicEngine/tests/unit/geometry/Test_Rotation.cpp for CXX dependencies
[281/369] Scanning /home/alex/Documents/IntrinsicEngine/tests/unit/geometry/Test_RotationAveraging.cpp for CXX dependencies
[282/369] Scanning /home/alex/Documents/IntrinsicEngine/tests/unit/geometry/Test_MeshQuantities.cpp for CXX dependencies
[283/369] Scanning /home/alex/Documents/IntrinsicEngine/tests/unit/geometry/Test_MeshClosestFace.cpp for CXX dependencies
[284/369] Scanning /home/alex/Documents/IntrinsicEngine/tests/unit/geometry/Test_LinalgEigenMap.cpp for CXX dependencies
[285/369] Scanning /home/alex/Documents/IntrinsicEngine/tests/unit/geometry/Test_RuntimeGraph.cpp for CXX dependencies
[286/369] Scanning /home/alex/Documents/IntrinsicEngine/tests/unit/geometry/Test_RuntimeGraphKNN.cpp for CXX dependencies
[287/369] Scanning /home/alex/Documents/IntrinsicEngine/tests/unit/geometry/Test.GraphQueries.cpp for CXX dependencies
[288/369] Scanning /home/alex/Documents/IntrinsicEngine/tests/unit/geometry/Test.GeometryProperties.cpp for CXX dependencies
[289/369] Scanning /home/alex/Documents/IntrinsicEngine/tests/unit/geometry/Test_KDTree.cpp for CXX dependencies
[290/369] Scanning /home/alex/Documents/IntrinsicEngine/tests/unit/geometry/Test_Octree.cpp for CXX dependencies
[291/369] Scanning /home/alex/Documents/IntrinsicEngine/tests/unit/geometry/Test_BVH.cpp for CXX dependencies
[292/369] Scanning /home/alex/Documents/IntrinsicEngine/tests/unit/geometry/Test_DEC.cpp for CXX dependencies
[293/369] Scanning /home/alex/Documents/IntrinsicEngine/tests/unit/geometry/Test_MeshOperations.cpp for CXX dependencies
[294/369] Scanning /home/alex/Documents/IntrinsicEngine/tests/unit/geometry/Test.MeshConversion.cpp for CXX dependencies
[295/369] Scanning /home/alex/Documents/IntrinsicEngine/tests/unit/geometry/Test.MeshSoup.cpp for CXX dependencies
[296/369] Scanning /home/alex/Documents/IntrinsicEngine/tests/unit/geometry/Test.PointCloudConversion.cpp for CXX dependencies
[297/369] Scanning /home/alex/Documents/IntrinsicEngine/tests/unit/geometry/Test_MeshBuilder.cpp for CXX dependencies
[298/369] Scanning /home/alex/Documents/IntrinsicEngine/tests/unit/geometry/Test_GeometryProcessing.cpp for CXX dependencies
[299/369] Scanning /home/alex/Documents/IntrinsicEngine/tests/unit/geometry/Test.GaussianMixture.cpp for CXX dependencies
[300/369] Scanning /home/alex/Documents/IntrinsicEngine/tests/unit/geometry/Test.CurvatureSegmentation.cpp for CXX dependencies
[301/369] Scanning /home/alex/Documents/IntrinsicEngine/tests/unit/geometry/Test.CurvaturePatchContract.cpp for CXX dependencies
[302/369] Scanning /home/alex/Documents/IntrinsicEngine/tests/unit/geometry/Test.CurvatureBoundaryPartition.cpp for CXX dependencies
[303/369] Scanning /home/alex/Documents/IntrinsicEngine/tests/unit/geometry/Test_SurfaceReconstruction.cpp for CXX dependencies
[304/369] Scanning /home/alex/Documents/IntrinsicEngine/tests/unit/geometry/Test_MeshAnalysis.cpp for CXX dependencies
[305/369] Scanning /home/alex/Documents/IntrinsicEngine/tests/unit/geometry/Test_MeshQuality.cpp for CXX dependencies
[306/369] Scanning /home/alex/Documents/IntrinsicEngine/tests/unit/geometry/Test_Parameterization.cpp for CXX dependencies
[307/369] Scanning /home/alex/Documents/IntrinsicEngine/tests/unit/geometry/Test.ParameterizationDiagnostics.cpp for CXX dependencies
[308/369] Scanning /home/alex/Documents/IntrinsicEngine/tests/unit/geometry/Test.HarmonicParameterization.cpp for CXX dependencies
[309/369] Scanning /home/alex/Documents/IntrinsicEngine/tests/unit/geometry/Test.ParameterizationOptimize.cpp for CXX dependencies
[310/369] Scanning /home/alex/Documents/IntrinsicEngine/tests/unit/geometry/Test.ParameterizationDispatch.cpp for CXX dependencies
[311/369] Scanning /home/alex/Documents/IntrinsicEngine/tests/unit/geometry/Test.BoundaryFirstFlattening.cpp for CXX dependencies
[312/369] Scanning /home/alex/Documents/IntrinsicEngine/tests/unit/geometry/Test_AdaptiveRemeshing.cpp for CXX dependencies
[313/369] Scanning /home/alex/Documents/IntrinsicEngine/tests/unit/geometry/Test.UvAtlas.cpp for CXX dependencies
[314/369] Scanning /home/alex/Documents/IntrinsicEngine/tests/unit/geometry/Test_ConvexHull.cpp for CXX dependencies
[315/369] Scanning /home/alex/Documents/IntrinsicEngine/tests/unit/geometry/Test_PointCloud.cpp for CXX dependencies
[316/369] Scanning /home/alex/Documents/IntrinsicEngine/tests/unit/geometry/Test_SphereFitting.cpp for CXX dependencies
[317/369] Scanning /home/alex/Documents/IntrinsicEngine/tests/unit/geometry/Test_TriangleMetrics.cpp for CXX dependencies
[318/369] Scanning /home/alex/Documents/IntrinsicEngine/tests/unit/geometry/Test_Boolean.cpp for CXX dependencies
[319/369] Scanning /home/alex/Documents/IntrinsicEngine/tests/unit/geometry/Test_MeshBoundary.cpp for CXX dependencies
[320/369] Scanning /home/alex/Documents/IntrinsicEngine/tests/unit/geometry/Test_GeometryAttributePropagation.cpp for CXX dependencies
[321/369] Scanning /home/alex/Documents/IntrinsicEngine/tests/unit/geometry/Test.GraphVertexNormals.cpp for CXX dependencies
[322/369] Scanning /home/alex/Documents/IntrinsicEngine/tests/unit/geometry/Test.HalfedgeMeshFeatures.cpp for CXX dependencies
[323/369] Scanning /home/alex/Documents/IntrinsicEngine/tests/unit/geometry/Test.HalfedgeMeshVertexNormals.cpp for CXX dependencies
[324/369] Scanning /home/alex/Documents/IntrinsicEngine/tests/unit/geometry/Test_HalfedgeMeshTopology.cpp for CXX dependencies
[325/369] Scanning /home/alex/Documents/IntrinsicEngine/tests/unit/geometry/Test_HalfedgeMeshPropertyAccess.cpp for CXX dependencies
[326/369] Scanning /home/alex/Documents/IntrinsicEngine/tests/unit/geometry/Test.MeshTopologyUtilities.cpp for CXX dependencies
[327/369] Scanning /home/alex/Documents/IntrinsicEngine/tests/unit/geometry/Test.CornerTexcoords.cpp for CXX dependencies
[328/369] Scanning /home/alex/Documents/IntrinsicEngine/tests/unit/geometry/Test_Curvature.cpp for CXX dependencies
[329/369] Scanning /home/alex/Documents/IntrinsicEngine/tests/unit/geometry/Test_Validation.cpp for CXX dependencies
[330/369] Scanning /home/alex/Documents/IntrinsicEngine/tests/unit/geometry/Test_Raycast.cpp for CXX dependencies
[331/369] Scanning /home/alex/Documents/IntrinsicEngine/tests/unit/geometry/Test_GeometryQueries.cpp for CXX dependencies
[332/369] Scanning /home/alex/Documents/IntrinsicEngine/tests/unit/geometry/Test_Overlap.cpp for CXX dependencies
[333/369] Scanning /home/alex/Documents/IntrinsicEngine/tests/unit/geometry/Test_PcaPrimitives.cpp for CXX dependencies
[334/369] Scanning /home/alex/Documents/IntrinsicEngine/tests/unit/geometry/Test_Grid.cpp for CXX dependencies
[335/369] Scanning /home/alex/Documents/IntrinsicEngine/tests/unit/geometry/Test_MarchingCubes.cpp for CXX dependencies
[336/369] Scanning /home/alex/Documents/IntrinsicEngine/tests/unit/geometry/Test_ImplicitPlaneField.cpp for CXX dependencies
[337/369] Scanning /home/alex/Documents/IntrinsicEngine/tests/unit/geometry/Test_Containment.cpp for CXX dependencies
[338/369] Scanning /home/alex/Documents/IntrinsicEngine/tests/unit/geometry/Test_Support.cpp for CXX dependencies
[339/369] Scanning /home/alex/Documents/IntrinsicEngine/tests/unit/geometry/Test.SupportRadius.cpp for CXX dependencies
[340/369] Scanning /home/alex/Documents/IntrinsicEngine/tests/unit/geometry/Test_Simplification.cpp for CXX dependencies
[341/369] Scanning /home/alex/Documents/IntrinsicEngine/tests/unit/geometry/Test_Geodesic.cpp for CXX dependencies
[342/369] Scanning /home/alex/Documents/IntrinsicEngine/tests/unit/geometry/Test_VectorHeatMethod.cpp for CXX dependencies
[343/369] Scanning /home/alex/Documents/IntrinsicEngine/tests/unit/geometry/Test_Subdivision.cpp for CXX dependencies
[344/369] Scanning /home/alex/Documents/IntrinsicEngine/tests/unit/geometry/Test_ShortestPath.cpp for CXX dependencies
[345/369] Scanning /home/alex/Documents/IntrinsicEngine/tests/unit/geometry/Test_Smoothing.cpp for CXX dependencies
[346/369] Scanning /home/alex/Documents/IntrinsicEngine/tests/unit/geometry/Test.QualityMetrics.cpp for CXX dependencies
[347/369] Scanning /home/alex/Documents/IntrinsicEngine/tests/unit/geometry/Test.Sampling.cpp for CXX dependencies
[348/369] Scanning /home/alex/Documents/IntrinsicEngine/tests/unit/geometry/Test.SurfaceSampling.cpp for CXX dependencies
[349/369] Scanning /home/alex/Documents/IntrinsicEngine/tests/unit/geometry/Test.PointCloudNormals.cpp for CXX dependencies
[350/369] Scanning /home/alex/Documents/IntrinsicEngine/tests/unit/geometry/Test.PointCloudConsolidation.cpp for CXX dependencies
[351/369] Scanning /home/alex/Documents/IntrinsicEngine/tests/unit/geometry/Test.PointCloudKernels.cpp for CXX dependencies
[352/369] Scanning /home/alex/Documents/IntrinsicEngine/tests/unit/geometry/Test.PointCloudFeatures.cpp for CXX dependencies
[353/369] Scanning /home/alex/Documents/IntrinsicEngine/tests/unit/geometry/Test_Registration.cpp for CXX dependencies
[354/369] Scanning /home/alex/Documents/IntrinsicEngine/tests/unit/geometry/Test_PointCloudRobustness.cpp for CXX dependencies
[355/369] Scanning /home/alex/Documents/IntrinsicEngine/tests/unit/geometry/Test.PointCloudOutlierRemoval.cpp for CXX dependencies
[356/369] Scanning /home/alex/Documents/IntrinsicEngine/tests/unit/geometry/Test.IntersectionClassification.cpp for CXX dependencies
[357/369] Scanning /home/alex/Documents/IntrinsicEngine/tests/unit/geometry/Test.RaycastClassify.cpp for CXX dependencies
[358/369] Scanning /home/alex/Documents/IntrinsicEngine/tests/unit/geometry/Test.Sparse.cpp for CXX dependencies
[359/369] Scanning /home/alex/Documents/IntrinsicEngine/tests/unit/geometry/Test.RobustPredicates.cpp for CXX dependencies
[360/369] Scanning /home/alex/Documents/IntrinsicEngine/tests/unit/geometry/Test.LinearAlgebra.cpp for CXX dependencies
[361/369] Scanning /home/alex/Documents/IntrinsicEngine/tests/unit/geometry/Test.SparseFactorization.cpp for CXX dependencies
[362/369] Scanning /home/alex/Documents/IntrinsicEngine/tests/unit/geometry/Test.SignedHeatMethod.cpp for CXX dependencies
[363/369] Scanning /home/alex/Documents/IntrinsicEngine/tests/unit/geometry/Test_SubmeshView.cpp for CXX dependencies
[364/369] Generating CXX dyndep file tests/CMakeFiles/TestSupportObjs.dir/CXX.dd
[365/369] Scanning /home/alex/Documents/IntrinsicEngine/tests/unit/geometry/Test.SparseNonsymmetric.cpp for CXX dependencies
[366/369] Scanning /home/alex/Documents/IntrinsicEngine/tests/unit/geometry/Test.SubmeshViewDomainBorrows.cpp for CXX dependencies
[367/369] Generating CXX dyndep file tests/CMakeFiles/GeometryTestObjs.dir/CXX.dd
[368/369] Building CXX object tests/CMakeFiles/GeometryTestObjs.dir/unit/geometry/Test.CurvatureBoundaryPartition.cpp.o
FAILED: tests/CMakeFiles/GeometryTestObjs.dir/unit/geometry/Test.CurvatureBoundaryPartition.cpp.o 
/home/alex/miniconda3/bin/python3 -B /home/alex/Documents/IntrinsicEngine/tools/ci/ccache_ci.py launch --ccache=/usr/bin/ccache --base-extra-file=/home/alex/Documents/IntrinsicEngine/build/ci/intrinsic-ccache-module-context.txt --repo-root=/home/alex/Documents/IntrinsicEngine -- /bin/clang++-23 -DEIGEN_MPL2_ONLY -DENGINE_ROOT_DIR=\"/home/alex/Documents/IntrinsicEngine\" -DGLM_FORCE_DEPTH_ZERO_TO_ONE -DGLM_FORCE_RADIANS -DGLM_FORCE_XYZW_ONLY -DGLM_RIGHT_HANDED -DINTRINSIC_TEST_SUPPORT_DIR=\"/home/alex/Documents/IntrinsicEngine/tests/support\" -I/home/alex/Documents/IntrinsicEngine/tests/support -I/home/alex/Documents/IntrinsicEngine/tests/support/geometry -I/home/alex/Documents/IntrinsicEngine/src/core/. -I/home/alex/Documents/IntrinsicEngine/src/geometry/. -isystem /home/alex/Documents/IntrinsicEngine/external/vcpkg-installed/ci/x64-linux/include -isystem /home/alex/Documents/IntrinsicEngine/external/vcpkg-installed/ci/x64-linux/include/eigen3 -g -std=c++23 -Wall -Wextra -Wpedantic -Wno-unknown-pragmas -Werror=return-type -fno-exceptions -fno-rtti -MD -MT tests/CMakeFiles/GeometryTestObjs.dir/unit/geometry/Test.CurvatureBoundaryPartition.cpp.o -MF tests/CMakeFiles/GeometryTestObjs.dir/unit/geometry/Test.CurvatureBoundaryPartition.cpp.o.d @tests/CMakeFiles/GeometryTestObjs.dir/unit/geometry/Test.CurvatureBoundaryPartition.cpp.o.modmap -o tests/CMakeFiles/GeometryTestObjs.dir/unit/geometry/Test.CurvatureBoundaryPartition.cpp.o -c /home/alex/Documents/IntrinsicEngine/tests/unit/geometry/Test.CurvatureBoundaryPartition.cpp
/home/alex/Documents/IntrinsicEngine/tests/unit/geometry/Test.CurvatureBoundaryPartition.cpp:50:35: error: no member named 'VertexHandle' in namespace 'Geometry'
   50 |     Grid g; std::vector<Geometry::VertexHandle> vertices;
      |                                   ^~~~~~~~~~~~
1 error generated.
ninja: build stopped: subcommand failed.
