Internal ctest changing into directory: /home/alex/Documents/IntrinsicEngine/build/ci
Test project /home/alex/Documents/IntrinsicEngine/build/ci
      Start 2648: PointCloudFeatures.RowAccessorIsBoundsChecked
 1/21 Test #2648: PointCloudFeatures.RowAccessorIsBoundsChecked .....................................   Passed    0.01 sec
      Start 2649: PointCloudFeatures.MatchRejectsMismatchedDimensions
 2/21 Test #2649: PointCloudFeatures.MatchRejectsMismatchedDimensions ...............................   Passed    0.00 sec
      Start 2650: PointCloudFeatures.MatchTieBreakPrefersLowestTargetRow
 3/21 Test #2650: PointCloudFeatures.MatchTieBreakPrefersLowestTargetRow ............................   Passed    0.00 sec
      Start 2651: PointCloudFeatures.MatchRatioRejectsSingleTargetAmbiguity
 4/21 Test #2651: PointCloudFeatures.MatchRatioRejectsSingleTargetAmbiguity .........................   Passed    0.00 sec
      Start 2652: PointCloudFeatures.MatchRatioRejectsDuplicateTargets
 5/21 Test #2652: PointCloudFeatures.MatchRatioRejectsDuplicateTargets ..............................   Passed    0.00 sec
      Start 2653: PointCloudFeatures.ComputeDescriptorsSkipsDeletedPoints
 6/21 Test #2653: PointCloudFeatures.ComputeDescriptorsSkipsDeletedPoints ...........................   Passed    0.01 sec
      Start 2654: PointCloudFeatures.KeypointsSkipDeletedPoints
 7/21 Test #2654: PointCloudFeatures.KeypointsSkipDeletedPoints .....................................   Passed    0.01 sec
      Start 2655: PointCloudFeatures.ComputeDescriptorsRequiresNormals
 8/21 Test #2655: PointCloudFeatures.ComputeDescriptorsRequiresNormals ..............................   Passed    0.00 sec
      Start 2656: PointCloudFeatures.DetectKeypointsIsDeterministic
 9/21 Test #2656: PointCloudFeatures.DetectKeypointsIsDeterministic .................................   Passed    0.01 sec
      Start 2657: PointCloudFeatures.DetectKeypointsRejectsTooFewPoints
10/21 Test #2657: PointCloudFeatures.DetectKeypointsRejectsTooFewPoints .............................   Passed    0.00 sec
      Start 2658: PointCloudFeatures.DescriptorMatchingIsRotationInvariant
11/21 Test #2658: PointCloudFeatures.DescriptorMatchingIsRotationInvariant ..........................   Passed    0.02 sec
      Start 2659: PointCloudFeatures.CoarseAlignmentRecoversKnownTransform
12/21 Test #2659: PointCloudFeatures.CoarseAlignmentRecoversKnownTransform ..........................   Passed    0.14 sec
      Start 2660: PointCloudFeatures.CoarseAlignmentRejectsOutliers
13/21 Test #2660: PointCloudFeatures.CoarseAlignmentRejectsOutliers .................................   Passed    0.09 sec
      Start 2661: PointCloudFeatures.CoarseAlignmentHonorsLargerSampleSize
14/21 Test #2661: PointCloudFeatures.CoarseAlignmentHonorsLargerSampleSize ..........................   Passed    0.14 sec
      Start 2662: PointCloudFeatures.CoarseAlignmentInsufficientCorrespondences
15/21 Test #2662: PointCloudFeatures.CoarseAlignmentInsufficientCorrespondences .....................   Passed    0.00 sec
      Start 2663: PointCloudFeatures.HandlesCollinearAndDuplicatePoints
16/21 Test #2663: PointCloudFeatures.HandlesCollinearAndDuplicatePoints .............................   Passed    0.00 sec
      Start 2664: PointCloudFeatures.IcpRegistrationRemainsReachable
17/21 Test #2664: PointCloudFeatures.IcpRegistrationRemainsReachable ................................   Passed    0.01 sec
      Start 2669: DescriptorAnalysis.AnalyticPlanarHistogramsAndRequestedOrder
18/21 Test #2669: DescriptorAnalysis.AnalyticPlanarHistogramsAndRequestedOrder ......................   Passed    0.00 sec
      Start 2670: DescriptorAnalysis.CompleteRowsMatchReferenceWithLowestIdCapsAndAutomaticRadius
19/21 Test #2670: DescriptorAnalysis.CompleteRowsMatchReferenceWithLowestIdCapsAndAutomaticRadius ...***Failed    0.02 sec
Running main() from /home/alex/Documents/IntrinsicEngine/external/vcpkg/buildtrees/gtest/src/v1.17.0-0c449efaff.clean/googletest/src/gtest_main.cc
Note: Google Test filter = DescriptorAnalysis.CompleteRowsMatchReferenceWithLowestIdCapsAndAutomaticRadius
[==========] Running 1 test from 1 test suite.
[----------] Global test environment set-up.
[----------] 1 test from DescriptorAnalysis
[ RUN      ] DescriptorAnalysis.CompleteRowsMatchReferenceWithLowestIdCapsAndAutomaticRadius
/home/alex/Documents/IntrinsicEngine/tests/unit/geometry/Test.DescriptorAnalysis.cpp:61: Failure
The difference between sum and 100 is 100, which exceeds 2e-5, where
sum evaluates to 0,
100 evaluates to 100, and
2e-5 evaluates to 2.0000000000000002e-05.

/home/alex/Documents/IntrinsicEngine/tests/unit/geometry/Test.DescriptorAnalysis.cpp:61: Failure
The difference between sum and 100 is 100, which exceeds 2e-5, where
sum evaluates to 0,
100 evaluates to 100, and
2e-5 evaluates to 2.0000000000000002e-05.

/home/alex/Documents/IntrinsicEngine/tests/unit/geometry/Test.DescriptorAnalysis.cpp:61: Failure
The difference between sum and 100 is 100, which exceeds 2e-5, where
sum evaluates to 0,
100 evaluates to 100, and
2e-5 evaluates to 2.0000000000000002e-05.

/home/alex/Documents/IntrinsicEngine/tests/unit/geometry/Test.DescriptorAnalysis.cpp:61: Failure
The difference between sum and 100 is 100, which exceeds 2e-5, where
sum evaluates to 0,
100 evaluates to 100, and
2e-5 evaluates to 2.0000000000000002e-05.

/home/alex/Documents/IntrinsicEngine/tests/unit/geometry/Test.DescriptorAnalysis.cpp:61: Failure
The difference between sum and 100 is 100, which exceeds 2e-5, where
sum evaluates to 0,
100 evaluates to 100, and
2e-5 evaluates to 2.0000000000000002e-05.

/home/alex/Documents/IntrinsicEngine/tests/unit/geometry/Test.DescriptorAnalysis.cpp:61: Failure
The difference between sum and 100 is 100, which exceeds 2e-5, where
sum evaluates to 0,
100 evaluates to 100, and
2e-5 evaluates to 2.0000000000000002e-05.

[  FAILED  ] DescriptorAnalysis.CompleteRowsMatchReferenceWithLowestIdCapsAndAutomaticRadius (15 ms)
[----------] 1 test from DescriptorAnalysis (15 ms total)

[----------] Global test environment tear-down
[==========] 1 test from 1 test suite ran. (15 ms total)
[  PASSED  ] 0 tests.
[  FAILED  ] 1 test, listed below:
[  FAILED  ] DescriptorAnalysis.CompleteRowsMatchReferenceWithLowestIdCapsAndAutomaticRadius

 1 FAILED TEST

      Start 2671: DescriptorAnalysis.RejectsInvalidNormalsScaleAndMalformedNeighborhoods
20/21 Test #2671: DescriptorAnalysis.RejectsInvalidNormalsScaleAndMalformedNeighborhoods ............   Passed    0.00 sec
      Start 2672: DescriptorAnalysis.CloudCompactsDeletedNonfiniteRowsAndRemapsQueries
21/21 Test #2672: DescriptorAnalysis.CloudCompactsDeletedNonfiniteRowsAndRemapsQueries ..............   Passed    0.01 sec

95% tests passed, 1 tests failed out of 21

Label Time Summary:
geometry    =   0.51 sec*proc (21 tests)
unit        =   0.51 sec*proc (21 tests)

Total Test time (real) =   1.31 sec

The following tests FAILED:
	2670 - DescriptorAnalysis.CompleteRowsMatchReferenceWithLowestIdCapsAndAutomaticRadius (Failed)
