Source: 1a578a1aa
Command: ctest --test-dir build/ci-asan -R SandboxEditorUi.UvRegenerationDuplicateSubmitUsesExistingActiveJob --repeat until-fail:100 --output-on-failure
Internal ctest changing into directory: /home/alex/Documents/IntrinsicEngine/build/ci-asan
Test project /home/alex/Documents/IntrinsicEngine/build/ci-asan
    Start 1316: SandboxEditorUi.UvRegenerationDuplicateSubmitUsesExistingActiveJob
    Test #1316: SandboxEditorUi.UvRegenerationDuplicateSubmitUsesExistingActiveJob ...   Passed    0.10 sec
    Start 1316: SandboxEditorUi.UvRegenerationDuplicateSubmitUsesExistingActiveJob
    Test #1316: SandboxEditorUi.UvRegenerationDuplicateSubmitUsesExistingActiveJob ...   Passed    0.10 sec
    Start 1316: SandboxEditorUi.UvRegenerationDuplicateSubmitUsesExistingActiveJob
    Test #1316: SandboxEditorUi.UvRegenerationDuplicateSubmitUsesExistingActiveJob ...   Passed    0.10 sec
    Start 1316: SandboxEditorUi.UvRegenerationDuplicateSubmitUsesExistingActiveJob
    Test #1316: SandboxEditorUi.UvRegenerationDuplicateSubmitUsesExistingActiveJob ...   Passed    0.10 sec
    Start 1316: SandboxEditorUi.UvRegenerationDuplicateSubmitUsesExistingActiveJob
    Test #1316: SandboxEditorUi.UvRegenerationDuplicateSubmitUsesExistingActiveJob ...   Passed    0.10 sec
    Start 1316: SandboxEditorUi.UvRegenerationDuplicateSubmitUsesExistingActiveJob
    Test #1316: SandboxEditorUi.UvRegenerationDuplicateSubmitUsesExistingActiveJob ...   Passed    0.10 sec
    Start 1316: SandboxEditorUi.UvRegenerationDuplicateSubmitUsesExistingActiveJob
    Test #1316: SandboxEditorUi.UvRegenerationDuplicateSubmitUsesExistingActiveJob ...   Passed    0.10 sec
    Start 1316: SandboxEditorUi.UvRegenerationDuplicateSubmitUsesExistingActiveJob
    Test #1316: SandboxEditorUi.UvRegenerationDuplicateSubmitUsesExistingActiveJob ...   Passed    0.10 sec
    Start 1316: SandboxEditorUi.UvRegenerationDuplicateSubmitUsesExistingActiveJob
    Test #1316: SandboxEditorUi.UvRegenerationDuplicateSubmitUsesExistingActiveJob ...   Passed    0.10 sec
    Start 1316: SandboxEditorUi.UvRegenerationDuplicateSubmitUsesExistingActiveJob
    Test #1316: SandboxEditorUi.UvRegenerationDuplicateSubmitUsesExistingActiveJob ...   Passed    0.10 sec
    Start 1316: SandboxEditorUi.UvRegenerationDuplicateSubmitUsesExistingActiveJob
    Test #1316: SandboxEditorUi.UvRegenerationDuplicateSubmitUsesExistingActiveJob ...   Passed    0.10 sec
    Start 1316: SandboxEditorUi.UvRegenerationDuplicateSubmitUsesExistingActiveJob
    Test #1316: SandboxEditorUi.UvRegenerationDuplicateSubmitUsesExistingActiveJob ...   Passed    0.10 sec
    Start 1316: SandboxEditorUi.UvRegenerationDuplicateSubmitUsesExistingActiveJob
    Test #1316: SandboxEditorUi.UvRegenerationDuplicateSubmitUsesExistingActiveJob ...   Passed    0.10 sec
    Start 1316: SandboxEditorUi.UvRegenerationDuplicateSubmitUsesExistingActiveJob
    Test #1316: SandboxEditorUi.UvRegenerationDuplicateSubmitUsesExistingActiveJob ...   Passed    0.10 sec
    Start 1316: SandboxEditorUi.UvRegenerationDuplicateSubmitUsesExistingActiveJob
    Test #1316: SandboxEditorUi.UvRegenerationDuplicateSubmitUsesExistingActiveJob ...   Passed    0.10 sec
    Start 1316: SandboxEditorUi.UvRegenerationDuplicateSubmitUsesExistingActiveJob
    Test #1316: SandboxEditorUi.UvRegenerationDuplicateSubmitUsesExistingActiveJob ...   Passed    0.10 sec
    Start 1316: SandboxEditorUi.UvRegenerationDuplicateSubmitUsesExistingActiveJob
    Test #1316: SandboxEditorUi.UvRegenerationDuplicateSubmitUsesExistingActiveJob ...   Passed    0.10 sec
    Start 1316: SandboxEditorUi.UvRegenerationDuplicateSubmitUsesExistingActiveJob
    Test #1316: SandboxEditorUi.UvRegenerationDuplicateSubmitUsesExistingActiveJob ...   Passed    0.10 sec
    Start 1316: SandboxEditorUi.UvRegenerationDuplicateSubmitUsesExistingActiveJob
    Test #1316: SandboxEditorUi.UvRegenerationDuplicateSubmitUsesExistingActiveJob ...   Passed    0.10 sec
    Start 1316: SandboxEditorUi.UvRegenerationDuplicateSubmitUsesExistingActiveJob
    Test #1316: SandboxEditorUi.UvRegenerationDuplicateSubmitUsesExistingActiveJob ...   Passed    0.10 sec
    Start 1316: SandboxEditorUi.UvRegenerationDuplicateSubmitUsesExistingActiveJob
    Test #1316: SandboxEditorUi.UvRegenerationDuplicateSubmitUsesExistingActiveJob ...   Passed    0.10 sec
    Start 1316: SandboxEditorUi.UvRegenerationDuplicateSubmitUsesExistingActiveJob
    Test #1316: SandboxEditorUi.UvRegenerationDuplicateSubmitUsesExistingActiveJob ...   Passed    0.10 sec
    Start 1316: SandboxEditorUi.UvRegenerationDuplicateSubmitUsesExistingActiveJob
    Test #1316: SandboxEditorUi.UvRegenerationDuplicateSubmitUsesExistingActiveJob ...   Passed    0.10 sec
    Start 1316: SandboxEditorUi.UvRegenerationDuplicateSubmitUsesExistingActiveJob
    Test #1316: SandboxEditorUi.UvRegenerationDuplicateSubmitUsesExistingActiveJob ...   Passed    0.10 sec
    Start 1316: SandboxEditorUi.UvRegenerationDuplicateSubmitUsesExistingActiveJob
    Test #1316: SandboxEditorUi.UvRegenerationDuplicateSubmitUsesExistingActiveJob ...   Passed    0.10 sec
    Start 1316: SandboxEditorUi.UvRegenerationDuplicateSubmitUsesExistingActiveJob
    Test #1316: SandboxEditorUi.UvRegenerationDuplicateSubmitUsesExistingActiveJob ...   Passed    0.10 sec
    Start 1316: SandboxEditorUi.UvRegenerationDuplicateSubmitUsesExistingActiveJob
    Test #1316: SandboxEditorUi.UvRegenerationDuplicateSubmitUsesExistingActiveJob ...   Passed    0.10 sec
    Start 1316: SandboxEditorUi.UvRegenerationDuplicateSubmitUsesExistingActiveJob
    Test #1316: SandboxEditorUi.UvRegenerationDuplicateSubmitUsesExistingActiveJob ...   Passed    0.10 sec
    Start 1316: SandboxEditorUi.UvRegenerationDuplicateSubmitUsesExistingActiveJob
    Test #1316: SandboxEditorUi.UvRegenerationDuplicateSubmitUsesExistingActiveJob ...   Passed    0.10 sec
    Start 1316: SandboxEditorUi.UvRegenerationDuplicateSubmitUsesExistingActiveJob
    Test #1316: SandboxEditorUi.UvRegenerationDuplicateSubmitUsesExistingActiveJob ...   Passed    0.10 sec
    Start 1316: SandboxEditorUi.UvRegenerationDuplicateSubmitUsesExistingActiveJob
    Test #1316: SandboxEditorUi.UvRegenerationDuplicateSubmitUsesExistingActiveJob ...   Passed    0.10 sec
    Start 1316: SandboxEditorUi.UvRegenerationDuplicateSubmitUsesExistingActiveJob
    Test #1316: SandboxEditorUi.UvRegenerationDuplicateSubmitUsesExistingActiveJob ...   Passed    0.10 sec
    Start 1316: SandboxEditorUi.UvRegenerationDuplicateSubmitUsesExistingActiveJob
    Test #1316: SandboxEditorUi.UvRegenerationDuplicateSubmitUsesExistingActiveJob ...   Passed    0.10 sec
    Start 1316: SandboxEditorUi.UvRegenerationDuplicateSubmitUsesExistingActiveJob
    Test #1316: SandboxEditorUi.UvRegenerationDuplicateSubmitUsesExistingActiveJob ...   Passed    0.10 sec
    Start 1316: SandboxEditorUi.UvRegenerationDuplicateSubmitUsesExistingActiveJob
    Test #1316: SandboxEditorUi.UvRegenerationDuplicateSubmitUsesExistingActiveJob ...   Passed    0.10 sec
    Start 1316: SandboxEditorUi.UvRegenerationDuplicateSubmitUsesExistingActiveJob
    Test #1316: SandboxEditorUi.UvRegenerationDuplicateSubmitUsesExistingActiveJob ...   Passed    0.10 sec
    Start 1316: SandboxEditorUi.UvRegenerationDuplicateSubmitUsesExistingActiveJob
    Test #1316: SandboxEditorUi.UvRegenerationDuplicateSubmitUsesExistingActiveJob ...   Passed    0.10 sec
    Start 1316: SandboxEditorUi.UvRegenerationDuplicateSubmitUsesExistingActiveJob
    Test #1316: SandboxEditorUi.UvRegenerationDuplicateSubmitUsesExistingActiveJob ...   Passed    0.10 sec
    Start 1316: SandboxEditorUi.UvRegenerationDuplicateSubmitUsesExistingActiveJob
    Test #1316: SandboxEditorUi.UvRegenerationDuplicateSubmitUsesExistingActiveJob ...   Passed    0.10 sec
    Start 1316: SandboxEditorUi.UvRegenerationDuplicateSubmitUsesExistingActiveJob
    Test #1316: SandboxEditorUi.UvRegenerationDuplicateSubmitUsesExistingActiveJob ...   Passed    0.10 sec
    Start 1316: SandboxEditorUi.UvRegenerationDuplicateSubmitUsesExistingActiveJob
    Test #1316: SandboxEditorUi.UvRegenerationDuplicateSubmitUsesExistingActiveJob ...   Passed    0.10 sec
    Start 1316: SandboxEditorUi.UvRegenerationDuplicateSubmitUsesExistingActiveJob
    Test #1316: SandboxEditorUi.UvRegenerationDuplicateSubmitUsesExistingActiveJob ...   Passed    0.10 sec
    Start 1316: SandboxEditorUi.UvRegenerationDuplicateSubmitUsesExistingActiveJob
    Test #1316: SandboxEditorUi.UvRegenerationDuplicateSubmitUsesExistingActiveJob ...   Passed    0.10 sec
    Start 1316: SandboxEditorUi.UvRegenerationDuplicateSubmitUsesExistingActiveJob
    Test #1316: SandboxEditorUi.UvRegenerationDuplicateSubmitUsesExistingActiveJob ...   Passed    0.10 sec
    Start 1316: SandboxEditorUi.UvRegenerationDuplicateSubmitUsesExistingActiveJob
    Test #1316: SandboxEditorUi.UvRegenerationDuplicateSubmitUsesExistingActiveJob ...   Passed    0.10 sec
    Start 1316: SandboxEditorUi.UvRegenerationDuplicateSubmitUsesExistingActiveJob
    Test #1316: SandboxEditorUi.UvRegenerationDuplicateSubmitUsesExistingActiveJob ...   Passed    0.10 sec
    Start 1316: SandboxEditorUi.UvRegenerationDuplicateSubmitUsesExistingActiveJob
    Test #1316: SandboxEditorUi.UvRegenerationDuplicateSubmitUsesExistingActiveJob ...   Passed    0.10 sec
    Start 1316: SandboxEditorUi.UvRegenerationDuplicateSubmitUsesExistingActiveJob
    Test #1316: SandboxEditorUi.UvRegenerationDuplicateSubmitUsesExistingActiveJob ...   Passed    0.10 sec
    Start 1316: SandboxEditorUi.UvRegenerationDuplicateSubmitUsesExistingActiveJob
    Test #1316: SandboxEditorUi.UvRegenerationDuplicateSubmitUsesExistingActiveJob ...   Passed    0.10 sec
    Start 1316: SandboxEditorUi.UvRegenerationDuplicateSubmitUsesExistingActiveJob
    Test #1316: SandboxEditorUi.UvRegenerationDuplicateSubmitUsesExistingActiveJob ...   Passed    0.10 sec
    Start 1316: SandboxEditorUi.UvRegenerationDuplicateSubmitUsesExistingActiveJob
    Test #1316: SandboxEditorUi.UvRegenerationDuplicateSubmitUsesExistingActiveJob ...   Passed    0.10 sec
    Start 1316: SandboxEditorUi.UvRegenerationDuplicateSubmitUsesExistingActiveJob
    Test #1316: SandboxEditorUi.UvRegenerationDuplicateSubmitUsesExistingActiveJob ...   Passed    0.10 sec
    Start 1316: SandboxEditorUi.UvRegenerationDuplicateSubmitUsesExistingActiveJob
    Test #1316: SandboxEditorUi.UvRegenerationDuplicateSubmitUsesExistingActiveJob ...   Passed    0.10 sec
    Start 1316: SandboxEditorUi.UvRegenerationDuplicateSubmitUsesExistingActiveJob
    Test #1316: SandboxEditorUi.UvRegenerationDuplicateSubmitUsesExistingActiveJob ...   Passed    0.10 sec
    Start 1316: SandboxEditorUi.UvRegenerationDuplicateSubmitUsesExistingActiveJob
    Test #1316: SandboxEditorUi.UvRegenerationDuplicateSubmitUsesExistingActiveJob ...   Passed    0.10 sec
    Start 1316: SandboxEditorUi.UvRegenerationDuplicateSubmitUsesExistingActiveJob
    Test #1316: SandboxEditorUi.UvRegenerationDuplicateSubmitUsesExistingActiveJob ...   Passed    0.10 sec
    Start 1316: SandboxEditorUi.UvRegenerationDuplicateSubmitUsesExistingActiveJob
    Test #1316: SandboxEditorUi.UvRegenerationDuplicateSubmitUsesExistingActiveJob ...   Passed    0.10 sec
    Start 1316: SandboxEditorUi.UvRegenerationDuplicateSubmitUsesExistingActiveJob
    Test #1316: SandboxEditorUi.UvRegenerationDuplicateSubmitUsesExistingActiveJob ...   Passed    0.10 sec
    Start 1316: SandboxEditorUi.UvRegenerationDuplicateSubmitUsesExistingActiveJob
    Test #1316: SandboxEditorUi.UvRegenerationDuplicateSubmitUsesExistingActiveJob ...   Passed    0.10 sec
    Start 1316: SandboxEditorUi.UvRegenerationDuplicateSubmitUsesExistingActiveJob
    Test #1316: SandboxEditorUi.UvRegenerationDuplicateSubmitUsesExistingActiveJob ...   Passed    0.11 sec
    Start 1316: SandboxEditorUi.UvRegenerationDuplicateSubmitUsesExistingActiveJob
    Test #1316: SandboxEditorUi.UvRegenerationDuplicateSubmitUsesExistingActiveJob ...   Passed    0.10 sec
    Start 1316: SandboxEditorUi.UvRegenerationDuplicateSubmitUsesExistingActiveJob
    Test #1316: SandboxEditorUi.UvRegenerationDuplicateSubmitUsesExistingActiveJob ...   Passed    0.10 sec
    Start 1316: SandboxEditorUi.UvRegenerationDuplicateSubmitUsesExistingActiveJob
    Test #1316: SandboxEditorUi.UvRegenerationDuplicateSubmitUsesExistingActiveJob ...   Passed    0.10 sec
    Start 1316: SandboxEditorUi.UvRegenerationDuplicateSubmitUsesExistingActiveJob
    Test #1316: SandboxEditorUi.UvRegenerationDuplicateSubmitUsesExistingActiveJob ...   Passed    0.10 sec
    Start 1316: SandboxEditorUi.UvRegenerationDuplicateSubmitUsesExistingActiveJob
    Test #1316: SandboxEditorUi.UvRegenerationDuplicateSubmitUsesExistingActiveJob ...   Passed    0.10 sec
    Start 1316: SandboxEditorUi.UvRegenerationDuplicateSubmitUsesExistingActiveJob
    Test #1316: SandboxEditorUi.UvRegenerationDuplicateSubmitUsesExistingActiveJob ...   Passed    0.10 sec
    Start 1316: SandboxEditorUi.UvRegenerationDuplicateSubmitUsesExistingActiveJob
    Test #1316: SandboxEditorUi.UvRegenerationDuplicateSubmitUsesExistingActiveJob ...   Passed    0.10 sec
    Start 1316: SandboxEditorUi.UvRegenerationDuplicateSubmitUsesExistingActiveJob
    Test #1316: SandboxEditorUi.UvRegenerationDuplicateSubmitUsesExistingActiveJob ...   Passed    0.10 sec
    Start 1316: SandboxEditorUi.UvRegenerationDuplicateSubmitUsesExistingActiveJob
    Test #1316: SandboxEditorUi.UvRegenerationDuplicateSubmitUsesExistingActiveJob ...   Passed    0.10 sec
    Start 1316: SandboxEditorUi.UvRegenerationDuplicateSubmitUsesExistingActiveJob
    Test #1316: SandboxEditorUi.UvRegenerationDuplicateSubmitUsesExistingActiveJob ...   Passed    0.10 sec
    Start 1316: SandboxEditorUi.UvRegenerationDuplicateSubmitUsesExistingActiveJob
    Test #1316: SandboxEditorUi.UvRegenerationDuplicateSubmitUsesExistingActiveJob ...   Passed    0.10 sec
    Start 1316: SandboxEditorUi.UvRegenerationDuplicateSubmitUsesExistingActiveJob
    Test #1316: SandboxEditorUi.UvRegenerationDuplicateSubmitUsesExistingActiveJob ...   Passed    0.10 sec
    Start 1316: SandboxEditorUi.UvRegenerationDuplicateSubmitUsesExistingActiveJob
    Test #1316: SandboxEditorUi.UvRegenerationDuplicateSubmitUsesExistingActiveJob ...   Passed    0.10 sec
    Start 1316: SandboxEditorUi.UvRegenerationDuplicateSubmitUsesExistingActiveJob
    Test #1316: SandboxEditorUi.UvRegenerationDuplicateSubmitUsesExistingActiveJob ...   Passed    0.10 sec
    Start 1316: SandboxEditorUi.UvRegenerationDuplicateSubmitUsesExistingActiveJob
    Test #1316: SandboxEditorUi.UvRegenerationDuplicateSubmitUsesExistingActiveJob ...   Passed    0.10 sec
    Start 1316: SandboxEditorUi.UvRegenerationDuplicateSubmitUsesExistingActiveJob
    Test #1316: SandboxEditorUi.UvRegenerationDuplicateSubmitUsesExistingActiveJob ...   Passed    0.10 sec
    Start 1316: SandboxEditorUi.UvRegenerationDuplicateSubmitUsesExistingActiveJob
    Test #1316: SandboxEditorUi.UvRegenerationDuplicateSubmitUsesExistingActiveJob ...   Passed    0.10 sec
    Start 1316: SandboxEditorUi.UvRegenerationDuplicateSubmitUsesExistingActiveJob
    Test #1316: SandboxEditorUi.UvRegenerationDuplicateSubmitUsesExistingActiveJob ...   Passed    0.10 sec
    Start 1316: SandboxEditorUi.UvRegenerationDuplicateSubmitUsesExistingActiveJob
    Test #1316: SandboxEditorUi.UvRegenerationDuplicateSubmitUsesExistingActiveJob ...   Passed    0.10 sec
    Start 1316: SandboxEditorUi.UvRegenerationDuplicateSubmitUsesExistingActiveJob
    Test #1316: SandboxEditorUi.UvRegenerationDuplicateSubmitUsesExistingActiveJob ...   Passed    0.10 sec
    Start 1316: SandboxEditorUi.UvRegenerationDuplicateSubmitUsesExistingActiveJob
    Test #1316: SandboxEditorUi.UvRegenerationDuplicateSubmitUsesExistingActiveJob ...   Passed    0.10 sec
    Start 1316: SandboxEditorUi.UvRegenerationDuplicateSubmitUsesExistingActiveJob
    Test #1316: SandboxEditorUi.UvRegenerationDuplicateSubmitUsesExistingActiveJob ...   Passed    0.10 sec
    Start 1316: SandboxEditorUi.UvRegenerationDuplicateSubmitUsesExistingActiveJob
    Test #1316: SandboxEditorUi.UvRegenerationDuplicateSubmitUsesExistingActiveJob ...   Passed    0.10 sec
    Start 1316: SandboxEditorUi.UvRegenerationDuplicateSubmitUsesExistingActiveJob
    Test #1316: SandboxEditorUi.UvRegenerationDuplicateSubmitUsesExistingActiveJob ...   Passed    0.10 sec
    Start 1316: SandboxEditorUi.UvRegenerationDuplicateSubmitUsesExistingActiveJob
    Test #1316: SandboxEditorUi.UvRegenerationDuplicateSubmitUsesExistingActiveJob ...   Passed    0.10 sec
    Start 1316: SandboxEditorUi.UvRegenerationDuplicateSubmitUsesExistingActiveJob
    Test #1316: SandboxEditorUi.UvRegenerationDuplicateSubmitUsesExistingActiveJob ...   Passed    0.10 sec
    Start 1316: SandboxEditorUi.UvRegenerationDuplicateSubmitUsesExistingActiveJob
    Test #1316: SandboxEditorUi.UvRegenerationDuplicateSubmitUsesExistingActiveJob ...   Passed    0.10 sec
    Start 1316: SandboxEditorUi.UvRegenerationDuplicateSubmitUsesExistingActiveJob
    Test #1316: SandboxEditorUi.UvRegenerationDuplicateSubmitUsesExistingActiveJob ...   Passed    0.10 sec
    Start 1316: SandboxEditorUi.UvRegenerationDuplicateSubmitUsesExistingActiveJob
    Test #1316: SandboxEditorUi.UvRegenerationDuplicateSubmitUsesExistingActiveJob ...   Passed    0.10 sec
    Start 1316: SandboxEditorUi.UvRegenerationDuplicateSubmitUsesExistingActiveJob
    Test #1316: SandboxEditorUi.UvRegenerationDuplicateSubmitUsesExistingActiveJob ...   Passed    0.10 sec
    Start 1316: SandboxEditorUi.UvRegenerationDuplicateSubmitUsesExistingActiveJob
    Test #1316: SandboxEditorUi.UvRegenerationDuplicateSubmitUsesExistingActiveJob ...   Passed    0.10 sec
    Start 1316: SandboxEditorUi.UvRegenerationDuplicateSubmitUsesExistingActiveJob
    Test #1316: SandboxEditorUi.UvRegenerationDuplicateSubmitUsesExistingActiveJob ...   Passed    0.10 sec
    Start 1316: SandboxEditorUi.UvRegenerationDuplicateSubmitUsesExistingActiveJob
    Test #1316: SandboxEditorUi.UvRegenerationDuplicateSubmitUsesExistingActiveJob ...   Passed    0.10 sec
    Start 1316: SandboxEditorUi.UvRegenerationDuplicateSubmitUsesExistingActiveJob
    Test #1316: SandboxEditorUi.UvRegenerationDuplicateSubmitUsesExistingActiveJob ...   Passed    0.10 sec
    Start 1316: SandboxEditorUi.UvRegenerationDuplicateSubmitUsesExistingActiveJob
    Test #1316: SandboxEditorUi.UvRegenerationDuplicateSubmitUsesExistingActiveJob ...   Passed    0.10 sec
    Start 1316: SandboxEditorUi.UvRegenerationDuplicateSubmitUsesExistingActiveJob
    Test #1316: SandboxEditorUi.UvRegenerationDuplicateSubmitUsesExistingActiveJob ...   Passed    0.10 sec
    Start 1316: SandboxEditorUi.UvRegenerationDuplicateSubmitUsesExistingActiveJob
    Test #1316: SandboxEditorUi.UvRegenerationDuplicateSubmitUsesExistingActiveJob ...   Passed    0.10 sec
    Start 1316: SandboxEditorUi.UvRegenerationDuplicateSubmitUsesExistingActiveJob
    Test #1316: SandboxEditorUi.UvRegenerationDuplicateSubmitUsesExistingActiveJob ...   Passed    0.10 sec
    Start 1316: SandboxEditorUi.UvRegenerationDuplicateSubmitUsesExistingActiveJob
    Test #1316: SandboxEditorUi.UvRegenerationDuplicateSubmitUsesExistingActiveJob ...   Passed    0.10 sec
    Start 1316: SandboxEditorUi.UvRegenerationDuplicateSubmitUsesExistingActiveJob
1/1 Test #1316: SandboxEditorUi.UvRegenerationDuplicateSubmitUsesExistingActiveJob ...   Passed    0.11 sec

100% tests passed, 0 tests failed out of 1

Label Time Summary:
contract    =   0.11 sec*proc (1 test)
runtime     =   0.11 sec*proc (1 test)

Total Test time (real) =  10.38 sec
