Internal ctest changing into directory: /home/alex/Documents/IntrinsicEngine/build/ci-ubsan
Test project /home/alex/Documents/IntrinsicEngine/build/ci-ubsan
    Start 1274: SandboxEditorUi.UvRegenerationDuplicateSubmitUsesExistingActiveJob
    Test #1274: SandboxEditorUi.UvRegenerationDuplicateSubmitUsesExistingActiveJob ...   Passed    0.05 sec
    Start 1274: SandboxEditorUi.UvRegenerationDuplicateSubmitUsesExistingActiveJob
    Test #1274: SandboxEditorUi.UvRegenerationDuplicateSubmitUsesExistingActiveJob ...   Passed    0.05 sec
    Start 1274: SandboxEditorUi.UvRegenerationDuplicateSubmitUsesExistingActiveJob
    Test #1274: SandboxEditorUi.UvRegenerationDuplicateSubmitUsesExistingActiveJob ...   Passed    0.05 sec
    Start 1274: SandboxEditorUi.UvRegenerationDuplicateSubmitUsesExistingActiveJob
    Test #1274: SandboxEditorUi.UvRegenerationDuplicateSubmitUsesExistingActiveJob ...***Failed    0.05 sec
Running main() from /home/alex/Documents/IntrinsicEngine/external/vcpkg/buildtrees/gtest/src/v1.17.0-0c449efaff.clean/googletest/src/gtest_main.cc
Note: Google Test filter = SandboxEditorUi.UvRegenerationDuplicateSubmitUsesExistingActiveJob
[==========] Running 1 test from 1 test suite.
[----------] Global test environment set-up.
[----------] 1 test from SandboxEditorUi
[ RUN      ] SandboxEditorUi.UvRegenerationDuplicateSubmitUsesExistingActiveJob
[32m[INFO] Initialized Scheduler with 2 worker threads.[0m
/home/alex/Documents/IntrinsicEngine/tests/contract/runtime/Test.SandboxEditorMeshMethods.cpp:5574: Failure
Expected equality of these values:
  busy.DisabledReason
    Which is: "UV regeneration CPU already has an active queued job (job 0:1)."
  duplicate.Diagnostic
    Which is: "UV regeneration CPU already has an active running job (job 0:1)."

[  FAILED  ] SandboxEditorUi.UvRegenerationDuplicateSubmitUsesExistingActiveJob (13 ms)
[----------] 1 test from SandboxEditorUi (13 ms total)

[----------] Global test environment tear-down
[==========] 1 test from 1 test suite ran. (13 ms total)
[  PASSED  ] 0 tests.
[  FAILED  ] 1 test, listed below:
[  FAILED  ] SandboxEditorUi.UvRegenerationDuplicateSubmitUsesExistingActiveJob

 1 FAILED TEST


0% tests passed, 1 tests failed out of 1

Label Time Summary:
contract    =   0.05 sec*proc (1 test)
runtime     =   0.05 sec*proc (1 test)

Total Test time (real) =   0.28 sec

The following tests FAILED:
	1274 - SandboxEditorUi.UvRegenerationDuplicateSubmitUsesExistingActiveJob (Failed)
Errors while running CTest
