Internal ctest changing into directory: /home/alex/Documents/IntrinsicEngine/build/ci
Test project /home/alex/Documents/IntrinsicEngine/build/ci
        Start  155: GraphicsRenderer.NullRendererExecutesRenderGraphPath
  1/161 Test  #155: GraphicsRenderer.NullRendererExecutesRenderGraphPath ....................................................   Passed    0.08 sec
        Start  156: GraphicsRenderer.NullRendererReusesCompiledGraphForSteadyStateFrames
  2/161 Test  #156: GraphicsRenderer.NullRendererReusesCompiledGraphForSteadyStateFrames ....................................   Passed    0.08 sec
        Start  157: GraphicsRenderer.NullRendererRecompilesOnFeatureAndSizingChangesAndRebindsImports
  3/161 Test  #157: GraphicsRenderer.NullRendererRecompilesOnFeatureAndSizingChangesAndRebindsImports .......................   Passed    0.11 sec
        Start  158: GraphicsRenderer.NullRendererCachedDebugDumpMatchesInitialCompileWhenEnabled
  4/161 Test  #158: GraphicsRenderer.NullRendererCachedDebugDumpMatchesInitialCompileWhenEnabled ............................   Passed    0.08 sec
        Start  159: GraphicsRenderer.NullRendererForwardDebugDumpContainsCanonicalPassesAndDataflowOrder
  5/161 Test  #159: GraphicsRenderer.NullRendererForwardDebugDumpContainsCanonicalPassesAndDataflowOrder ....................   Passed    0.07 sec
        Start  160: GraphicsRenderer.NullRendererDeferredDebugDumpPlacesCompositionBetweenSurfaceAndLine
  6/161 Test  #160: GraphicsRenderer.NullRendererDeferredDebugDumpPlacesCompositionBetweenSurfaceAndLine ....................   Passed    0.07 sec
        Start  161: GraphicsRenderer.NullRendererEnablesDebugChainWhenRequested
  7/161 Test  #161: GraphicsRenderer.NullRendererEnablesDebugChainWhenRequested .............................................   Passed    0.07 sec
        Start  162: GraphicsRenderer.NullRendererAddsPickingPassWhenPickIsPending
  8/161 Test  #162: GraphicsRenderer.NullRendererAddsPickingPassWhenPickIsPending ...........................................   Passed    0.07 sec
        Start  163: GraphicsRenderer.NullRendererExecuteFrameRequiresPreparePhase
  9/161 Test  #163: GraphicsRenderer.NullRendererExecuteFrameRequiresPreparePhase ...........................................   Passed    0.03 sec
        Start  164: GraphicsRenderer.NullRendererPrepareBeforeExtractPreventsExecute
 10/161 Test  #164: GraphicsRenderer.NullRendererPrepareBeforeExtractPreventsExecute ........................................   Passed    0.03 sec
        Start  405: EditorUiModule.ReverseShutdownWithdrawsHostAndDetachesLiveRenderer
 11/161 Test  #405: EditorUiModule.ReverseShutdownWithdrawsHostAndDetachesLiveRenderer ......................................   Passed    0.04 sec
        Start  679: RuntimeConfigControl.BootGpuProfilingConfigReachesRendererWithoutControlOrEditor
 12/161 Test  #679: RuntimeConfigControl.BootGpuProfilingConfigReachesRendererWithoutControlOrEditor ........................   Passed    0.04 sec
        Start  694: RuntimeEngineLayering.RunFrameStopsAfterPlatformCloseBeforeRendererContract
 13/161 Test  #694: RuntimeEngineLayering.RunFrameStopsAfterPlatformCloseBeforeRendererContract .............................   Passed    0.00 sec
        Start  701: RuntimeEngineLayering.PromotedFrameLoopContractPreservesRendererAndMaintenanceOrder
 14/161 Test  #701: RuntimeEngineLayering.PromotedFrameLoopContractPreservesRendererAndMaintenanceOrder .....................   Passed    0.00 sec
        Start  895: SandboxEditorUi.RenderGraphPanelModelCopiesRendererStats
 15/161 Test  #895: SandboxEditorUi.RenderGraphPanelModelCopiesRendererStats ................................................   Passed    0.00 sec
        Start 3532: RendererRhiBoundary.RendererPublicSurfaceCompilesThroughRhiOnly
 16/161 Test #3532: RendererRhiBoundary.RendererPublicSurfaceCompilesThroughRhiOnly .........................................   Passed    0.00 sec
        Start 3533: RendererRhiBoundary.RendererDoesNotImportVulkanBackend
 17/161 Test #3533: RendererRhiBoundary.RendererDoesNotImportVulkanBackend ..................................................   Passed    0.01 sec
        Start 3534: RendererRhiBoundary.RendererDoesNotImportLiveEcsOwnership
 18/161 Test #3534: RendererRhiBoundary.RendererDoesNotImportLiveEcsOwnership ...............................................   Passed    0.01 sec
        Start 3535: RendererRhiBoundary.RhiLayerDoesNotImportVulkan
 19/161 Test #3535: RendererRhiBoundary.RhiLayerDoesNotImportVulkan .........................................................   Passed    0.00 sec
        Start 3536: RendererRhiBoundary.RetiredTimelineSemaphoreAbstractionStaysAbsent
 20/161 Test #3536: RendererRhiBoundary.RetiredTimelineSemaphoreAbstractionStaysAbsent ......................................   Passed    0.02 sec
        Start 3537: RendererRhiBoundary.RetiredPipelineRegistryStaysAbsent
 21/161 Test #3537: RendererRhiBoundary.RetiredPipelineRegistryStaysAbsent ..................................................   Passed    0.01 sec
        Start 3538: RendererRhiBoundary.RetiredReconstructorBaseStaysAbsent
 22/161 Test #3538: RendererRhiBoundary.RetiredReconstructorBaseStaysAbsent .................................................   Passed    0.01 sec
        Start 3539: RendererRhiBoundary.RetiredTransientDebugUploadHelperBaseStaysAbsent
 23/161 Test #3539: RendererRhiBoundary.RetiredTransientDebugUploadHelperBaseStaysAbsent ....................................   Passed    0.01 sec
        Start 3540: RendererRhiBoundary.PromotedGraphicsAndRuntimeDoNotImportCuda
 24/161 Test #3540: RendererRhiBoundary.PromotedGraphicsAndRuntimeDoNotImportCuda ...........................................   Passed    0.01 sec
        Start 3541: RendererRhiBoundary.SamplerBorderColorStaysBackendNeutralAndMapsInVulkanBackend
 25/161 Test #3541: RendererRhiBoundary.SamplerBorderColorStaysBackendNeutralAndMapsInVulkanBackend .........................   Passed    0.00 sec
        Start 3542: RendererRhiBoundary.VulkanBackendDefinesPromotedSymbols
 26/161 Test #3542: RendererRhiBoundary.VulkanBackendDefinesPromotedSymbols .................................................   Passed    0.00 sec
        Start 3635: CurrentRendererContractAdapter.DescriptorDeclaresCurrentRendererContractSurface
 27/161 Test #3635: CurrentRendererContractAdapter.DescriptorDeclaresCurrentRendererContractSurface .........................   Passed    0.00 sec
        Start 3636: CurrentRendererContractAdapter.BindingSetMapsCurrentMaterialGeometryAndVisualizationInputs
 28/161 Test #3636: CurrentRendererContractAdapter.BindingSetMapsCurrentMaterialGeometryAndVisualizationInputs ..............   Passed    0.00 sec
        Start 3637: CurrentRendererContractAdapter.FrameInputBuildsCompatibleSnapshotRecipeAndDiagnostics
 29/161 Test #3637: CurrentRendererContractAdapter.FrameInputBuildsCompatibleSnapshotRecipeAndDiagnostics ...................   Passed    0.00 sec
        Start 3638: CurrentRendererContractAdapter.RenderWorldKeepsCurrentFrameDiagnosticsNonBlocking
 30/161 Test #3638: CurrentRendererContractAdapter.RenderWorldKeepsCurrentFrameDiagnosticsNonBlocking .......................   Passed    0.00 sec
        Start 3639: CurrentRendererContractAdapter.RecipeDescriptorUsesOnlyDeclaredCurrentRendererSlots
 31/161 Test #3639: CurrentRendererContractAdapter.RecipeDescriptorUsesOnlyDeclaredCurrentRendererSlots .....................   Passed    0.00 sec
        Start 3676: DebugViewPassContract.RendererRoutesAndRecordsDebugViewPass
 32/161 Test #3676: DebugViewPassContract.RendererRoutesAndRecordsDebugViewPass .............................................   Passed    0.07 sec
        Start 3727: FrameRecipeContract.PickingReadbackImportedFromRenderer
 33/161 Test #3727: FrameRecipeContract.PickingReadbackImportedFromRenderer .................................................   Passed    0.00 sec
        Start 3850: PresentPassContract.RendererRoutesAndRecordsPresentPass
 34/161 Test #3850: PresentPassContract.RendererRoutesAndRecordsPresentPass .................................................   Passed    0.07 sec
        Start 3883: RenderingContract.RendererDescriptorRequiresStableContractFields
 35/161 Test #3883: RenderingContract.RendererDescriptorRequiresStableContractFields ........................................   Passed    0.00 sec
        Start 3898: RenderRecipeConfig.FixedRendererCoreCannotBeReplacedByConfig
 36/161 Test #3898: RenderRecipeConfig.FixedRendererCoreCannotBeReplacedByConfig ............................................   Passed    0.00 sec
        Start 3908: RendererFrameLifecycle.ActiveGpuSceneVertexShadersUseSceneTableCameraViewProjection
 37/161 Test #3908: RendererFrameLifecycle.ActiveGpuSceneVertexShadersUseSceneTableCameraViewProjection .....................   Passed    0.00 sec
        Start 3909: RendererFrameLifecycle.FrameRecipeOverrideProjectionDisablesPostProcess
 38/161 Test #3909: RendererFrameLifecycle.FrameRecipeOverrideProjectionDisablesPostProcess .................................   Passed    0.00 sec
        Start 3910: RendererFrameLifecycle.FrameRecipeOverrideProjectionDisablesMappedFeatureSlots
 39/161 Test #3910: RendererFrameLifecycle.FrameRecipeOverrideProjectionDisablesMappedFeatureSlots ..........................   Passed    0.00 sec
        Start 3911: RendererFrameLifecycle.FrameRecipeOverrideProjectionFailsClosedForUnknownSlot
 40/161 Test #3911: RendererFrameLifecycle.FrameRecipeOverrideProjectionFailsClosedForUnknownSlot ...........................   Passed    0.00 sec
        Start 3912: RendererFrameLifecycle.FrameRecipeOverrideProjectionRejectsUnmappedExtensionDisable
 41/161 Test #3912: RendererFrameLifecycle.FrameRecipeOverrideProjectionRejectsUnmappedExtensionDisable .....................   Passed    0.00 sec
        Start 3913: RendererFrameLifecycle.FrameRecipeOverrideProjectionFailsClosedForFixedCoreChanges
 42/161 Test #3913: RendererFrameLifecycle.FrameRecipeOverrideProjectionFailsClosedForFixedCoreChanges ......................   Passed    0.00 sec
        Start 3914: RendererFrameLifecycle.PrepareFramePublishesCameraIntoGpuSceneTable
 43/161 Test #3914: RendererFrameLifecycle.PrepareFramePublishesCameraIntoGpuSceneTable .....................................   Passed    0.06 sec
        Start 3915: RendererFrameLifecycle.ActiveFrameRecipeOverrideOmitsPostProcessPasses
 44/161 Test #3915: RendererFrameLifecycle.ActiveFrameRecipeOverrideOmitsPostProcessPasses ..................................   Passed    0.07 sec
        Start 3916: RendererFrameLifecycle.ActiveFrameRecipeOverrideDiagnosticsLeaveDefaultsUntouched
 45/161 Test #3916: RendererFrameLifecycle.ActiveFrameRecipeOverrideDiagnosticsLeaveDefaultsUntouched .......................   Passed    0.07 sec
        Start 3917: RendererFrameLifecycle.UsesDeviceFrameLifecycleBackbufferAndCommandContext
 46/161 Test #3917: RendererFrameLifecycle.UsesDeviceFrameLifecycleBackbufferAndCommandContext ..............................   Passed    0.07 sec
        Start 3918: RendererFrameLifecycle.PlacedTransientAliasingUsesMemoryBlocksAndAliasBarriers
 47/161 Test #3918: RendererFrameLifecycle.PlacedTransientAliasingUsesMemoryBlocksAndAliasBarriers ..........................   Passed    0.07 sec
        Start 3919: RendererFrameLifecycle.PlacedTransientAliasingDefaultsToPerResourceFallback
 48/161 Test #3919: RendererFrameLifecycle.PlacedTransientAliasingDefaultsToPerResourceFallback .............................   Passed    0.07 sec
        Start 3920: RendererFrameLifecycle.PlacedTransientAliasingFallsBackWhenMemoryBlocksUnavailable
 49/161 Test #3920: RendererFrameLifecycle.PlacedTransientAliasingFallsBackWhenMemoryBlocksUnavailable ......................   Passed    0.08 sec
        Start 3921: RendererFrameLifecycle.RuntimeFrameCommandHooksRunInsideExecuteFrameCommandContext
 50/161 Test #3921: RendererFrameLifecycle.RuntimeFrameCommandHooksRunInsideExecuteFrameCommandContext ......................   Passed    0.09 sec
        Start 3922: RendererFrameLifecycle.RenderGraphReportsCurrentRendererContractAndDeclaredArtifacts
 51/161 Test #3922: RendererFrameLifecycle.RenderGraphReportsCurrentRendererContractAndDeclaredArtifacts ....................   Passed    0.07 sec
        Start 3923: RendererFrameLifecycle.AsyncComputeQueuePlanIncrementsUtilizationStat
 52/161 Test #3923: RendererFrameLifecycle.AsyncComputeQueuePlanIncrementsUtilizationStat ...................................   Passed    0.07 sec
        Start 3924: RendererFrameLifecycle.ParallelRecordingFlagFallsBackWhenDeviceDeclinesContextPlan
 53/161 Test #3924: RendererFrameLifecycle.ParallelRecordingFlagFallsBackWhenDeviceDeclinesContextPlan ......................   Passed    0.07 sec
        Start 3925: RendererFrameLifecycle.ParallelRecordingUsesAcceptedContextPlanInSerialSubmitOrder
 54/161 Test #3925: RendererFrameLifecycle.ParallelRecordingUsesAcceptedContextPlanInSerialSubmitOrder ......................   Passed    0.07 sec
        Start 3926: RendererFrameLifecycle.ParallelRecordingUsesSchedulerWorkersWhenAvailable
 55/161 Test #3926: RendererFrameLifecycle.ParallelRecordingUsesSchedulerWorkersWhenAvailable ...............................   Passed    0.08 sec
        Start 3927: RendererFrameLifecycle.ParallelRecordingUsesAcceptedContextsForAsyncComputeQueuePlan
 56/161 Test #3927: RendererFrameLifecycle.ParallelRecordingUsesAcceptedContextsForAsyncComputeQueuePlan ....................   Passed    0.08 sec
        Start 3928: RendererFrameLifecycle.ParallelRecordingRecordsDynamicUploadPassesThroughAcceptedContexts
 57/161 Test #3928: RendererFrameLifecycle.ParallelRecordingRecordsDynamicUploadPassesThroughAcceptedContexts ...............   Passed    0.07 sec
        Start 3929: RendererFrameLifecycle.InvalidDeviceBackbufferReportsRecipeDiagnostic
 58/161 Test #3929: RendererFrameLifecycle.InvalidDeviceBackbufferReportsRecipeDiagnostic ...................................   Passed    0.07 sec
        Start 3930: RendererFrameLifecycle.PublishesRecipeGraphValidationOnSuccessfulCompile
 59/161 Test #3930: RendererFrameLifecycle.PublishesRecipeGraphValidationOnSuccessfulCompile ................................   Passed    0.07 sec
        Start 3931: RendererFrameLifecycle.PublishesFailClosedRecipeValidationOnRecipeBuildFailure
 60/161 Test #3931: RendererFrameLifecycle.PublishesFailClosedRecipeValidationOnRecipeBuildFailure ..........................   Passed    0.06 sec
        Start 3932: RendererFrameLifecycle.NonOperationalDeviceSkipsCullingCommandsButExecutesGraph
 61/161 Test #3932: RendererFrameLifecycle.NonOperationalDeviceSkipsCullingCommandsButExecutesGraph .........................   Passed    0.03 sec
        Start 3933: RendererFrameLifecycle.OperationalRebuildAfterNonOperationalStartupRecordsRoutedCommands
 62/161 Test #3933: RendererFrameLifecycle.OperationalRebuildAfterNonOperationalStartupRecordsRoutedCommands ................   Passed    0.08 sec
        Start 3934: RendererFrameLifecycle.DepthPrepassPipelineFailureSkipsUnavailableCommandPass
 63/161 Test #3934: RendererFrameLifecycle.DepthPrepassPipelineFailureSkipsUnavailableCommandPass ...........................   Passed    0.08 sec
        Start 3935: RendererFrameLifecycle.CullingPipelineFailureSkipsRoutedCommandPassesUnavailable
 64/161 Test #3935: RendererFrameLifecycle.CullingPipelineFailureSkipsRoutedCommandPassesUnavailable ........................   Passed    0.07 sec
        Start 3936: RendererFrameLifecycle.BeginFrameWithoutDeviceReportsLifecycleDiagnostic
 65/161 Test #3936: RendererFrameLifecycle.BeginFrameWithoutDeviceReportsLifecycleDiagnostic ................................   Passed    0.00 sec
        Start 3937: RendererFrameLifecycle.BeginFrameSkipDoesNotRecordCommands
 66/161 Test #3937: RendererFrameLifecycle.BeginFrameSkipDoesNotRecordCommands ..............................................   Passed    0.03 sec
        Start 3938: RendererFrameLifecycle.ExecuteFrameRejectsAfterRenderPrepFailure
 67/161 Test #3938: RendererFrameLifecycle.ExecuteFrameRejectsAfterRenderPrepFailure ........................................   Passed    0.03 sec
        Start 3939: RendererFrameLifecycle.FrameRecipePassesAllProduceStructuredCommandRecordStatuses
 68/161 Test #3939: RendererFrameLifecycle.FrameRecipePassesAllProduceStructuredCommandRecordStatuses .......................   Passed    0.07 sec
        Start 3940: RendererFrameLifecycle.DefaultDebugSurfacePipelineSurvivesOperationalRebuild
 69/161 Test #3940: RendererFrameLifecycle.DefaultDebugSurfacePipelineSurvivesOperationalRebuild ............................   Passed    0.07 sec
        Start 3941: RendererFrameLifecycle.ForwardSurfacePipelineSurvivesOperationalRebuild
 70/161 Test #3941: RendererFrameLifecycle.ForwardSurfacePipelineSurvivesOperationalRebuild .................................   Passed    0.07 sec
        Start 3942: RendererFrameLifecycle.ForwardLinePointPipelinesSurviveOperationalRebuild
 71/161 Test #3942: RendererFrameLifecycle.ForwardLinePointPipelinesSurviveOperationalRebuild ...............................   Passed    0.07 sec
        Start 3943: RendererFrameLifecycle.ForwardPointSphereImpostorsWriteCorrectedDepth
 72/161 Test #3943: RendererFrameLifecycle.ForwardPointSphereImpostorsWriteCorrectedDepth ...................................   Passed    0.00 sec
        Start 3944: RendererFrameLifecycle.ForwardLinePointShadersUseSharedVisualizationColorHelpers
 73/161 Test #3944: RendererFrameLifecycle.ForwardLinePointShadersUseSharedVisualizationColorHelpers ........................   Passed    0.00 sec
        Start 3945: RendererFrameLifecycle.ShadowPipelineSurvivesOperationalRebuild
 74/161 Test #3945: RendererFrameLifecycle.ShadowPipelineSurvivesOperationalRebuild .........................................   Passed    0.07 sec
        Start 3946: RendererFrameLifecycle.ShadowAtlasSurvivesOperationalRebuild
 75/161 Test #3946: RendererFrameLifecycle.ShadowAtlasSurvivesOperationalRebuild ............................................   Passed    0.07 sec
        Start 3947: RendererFrameLifecycle.ForwardSurfacePassSkipsUnavailableWhenCullOutputMissing
 76/161 Test #3947: RendererFrameLifecycle.ForwardSurfacePassSkipsUnavailableWhenCullOutputMissing ..........................   Passed    0.06 sec
        Start 3948: RendererFrameLifecycle.ForwardLinePointPassesSkipUnavailableWhenCullOutputMissing
 77/161 Test #3948: RendererFrameLifecycle.ForwardLinePointPassesSkipUnavailableWhenCullOutputMissing .......................   Passed    0.06 sec
        Start 3949: RendererFrameLifecycle.DeferredGBufferPipelineSurvivesOperationalRebuild
 78/161 Test #3949: RendererFrameLifecycle.DeferredGBufferPipelineSurvivesOperationalRebuild ................................   Passed    0.07 sec
        Start 3950: RendererFrameLifecycle.DeferredSurfacePassRecordsWhenLightingPathIsDeferred
 79/161 Test #3950: RendererFrameLifecycle.DeferredSurfacePassRecordsWhenLightingPathIsDeferred .............................   Passed    0.07 sec
        Start 3951: RendererFrameLifecycle.DeferredSurfacePassSkipsUnavailableWhenPipelineMissing
 80/161 Test #3951: RendererFrameLifecycle.DeferredSurfacePassSkipsUnavailableWhenPipelineMissing ...........................   Passed    0.07 sec
        Start 3952: RendererFrameLifecycle.DeferredLightingPipelineSurvivesOperationalRebuild
 81/161 Test #3952: RendererFrameLifecycle.DeferredLightingPipelineSurvivesOperationalRebuild ...............................   Passed    0.07 sec
        Start 3953: RendererFrameLifecycle.DeferredLightingPassSkipsUnavailableWhenPipelineMissing
 82/161 Test #3953: RendererFrameLifecycle.DeferredLightingPassSkipsUnavailableWhenPipelineMissing ..........................   Passed    0.07 sec
        Start 3954: RendererFrameLifecycle.DeferredGBufferToCompositionEmitsColorToShaderReadBarriers
 83/161 Test #3954: RendererFrameLifecycle.DeferredGBufferToCompositionEmitsColorToShaderReadBarriers .......................   Passed    0.07 sec
        Start 3955: RendererFrameLifecycle.DeferredLightingShadowAtlasTransitionsDepthToShaderReadBeforeComposition
 84/161 Test #3955: RendererFrameLifecycle.DeferredLightingShadowAtlasTransitionsDepthToShaderReadBeforeComposition .........   Passed    0.07 sec
        Start 3956: RendererFrameLifecycle.DeferredLightingPushConstantsCarryShadowAtlasBindlessIndex
 85/161 Test #3956: RendererFrameLifecycle.DeferredLightingPushConstantsCarryShadowAtlasBindlessIndex .......................   Passed    0.07 sec
        Start 3957: RendererFrameLifecycle.EntityIdPickingPipelineSurvivesOperationalRebuild
 86/161 Test #3957: RendererFrameLifecycle.EntityIdPickingPipelineSurvivesOperationalRebuild ................................   Passed    0.07 sec
        Start 3958: RendererFrameLifecycle.EntityIdOutlinePipelineUsesSingleTargetShape
 87/161 Test #3958: RendererFrameLifecycle.EntityIdOutlinePipelineUsesSingleTargetShape .....................................   Passed    0.07 sec
        Start 3959: RendererFrameLifecycle.FaceIdPickingPipelineSurvivesOperationalRebuild
 88/161 Test #3959: RendererFrameLifecycle.FaceIdPickingPipelineSurvivesOperationalRebuild ..................................   Passed    0.07 sec
        Start 3960: RendererFrameLifecycle.EdgeIdPickingPipelineSurvivesOperationalRebuild
 89/161 Test #3960: RendererFrameLifecycle.EdgeIdPickingPipelineSurvivesOperationalRebuild ..................................   Passed    0.07 sec
        Start 3961: RendererFrameLifecycle.PointIdPickingPipelineSurvivesOperationalRebuild
 90/161 Test #3961: RendererFrameLifecycle.PointIdPickingPipelineSurvivesOperationalRebuild .................................   Passed    0.07 sec
        Start 3962: RendererFrameLifecycle.SelectionOutlinePipelineSurvivesOperationalRebuild
 91/161 Test #3962: RendererFrameLifecycle.SelectionOutlinePipelineSurvivesOperationalRebuild ...............................   Passed    0.07 sec
        Start 3963: RendererFrameLifecycle.PostProcessToneMapPipelineSurvivesOperationalRebuild
 92/161 Test #3963: RendererFrameLifecycle.PostProcessToneMapPipelineSurvivesOperationalRebuild .............................   Passed    0.07 sec
        Start 3964: RendererFrameLifecycle.PostProcessBloomPipelinesSurviveOperationalRebuild
 93/161 Test #3964: RendererFrameLifecycle.PostProcessBloomPipelinesSurviveOperationalRebuild ...............................   Passed    0.07 sec
        Start 3965: RendererFrameLifecycle.PostProcessFXAAPipelineSurvivesOperationalRebuild
 94/161 Test #3965: RendererFrameLifecycle.PostProcessFXAAPipelineSurvivesOperationalRebuild ................................   Passed    0.07 sec
        Start 3966: RendererFrameLifecycle.PostProcessSMAAPipelinesSurviveOperationalRebuild
 95/161 Test #3966: RendererFrameLifecycle.PostProcessSMAAPipelinesSurviveOperationalRebuild ................................   Passed    0.07 sec
        Start 3967: RendererFrameLifecycle.PostProcessHistogramPipelineSurvivesOperationalRebuild
 96/161 Test #3967: RendererFrameLifecycle.PostProcessHistogramPipelineSurvivesOperationalRebuild ...........................   Passed    0.07 sec
        Start 3968: RendererFrameLifecycle.HZBBuildPipelineSurvivesOperationalRebuild
 97/161 Test #3968: RendererFrameLifecycle.HZBBuildPipelineSurvivesOperationalRebuild .......................................   Passed    0.07 sec
        Start 3969: RendererFrameLifecycle.ClusterLightingPipelinesAndSceneTablePublishSurviveRebuild
 98/161 Test #3969: RendererFrameLifecycle.ClusterLightingPipelinesAndSceneTablePublishSurviveRebuild .......................   Passed    0.10 sec
        Start 3970: RendererFrameLifecycle.HZBBuildPassRecordsFallbackDispatches
 99/161 Test #3970: RendererFrameLifecycle.HZBBuildPassRecordsFallbackDispatches ............................................   Passed    0.07 sec
        Start 3971: RendererFrameLifecycle.PostProcessSMAALookupTexturesSurviveOperationalRebuild
100/161 Test #3971: RendererFrameLifecycle.PostProcessSMAALookupTexturesSurviveOperationalRebuild ...........................   Passed    0.07 sec
        Start 3972: RendererFrameLifecycle.PostProcessSMAALookupTexturesRetryAfterFailedUpload
101/161 Test #3972: RendererFrameLifecycle.PostProcessSMAALookupTexturesRetryAfterFailedUpload ..............................   Passed    0.07 sec
        Start 3973: RendererFrameLifecycle.TAARecordsReconstructionPassAndDiagnostics
102/161 Test #3973: RendererFrameLifecycle.TAARecordsReconstructionPassAndDiagnostics .......................................   Passed    0.07 sec
        Start 3974: RendererFrameLifecycle.FXAASelectedWithoutPipelineKeepsResolveSkippedAndPresentOnSceneColorLDR
103/161 Test #3974: RendererFrameLifecycle.FXAASelectedWithoutPipelineKeepsResolveSkippedAndPresentOnSceneColorLDR ..........   Passed    0.07 sec
        Start 3975: RendererFrameLifecycle.SMAASelectedWithoutResolvePipelineKeepsResolveSkippedAndPresentOnSceneColorLDR
104/161 Test #3975: RendererFrameLifecycle.SMAASelectedWithoutResolvePipelineKeepsResolveSkippedAndPresentOnSceneColorLDR ...   Passed    0.07 sec
        Start 3976: RendererFrameLifecycle.SelectionOutlinePassRecordsWhenSelectableEntityPresent
105/161 Test #3976: RendererFrameLifecycle.SelectionOutlinePassRecordsWhenSelectableEntityPresent ...........................   Passed    0.07 sec
        Start 3977: RendererFrameLifecycle.SelectionOutlineBindsEntityIdToDedicatedSampledSlot
106/161 Test #3977: RendererFrameLifecycle.SelectionOutlineBindsEntityIdToDedicatedSampledSlot ..............................   Passed    0.07 sec
        Start 3978: RendererFrameLifecycle.SelectionOutlinePushConstantsMatchRecipeInputs
107/161 Test #3978: RendererFrameLifecycle.SelectionOutlinePushConstantsMatchRecipeInputs ...................................   Passed    0.07 sec
        Start 3979: RendererFrameLifecycle.PickingReadbackBufferSurvivesOperationalRebuild
108/161 Test #3979: RendererFrameLifecycle.PickingReadbackBufferSurvivesOperationalRebuild ..................................   Passed    0.07 sec
        Start 3980: RendererFrameLifecycle.PickingReadbackBufferReallocatesWhenFramesInFlightChanges
109/161 Test #3980: RendererFrameLifecycle.PickingReadbackBufferReallocatesWhenFramesInFlightChanges ........................   Passed    0.11 sec
        Start 3981: RendererFrameLifecycle.PickingReadbackCopyRecordedWhenPickPending
110/161 Test #3981: RendererFrameLifecycle.PickingReadbackCopyRecordedWhenPickPending .......................................   Passed    0.07 sec
        Start 3982: RendererFrameLifecycle.PickingReadbackCopySkippedWhenNotPending
111/161 Test #3982: RendererFrameLifecycle.PickingReadbackCopySkippedWhenNotPending .........................................   Passed    0.07 sec
        Start 3983: RendererFrameLifecycle.PickingReadbackPublishesPickResultForHitPixel
112/161 Test #3983: RendererFrameLifecycle.PickingReadbackPublishesPickResultForHitPixel ....................................   Passed    0.07 sec
        Start 3984: RendererFrameLifecycle.PickingReadbackPreservesCorrelationSequence
113/161 Test #3984: RendererFrameLifecycle.PickingReadbackPreservesCorrelationSequence ......................................   Passed    0.07 sec
        Start 3985: RendererFrameLifecycle.PickingReadbackPublishesNoHitForMissPixel
114/161 Test #3985: RendererFrameLifecycle.PickingReadbackPublishesNoHitForMissPixel ........................................   Passed    0.07 sec
        Start 3986: RendererFrameLifecycle.PickingReadbackPublishesNoHitForInvalidatedRequest
115/161 Test #3986: RendererFrameLifecycle.PickingReadbackPublishesNoHitForInvalidatedRequest ...............................   Passed    0.10 sec
        Start 3987: RendererFrameLifecycle.PickingReadbackPublishesNoHitForTruncatedSlotOnFifShrink
116/161 Test #3987: RendererFrameLifecycle.PickingReadbackPublishesNoHitForTruncatedSlotOnFifShrink .........................   Passed    0.10 sec
        Start 3988: RendererFrameLifecycle.HistogramReadbackBufferSurvivesOperationalRebuild
117/161 Test #3988: RendererFrameLifecycle.HistogramReadbackBufferSurvivesOperationalRebuild ................................   Passed    0.07 sec
        Start 3989: RendererFrameLifecycle.HistogramReadbackCopyRecordedOnOperationalFrame
118/161 Test #3989: RendererFrameLifecycle.HistogramReadbackCopyRecordedOnOperationalFrame ..................................   Passed    0.07 sec
        Start 3990: RendererFrameLifecycle.HistogramReadbackDrainPublishesEachSlotExactlyOnce
119/161 Test #3990: RendererFrameLifecycle.HistogramReadbackDrainPublishesEachSlotExactlyOnce ...............................   Passed    0.07 sec
        Start 3991: RendererFrameLifecycle.HistogramReadbackCopySkippedWhenStageDisabled
120/161 Test #3991: RendererFrameLifecycle.HistogramReadbackCopySkippedWhenStageDisabled ....................................   Passed    0.07 sec
        Start 3992: RendererFrameLifecycle.PublishHistogramReadbackUpdatesExposureHistory
121/161 Test #3992: RendererFrameLifecycle.PublishHistogramReadbackUpdatesExposureHistory ...................................   Passed    0.03 sec
        Start 3993: RendererFrameLifecycle.NativeGpuProfilerSubmitsExactCompiledPlanAndPublishesOnlyRecordedPasses
122/161 Test #3993: RendererFrameLifecycle.NativeGpuProfilerSubmitsExactCompiledPlanAndPublishesOnlyRecordedPasses ..........   Passed    0.08 sec
        Start 3994: RendererFrameLifecycle.NativeGpuProfilerUsesAcceptedParallelMultiQueueAttribution
123/161 Test #3994: RendererFrameLifecycle.NativeGpuProfilerUsesAcceptedParallelMultiQueueAttribution .......................   Passed    0.08 sec
        Start 3995: RendererFrameLifecycle.NativeGpuProfilerLabelsRejectedAsyncPlanAsGraphicsFallback
124/161 Test #3995: RendererFrameLifecycle.NativeGpuProfilerLabelsRejectedAsyncPlanAsGraphicsFallback .......................   Passed    0.07 sec
        Start 3996: RendererFrameLifecycle.NativeGpuProfilerDiscardsWhenDeviceSubmissionDoesNotAdvance
125/161 Test #3996: RendererFrameLifecycle.NativeGpuProfilerDiscardsWhenDeviceSubmissionDoesNotAdvance ......................   Passed    0.07 sec
        Start 3997: RendererFrameLifecycle.DeviceLostAfterActiveProfileDeviceEndOverridesInvalidLifecycle
126/161 Test #3997: RendererFrameLifecycle.DeviceLostAfterActiveProfileDeviceEndOverridesInvalidLifecycle ...................   Passed    0.08 sec
        Start 3998: RendererFrameLifecycle.DeviceLostAfterHotDisabledDeviceEndOverridesDisabledProfile
127/161 Test #3998: RendererFrameLifecycle.DeviceLostAfterHotDisabledDeviceEndOverridesDisabledProfile ......................   Passed    0.08 sec
        Start 3999: RendererFrameLifecycle.GpuProfilerScopeFailureDoesNotAbortRenderingAndDiscardsWholeCandidate
128/161 Test #3999: RendererFrameLifecycle.GpuProfilerScopeFailureDoesNotAbortRenderingAndDiscardsWholeCandidate ............   Passed    0.07 sec
        Start 4000: RendererFrameLifecycle.GpuProfilerNoFreshBeginPathsClearPriorTelemetry
129/161 Test #4000: RendererFrameLifecycle.GpuProfilerNoFreshBeginPathsClearPriorTelemetry ..................................   Passed    0.07 sec
        Start 4001: RendererFrameLifecycle.GpuProfilerPerFrameUnsupportedPlanDoesNotAbortRendering
130/161 Test #4001: RendererFrameLifecycle.GpuProfilerPerFrameUnsupportedPlanDoesNotAbortRendering ..........................   Passed    0.07 sec
        Start 4002: RendererFrameLifecycle.HotDisabledGpuProfilerPreservesDeviceLostStaleLastGoodProfile
131/161 Test #4002: RendererFrameLifecycle.HotDisabledGpuProfilerPreservesDeviceLostStaleLastGoodProfile ....................   Passed    0.08 sec
        Start 4003: RendererFrameLifecycle.DeviceLostProfilerStatusMapsFailedDeviceBeginFrame
132/161 Test #4003: RendererFrameLifecycle.DeviceLostProfilerStatusMapsFailedDeviceBeginFrame ...............................   Passed    0.08 sec
        Start 4004: RendererFrameLifecycle.GpuProfilerHotDisableOmitsScopesAndReenableReusesAdapter
133/161 Test #4004: RendererFrameLifecycle.GpuProfilerHotDisableOmitsScopesAndReenableReusesAdapter .........................   Passed    0.09 sec
        Start 4005: RendererFrameLifecycle.GpuProfilerShutdownDiscardsActiveCandidateBeforeReinitialize
134/161 Test #4005: RendererFrameLifecycle.GpuProfilerShutdownDiscardsActiveCandidateBeforeReinitialize .....................   Passed    0.13 sec
        Start 4009: RenderWorldContract.ExposesRendererOwnedImmutableRuntimeSnapshots
135/161 Test #4009: RenderWorldContract.ExposesRendererOwnedImmutableRuntimeSnapshots .......................................   Passed    0.03 sec
        Start 4040: VisibilityRecipe.RendererProductCompatibilityUsesDeclaredCapabilitiesAndProducedProducts
136/161 Test #4040: VisibilityRecipe.RendererProductCompatibilityUsesDeclaredCapabilitiesAndProducedProducts ................   Passed    0.00 sec
        Start 4057: TransientDebugSurfacePassContract.RecipeDeclaresPassWhenTransientPrimitivesExist
137/161 Test #4057: TransientDebugSurfacePassContract.RecipeDeclaresPassWhenTransientPrimitivesExist ........................   Passed    0.00 sec
        Start 4058: TransientDebugSurfacePassContract.RecipeOmitsPassWhenNoTransientPrimitives
138/161 Test #4058: TransientDebugSurfacePassContract.RecipeOmitsPassWhenNoTransientPrimitives ..............................   Passed    0.07 sec
        Start 4059: TransientDebugSurfacePassContract.NonOperationalDeviceSkipsNonOperational
139/161 Test #4059: TransientDebugSurfacePassContract.NonOperationalDeviceSkipsNonOperational ...............................   Passed    0.03 sec
        Start 4060: TransientDebugSurfacePassContract.MissingTrianglePipelineLeaseSkipsUnavailable
140/161 Test #4060: TransientDebugSurfacePassContract.MissingTrianglePipelineLeaseSkipsUnavailable ..........................   Passed    0.07 sec
        Start 4061: TransientDebugSurfacePassContract.RecordsTriangleBindPipelineAndDraw
141/161 Test #4061: TransientDebugSurfacePassContract.RecordsTriangleBindPipelineAndDraw ....................................   Passed    0.07 sec
        Start 4062: TransientDebugSurfacePassContract.SelectsAlwaysOnTopVariantPerPacket
142/161 Test #4062: TransientDebugSurfacePassContract.SelectsAlwaysOnTopVariantPerPacket ....................................   Passed    0.07 sec
        Start 4063: TransientDebugSurfacePassContract.PerFrameBufferRecyclingDoesNotLeak
143/161 Test #4063: TransientDebugSurfacePassContract.PerFrameBufferRecyclingDoesNotLeak ....................................   Passed    0.11 sec
        Start 4064: TransientDebugSurfacePassContract.UploadHelperPartitionsStorageByFrameSlot
144/161 Test #4064: TransientDebugSurfacePassContract.UploadHelperPartitionsStorageByFrameSlot ..............................   Passed    0.00 sec
        Start 4065: TransientDebugSurfacePassContract.RecordsLineBindPipelineAndDraw
145/161 Test #4065: TransientDebugSurfacePassContract.RecordsLineBindPipelineAndDraw ........................................   Passed    0.07 sec
        Start 4066: TransientDebugSurfacePassContract.SelectsLineAlwaysOnTopVariantPerPacket
146/161 Test #4066: TransientDebugSurfacePassContract.SelectsLineAlwaysOnTopVariantPerPacket ................................   Passed    0.07 sec
        Start 4067: TransientDebugSurfacePassContract.MissingLinePipelineLeaseSkipsUnavailable
147/161 Test #4067: TransientDebugSurfacePassContract.MissingLinePipelineLeaseSkipsUnavailable ..............................   Passed    0.07 sec
        Start 4068: TransientDebugSurfacePassContract.RecordsPointBindPipelineAndDraw
148/161 Test #4068: TransientDebugSurfacePassContract.RecordsPointBindPipelineAndDraw .......................................   Passed    0.07 sec
        Start 4069: TransientDebugSurfacePassContract.SelectsPointAlwaysOnTopVariantPerPacket
149/161 Test #4069: TransientDebugSurfacePassContract.SelectsPointAlwaysOnTopVariantPerPacket ...............................   Passed    0.07 sec
        Start 4070: TransientDebugSurfacePassContract.MissingPointPipelineLeaseSkipsUnavailable
150/161 Test #4070: TransientDebugSurfacePassContract.MissingPointPipelineLeaseSkipsUnavailable .............................   Passed    0.07 sec
        Start 4071: TransientDebugSurfacePassContract.RecordsAllThreeLanesWhenAllSubmitted
151/161 Test #4071: TransientDebugSurfacePassContract.RecordsAllThreeLanesWhenAllSubmitted ..................................   Passed    0.07 sec
        Start 4072: TransientDebugSurfacePassContract.TransientReadbackDefaultDisabledEvenWhenPassRecords
152/161 Test #4072: TransientDebugSurfacePassContract.TransientReadbackDefaultDisabledEvenWhenPassRecords ...................   Passed    0.07 sec
        Start 4073: TransientDebugSurfacePassContract.TransientReadbackRecordsOnlyWhenPassRecords
153/161 Test #4073: TransientDebugSurfacePassContract.TransientReadbackRecordsOnlyWhenPassRecords ...........................   Passed    0.07 sec
        Start 4074: TransientDebugSurfacePassContract.TransientReadbackSkipsWhenPassOmitted
154/161 Test #4074: TransientDebugSurfacePassContract.TransientReadbackSkipsWhenPassOmitted .................................   Passed    0.07 sec
        Start 4075: TransientDebugSurfacePassContract.TransientReadbackSkipsWhenDeviceNonOperational
155/161 Test #4075: TransientDebugSurfacePassContract.TransientReadbackSkipsWhenDeviceNonOperational ........................   Passed    0.03 sec
        Start 4076: TransientDebugSurfacePassContract.UploadOverflowSkipsUnavailableWithoutFalseRecorded
156/161 Test #4076: TransientDebugSurfacePassContract.UploadOverflowSkipsUnavailableWithoutFalseRecorded ....................   Passed    0.08 sec
        Start 4077: TransientDebugSurfacePassContract.MixedLanePartialPipelineSkipRecordsRemainingLanes
157/161 Test #4077: TransientDebugSurfacePassContract.MixedLanePartialPipelineSkipRecordsRemainingLanes .....................   Passed    0.07 sec
        Start 4110: VisualizationPropertyBufferResidencyContract.RendererPublishesAddressBeforePacketValidation
158/161 Test #4110: VisualizationPropertyBufferResidencyContract.RendererPublishesAddressBeforePacketValidation .............   Passed    0.07 sec
        Start 4146: RuntimeFrameLoopContract.RenderFrameOrdersPromotedRendererPhases
159/161 Test #4146: RuntimeFrameLoopContract.RenderFrameOrdersPromotedRendererPhases ........................................   Passed    0.00 sec
        Start 4149: RuntimeFrameLoopContract.OperationalTransitionWaitsIdleThenRebuildsRendererOnce
160/161 Test #4149: RuntimeFrameLoopContract.OperationalTransitionWaitsIdleThenRebuildsRendererOnce .........................   Passed    0.00 sec
        Start 4151: RuntimeFrameLoopContract.OperationalTransitionDoesNotMarkRendererWhenRebuildFails
161/161 Test #4151: RuntimeFrameLoopContract.OperationalTransitionDoesNotMarkRendererWhenRebuildFails .......................   Passed    0.00 sec

100% tests passed, 0 tests failed out of 161

Label Time Summary:
contract       =   8.58 sec*proc (148 tests)
graphics       =   9.17 sec*proc (156 tests)
integration    =   0.68 sec*proc (13 tests)
runtime        =   0.09 sec*proc (8 tests)

Total Test time (real) =   9.35 sec
