Test project /home/alex/Documents/IntrinsicEngine/build/ci
    Start 1031: SandboxEditorUi.DirectMeshPostProcessDiscardsCompletionAfterGeometryEdit
    Test #1031: SandboxEditorUi.DirectMeshPostProcessDiscardsCompletionAfterGeometryEdit ...   Passed    0.06 sec
    Start 1031: SandboxEditorUi.DirectMeshPostProcessDiscardsCompletionAfterGeometryEdit
    Test #1031: SandboxEditorUi.DirectMeshPostProcessDiscardsCompletionAfterGeometryEdit ...   Passed    0.06 sec
    Start 1031: SandboxEditorUi.DirectMeshPostProcessDiscardsCompletionAfterGeometryEdit
    Test #1031: SandboxEditorUi.DirectMeshPostProcessDiscardsCompletionAfterGeometryEdit ...   Passed    0.06 sec
    Start 1031: SandboxEditorUi.DirectMeshPostProcessDiscardsCompletionAfterGeometryEdit
    Test #1031: SandboxEditorUi.DirectMeshPostProcessDiscardsCompletionAfterGeometryEdit ...   Passed    0.06 sec
    Start 1031: SandboxEditorUi.DirectMeshPostProcessDiscardsCompletionAfterGeometryEdit
    Test #1031: SandboxEditorUi.DirectMeshPostProcessDiscardsCompletionAfterGeometryEdit ...   Passed    0.06 sec
    Start 1031: SandboxEditorUi.DirectMeshPostProcessDiscardsCompletionAfterGeometryEdit
    Test #1031: SandboxEditorUi.DirectMeshPostProcessDiscardsCompletionAfterGeometryEdit ...   Passed    0.06 sec
    Start 1031: SandboxEditorUi.DirectMeshPostProcessDiscardsCompletionAfterGeometryEdit
    Test #1031: SandboxEditorUi.DirectMeshPostProcessDiscardsCompletionAfterGeometryEdit ...   Passed    0.06 sec
    Start 1031: SandboxEditorUi.DirectMeshPostProcessDiscardsCompletionAfterGeometryEdit
    Test #1031: SandboxEditorUi.DirectMeshPostProcessDiscardsCompletionAfterGeometryEdit ...   Passed    0.06 sec
    Start 1031: SandboxEditorUi.DirectMeshPostProcessDiscardsCompletionAfterGeometryEdit
    Test #1031: SandboxEditorUi.DirectMeshPostProcessDiscardsCompletionAfterGeometryEdit ...   Passed    0.06 sec
    Start 1031: SandboxEditorUi.DirectMeshPostProcessDiscardsCompletionAfterGeometryEdit
    Test #1031: SandboxEditorUi.DirectMeshPostProcessDiscardsCompletionAfterGeometryEdit ...   Passed    0.06 sec
    Start 1031: SandboxEditorUi.DirectMeshPostProcessDiscardsCompletionAfterGeometryEdit
    Test #1031: SandboxEditorUi.DirectMeshPostProcessDiscardsCompletionAfterGeometryEdit ...   Passed    0.06 sec
    Start 1031: SandboxEditorUi.DirectMeshPostProcessDiscardsCompletionAfterGeometryEdit
    Test #1031: SandboxEditorUi.DirectMeshPostProcessDiscardsCompletionAfterGeometryEdit ...   Passed    0.06 sec
    Start 1031: SandboxEditorUi.DirectMeshPostProcessDiscardsCompletionAfterGeometryEdit
    Test #1031: SandboxEditorUi.DirectMeshPostProcessDiscardsCompletionAfterGeometryEdit ...   Passed    0.06 sec
    Start 1031: SandboxEditorUi.DirectMeshPostProcessDiscardsCompletionAfterGeometryEdit
    Test #1031: SandboxEditorUi.DirectMeshPostProcessDiscardsCompletionAfterGeometryEdit ...   Passed    0.06 sec
    Start 1031: SandboxEditorUi.DirectMeshPostProcessDiscardsCompletionAfterGeometryEdit
    Test #1031: SandboxEditorUi.DirectMeshPostProcessDiscardsCompletionAfterGeometryEdit ...   Passed    0.06 sec
    Start 1031: SandboxEditorUi.DirectMeshPostProcessDiscardsCompletionAfterGeometryEdit
    Test #1031: SandboxEditorUi.DirectMeshPostProcessDiscardsCompletionAfterGeometryEdit ...   Passed    0.05 sec
    Start 1031: SandboxEditorUi.DirectMeshPostProcessDiscardsCompletionAfterGeometryEdit
    Test #1031: SandboxEditorUi.DirectMeshPostProcessDiscardsCompletionAfterGeometryEdit ...   Passed    0.06 sec
    Start 1031: SandboxEditorUi.DirectMeshPostProcessDiscardsCompletionAfterGeometryEdit
    Test #1031: SandboxEditorUi.DirectMeshPostProcessDiscardsCompletionAfterGeometryEdit ...   Passed    0.06 sec
    Start 1031: SandboxEditorUi.DirectMeshPostProcessDiscardsCompletionAfterGeometryEdit
    Test #1031: SandboxEditorUi.DirectMeshPostProcessDiscardsCompletionAfterGeometryEdit ...   Passed    0.06 sec
    Start 1031: SandboxEditorUi.DirectMeshPostProcessDiscardsCompletionAfterGeometryEdit
1/3 Test #1031: SandboxEditorUi.DirectMeshPostProcessDiscardsCompletionAfterGeometryEdit ...   Passed    0.06 sec
    Start 1032: SandboxEditorUi.DirectMeshPostProcessPreservesNewerUvAndSourceProperties
    Test #1032: SandboxEditorUi.DirectMeshPostProcessPreservesNewerUvAndSourceProperties ...   Passed    0.06 sec
    Start 1032: SandboxEditorUi.DirectMeshPostProcessPreservesNewerUvAndSourceProperties
    Test #1032: SandboxEditorUi.DirectMeshPostProcessPreservesNewerUvAndSourceProperties ...   Passed    0.06 sec
    Start 1032: SandboxEditorUi.DirectMeshPostProcessPreservesNewerUvAndSourceProperties
    Test #1032: SandboxEditorUi.DirectMeshPostProcessPreservesNewerUvAndSourceProperties ...   Passed    0.06 sec
    Start 1032: SandboxEditorUi.DirectMeshPostProcessPreservesNewerUvAndSourceProperties
    Test #1032: SandboxEditorUi.DirectMeshPostProcessPreservesNewerUvAndSourceProperties ...   Passed    0.06 sec
    Start 1032: SandboxEditorUi.DirectMeshPostProcessPreservesNewerUvAndSourceProperties
    Test #1032: SandboxEditorUi.DirectMeshPostProcessPreservesNewerUvAndSourceProperties ...   Passed    0.06 sec
    Start 1032: SandboxEditorUi.DirectMeshPostProcessPreservesNewerUvAndSourceProperties
    Test #1032: SandboxEditorUi.DirectMeshPostProcessPreservesNewerUvAndSourceProperties ...   Passed    0.06 sec
    Start 1032: SandboxEditorUi.DirectMeshPostProcessPreservesNewerUvAndSourceProperties
    Test #1032: SandboxEditorUi.DirectMeshPostProcessPreservesNewerUvAndSourceProperties ...   Passed    0.06 sec
    Start 1032: SandboxEditorUi.DirectMeshPostProcessPreservesNewerUvAndSourceProperties
    Test #1032: SandboxEditorUi.DirectMeshPostProcessPreservesNewerUvAndSourceProperties ...   Passed    0.06 sec
    Start 1032: SandboxEditorUi.DirectMeshPostProcessPreservesNewerUvAndSourceProperties
    Test #1032: SandboxEditorUi.DirectMeshPostProcessPreservesNewerUvAndSourceProperties ...   Passed    0.06 sec
    Start 1032: SandboxEditorUi.DirectMeshPostProcessPreservesNewerUvAndSourceProperties
    Test #1032: SandboxEditorUi.DirectMeshPostProcessPreservesNewerUvAndSourceProperties ...   Passed    0.06 sec
    Start 1032: SandboxEditorUi.DirectMeshPostProcessPreservesNewerUvAndSourceProperties
    Test #1032: SandboxEditorUi.DirectMeshPostProcessPreservesNewerUvAndSourceProperties ...   Passed    0.06 sec
    Start 1032: SandboxEditorUi.DirectMeshPostProcessPreservesNewerUvAndSourceProperties
    Test #1032: SandboxEditorUi.DirectMeshPostProcessPreservesNewerUvAndSourceProperties ...   Passed    0.06 sec
    Start 1032: SandboxEditorUi.DirectMeshPostProcessPreservesNewerUvAndSourceProperties
    Test #1032: SandboxEditorUi.DirectMeshPostProcessPreservesNewerUvAndSourceProperties ...   Passed    0.06 sec
    Start 1032: SandboxEditorUi.DirectMeshPostProcessPreservesNewerUvAndSourceProperties
    Test #1032: SandboxEditorUi.DirectMeshPostProcessPreservesNewerUvAndSourceProperties ...   Passed    0.06 sec
    Start 1032: SandboxEditorUi.DirectMeshPostProcessPreservesNewerUvAndSourceProperties
    Test #1032: SandboxEditorUi.DirectMeshPostProcessPreservesNewerUvAndSourceProperties ...   Passed    0.06 sec
    Start 1032: SandboxEditorUi.DirectMeshPostProcessPreservesNewerUvAndSourceProperties
    Test #1032: SandboxEditorUi.DirectMeshPostProcessPreservesNewerUvAndSourceProperties ...   Passed    0.05 sec
    Start 1032: SandboxEditorUi.DirectMeshPostProcessPreservesNewerUvAndSourceProperties
    Test #1032: SandboxEditorUi.DirectMeshPostProcessPreservesNewerUvAndSourceProperties ...   Passed    0.06 sec
    Start 1032: SandboxEditorUi.DirectMeshPostProcessPreservesNewerUvAndSourceProperties
    Test #1032: SandboxEditorUi.DirectMeshPostProcessPreservesNewerUvAndSourceProperties ...   Passed    0.06 sec
    Start 1032: SandboxEditorUi.DirectMeshPostProcessPreservesNewerUvAndSourceProperties
    Test #1032: SandboxEditorUi.DirectMeshPostProcessPreservesNewerUvAndSourceProperties ...   Passed    0.05 sec
    Start 1032: SandboxEditorUi.DirectMeshPostProcessPreservesNewerUvAndSourceProperties
2/3 Test #1032: SandboxEditorUi.DirectMeshPostProcessPreservesNewerUvAndSourceProperties ...   Passed    0.06 sec
    Start 1033: SandboxEditorUi.DirectMeshPostProcessPendingStateGatesMutatingActions
    Test #1033: SandboxEditorUi.DirectMeshPostProcessPendingStateGatesMutatingActions ......   Passed    0.06 sec
    Start 1033: SandboxEditorUi.DirectMeshPostProcessPendingStateGatesMutatingActions
    Test #1033: SandboxEditorUi.DirectMeshPostProcessPendingStateGatesMutatingActions ......   Passed    0.06 sec
    Start 1033: SandboxEditorUi.DirectMeshPostProcessPendingStateGatesMutatingActions
    Test #1033: SandboxEditorUi.DirectMeshPostProcessPendingStateGatesMutatingActions ......   Passed    0.06 sec
    Start 1033: SandboxEditorUi.DirectMeshPostProcessPendingStateGatesMutatingActions
    Test #1033: SandboxEditorUi.DirectMeshPostProcessPendingStateGatesMutatingActions ......   Passed    0.06 sec
    Start 1033: SandboxEditorUi.DirectMeshPostProcessPendingStateGatesMutatingActions
    Test #1033: SandboxEditorUi.DirectMeshPostProcessPendingStateGatesMutatingActions ......   Passed    0.06 sec
    Start 1033: SandboxEditorUi.DirectMeshPostProcessPendingStateGatesMutatingActions
    Test #1033: SandboxEditorUi.DirectMeshPostProcessPendingStateGatesMutatingActions ......   Passed    0.06 sec
    Start 1033: SandboxEditorUi.DirectMeshPostProcessPendingStateGatesMutatingActions
    Test #1033: SandboxEditorUi.DirectMeshPostProcessPendingStateGatesMutatingActions ......   Passed    0.06 sec
    Start 1033: SandboxEditorUi.DirectMeshPostProcessPendingStateGatesMutatingActions
    Test #1033: SandboxEditorUi.DirectMeshPostProcessPendingStateGatesMutatingActions ......   Passed    0.06 sec
    Start 1033: SandboxEditorUi.DirectMeshPostProcessPendingStateGatesMutatingActions
    Test #1033: SandboxEditorUi.DirectMeshPostProcessPendingStateGatesMutatingActions ......   Passed    0.06 sec
    Start 1033: SandboxEditorUi.DirectMeshPostProcessPendingStateGatesMutatingActions
    Test #1033: SandboxEditorUi.DirectMeshPostProcessPendingStateGatesMutatingActions ......   Passed    0.06 sec
    Start 1033: SandboxEditorUi.DirectMeshPostProcessPendingStateGatesMutatingActions
    Test #1033: SandboxEditorUi.DirectMeshPostProcessPendingStateGatesMutatingActions ......   Passed    0.07 sec
    Start 1033: SandboxEditorUi.DirectMeshPostProcessPendingStateGatesMutatingActions
    Test #1033: SandboxEditorUi.DirectMeshPostProcessPendingStateGatesMutatingActions ......   Passed    0.06 sec
    Start 1033: SandboxEditorUi.DirectMeshPostProcessPendingStateGatesMutatingActions
    Test #1033: SandboxEditorUi.DirectMeshPostProcessPendingStateGatesMutatingActions ......   Passed    0.06 sec
    Start 1033: SandboxEditorUi.DirectMeshPostProcessPendingStateGatesMutatingActions
    Test #1033: SandboxEditorUi.DirectMeshPostProcessPendingStateGatesMutatingActions ......   Passed    0.06 sec
    Start 1033: SandboxEditorUi.DirectMeshPostProcessPendingStateGatesMutatingActions
    Test #1033: SandboxEditorUi.DirectMeshPostProcessPendingStateGatesMutatingActions ......   Passed    0.06 sec
    Start 1033: SandboxEditorUi.DirectMeshPostProcessPendingStateGatesMutatingActions
    Test #1033: SandboxEditorUi.DirectMeshPostProcessPendingStateGatesMutatingActions ......   Passed    0.06 sec
    Start 1033: SandboxEditorUi.DirectMeshPostProcessPendingStateGatesMutatingActions
    Test #1033: SandboxEditorUi.DirectMeshPostProcessPendingStateGatesMutatingActions ......   Passed    0.06 sec
    Start 1033: SandboxEditorUi.DirectMeshPostProcessPendingStateGatesMutatingActions
    Test #1033: SandboxEditorUi.DirectMeshPostProcessPendingStateGatesMutatingActions ......   Passed    0.06 sec
    Start 1033: SandboxEditorUi.DirectMeshPostProcessPendingStateGatesMutatingActions
    Test #1033: SandboxEditorUi.DirectMeshPostProcessPendingStateGatesMutatingActions ......   Passed    0.06 sec
    Start 1033: SandboxEditorUi.DirectMeshPostProcessPendingStateGatesMutatingActions
3/3 Test #1033: SandboxEditorUi.DirectMeshPostProcessPendingStateGatesMutatingActions ......   Passed    0.06 sec

100% tests passed, 0 tests failed out of 3

Label Time Summary:
contract    =   0.17 sec*proc (3 tests)
runtime     =   0.17 sec*proc (3 tests)

Total Test time (real) =   3.58 sec
