Test project /home/alex/Documents/IntrinsicEngine/build/ci
    Start 1185: SandboxEditorUi.DirectMeshPostProcessDiscardsCompletionAfterGeometryEdit
    Test #1185: SandboxEditorUi.DirectMeshPostProcessDiscardsCompletionAfterGeometryEdit ...   Passed    0.06 sec
    Start 1185: SandboxEditorUi.DirectMeshPostProcessDiscardsCompletionAfterGeometryEdit
    Test #1185: SandboxEditorUi.DirectMeshPostProcessDiscardsCompletionAfterGeometryEdit ...   Passed    0.06 sec
    Start 1185: SandboxEditorUi.DirectMeshPostProcessDiscardsCompletionAfterGeometryEdit
    Test #1185: SandboxEditorUi.DirectMeshPostProcessDiscardsCompletionAfterGeometryEdit ...   Passed    0.06 sec
    Start 1185: SandboxEditorUi.DirectMeshPostProcessDiscardsCompletionAfterGeometryEdit
    Test #1185: SandboxEditorUi.DirectMeshPostProcessDiscardsCompletionAfterGeometryEdit ...   Passed    0.06 sec
    Start 1185: SandboxEditorUi.DirectMeshPostProcessDiscardsCompletionAfterGeometryEdit
    Test #1185: SandboxEditorUi.DirectMeshPostProcessDiscardsCompletionAfterGeometryEdit ...   Passed    0.06 sec
    Start 1185: SandboxEditorUi.DirectMeshPostProcessDiscardsCompletionAfterGeometryEdit
    Test #1185: SandboxEditorUi.DirectMeshPostProcessDiscardsCompletionAfterGeometryEdit ...   Passed    0.06 sec
    Start 1185: SandboxEditorUi.DirectMeshPostProcessDiscardsCompletionAfterGeometryEdit
    Test #1185: SandboxEditorUi.DirectMeshPostProcessDiscardsCompletionAfterGeometryEdit ...   Passed    0.06 sec
    Start 1185: SandboxEditorUi.DirectMeshPostProcessDiscardsCompletionAfterGeometryEdit
    Test #1185: SandboxEditorUi.DirectMeshPostProcessDiscardsCompletionAfterGeometryEdit ...   Passed    0.06 sec
    Start 1185: SandboxEditorUi.DirectMeshPostProcessDiscardsCompletionAfterGeometryEdit
    Test #1185: SandboxEditorUi.DirectMeshPostProcessDiscardsCompletionAfterGeometryEdit ...   Passed    0.06 sec
    Start 1185: SandboxEditorUi.DirectMeshPostProcessDiscardsCompletionAfterGeometryEdit
    Test #1185: SandboxEditorUi.DirectMeshPostProcessDiscardsCompletionAfterGeometryEdit ...   Passed    0.06 sec
    Start 1185: SandboxEditorUi.DirectMeshPostProcessDiscardsCompletionAfterGeometryEdit
    Test #1185: SandboxEditorUi.DirectMeshPostProcessDiscardsCompletionAfterGeometryEdit ...   Passed    0.06 sec
    Start 1185: SandboxEditorUi.DirectMeshPostProcessDiscardsCompletionAfterGeometryEdit
    Test #1185: SandboxEditorUi.DirectMeshPostProcessDiscardsCompletionAfterGeometryEdit ...   Passed    0.06 sec
    Start 1185: SandboxEditorUi.DirectMeshPostProcessDiscardsCompletionAfterGeometryEdit
    Test #1185: SandboxEditorUi.DirectMeshPostProcessDiscardsCompletionAfterGeometryEdit ...   Passed    0.06 sec
    Start 1185: SandboxEditorUi.DirectMeshPostProcessDiscardsCompletionAfterGeometryEdit
    Test #1185: SandboxEditorUi.DirectMeshPostProcessDiscardsCompletionAfterGeometryEdit ...   Passed    0.06 sec
    Start 1185: SandboxEditorUi.DirectMeshPostProcessDiscardsCompletionAfterGeometryEdit
    Test #1185: SandboxEditorUi.DirectMeshPostProcessDiscardsCompletionAfterGeometryEdit ...   Passed    0.06 sec
    Start 1185: SandboxEditorUi.DirectMeshPostProcessDiscardsCompletionAfterGeometryEdit
    Test #1185: SandboxEditorUi.DirectMeshPostProcessDiscardsCompletionAfterGeometryEdit ...   Passed    0.06 sec
    Start 1185: SandboxEditorUi.DirectMeshPostProcessDiscardsCompletionAfterGeometryEdit
    Test #1185: SandboxEditorUi.DirectMeshPostProcessDiscardsCompletionAfterGeometryEdit ...   Passed    0.06 sec
    Start 1185: SandboxEditorUi.DirectMeshPostProcessDiscardsCompletionAfterGeometryEdit
    Test #1185: SandboxEditorUi.DirectMeshPostProcessDiscardsCompletionAfterGeometryEdit ...   Passed    0.06 sec
    Start 1185: SandboxEditorUi.DirectMeshPostProcessDiscardsCompletionAfterGeometryEdit
    Test #1185: SandboxEditorUi.DirectMeshPostProcessDiscardsCompletionAfterGeometryEdit ...   Passed    0.06 sec
    Start 1185: SandboxEditorUi.DirectMeshPostProcessDiscardsCompletionAfterGeometryEdit
1/6 Test #1185: SandboxEditorUi.DirectMeshPostProcessDiscardsCompletionAfterGeometryEdit ...   Passed    0.06 sec
    Start 1186: SandboxEditorUi.DirectMeshPostProcessPreservesNewerUvAndSourceProperties
    Test #1186: SandboxEditorUi.DirectMeshPostProcessPreservesNewerUvAndSourceProperties ...   Passed    0.06 sec
    Start 1186: SandboxEditorUi.DirectMeshPostProcessPreservesNewerUvAndSourceProperties
    Test #1186: SandboxEditorUi.DirectMeshPostProcessPreservesNewerUvAndSourceProperties ...   Passed    0.06 sec
    Start 1186: SandboxEditorUi.DirectMeshPostProcessPreservesNewerUvAndSourceProperties
    Test #1186: SandboxEditorUi.DirectMeshPostProcessPreservesNewerUvAndSourceProperties ...   Passed    0.06 sec
    Start 1186: SandboxEditorUi.DirectMeshPostProcessPreservesNewerUvAndSourceProperties
    Test #1186: SandboxEditorUi.DirectMeshPostProcessPreservesNewerUvAndSourceProperties ...   Passed    0.06 sec
    Start 1186: SandboxEditorUi.DirectMeshPostProcessPreservesNewerUvAndSourceProperties
    Test #1186: SandboxEditorUi.DirectMeshPostProcessPreservesNewerUvAndSourceProperties ...   Passed    0.06 sec
    Start 1186: SandboxEditorUi.DirectMeshPostProcessPreservesNewerUvAndSourceProperties
    Test #1186: SandboxEditorUi.DirectMeshPostProcessPreservesNewerUvAndSourceProperties ...   Passed    0.06 sec
    Start 1186: SandboxEditorUi.DirectMeshPostProcessPreservesNewerUvAndSourceProperties
    Test #1186: SandboxEditorUi.DirectMeshPostProcessPreservesNewerUvAndSourceProperties ...   Passed    0.06 sec
    Start 1186: SandboxEditorUi.DirectMeshPostProcessPreservesNewerUvAndSourceProperties
    Test #1186: SandboxEditorUi.DirectMeshPostProcessPreservesNewerUvAndSourceProperties ...   Passed    0.06 sec
    Start 1186: SandboxEditorUi.DirectMeshPostProcessPreservesNewerUvAndSourceProperties
    Test #1186: SandboxEditorUi.DirectMeshPostProcessPreservesNewerUvAndSourceProperties ...   Passed    0.06 sec
    Start 1186: SandboxEditorUi.DirectMeshPostProcessPreservesNewerUvAndSourceProperties
    Test #1186: SandboxEditorUi.DirectMeshPostProcessPreservesNewerUvAndSourceProperties ...   Passed    0.06 sec
    Start 1186: SandboxEditorUi.DirectMeshPostProcessPreservesNewerUvAndSourceProperties
    Test #1186: SandboxEditorUi.DirectMeshPostProcessPreservesNewerUvAndSourceProperties ...   Passed    0.06 sec
    Start 1186: SandboxEditorUi.DirectMeshPostProcessPreservesNewerUvAndSourceProperties
    Test #1186: SandboxEditorUi.DirectMeshPostProcessPreservesNewerUvAndSourceProperties ...   Passed    0.06 sec
    Start 1186: SandboxEditorUi.DirectMeshPostProcessPreservesNewerUvAndSourceProperties
    Test #1186: SandboxEditorUi.DirectMeshPostProcessPreservesNewerUvAndSourceProperties ...   Passed    0.06 sec
    Start 1186: SandboxEditorUi.DirectMeshPostProcessPreservesNewerUvAndSourceProperties
    Test #1186: SandboxEditorUi.DirectMeshPostProcessPreservesNewerUvAndSourceProperties ...   Passed    0.06 sec
    Start 1186: SandboxEditorUi.DirectMeshPostProcessPreservesNewerUvAndSourceProperties
    Test #1186: SandboxEditorUi.DirectMeshPostProcessPreservesNewerUvAndSourceProperties ...   Passed    0.06 sec
    Start 1186: SandboxEditorUi.DirectMeshPostProcessPreservesNewerUvAndSourceProperties
    Test #1186: SandboxEditorUi.DirectMeshPostProcessPreservesNewerUvAndSourceProperties ...   Passed    0.06 sec
    Start 1186: SandboxEditorUi.DirectMeshPostProcessPreservesNewerUvAndSourceProperties
    Test #1186: SandboxEditorUi.DirectMeshPostProcessPreservesNewerUvAndSourceProperties ...   Passed    0.06 sec
    Start 1186: SandboxEditorUi.DirectMeshPostProcessPreservesNewerUvAndSourceProperties
    Test #1186: SandboxEditorUi.DirectMeshPostProcessPreservesNewerUvAndSourceProperties ...   Passed    0.06 sec
    Start 1186: SandboxEditorUi.DirectMeshPostProcessPreservesNewerUvAndSourceProperties
    Test #1186: SandboxEditorUi.DirectMeshPostProcessPreservesNewerUvAndSourceProperties ...   Passed    0.06 sec
    Start 1186: SandboxEditorUi.DirectMeshPostProcessPreservesNewerUvAndSourceProperties
2/6 Test #1186: SandboxEditorUi.DirectMeshPostProcessPreservesNewerUvAndSourceProperties ...   Passed    0.06 sec
    Start 1187: SandboxEditorUi.DirectMeshPostProcessPendingStateGatesMutatingActions
    Test #1187: SandboxEditorUi.DirectMeshPostProcessPendingStateGatesMutatingActions ......   Passed    0.06 sec
    Start 1187: SandboxEditorUi.DirectMeshPostProcessPendingStateGatesMutatingActions
    Test #1187: SandboxEditorUi.DirectMeshPostProcessPendingStateGatesMutatingActions ......   Passed    0.06 sec
    Start 1187: SandboxEditorUi.DirectMeshPostProcessPendingStateGatesMutatingActions
    Test #1187: SandboxEditorUi.DirectMeshPostProcessPendingStateGatesMutatingActions ......   Passed    0.06 sec
    Start 1187: SandboxEditorUi.DirectMeshPostProcessPendingStateGatesMutatingActions
    Test #1187: SandboxEditorUi.DirectMeshPostProcessPendingStateGatesMutatingActions ......   Passed    0.06 sec
    Start 1187: SandboxEditorUi.DirectMeshPostProcessPendingStateGatesMutatingActions
    Test #1187: SandboxEditorUi.DirectMeshPostProcessPendingStateGatesMutatingActions ......   Passed    0.06 sec
    Start 1187: SandboxEditorUi.DirectMeshPostProcessPendingStateGatesMutatingActions
    Test #1187: SandboxEditorUi.DirectMeshPostProcessPendingStateGatesMutatingActions ......   Passed    0.06 sec
    Start 1187: SandboxEditorUi.DirectMeshPostProcessPendingStateGatesMutatingActions
    Test #1187: SandboxEditorUi.DirectMeshPostProcessPendingStateGatesMutatingActions ......   Passed    0.06 sec
    Start 1187: SandboxEditorUi.DirectMeshPostProcessPendingStateGatesMutatingActions
    Test #1187: SandboxEditorUi.DirectMeshPostProcessPendingStateGatesMutatingActions ......   Passed    0.06 sec
    Start 1187: SandboxEditorUi.DirectMeshPostProcessPendingStateGatesMutatingActions
    Test #1187: SandboxEditorUi.DirectMeshPostProcessPendingStateGatesMutatingActions ......   Passed    0.06 sec
    Start 1187: SandboxEditorUi.DirectMeshPostProcessPendingStateGatesMutatingActions
    Test #1187: SandboxEditorUi.DirectMeshPostProcessPendingStateGatesMutatingActions ......   Passed    0.06 sec
    Start 1187: SandboxEditorUi.DirectMeshPostProcessPendingStateGatesMutatingActions
    Test #1187: SandboxEditorUi.DirectMeshPostProcessPendingStateGatesMutatingActions ......   Passed    0.06 sec
    Start 1187: SandboxEditorUi.DirectMeshPostProcessPendingStateGatesMutatingActions
    Test #1187: SandboxEditorUi.DirectMeshPostProcessPendingStateGatesMutatingActions ......   Passed    0.06 sec
    Start 1187: SandboxEditorUi.DirectMeshPostProcessPendingStateGatesMutatingActions
    Test #1187: SandboxEditorUi.DirectMeshPostProcessPendingStateGatesMutatingActions ......   Passed    0.06 sec
    Start 1187: SandboxEditorUi.DirectMeshPostProcessPendingStateGatesMutatingActions
    Test #1187: SandboxEditorUi.DirectMeshPostProcessPendingStateGatesMutatingActions ......   Passed    0.06 sec
    Start 1187: SandboxEditorUi.DirectMeshPostProcessPendingStateGatesMutatingActions
    Test #1187: SandboxEditorUi.DirectMeshPostProcessPendingStateGatesMutatingActions ......   Passed    0.06 sec
    Start 1187: SandboxEditorUi.DirectMeshPostProcessPendingStateGatesMutatingActions
    Test #1187: SandboxEditorUi.DirectMeshPostProcessPendingStateGatesMutatingActions ......   Passed    0.06 sec
    Start 1187: SandboxEditorUi.DirectMeshPostProcessPendingStateGatesMutatingActions
    Test #1187: SandboxEditorUi.DirectMeshPostProcessPendingStateGatesMutatingActions ......   Passed    0.06 sec
    Start 1187: SandboxEditorUi.DirectMeshPostProcessPendingStateGatesMutatingActions
    Test #1187: SandboxEditorUi.DirectMeshPostProcessPendingStateGatesMutatingActions ......   Passed    0.06 sec
    Start 1187: SandboxEditorUi.DirectMeshPostProcessPendingStateGatesMutatingActions
    Test #1187: SandboxEditorUi.DirectMeshPostProcessPendingStateGatesMutatingActions ......   Passed    0.06 sec
    Start 1187: SandboxEditorUi.DirectMeshPostProcessPendingStateGatesMutatingActions
3/6 Test #1187: SandboxEditorUi.DirectMeshPostProcessPendingStateGatesMutatingActions ......   Passed    0.06 sec
    Start 1915: SandboxEditorUi.DirectMeshPostProcessDiscardsCompletionAfterGeometryEdit
    Test #1915: SandboxEditorUi.DirectMeshPostProcessDiscardsCompletionAfterGeometryEdit ...   Passed    0.06 sec
    Start 1915: SandboxEditorUi.DirectMeshPostProcessDiscardsCompletionAfterGeometryEdit
    Test #1915: SandboxEditorUi.DirectMeshPostProcessDiscardsCompletionAfterGeometryEdit ...   Passed    0.06 sec
    Start 1915: SandboxEditorUi.DirectMeshPostProcessDiscardsCompletionAfterGeometryEdit
    Test #1915: SandboxEditorUi.DirectMeshPostProcessDiscardsCompletionAfterGeometryEdit ...   Passed    0.06 sec
    Start 1915: SandboxEditorUi.DirectMeshPostProcessDiscardsCompletionAfterGeometryEdit
    Test #1915: SandboxEditorUi.DirectMeshPostProcessDiscardsCompletionAfterGeometryEdit ...   Passed    0.06 sec
    Start 1915: SandboxEditorUi.DirectMeshPostProcessDiscardsCompletionAfterGeometryEdit
    Test #1915: SandboxEditorUi.DirectMeshPostProcessDiscardsCompletionAfterGeometryEdit ...   Passed    0.06 sec
    Start 1915: SandboxEditorUi.DirectMeshPostProcessDiscardsCompletionAfterGeometryEdit
    Test #1915: SandboxEditorUi.DirectMeshPostProcessDiscardsCompletionAfterGeometryEdit ...   Passed    0.06 sec
    Start 1915: SandboxEditorUi.DirectMeshPostProcessDiscardsCompletionAfterGeometryEdit
    Test #1915: SandboxEditorUi.DirectMeshPostProcessDiscardsCompletionAfterGeometryEdit ...   Passed    0.06 sec
    Start 1915: SandboxEditorUi.DirectMeshPostProcessDiscardsCompletionAfterGeometryEdit
    Test #1915: SandboxEditorUi.DirectMeshPostProcessDiscardsCompletionAfterGeometryEdit ...   Passed    0.06 sec
    Start 1915: SandboxEditorUi.DirectMeshPostProcessDiscardsCompletionAfterGeometryEdit
    Test #1915: SandboxEditorUi.DirectMeshPostProcessDiscardsCompletionAfterGeometryEdit ...   Passed    0.06 sec
    Start 1915: SandboxEditorUi.DirectMeshPostProcessDiscardsCompletionAfterGeometryEdit
    Test #1915: SandboxEditorUi.DirectMeshPostProcessDiscardsCompletionAfterGeometryEdit ...   Passed    0.06 sec
    Start 1915: SandboxEditorUi.DirectMeshPostProcessDiscardsCompletionAfterGeometryEdit
    Test #1915: SandboxEditorUi.DirectMeshPostProcessDiscardsCompletionAfterGeometryEdit ...   Passed    0.06 sec
    Start 1915: SandboxEditorUi.DirectMeshPostProcessDiscardsCompletionAfterGeometryEdit
    Test #1915: SandboxEditorUi.DirectMeshPostProcessDiscardsCompletionAfterGeometryEdit ...   Passed    0.06 sec
    Start 1915: SandboxEditorUi.DirectMeshPostProcessDiscardsCompletionAfterGeometryEdit
    Test #1915: SandboxEditorUi.DirectMeshPostProcessDiscardsCompletionAfterGeometryEdit ...   Passed    0.06 sec
    Start 1915: SandboxEditorUi.DirectMeshPostProcessDiscardsCompletionAfterGeometryEdit
    Test #1915: SandboxEditorUi.DirectMeshPostProcessDiscardsCompletionAfterGeometryEdit ...   Passed    0.06 sec
    Start 1915: SandboxEditorUi.DirectMeshPostProcessDiscardsCompletionAfterGeometryEdit
    Test #1915: SandboxEditorUi.DirectMeshPostProcessDiscardsCompletionAfterGeometryEdit ...   Passed    0.06 sec
    Start 1915: SandboxEditorUi.DirectMeshPostProcessDiscardsCompletionAfterGeometryEdit
    Test #1915: SandboxEditorUi.DirectMeshPostProcessDiscardsCompletionAfterGeometryEdit ...   Passed    0.06 sec
    Start 1915: SandboxEditorUi.DirectMeshPostProcessDiscardsCompletionAfterGeometryEdit
    Test #1915: SandboxEditorUi.DirectMeshPostProcessDiscardsCompletionAfterGeometryEdit ...   Passed    0.06 sec
    Start 1915: SandboxEditorUi.DirectMeshPostProcessDiscardsCompletionAfterGeometryEdit
    Test #1915: SandboxEditorUi.DirectMeshPostProcessDiscardsCompletionAfterGeometryEdit ...   Passed    0.06 sec
    Start 1915: SandboxEditorUi.DirectMeshPostProcessDiscardsCompletionAfterGeometryEdit
    Test #1915: SandboxEditorUi.DirectMeshPostProcessDiscardsCompletionAfterGeometryEdit ...   Passed    0.06 sec
    Start 1915: SandboxEditorUi.DirectMeshPostProcessDiscardsCompletionAfterGeometryEdit
4/6 Test #1915: SandboxEditorUi.DirectMeshPostProcessDiscardsCompletionAfterGeometryEdit ...   Passed    0.06 sec
    Start 1916: SandboxEditorUi.DirectMeshPostProcessPreservesNewerUvAndSourceProperties
    Test #1916: SandboxEditorUi.DirectMeshPostProcessPreservesNewerUvAndSourceProperties ...   Passed    0.06 sec
    Start 1916: SandboxEditorUi.DirectMeshPostProcessPreservesNewerUvAndSourceProperties
    Test #1916: SandboxEditorUi.DirectMeshPostProcessPreservesNewerUvAndSourceProperties ...   Passed    0.06 sec
    Start 1916: SandboxEditorUi.DirectMeshPostProcessPreservesNewerUvAndSourceProperties
    Test #1916: SandboxEditorUi.DirectMeshPostProcessPreservesNewerUvAndSourceProperties ...   Passed    0.06 sec
    Start 1916: SandboxEditorUi.DirectMeshPostProcessPreservesNewerUvAndSourceProperties
    Test #1916: SandboxEditorUi.DirectMeshPostProcessPreservesNewerUvAndSourceProperties ...   Passed    0.06 sec
    Start 1916: SandboxEditorUi.DirectMeshPostProcessPreservesNewerUvAndSourceProperties
    Test #1916: SandboxEditorUi.DirectMeshPostProcessPreservesNewerUvAndSourceProperties ...   Passed    0.06 sec
    Start 1916: SandboxEditorUi.DirectMeshPostProcessPreservesNewerUvAndSourceProperties
    Test #1916: SandboxEditorUi.DirectMeshPostProcessPreservesNewerUvAndSourceProperties ...   Passed    0.06 sec
    Start 1916: SandboxEditorUi.DirectMeshPostProcessPreservesNewerUvAndSourceProperties
    Test #1916: SandboxEditorUi.DirectMeshPostProcessPreservesNewerUvAndSourceProperties ...   Passed    0.06 sec
    Start 1916: SandboxEditorUi.DirectMeshPostProcessPreservesNewerUvAndSourceProperties
    Test #1916: SandboxEditorUi.DirectMeshPostProcessPreservesNewerUvAndSourceProperties ...   Passed    0.06 sec
    Start 1916: SandboxEditorUi.DirectMeshPostProcessPreservesNewerUvAndSourceProperties
    Test #1916: SandboxEditorUi.DirectMeshPostProcessPreservesNewerUvAndSourceProperties ...   Passed    0.06 sec
    Start 1916: SandboxEditorUi.DirectMeshPostProcessPreservesNewerUvAndSourceProperties
    Test #1916: SandboxEditorUi.DirectMeshPostProcessPreservesNewerUvAndSourceProperties ...   Passed    0.06 sec
    Start 1916: SandboxEditorUi.DirectMeshPostProcessPreservesNewerUvAndSourceProperties
    Test #1916: SandboxEditorUi.DirectMeshPostProcessPreservesNewerUvAndSourceProperties ...   Passed    0.06 sec
    Start 1916: SandboxEditorUi.DirectMeshPostProcessPreservesNewerUvAndSourceProperties
    Test #1916: SandboxEditorUi.DirectMeshPostProcessPreservesNewerUvAndSourceProperties ...   Passed    0.06 sec
    Start 1916: SandboxEditorUi.DirectMeshPostProcessPreservesNewerUvAndSourceProperties
    Test #1916: SandboxEditorUi.DirectMeshPostProcessPreservesNewerUvAndSourceProperties ...   Passed    0.06 sec
    Start 1916: SandboxEditorUi.DirectMeshPostProcessPreservesNewerUvAndSourceProperties
    Test #1916: SandboxEditorUi.DirectMeshPostProcessPreservesNewerUvAndSourceProperties ...   Passed    0.06 sec
    Start 1916: SandboxEditorUi.DirectMeshPostProcessPreservesNewerUvAndSourceProperties
    Test #1916: SandboxEditorUi.DirectMeshPostProcessPreservesNewerUvAndSourceProperties ...   Passed    0.06 sec
    Start 1916: SandboxEditorUi.DirectMeshPostProcessPreservesNewerUvAndSourceProperties
    Test #1916: SandboxEditorUi.DirectMeshPostProcessPreservesNewerUvAndSourceProperties ...   Passed    0.06 sec
    Start 1916: SandboxEditorUi.DirectMeshPostProcessPreservesNewerUvAndSourceProperties
    Test #1916: SandboxEditorUi.DirectMeshPostProcessPreservesNewerUvAndSourceProperties ...   Passed    0.08 sec
    Start 1916: SandboxEditorUi.DirectMeshPostProcessPreservesNewerUvAndSourceProperties
    Test #1916: SandboxEditorUi.DirectMeshPostProcessPreservesNewerUvAndSourceProperties ...   Passed    0.07 sec
    Start 1916: SandboxEditorUi.DirectMeshPostProcessPreservesNewerUvAndSourceProperties
    Test #1916: SandboxEditorUi.DirectMeshPostProcessPreservesNewerUvAndSourceProperties ...   Passed    0.08 sec
    Start 1916: SandboxEditorUi.DirectMeshPostProcessPreservesNewerUvAndSourceProperties
5/6 Test #1916: SandboxEditorUi.DirectMeshPostProcessPreservesNewerUvAndSourceProperties ...   Passed    0.07 sec
    Start 1917: SandboxEditorUi.DirectMeshPostProcessPendingStateGatesMutatingActions
    Test #1917: SandboxEditorUi.DirectMeshPostProcessPendingStateGatesMutatingActions ......   Passed    0.07 sec
    Start 1917: SandboxEditorUi.DirectMeshPostProcessPendingStateGatesMutatingActions
    Test #1917: SandboxEditorUi.DirectMeshPostProcessPendingStateGatesMutatingActions ......   Passed    0.08 sec
    Start 1917: SandboxEditorUi.DirectMeshPostProcessPendingStateGatesMutatingActions
    Test #1917: SandboxEditorUi.DirectMeshPostProcessPendingStateGatesMutatingActions ......   Passed    0.08 sec
    Start 1917: SandboxEditorUi.DirectMeshPostProcessPendingStateGatesMutatingActions
    Test #1917: SandboxEditorUi.DirectMeshPostProcessPendingStateGatesMutatingActions ......   Passed    0.08 sec
    Start 1917: SandboxEditorUi.DirectMeshPostProcessPendingStateGatesMutatingActions
    Test #1917: SandboxEditorUi.DirectMeshPostProcessPendingStateGatesMutatingActions ......   Passed    0.08 sec
    Start 1917: SandboxEditorUi.DirectMeshPostProcessPendingStateGatesMutatingActions
    Test #1917: SandboxEditorUi.DirectMeshPostProcessPendingStateGatesMutatingActions ......   Passed    0.06 sec
    Start 1917: SandboxEditorUi.DirectMeshPostProcessPendingStateGatesMutatingActions
    Test #1917: SandboxEditorUi.DirectMeshPostProcessPendingStateGatesMutatingActions ......   Passed    0.06 sec
    Start 1917: SandboxEditorUi.DirectMeshPostProcessPendingStateGatesMutatingActions
    Test #1917: SandboxEditorUi.DirectMeshPostProcessPendingStateGatesMutatingActions ......   Passed    0.06 sec
    Start 1917: SandboxEditorUi.DirectMeshPostProcessPendingStateGatesMutatingActions
    Test #1917: SandboxEditorUi.DirectMeshPostProcessPendingStateGatesMutatingActions ......   Passed    0.06 sec
    Start 1917: SandboxEditorUi.DirectMeshPostProcessPendingStateGatesMutatingActions
    Test #1917: SandboxEditorUi.DirectMeshPostProcessPendingStateGatesMutatingActions ......   Passed    0.06 sec
    Start 1917: SandboxEditorUi.DirectMeshPostProcessPendingStateGatesMutatingActions
    Test #1917: SandboxEditorUi.DirectMeshPostProcessPendingStateGatesMutatingActions ......   Passed    0.06 sec
    Start 1917: SandboxEditorUi.DirectMeshPostProcessPendingStateGatesMutatingActions
    Test #1917: SandboxEditorUi.DirectMeshPostProcessPendingStateGatesMutatingActions ......   Passed    0.08 sec
    Start 1917: SandboxEditorUi.DirectMeshPostProcessPendingStateGatesMutatingActions
    Test #1917: SandboxEditorUi.DirectMeshPostProcessPendingStateGatesMutatingActions ......   Passed    0.08 sec
    Start 1917: SandboxEditorUi.DirectMeshPostProcessPendingStateGatesMutatingActions
    Test #1917: SandboxEditorUi.DirectMeshPostProcessPendingStateGatesMutatingActions ......   Passed    0.08 sec
    Start 1917: SandboxEditorUi.DirectMeshPostProcessPendingStateGatesMutatingActions
    Test #1917: SandboxEditorUi.DirectMeshPostProcessPendingStateGatesMutatingActions ......   Passed    0.08 sec
    Start 1917: SandboxEditorUi.DirectMeshPostProcessPendingStateGatesMutatingActions
    Test #1917: SandboxEditorUi.DirectMeshPostProcessPendingStateGatesMutatingActions ......   Passed    0.08 sec
    Start 1917: SandboxEditorUi.DirectMeshPostProcessPendingStateGatesMutatingActions
    Test #1917: SandboxEditorUi.DirectMeshPostProcessPendingStateGatesMutatingActions ......   Passed    0.09 sec
    Start 1917: SandboxEditorUi.DirectMeshPostProcessPendingStateGatesMutatingActions
    Test #1917: SandboxEditorUi.DirectMeshPostProcessPendingStateGatesMutatingActions ......   Passed    0.07 sec
    Start 1917: SandboxEditorUi.DirectMeshPostProcessPendingStateGatesMutatingActions
    Test #1917: SandboxEditorUi.DirectMeshPostProcessPendingStateGatesMutatingActions ......   Passed    0.09 sec
    Start 1917: SandboxEditorUi.DirectMeshPostProcessPendingStateGatesMutatingActions
6/6 Test #1917: SandboxEditorUi.DirectMeshPostProcessPendingStateGatesMutatingActions ......   Passed    0.06 sec

100% tests passed, 0 tests failed out of 6

Label Time Summary:
contract    =   0.37 sec*proc (6 tests)
runtime     =   0.37 sec*proc (6 tests)

Total Test time (real) =   7.86 sec
