Internal ctest changing into directory: /home/alex/Documents/IntrinsicEngine/build/ci
Test project /home/alex/Documents/IntrinsicEngine/build/ci
      Start  545: RenderExtractionContract.WorldMatrixWithoutRenderHintPublishesNoDrawCandidate
 1/69 Test  #545: RenderExtractionContract.WorldMatrixWithoutRenderHintPublishesNoDrawCandidate ...............   Passed    0.05 sec
      Start  546: RenderExtractionContract.FailedMeshPackPublishesNoDrawCandidate
 2/69 Test  #546: RenderExtractionContract.FailedMeshPackPublishesNoDrawCandidate .............................   Passed    0.05 sec
      Start  547: RenderExtractionContract.SnapshotSurvivesLiveEcsMutationAndDestruction
 3/69 Test  #547: RenderExtractionContract.SnapshotSurvivesLiveEcsMutationAndDestruction ......................   Passed    0.05 sec
      Start 1016: RuntimeRenderExtraction.VisualizationRecipeRevisionTracksMutations
 4/69 Test #1016: RuntimeRenderExtraction.VisualizationRecipeRevisionTracksMutations ..........................   Passed    0.00 sec
      Start 1363: RenderWorldPool.DefaultsToTripleBuffer
 5/69 Test #1363: RenderWorldPool.DefaultsToTripleBuffer ......................................................   Passed    0.00 sec
      Start 1364: RenderWorldPool.BufferCountClampsToSupportedRange
 6/69 Test #1364: RenderWorldPool.BufferCountClampsToSupportedRange ...........................................   Passed    0.00 sec
      Start 1365: RenderWorldPool.AcquireFrontBeforeAnyPublishReturnsInvalid
 7/69 Test #1365: RenderWorldPool.AcquireFrontBeforeAnyPublishReturnsInvalid ..................................   Passed    0.00 sec
      Start 1366: RenderWorldPool.DeterministicRotationSchedule
 8/69 Test #1366: RenderWorldPool.DeterministicRotationSchedule ...............................................   Passed    0.00 sec
      Start 1367: RenderWorldPool.HeldFrontIsNotRecycledUntilReleased
 9/69 Test #1367: RenderWorldPool.HeldFrontIsNotRecycledUntilReleased .........................................   Passed    0.00 sec
      Start 1368: RenderWorldPool.RefcountTracksConcurrentFrontHolders
10/69 Test #1368: RenderWorldPool.RefcountTracksConcurrentFrontHolders ........................................   Passed    0.00 sec
      Start 1369: RenderWorldPool.ConsumerReusesFrontAndCountsStall
11/69 Test #1369: RenderWorldPool.ConsumerReusesFrontAndCountsStall ...........................................   Passed    0.00 sec
      Start 1370: RenderWorldPool.ProducerReplacesUnpublishedBackAndCountsSkip
12/69 Test #1370: RenderWorldPool.ProducerReplacesUnpublishedBackAndCountsSkip ................................   Passed    0.00 sec
      Start 1371: RenderWorldPool.ExhaustedPoolDoesNotReuseReferencedSlot
13/69 Test #1371: RenderWorldPool.ExhaustedPoolDoesNotReuseReferencedSlot .....................................   Passed    0.00 sec
      Start 1372: RenderWorldPool.SynchronousModeReusesSingleSlotWithoutCounters
14/69 Test #1372: RenderWorldPool.SynchronousModeReusesSingleSlotWithoutCounters ..............................   Passed    0.00 sec
      Start 1373: RenderWorldPool.FrameAgeReflectsPublishToConsumeDelta
15/69 Test #1373: RenderWorldPool.FrameAgeReflectsPublishToConsumeDelta .......................................   Passed    0.00 sec
      Start 1374: RenderWorldPool.PreviousFrontAcquireConsumesRenderNMinusOneWithoutStall
16/69 Test #1374: RenderWorldPool.PreviousFrontAcquireConsumesRenderNMinusOneWithoutStall .....................   Passed    0.00 sec
      Start 1375: RenderWorldPoolDiagnostics.MirrorIsZeroForUntouchedPool
17/69 Test #1375: RenderWorldPoolDiagnostics.MirrorIsZeroForUntouchedPool .....................................   Passed    0.00 sec
      Start 1376: RenderWorldPoolDiagnostics.MirrorCopiesStallSkipAndFrameAge
18/69 Test #1376: RenderWorldPoolDiagnostics.MirrorCopiesStallSkipAndFrameAge .................................   Passed    0.00 sec
      Start 1377: RenderWorldPoolEngineWiring.ConfiguresPrivatePoolFromExtractionMode
19/69 Test #1377: RenderWorldPoolEngineWiring.ConfiguresPrivatePoolFromExtractionMode .........................   Passed    0.00 sec
      Start 1378: RenderWorldPoolEngineWiring.FrameLoopOwnsPoolLifecycleWithoutPublicForwarders
20/69 Test #1378: RenderWorldPoolEngineWiring.FrameLoopOwnsPoolLifecycleWithoutPublicForwarders ...............   Passed    0.00 sec
      Start 4632: RuntimeRenderExtraction.CreatesUpdatesAndClearsDirtyTransformSidecar
21/69 Test #4632: RuntimeRenderExtraction.CreatesUpdatesAndClearsDirtyTransformSidecar ........................   Passed    0.03 sec
      Start 4633: RuntimeRenderExtraction.ClearSceneStateDropsSidecarsAndPerEntityRecipes
22/69 Test #4633: RuntimeRenderExtraction.ClearSceneStateDropsSidecarsAndPerEntityRecipes .....................   Passed    0.03 sec
      Start 4634: RuntimeRenderExtraction.RetiresDestroyedRenderableSidecar
23/69 Test #4634: RuntimeRenderExtraction.RetiresDestroyedRenderableSidecar ...................................   Passed    0.03 sec
      Start 4635: RuntimeRenderExtraction.ReusesLiveRenderableKeyScratchAcrossExtractions
24/69 Test #4635: RuntimeRenderExtraction.ReusesLiveRenderableKeyScratchAcrossExtractions .....................   Passed    0.03 sec
      Start 4636: RuntimeRenderExtraction.ExtractsVisualizationAndLightsWithoutRenderableOwnership
25/69 Test #4636: RuntimeRenderExtraction.ExtractsVisualizationAndLightsWithoutRenderableOwnership ............   Passed    0.03 sec
      Start 4637: RuntimeRenderExtraction.VisualizationScalarRecipeReachesRenderWorld
26/69 Test #4637: RuntimeRenderExtraction.VisualizationScalarRecipeReachesRenderWorld .........................   Passed    0.03 sec
      Start 4638: RuntimeRenderExtraction.VisualizationScalarConfigMissingSourceFailsClosed
27/69 Test #4638: RuntimeRenderExtraction.VisualizationScalarConfigMissingSourceFailsClosed ...................   Passed    0.03 sec
      Start 4639: RuntimeRenderExtraction.VisualizationScalarRecipeMissingBdaUploadsPropertyBuffer
28/69 Test #4639: RuntimeRenderExtraction.VisualizationScalarRecipeMissingBdaUploadsPropertyBuffer ............   Passed    0.03 sec
      Start 4640: RuntimeRenderExtraction.VisualizationPropertyBufferKeysAreStableIdScoped
29/69 Test #4640: RuntimeRenderExtraction.VisualizationPropertyBufferKeysAreStableIdScoped ....................   Passed    0.03 sec
      Start 4641: RuntimeRenderExtraction.AnalysisDisplayCommandsShareAppearanceAndRecover
30/69 Test #4641: RuntimeRenderExtraction.AnalysisDisplayCommandsShareAppearanceAndRecover ....................   Passed    0.60 sec
      Start 4642: RuntimeRenderExtraction.ExplicitOverlayDoesNotStarveAppearancePropertyBuffers
31/69 Test #4642: RuntimeRenderExtraction.ExplicitOverlayDoesNotStarveAppearancePropertyBuffers ...............   Passed    0.06 sec
      Start 4643: RuntimeRenderExtraction.MeshColorVisualizationPropertyBufferUploadsFromGeometrySources
32/69 Test #4643: RuntimeRenderExtraction.MeshColorVisualizationPropertyBufferUploadsFromGeometrySources ......   Passed    0.03 sec
      Start 4644: RuntimeRenderExtraction.MeshSurfaceScalarFollowsCornerAttributeGpuVertexSplit
33/69 Test #4644: RuntimeRenderExtraction.MeshSurfaceScalarFollowsCornerAttributeGpuVertexSplit ...............   Passed    0.07 sec
      Start 4645: RuntimeRenderExtraction.MeshSurfaceAndCanonicalLanesKeepDistinctPropertyLayouts
34/69 Test #4645: RuntimeRenderExtraction.MeshSurfaceAndCanonicalLanesKeepDistinctPropertyLayouts .............   Passed    0.29 sec
      Start 4646: RuntimeRenderExtraction.PointCloudVisualizationPropertyBuffersUploadFromGeometrySources
35/69 Test #4646: RuntimeRenderExtraction.PointCloudVisualizationPropertyBuffersUploadFromGeometrySources .....   Passed    0.03 sec
      Start 4647: RuntimeRenderExtraction.MeshScalarPropertyBufferReachesPreparedEntityConfigWithAutoRange
36/69 Test #4647: RuntimeRenderExtraction.MeshScalarPropertyBufferReachesPreparedEntityConfigWithAutoRange ....   Passed    0.07 sec
      Start 4648: RuntimeRenderExtraction.MeshSurfaceLaneOverrideDoubleCurvatureReachesPreparedEntityConfig
37/69 Test #4648: RuntimeRenderExtraction.MeshSurfaceLaneOverrideDoubleCurvatureReachesPreparedEntityConfig ...   Passed    0.06 sec
      Start 4649: RuntimeRenderExtraction.MeshSurfaceLaneOverrideIsolinePresetReachesPreparedEntityConfig
38/69 Test #4649: RuntimeRenderExtraction.MeshSurfaceLaneOverrideIsolinePresetReachesPreparedEntityConfig .....   Passed    0.06 sec
      Start 4650: RuntimeRenderExtraction.MeshScalarVisualizationSurvivesLatePropertyAndSteadyStateFrames
39/69 Test #4650: RuntimeRenderExtraction.MeshScalarVisualizationSurvivesLatePropertyAndSteadyStateFrames .....   Passed    0.10 sec
      Start 4651: RuntimeRenderExtraction.MeshScalarDegenerateManualRangeIsSanitizedInPreparedConfig
40/69 Test #4651: RuntimeRenderExtraction.MeshScalarDegenerateManualRangeIsSanitizedInPreparedConfig ..........   Passed    0.06 sec
      Start 4652: RuntimeRenderExtraction.GraphVisualizationPropertyBuffersUploadFromNodeAndEdgeDomains
41/69 Test #4652: RuntimeRenderExtraction.GraphVisualizationPropertyBuffersUploadFromNodeAndEdgeDomains .......   Passed    0.03 sec
      Start 4653: RuntimeRenderExtraction.GeometryPresentationPropertyBuffersProjectToVisualizationRecipes
42/69 Test #4653: RuntimeRenderExtraction.GeometryPresentationPropertyBuffersProjectToVisualizationRecipes ....   Passed    0.03 sec
      Start 4654: RuntimeRenderExtraction.MeshVertexColorDirtyChannelPartiallyUploadsStructuralColorStream
43/69 Test #4654: RuntimeRenderExtraction.MeshVertexColorDirtyChannelPartiallyUploadsStructuralColorStream ....   Passed    0.07 sec
      Start 4655: RuntimeRenderExtraction.MeshColorVisualizationPropertyBufferFailsClosed
44/69 Test #4655: RuntimeRenderExtraction.MeshColorVisualizationPropertyBufferFailsClosed .....................   Passed    0.03 sec
      Start 4656: RuntimeRenderExtraction.VisualizationNonScalarRecipesReachRenderWorld
45/69 Test #4656: RuntimeRenderExtraction.VisualizationNonScalarRecipesReachRenderWorld .......................   Passed    0.03 sec
      Start 4657: RuntimeRenderExtraction.VisualizationNonScalarRecipeFailuresAreCounted
46/69 Test #4657: RuntimeRenderExtraction.VisualizationNonScalarRecipeFailuresAreCounted ......................   Passed    0.03 sec
      Start 4658: RuntimeRenderExtraction.ObservesAssetSourceAsUnavailableWithoutGpuAssetCache
47/69 Test #4658: RuntimeRenderExtraction.ObservesAssetSourceAsUnavailableWithoutGpuAssetCache ................   Passed    0.03 sec
      Start 4659: RuntimeRenderExtraction.ObservesReadyAssetGenerationAsRebindRequired
48/69 Test #4659: RuntimeRenderExtraction.ObservesReadyAssetGenerationAsRebindRequired ........................   Passed    0.03 sec
      Start 4660: RuntimeRenderExtraction.HelperDoesNotMarkRebindGenerationAsSeen
49/69 Test #4660: RuntimeRenderExtraction.HelperDoesNotMarkRebindGenerationAsSeen .............................   Passed    0.03 sec
      Start 4661: RuntimeRenderExtraction.AcknowledgeRebindAdvancesLastSeenGeneration
50/69 Test #4661: RuntimeRenderExtraction.AcknowledgeRebindAdvancesLastSeenGeneration .........................   Passed    0.03 sec
      Start 4662: RuntimeRenderExtraction.AcknowledgeRebindRejectsObservationsWithoutGeneration
51/69 Test #4662: RuntimeRenderExtraction.AcknowledgeRebindRejectsObservationsWithoutGeneration ...............   Passed    0.00 sec
      Start 4663: RuntimeRenderExtraction.AcknowledgeRebindRejectsAssetMismatch
52/69 Test #4663: RuntimeRenderExtraction.AcknowledgeRebindRejectsAssetMismatch ...............................   Passed    0.00 sec
      Start 4664: RuntimeRenderExtraction.AcknowledgeRebindRejectsSlotWithoutSourceAsset
53/69 Test #4664: RuntimeRenderExtraction.AcknowledgeRebindRejectsSlotWithoutSourceAsset ......................   Passed    0.00 sec
      Start 4665: RuntimeRenderExtraction.ExtractAndSubmitDoesNotAutoAcknowledgeRebinds
54/69 Test #4665: RuntimeRenderExtraction.ExtractAndSubmitDoesNotAutoAcknowledgeRebinds .......................   Passed    0.03 sec
      Start 4666: RuntimeRenderExtraction.PolygonFacePropertiesRepeatAcrossTheirTriangles
55/69 Test #4666: RuntimeRenderExtraction.PolygonFacePropertiesRepeatAcrossTheirTriangles .....................   Passed    0.15 sec
      Start 4667: RuntimeRenderExtraction.PublishedAnalysisPropertiesReuseMeshGeometry
56/69 Test #4667: RuntimeRenderExtraction.PublishedAnalysisPropertiesReuseMeshGeometry ........................   Passed    0.28 sec
      Start 4668: RuntimeDeviceSelection.DefaultsToNullFallbackForVulkanBackend
57/69 Test #4668: RuntimeDeviceSelection.DefaultsToNullFallbackForVulkanBackend ...............................   Passed    0.00 sec
      Start 4669: RuntimeDeviceSelection.RequiresCompiledPromotedVulkanBackend
58/69 Test #4669: RuntimeDeviceSelection.RequiresCompiledPromotedVulkanBackend ................................   Passed    0.00 sec
      Start 4670: RuntimeDeviceSelection.SelectsPromotedVulkanOnlyWhenConfigAndBuildOptIn
59/69 Test #4670: RuntimeDeviceSelection.SelectsPromotedVulkanOnlyWhenConfigAndBuildOptIn .....................   Passed    0.00 sec
      Start 4671: RuntimeFrameLoopContract.PlatformBeginFramePollsBeforeMinimizedWait
60/69 Test #4671: RuntimeFrameLoopContract.PlatformBeginFramePollsBeforeMinimizedWait .........................   Passed    0.00 sec
      Start 4672: RuntimeFrameLoopContract.PlatformBeginFrameStopsWhenPollRequestsClose
61/69 Test #4672: RuntimeFrameLoopContract.PlatformBeginFrameStopsWhenPollRequestsClose .......................   Passed    0.00 sec
      Start 4673: RuntimeFrameLoopContract.RenderFrameOrdersPromotedRendererPhases
62/69 Test #4673: RuntimeFrameLoopContract.RenderFrameOrdersPromotedRendererPhases ............................   Passed    0.00 sec
      Start 4674: RuntimeFrameLoopContract.RenderFrameSkipsExtractionWhenBeginFrameFails
63/69 Test #4674: RuntimeFrameLoopContract.RenderFrameSkipsExtractionWhenBeginFrameFails ......................   Passed    0.00 sec
      Start 4675: RuntimeFrameLoopContract.MaintenanceOrdersTransferBeforeAssetAndGeometryMaintenance
64/69 Test #4675: RuntimeFrameLoopContract.MaintenanceOrdersTransferBeforeAssetAndGeometryMaintenance .........   Passed    0.00 sec
      Start 4676: RuntimeFrameLoopContract.OperationalTransitionWaitsIdleThenRebuildsRendererOnce
65/69 Test #4676: RuntimeFrameLoopContract.OperationalTransitionWaitsIdleThenRebuildsRendererOnce .............   Passed    0.00 sec
      Start 4677: RuntimeFrameLoopContract.OperationalTransitionNoOpsUntilDeviceBecomesOperational
66/69 Test #4677: RuntimeFrameLoopContract.OperationalTransitionNoOpsUntilDeviceBecomesOperational ............   Passed    0.00 sec
      Start 4678: RuntimeFrameLoopContract.OperationalTransitionDoesNotMarkRendererWhenRebuildFails
67/69 Test #4678: RuntimeFrameLoopContract.OperationalTransitionDoesNotMarkRendererWhenRebuildFails ...........   Passed    0.00 sec
      Start 4679: RuntimeFrameLoopContract.ShutdownOrdersRuntimeModulesAndSubsystemTeardown
68/69 Test #4679: RuntimeFrameLoopContract.ShutdownOrdersRuntimeModulesAndSubsystemTeardown ...................   Passed    0.04 sec
      Start 4680: RenderWorldPoolPipelined.ConsumesRenderNMinusOneWhileExtractionWritesN
69/69 Test #4680: RenderWorldPoolPipelined.ConsumesRenderNMinusOneWhileExtractionWritesN ......................   Passed    0.03 sec

100% tests passed, 0 tests failed out of 69

Label Time Summary:
contract       =   0.23 sec*proc (20 tests)
graphics       =   2.60 sec*proc (49 tests)
integration    =   2.60 sec*proc (49 tests)
runtime        =   2.83 sec*proc (69 tests)

Total Test time (real) =   3.68 sec
