Internal ctest changing into directory: /home/alex/Documents/IntrinsicEngine/build/ci
Test project /home/alex/Documents/IntrinsicEngine/build/ci
    Start 799: PointCloudConsolidationModule.SourceMutationDropsQueuedWriteback
    Test #799: PointCloudConsolidationModule.SourceMutationDropsQueuedWriteback ..............   Passed    0.42 sec
    Start 799: PointCloudConsolidationModule.SourceMutationDropsQueuedWriteback
    Test #799: PointCloudConsolidationModule.SourceMutationDropsQueuedWriteback ..............   Passed    0.41 sec
    Start 799: PointCloudConsolidationModule.SourceMutationDropsQueuedWriteback
    Test #799: PointCloudConsolidationModule.SourceMutationDropsQueuedWriteback ..............   Passed    0.43 sec
    Start 799: PointCloudConsolidationModule.SourceMutationDropsQueuedWriteback
    Test #799: PointCloudConsolidationModule.SourceMutationDropsQueuedWriteback ..............   Passed    0.52 sec
    Start 799: PointCloudConsolidationModule.SourceMutationDropsQueuedWriteback
    Test #799: PointCloudConsolidationModule.SourceMutationDropsQueuedWriteback ..............   Passed    0.52 sec
    Start 799: PointCloudConsolidationModule.SourceMutationDropsQueuedWriteback
    Test #799: PointCloudConsolidationModule.SourceMutationDropsQueuedWriteback ..............   Passed    0.44 sec
    Start 799: PointCloudConsolidationModule.SourceMutationDropsQueuedWriteback
    Test #799: PointCloudConsolidationModule.SourceMutationDropsQueuedWriteback ..............   Passed    0.43 sec
    Start 799: PointCloudConsolidationModule.SourceMutationDropsQueuedWriteback
    Test #799: PointCloudConsolidationModule.SourceMutationDropsQueuedWriteback ..............   Passed    0.44 sec
    Start 799: PointCloudConsolidationModule.SourceMutationDropsQueuedWriteback
    Test #799: PointCloudConsolidationModule.SourceMutationDropsQueuedWriteback ..............   Passed    0.43 sec
    Start 799: PointCloudConsolidationModule.SourceMutationDropsQueuedWriteback
    Test #799: PointCloudConsolidationModule.SourceMutationDropsQueuedWriteback ..............   Passed    0.43 sec
    Start 799: PointCloudConsolidationModule.SourceMutationDropsQueuedWriteback
    Test #799: PointCloudConsolidationModule.SourceMutationDropsQueuedWriteback ..............   Passed    0.46 sec
    Start 799: PointCloudConsolidationModule.SourceMutationDropsQueuedWriteback
    Test #799: PointCloudConsolidationModule.SourceMutationDropsQueuedWriteback ..............   Passed    0.45 sec
    Start 799: PointCloudConsolidationModule.SourceMutationDropsQueuedWriteback
    Test #799: PointCloudConsolidationModule.SourceMutationDropsQueuedWriteback ..............   Passed    0.43 sec
    Start 799: PointCloudConsolidationModule.SourceMutationDropsQueuedWriteback
    Test #799: PointCloudConsolidationModule.SourceMutationDropsQueuedWriteback ..............   Passed    0.44 sec
    Start 799: PointCloudConsolidationModule.SourceMutationDropsQueuedWriteback
    Test #799: PointCloudConsolidationModule.SourceMutationDropsQueuedWriteback ..............   Passed    0.51 sec
    Start 799: PointCloudConsolidationModule.SourceMutationDropsQueuedWriteback
    Test #799: PointCloudConsolidationModule.SourceMutationDropsQueuedWriteback ..............   Passed    0.52 sec
    Start 799: PointCloudConsolidationModule.SourceMutationDropsQueuedWriteback
    Test #799: PointCloudConsolidationModule.SourceMutationDropsQueuedWriteback ..............   Passed    0.43 sec
    Start 799: PointCloudConsolidationModule.SourceMutationDropsQueuedWriteback
    Test #799: PointCloudConsolidationModule.SourceMutationDropsQueuedWriteback ..............   Passed    0.43 sec
    Start 799: PointCloudConsolidationModule.SourceMutationDropsQueuedWriteback
    Test #799: PointCloudConsolidationModule.SourceMutationDropsQueuedWriteback ..............   Passed    0.45 sec
    Start 799: PointCloudConsolidationModule.SourceMutationDropsQueuedWriteback
1/2 Test #799: PointCloudConsolidationModule.SourceMutationDropsQueuedWriteback ..............   Passed    0.43 sec
    Start 826: RuntimeJobService.CancelBeforeStartFinalizesOnMainThreadInsteadOfPublishing
    Test #826: RuntimeJobService.CancelBeforeStartFinalizesOnMainThreadInsteadOfPublishing ...   Passed    0.02 sec
    Start 826: RuntimeJobService.CancelBeforeStartFinalizesOnMainThreadInsteadOfPublishing
    Test #826: RuntimeJobService.CancelBeforeStartFinalizesOnMainThreadInsteadOfPublishing ...   Passed    0.02 sec
    Start 826: RuntimeJobService.CancelBeforeStartFinalizesOnMainThreadInsteadOfPublishing
    Test #826: RuntimeJobService.CancelBeforeStartFinalizesOnMainThreadInsteadOfPublishing ...   Passed    0.02 sec
    Start 826: RuntimeJobService.CancelBeforeStartFinalizesOnMainThreadInsteadOfPublishing
    Test #826: RuntimeJobService.CancelBeforeStartFinalizesOnMainThreadInsteadOfPublishing ...   Passed    0.02 sec
    Start 826: RuntimeJobService.CancelBeforeStartFinalizesOnMainThreadInsteadOfPublishing
    Test #826: RuntimeJobService.CancelBeforeStartFinalizesOnMainThreadInsteadOfPublishing ...   Passed    0.02 sec
    Start 826: RuntimeJobService.CancelBeforeStartFinalizesOnMainThreadInsteadOfPublishing
    Test #826: RuntimeJobService.CancelBeforeStartFinalizesOnMainThreadInsteadOfPublishing ...   Passed    0.02 sec
    Start 826: RuntimeJobService.CancelBeforeStartFinalizesOnMainThreadInsteadOfPublishing
    Test #826: RuntimeJobService.CancelBeforeStartFinalizesOnMainThreadInsteadOfPublishing ...   Passed    0.03 sec
    Start 826: RuntimeJobService.CancelBeforeStartFinalizesOnMainThreadInsteadOfPublishing
    Test #826: RuntimeJobService.CancelBeforeStartFinalizesOnMainThreadInsteadOfPublishing ...   Passed    0.02 sec
    Start 826: RuntimeJobService.CancelBeforeStartFinalizesOnMainThreadInsteadOfPublishing
    Test #826: RuntimeJobService.CancelBeforeStartFinalizesOnMainThreadInsteadOfPublishing ...   Passed    0.02 sec
    Start 826: RuntimeJobService.CancelBeforeStartFinalizesOnMainThreadInsteadOfPublishing
    Test #826: RuntimeJobService.CancelBeforeStartFinalizesOnMainThreadInsteadOfPublishing ...   Passed    0.02 sec
    Start 826: RuntimeJobService.CancelBeforeStartFinalizesOnMainThreadInsteadOfPublishing
    Test #826: RuntimeJobService.CancelBeforeStartFinalizesOnMainThreadInsteadOfPublishing ...   Passed    0.02 sec
    Start 826: RuntimeJobService.CancelBeforeStartFinalizesOnMainThreadInsteadOfPublishing
    Test #826: RuntimeJobService.CancelBeforeStartFinalizesOnMainThreadInsteadOfPublishing ...   Passed    0.02 sec
    Start 826: RuntimeJobService.CancelBeforeStartFinalizesOnMainThreadInsteadOfPublishing
    Test #826: RuntimeJobService.CancelBeforeStartFinalizesOnMainThreadInsteadOfPublishing ...   Passed    0.02 sec
    Start 826: RuntimeJobService.CancelBeforeStartFinalizesOnMainThreadInsteadOfPublishing
    Test #826: RuntimeJobService.CancelBeforeStartFinalizesOnMainThreadInsteadOfPublishing ...   Passed    0.03 sec
    Start 826: RuntimeJobService.CancelBeforeStartFinalizesOnMainThreadInsteadOfPublishing
    Test #826: RuntimeJobService.CancelBeforeStartFinalizesOnMainThreadInsteadOfPublishing ...   Passed    0.02 sec
    Start 826: RuntimeJobService.CancelBeforeStartFinalizesOnMainThreadInsteadOfPublishing
    Test #826: RuntimeJobService.CancelBeforeStartFinalizesOnMainThreadInsteadOfPublishing ...   Passed    0.02 sec
    Start 826: RuntimeJobService.CancelBeforeStartFinalizesOnMainThreadInsteadOfPublishing
    Test #826: RuntimeJobService.CancelBeforeStartFinalizesOnMainThreadInsteadOfPublishing ...   Passed    0.02 sec
    Start 826: RuntimeJobService.CancelBeforeStartFinalizesOnMainThreadInsteadOfPublishing
    Test #826: RuntimeJobService.CancelBeforeStartFinalizesOnMainThreadInsteadOfPublishing ...   Passed    0.02 sec
    Start 826: RuntimeJobService.CancelBeforeStartFinalizesOnMainThreadInsteadOfPublishing
    Test #826: RuntimeJobService.CancelBeforeStartFinalizesOnMainThreadInsteadOfPublishing ...   Passed    0.03 sec
    Start 826: RuntimeJobService.CancelBeforeStartFinalizesOnMainThreadInsteadOfPublishing
2/2 Test #826: RuntimeJobService.CancelBeforeStartFinalizesOnMainThreadInsteadOfPublishing ...   Passed    0.03 sec

100% tests passed, 0 tests failed out of 2

Label Time Summary:
contract    =   0.48 sec*proc (2 tests)
runtime     =   0.48 sec*proc (2 tests)

Total Test time (real) =   9.79 sec
