Internal ctest changing into directory: /home/alex/Documents/IntrinsicEngine/build/ci
Test project /home/alex/Documents/IntrinsicEngine/build/ci
    Start 350: RuntimeAssetImportFormatCoverage.DirectObjImportPreservesAuthoredCornerNormals
    Test #350: RuntimeAssetImportFormatCoverage.DirectObjImportPreservesAuthoredCornerNormals ...   Passed    0.09 sec
    Start 350: RuntimeAssetImportFormatCoverage.DirectObjImportPreservesAuthoredCornerNormals
    Test #350: RuntimeAssetImportFormatCoverage.DirectObjImportPreservesAuthoredCornerNormals ...   Passed    0.08 sec
    Start 350: RuntimeAssetImportFormatCoverage.DirectObjImportPreservesAuthoredCornerNormals
    Test #350: RuntimeAssetImportFormatCoverage.DirectObjImportPreservesAuthoredCornerNormals ...   Passed    0.07 sec
    Start 350: RuntimeAssetImportFormatCoverage.DirectObjImportPreservesAuthoredCornerNormals
    Test #350: RuntimeAssetImportFormatCoverage.DirectObjImportPreservesAuthoredCornerNormals ...   Passed    0.07 sec
    Start 350: RuntimeAssetImportFormatCoverage.DirectObjImportPreservesAuthoredCornerNormals
    Test #350: RuntimeAssetImportFormatCoverage.DirectObjImportPreservesAuthoredCornerNormals ...   Passed    0.08 sec
    Start 350: RuntimeAssetImportFormatCoverage.DirectObjImportPreservesAuthoredCornerNormals
    Test #350: RuntimeAssetImportFormatCoverage.DirectObjImportPreservesAuthoredCornerNormals ...   Passed    0.08 sec
    Start 350: RuntimeAssetImportFormatCoverage.DirectObjImportPreservesAuthoredCornerNormals
    Test #350: RuntimeAssetImportFormatCoverage.DirectObjImportPreservesAuthoredCornerNormals ...   Passed    0.07 sec
    Start 350: RuntimeAssetImportFormatCoverage.DirectObjImportPreservesAuthoredCornerNormals
    Test #350: RuntimeAssetImportFormatCoverage.DirectObjImportPreservesAuthoredCornerNormals ...   Passed    0.07 sec
    Start 350: RuntimeAssetImportFormatCoverage.DirectObjImportPreservesAuthoredCornerNormals
    Test #350: RuntimeAssetImportFormatCoverage.DirectObjImportPreservesAuthoredCornerNormals ...   Passed    0.08 sec
    Start 350: RuntimeAssetImportFormatCoverage.DirectObjImportPreservesAuthoredCornerNormals
    Test #350: RuntimeAssetImportFormatCoverage.DirectObjImportPreservesAuthoredCornerNormals ...   Passed    0.08 sec
    Start 350: RuntimeAssetImportFormatCoverage.DirectObjImportPreservesAuthoredCornerNormals
    Test #350: RuntimeAssetImportFormatCoverage.DirectObjImportPreservesAuthoredCornerNormals ...   Passed    0.08 sec
    Start 350: RuntimeAssetImportFormatCoverage.DirectObjImportPreservesAuthoredCornerNormals
    Test #350: RuntimeAssetImportFormatCoverage.DirectObjImportPreservesAuthoredCornerNormals ...   Passed    0.07 sec
    Start 350: RuntimeAssetImportFormatCoverage.DirectObjImportPreservesAuthoredCornerNormals
    Test #350: RuntimeAssetImportFormatCoverage.DirectObjImportPreservesAuthoredCornerNormals ...   Passed    0.08 sec
    Start 350: RuntimeAssetImportFormatCoverage.DirectObjImportPreservesAuthoredCornerNormals
    Test #350: RuntimeAssetImportFormatCoverage.DirectObjImportPreservesAuthoredCornerNormals ...   Passed    0.08 sec
    Start 350: RuntimeAssetImportFormatCoverage.DirectObjImportPreservesAuthoredCornerNormals
    Test #350: RuntimeAssetImportFormatCoverage.DirectObjImportPreservesAuthoredCornerNormals ...   Passed    0.08 sec
    Start 350: RuntimeAssetImportFormatCoverage.DirectObjImportPreservesAuthoredCornerNormals
    Test #350: RuntimeAssetImportFormatCoverage.DirectObjImportPreservesAuthoredCornerNormals ...   Passed    0.08 sec
    Start 350: RuntimeAssetImportFormatCoverage.DirectObjImportPreservesAuthoredCornerNormals
    Test #350: RuntimeAssetImportFormatCoverage.DirectObjImportPreservesAuthoredCornerNormals ...   Passed    0.07 sec
    Start 350: RuntimeAssetImportFormatCoverage.DirectObjImportPreservesAuthoredCornerNormals
    Test #350: RuntimeAssetImportFormatCoverage.DirectObjImportPreservesAuthoredCornerNormals ...   Passed    0.08 sec
    Start 350: RuntimeAssetImportFormatCoverage.DirectObjImportPreservesAuthoredCornerNormals
    Test #350: RuntimeAssetImportFormatCoverage.DirectObjImportPreservesAuthoredCornerNormals ...   Passed    0.08 sec
    Start 350: RuntimeAssetImportFormatCoverage.DirectObjImportPreservesAuthoredCornerNormals
    Test #350: RuntimeAssetImportFormatCoverage.DirectObjImportPreservesAuthoredCornerNormals ...   Passed    0.08 sec
    Start 350: RuntimeAssetImportFormatCoverage.DirectObjImportPreservesAuthoredCornerNormals
    Test #350: RuntimeAssetImportFormatCoverage.DirectObjImportPreservesAuthoredCornerNormals ...   Passed    0.07 sec
    Start 350: RuntimeAssetImportFormatCoverage.DirectObjImportPreservesAuthoredCornerNormals
    Test #350: RuntimeAssetImportFormatCoverage.DirectObjImportPreservesAuthoredCornerNormals ...   Passed    0.07 sec
    Start 350: RuntimeAssetImportFormatCoverage.DirectObjImportPreservesAuthoredCornerNormals
    Test #350: RuntimeAssetImportFormatCoverage.DirectObjImportPreservesAuthoredCornerNormals ...   Passed    0.07 sec
    Start 350: RuntimeAssetImportFormatCoverage.DirectObjImportPreservesAuthoredCornerNormals
    Test #350: RuntimeAssetImportFormatCoverage.DirectObjImportPreservesAuthoredCornerNormals ...   Passed    0.07 sec
    Start 350: RuntimeAssetImportFormatCoverage.DirectObjImportPreservesAuthoredCornerNormals
    Test #350: RuntimeAssetImportFormatCoverage.DirectObjImportPreservesAuthoredCornerNormals ...   Passed    0.07 sec
    Start 350: RuntimeAssetImportFormatCoverage.DirectObjImportPreservesAuthoredCornerNormals
    Test #350: RuntimeAssetImportFormatCoverage.DirectObjImportPreservesAuthoredCornerNormals ...   Passed    0.08 sec
    Start 350: RuntimeAssetImportFormatCoverage.DirectObjImportPreservesAuthoredCornerNormals
    Test #350: RuntimeAssetImportFormatCoverage.DirectObjImportPreservesAuthoredCornerNormals ...   Passed    0.08 sec
    Start 350: RuntimeAssetImportFormatCoverage.DirectObjImportPreservesAuthoredCornerNormals
    Test #350: RuntimeAssetImportFormatCoverage.DirectObjImportPreservesAuthoredCornerNormals ...   Passed    0.09 sec
    Start 350: RuntimeAssetImportFormatCoverage.DirectObjImportPreservesAuthoredCornerNormals
    Test #350: RuntimeAssetImportFormatCoverage.DirectObjImportPreservesAuthoredCornerNormals ...   Passed    0.09 sec
    Start 350: RuntimeAssetImportFormatCoverage.DirectObjImportPreservesAuthoredCornerNormals
    Test #350: RuntimeAssetImportFormatCoverage.DirectObjImportPreservesAuthoredCornerNormals ...   Passed    0.08 sec
    Start 350: RuntimeAssetImportFormatCoverage.DirectObjImportPreservesAuthoredCornerNormals
    Test #350: RuntimeAssetImportFormatCoverage.DirectObjImportPreservesAuthoredCornerNormals ...   Passed    0.07 sec
    Start 350: RuntimeAssetImportFormatCoverage.DirectObjImportPreservesAuthoredCornerNormals
    Test #350: RuntimeAssetImportFormatCoverage.DirectObjImportPreservesAuthoredCornerNormals ...   Passed    0.07 sec
    Start 350: RuntimeAssetImportFormatCoverage.DirectObjImportPreservesAuthoredCornerNormals
    Test #350: RuntimeAssetImportFormatCoverage.DirectObjImportPreservesAuthoredCornerNormals ...   Passed    0.08 sec
    Start 350: RuntimeAssetImportFormatCoverage.DirectObjImportPreservesAuthoredCornerNormals
    Test #350: RuntimeAssetImportFormatCoverage.DirectObjImportPreservesAuthoredCornerNormals ...   Passed    0.08 sec
    Start 350: RuntimeAssetImportFormatCoverage.DirectObjImportPreservesAuthoredCornerNormals
    Test #350: RuntimeAssetImportFormatCoverage.DirectObjImportPreservesAuthoredCornerNormals ...   Passed    0.07 sec
    Start 350: RuntimeAssetImportFormatCoverage.DirectObjImportPreservesAuthoredCornerNormals
    Test #350: RuntimeAssetImportFormatCoverage.DirectObjImportPreservesAuthoredCornerNormals ...   Passed    0.08 sec
    Start 350: RuntimeAssetImportFormatCoverage.DirectObjImportPreservesAuthoredCornerNormals
    Test #350: RuntimeAssetImportFormatCoverage.DirectObjImportPreservesAuthoredCornerNormals ...   Passed    0.07 sec
    Start 350: RuntimeAssetImportFormatCoverage.DirectObjImportPreservesAuthoredCornerNormals
    Test #350: RuntimeAssetImportFormatCoverage.DirectObjImportPreservesAuthoredCornerNormals ...   Passed    0.07 sec
    Start 350: RuntimeAssetImportFormatCoverage.DirectObjImportPreservesAuthoredCornerNormals
    Test #350: RuntimeAssetImportFormatCoverage.DirectObjImportPreservesAuthoredCornerNormals ...   Passed    0.08 sec
    Start 350: RuntimeAssetImportFormatCoverage.DirectObjImportPreservesAuthoredCornerNormals
    Test #350: RuntimeAssetImportFormatCoverage.DirectObjImportPreservesAuthoredCornerNormals ...   Passed    0.08 sec
    Start 350: RuntimeAssetImportFormatCoverage.DirectObjImportPreservesAuthoredCornerNormals
    Test #350: RuntimeAssetImportFormatCoverage.DirectObjImportPreservesAuthoredCornerNormals ...   Passed    0.08 sec
    Start 350: RuntimeAssetImportFormatCoverage.DirectObjImportPreservesAuthoredCornerNormals
    Test #350: RuntimeAssetImportFormatCoverage.DirectObjImportPreservesAuthoredCornerNormals ...   Passed    0.08 sec
    Start 350: RuntimeAssetImportFormatCoverage.DirectObjImportPreservesAuthoredCornerNormals
    Test #350: RuntimeAssetImportFormatCoverage.DirectObjImportPreservesAuthoredCornerNormals ...   Passed    0.08 sec
    Start 350: RuntimeAssetImportFormatCoverage.DirectObjImportPreservesAuthoredCornerNormals
    Test #350: RuntimeAssetImportFormatCoverage.DirectObjImportPreservesAuthoredCornerNormals ...   Passed    0.08 sec
    Start 350: RuntimeAssetImportFormatCoverage.DirectObjImportPreservesAuthoredCornerNormals
    Test #350: RuntimeAssetImportFormatCoverage.DirectObjImportPreservesAuthoredCornerNormals ...   Passed    0.08 sec
    Start 350: RuntimeAssetImportFormatCoverage.DirectObjImportPreservesAuthoredCornerNormals
    Test #350: RuntimeAssetImportFormatCoverage.DirectObjImportPreservesAuthoredCornerNormals ...   Passed    0.08 sec
    Start 350: RuntimeAssetImportFormatCoverage.DirectObjImportPreservesAuthoredCornerNormals
    Test #350: RuntimeAssetImportFormatCoverage.DirectObjImportPreservesAuthoredCornerNormals ...   Passed    0.08 sec
    Start 350: RuntimeAssetImportFormatCoverage.DirectObjImportPreservesAuthoredCornerNormals
    Test #350: RuntimeAssetImportFormatCoverage.DirectObjImportPreservesAuthoredCornerNormals ...   Passed    0.08 sec
    Start 350: RuntimeAssetImportFormatCoverage.DirectObjImportPreservesAuthoredCornerNormals
    Test #350: RuntimeAssetImportFormatCoverage.DirectObjImportPreservesAuthoredCornerNormals ...   Passed    0.08 sec
    Start 350: RuntimeAssetImportFormatCoverage.DirectObjImportPreservesAuthoredCornerNormals
    Test #350: RuntimeAssetImportFormatCoverage.DirectObjImportPreservesAuthoredCornerNormals ...   Passed    0.07 sec
    Start 350: RuntimeAssetImportFormatCoverage.DirectObjImportPreservesAuthoredCornerNormals
    Test #350: RuntimeAssetImportFormatCoverage.DirectObjImportPreservesAuthoredCornerNormals ...   Passed    0.07 sec
    Start 350: RuntimeAssetImportFormatCoverage.DirectObjImportPreservesAuthoredCornerNormals
    Test #350: RuntimeAssetImportFormatCoverage.DirectObjImportPreservesAuthoredCornerNormals ...   Passed    0.07 sec
    Start 350: RuntimeAssetImportFormatCoverage.DirectObjImportPreservesAuthoredCornerNormals
    Test #350: RuntimeAssetImportFormatCoverage.DirectObjImportPreservesAuthoredCornerNormals ...   Passed    0.07 sec
    Start 350: RuntimeAssetImportFormatCoverage.DirectObjImportPreservesAuthoredCornerNormals
    Test #350: RuntimeAssetImportFormatCoverage.DirectObjImportPreservesAuthoredCornerNormals ...   Passed    0.07 sec
    Start 350: RuntimeAssetImportFormatCoverage.DirectObjImportPreservesAuthoredCornerNormals
    Test #350: RuntimeAssetImportFormatCoverage.DirectObjImportPreservesAuthoredCornerNormals ...   Passed    0.08 sec
    Start 350: RuntimeAssetImportFormatCoverage.DirectObjImportPreservesAuthoredCornerNormals
    Test #350: RuntimeAssetImportFormatCoverage.DirectObjImportPreservesAuthoredCornerNormals ...   Passed    0.08 sec
    Start 350: RuntimeAssetImportFormatCoverage.DirectObjImportPreservesAuthoredCornerNormals
    Test #350: RuntimeAssetImportFormatCoverage.DirectObjImportPreservesAuthoredCornerNormals ...   Passed    0.08 sec
    Start 350: RuntimeAssetImportFormatCoverage.DirectObjImportPreservesAuthoredCornerNormals
    Test #350: RuntimeAssetImportFormatCoverage.DirectObjImportPreservesAuthoredCornerNormals ...   Passed    0.08 sec
    Start 350: RuntimeAssetImportFormatCoverage.DirectObjImportPreservesAuthoredCornerNormals
    Test #350: RuntimeAssetImportFormatCoverage.DirectObjImportPreservesAuthoredCornerNormals ...   Passed    0.07 sec
    Start 350: RuntimeAssetImportFormatCoverage.DirectObjImportPreservesAuthoredCornerNormals
    Test #350: RuntimeAssetImportFormatCoverage.DirectObjImportPreservesAuthoredCornerNormals ...   Passed    0.07 sec
    Start 350: RuntimeAssetImportFormatCoverage.DirectObjImportPreservesAuthoredCornerNormals
    Test #350: RuntimeAssetImportFormatCoverage.DirectObjImportPreservesAuthoredCornerNormals ...   Passed    0.07 sec
    Start 350: RuntimeAssetImportFormatCoverage.DirectObjImportPreservesAuthoredCornerNormals
    Test #350: RuntimeAssetImportFormatCoverage.DirectObjImportPreservesAuthoredCornerNormals ...   Passed    0.07 sec
    Start 350: RuntimeAssetImportFormatCoverage.DirectObjImportPreservesAuthoredCornerNormals
    Test #350: RuntimeAssetImportFormatCoverage.DirectObjImportPreservesAuthoredCornerNormals ...   Passed    0.07 sec
    Start 350: RuntimeAssetImportFormatCoverage.DirectObjImportPreservesAuthoredCornerNormals
    Test #350: RuntimeAssetImportFormatCoverage.DirectObjImportPreservesAuthoredCornerNormals ...   Passed    0.07 sec
    Start 350: RuntimeAssetImportFormatCoverage.DirectObjImportPreservesAuthoredCornerNormals
    Test #350: RuntimeAssetImportFormatCoverage.DirectObjImportPreservesAuthoredCornerNormals ...   Passed    0.07 sec
    Start 350: RuntimeAssetImportFormatCoverage.DirectObjImportPreservesAuthoredCornerNormals
    Test #350: RuntimeAssetImportFormatCoverage.DirectObjImportPreservesAuthoredCornerNormals ...   Passed    0.07 sec
    Start 350: RuntimeAssetImportFormatCoverage.DirectObjImportPreservesAuthoredCornerNormals
    Test #350: RuntimeAssetImportFormatCoverage.DirectObjImportPreservesAuthoredCornerNormals ...   Passed    0.07 sec
    Start 350: RuntimeAssetImportFormatCoverage.DirectObjImportPreservesAuthoredCornerNormals
    Test #350: RuntimeAssetImportFormatCoverage.DirectObjImportPreservesAuthoredCornerNormals ...   Passed    0.07 sec
    Start 350: RuntimeAssetImportFormatCoverage.DirectObjImportPreservesAuthoredCornerNormals
    Test #350: RuntimeAssetImportFormatCoverage.DirectObjImportPreservesAuthoredCornerNormals ...   Passed    0.08 sec
    Start 350: RuntimeAssetImportFormatCoverage.DirectObjImportPreservesAuthoredCornerNormals
    Test #350: RuntimeAssetImportFormatCoverage.DirectObjImportPreservesAuthoredCornerNormals ...   Passed    0.08 sec
    Start 350: RuntimeAssetImportFormatCoverage.DirectObjImportPreservesAuthoredCornerNormals
    Test #350: RuntimeAssetImportFormatCoverage.DirectObjImportPreservesAuthoredCornerNormals ...   Passed    0.09 sec
    Start 350: RuntimeAssetImportFormatCoverage.DirectObjImportPreservesAuthoredCornerNormals
    Test #350: RuntimeAssetImportFormatCoverage.DirectObjImportPreservesAuthoredCornerNormals ...   Passed    0.09 sec
    Start 350: RuntimeAssetImportFormatCoverage.DirectObjImportPreservesAuthoredCornerNormals
    Test #350: RuntimeAssetImportFormatCoverage.DirectObjImportPreservesAuthoredCornerNormals ...   Passed    0.09 sec
    Start 350: RuntimeAssetImportFormatCoverage.DirectObjImportPreservesAuthoredCornerNormals
    Test #350: RuntimeAssetImportFormatCoverage.DirectObjImportPreservesAuthoredCornerNormals ...   Passed    0.09 sec
    Start 350: RuntimeAssetImportFormatCoverage.DirectObjImportPreservesAuthoredCornerNormals
    Test #350: RuntimeAssetImportFormatCoverage.DirectObjImportPreservesAuthoredCornerNormals ...   Passed    0.07 sec
    Start 350: RuntimeAssetImportFormatCoverage.DirectObjImportPreservesAuthoredCornerNormals
    Test #350: RuntimeAssetImportFormatCoverage.DirectObjImportPreservesAuthoredCornerNormals ...   Passed    0.07 sec
    Start 350: RuntimeAssetImportFormatCoverage.DirectObjImportPreservesAuthoredCornerNormals
    Test #350: RuntimeAssetImportFormatCoverage.DirectObjImportPreservesAuthoredCornerNormals ...   Passed    0.07 sec
    Start 350: RuntimeAssetImportFormatCoverage.DirectObjImportPreservesAuthoredCornerNormals
    Test #350: RuntimeAssetImportFormatCoverage.DirectObjImportPreservesAuthoredCornerNormals ...   Passed    0.07 sec
    Start 350: RuntimeAssetImportFormatCoverage.DirectObjImportPreservesAuthoredCornerNormals
    Test #350: RuntimeAssetImportFormatCoverage.DirectObjImportPreservesAuthoredCornerNormals ...   Passed    0.07 sec
    Start 350: RuntimeAssetImportFormatCoverage.DirectObjImportPreservesAuthoredCornerNormals
    Test #350: RuntimeAssetImportFormatCoverage.DirectObjImportPreservesAuthoredCornerNormals ...   Passed    0.07 sec
    Start 350: RuntimeAssetImportFormatCoverage.DirectObjImportPreservesAuthoredCornerNormals
    Test #350: RuntimeAssetImportFormatCoverage.DirectObjImportPreservesAuthoredCornerNormals ...   Passed    0.07 sec
    Start 350: RuntimeAssetImportFormatCoverage.DirectObjImportPreservesAuthoredCornerNormals
    Test #350: RuntimeAssetImportFormatCoverage.DirectObjImportPreservesAuthoredCornerNormals ...   Passed    0.07 sec
    Start 350: RuntimeAssetImportFormatCoverage.DirectObjImportPreservesAuthoredCornerNormals
    Test #350: RuntimeAssetImportFormatCoverage.DirectObjImportPreservesAuthoredCornerNormals ...   Passed    0.07 sec
    Start 350: RuntimeAssetImportFormatCoverage.DirectObjImportPreservesAuthoredCornerNormals
    Test #350: RuntimeAssetImportFormatCoverage.DirectObjImportPreservesAuthoredCornerNormals ...   Passed    0.07 sec
    Start 350: RuntimeAssetImportFormatCoverage.DirectObjImportPreservesAuthoredCornerNormals
    Test #350: RuntimeAssetImportFormatCoverage.DirectObjImportPreservesAuthoredCornerNormals ...   Passed    0.08 sec
    Start 350: RuntimeAssetImportFormatCoverage.DirectObjImportPreservesAuthoredCornerNormals
    Test #350: RuntimeAssetImportFormatCoverage.DirectObjImportPreservesAuthoredCornerNormals ...   Passed    0.08 sec
    Start 350: RuntimeAssetImportFormatCoverage.DirectObjImportPreservesAuthoredCornerNormals
    Test #350: RuntimeAssetImportFormatCoverage.DirectObjImportPreservesAuthoredCornerNormals ...   Passed    0.08 sec
    Start 350: RuntimeAssetImportFormatCoverage.DirectObjImportPreservesAuthoredCornerNormals
    Test #350: RuntimeAssetImportFormatCoverage.DirectObjImportPreservesAuthoredCornerNormals ...   Passed    0.07 sec
    Start 350: RuntimeAssetImportFormatCoverage.DirectObjImportPreservesAuthoredCornerNormals
    Test #350: RuntimeAssetImportFormatCoverage.DirectObjImportPreservesAuthoredCornerNormals ...   Passed    0.07 sec
    Start 350: RuntimeAssetImportFormatCoverage.DirectObjImportPreservesAuthoredCornerNormals
    Test #350: RuntimeAssetImportFormatCoverage.DirectObjImportPreservesAuthoredCornerNormals ...   Passed    0.08 sec
    Start 350: RuntimeAssetImportFormatCoverage.DirectObjImportPreservesAuthoredCornerNormals
    Test #350: RuntimeAssetImportFormatCoverage.DirectObjImportPreservesAuthoredCornerNormals ...   Passed    0.07 sec
    Start 350: RuntimeAssetImportFormatCoverage.DirectObjImportPreservesAuthoredCornerNormals
    Test #350: RuntimeAssetImportFormatCoverage.DirectObjImportPreservesAuthoredCornerNormals ...   Passed    0.09 sec
    Start 350: RuntimeAssetImportFormatCoverage.DirectObjImportPreservesAuthoredCornerNormals
    Test #350: RuntimeAssetImportFormatCoverage.DirectObjImportPreservesAuthoredCornerNormals ...   Passed    0.07 sec
    Start 350: RuntimeAssetImportFormatCoverage.DirectObjImportPreservesAuthoredCornerNormals
    Test #350: RuntimeAssetImportFormatCoverage.DirectObjImportPreservesAuthoredCornerNormals ...   Passed    0.08 sec
    Start 350: RuntimeAssetImportFormatCoverage.DirectObjImportPreservesAuthoredCornerNormals
    Test #350: RuntimeAssetImportFormatCoverage.DirectObjImportPreservesAuthoredCornerNormals ...   Passed    0.07 sec
    Start 350: RuntimeAssetImportFormatCoverage.DirectObjImportPreservesAuthoredCornerNormals
    Test #350: RuntimeAssetImportFormatCoverage.DirectObjImportPreservesAuthoredCornerNormals ...   Passed    0.07 sec
    Start 350: RuntimeAssetImportFormatCoverage.DirectObjImportPreservesAuthoredCornerNormals
    Test #350: RuntimeAssetImportFormatCoverage.DirectObjImportPreservesAuthoredCornerNormals ...   Passed    0.06 sec
    Start 350: RuntimeAssetImportFormatCoverage.DirectObjImportPreservesAuthoredCornerNormals
    Test #350: RuntimeAssetImportFormatCoverage.DirectObjImportPreservesAuthoredCornerNormals ...   Passed    0.08 sec
    Start 350: RuntimeAssetImportFormatCoverage.DirectObjImportPreservesAuthoredCornerNormals
    Test #350: RuntimeAssetImportFormatCoverage.DirectObjImportPreservesAuthoredCornerNormals ...   Passed    0.08 sec
    Start 350: RuntimeAssetImportFormatCoverage.DirectObjImportPreservesAuthoredCornerNormals
1/1 Test #350: RuntimeAssetImportFormatCoverage.DirectObjImportPreservesAuthoredCornerNormals ...   Passed    0.08 sec

100% tests passed, 0 tests failed out of 1

Label Time Summary:
contract    =   0.08 sec*proc (1 test)
runtime     =   0.08 sec*proc (1 test)

Total Test time (real) =   7.95 sec
